2023-01-11 18:00:12.778  75 77 W channel139887870629632 self_thread_id = 139887870629632, last time delay.time = 8, now count = 916, i = 4
2023-01-11 18:00:12.778  75 84 I channel139887604913920 self_thread_id = 139887604913920, last time delay.time = 8, now count = 917, i = 4
2023-01-11 18:00:12.778  75 81 I channel139887837058816 self_thread_id = 139887837058816, last time delay.time = 8, now count = 918, i = 4
2023-01-11 18:00:12.778  75 84 I channel139887604913920 self_thread_id = 139887604913920, last time delay.time = 8, now count = 917, i = 4
2023-01-11 18:00:12.778  75 81 I channel139887837058816 self_thread_id = 139887837058816, last time delay.time = 8, now count = 918, i = 4
2023-01-11 18:00:12.778  75 84 W channel139887604913920 self_thread_id = 139887604913920, last time delay.time = 8, now count = 917, i = 4
2023-01-11 18:00:12.778  75 81 W channel139887837058816 self_thread_id = 139887837058816, last time delay.time = 8, now count = 918, i = 4
2023-01-11 18:00:12.778  75 84 E channel139887604913920 self_thread_id = 139887604913920, last time delay.time = 8, now count = 917, i = 4
2023-01-11 18:00:12.778  75 81 E channel139887837058816 self_thread_id = 139887837058816, last time delay.time = 8, now count = 918, i = 4
2023-01-11 18:00:12.778  75 77 E channel139887870629632 self_thread_id = 139887870629632, last time delay.time = 8, now count = 916, i = 4
2023-01-11 18:00:12.778  75 84 I channel139887604913920 self_thread_id = 139887604913920, last time delay.time = 8, now count = 925
2023-01-11 18:00:12.778  75 81 I channel139887837058816 self_thread_id = 139887837058816, last time delay.time = 8, now count = 926
2023-01-11 18:00:12.778  75 77 I channel139887870629632 self_thread_id = 139887870629632, last time delay.time = 8, now count = 924
2023-01-11 18:00:12.779  75 79 I channel139887853844224 self_thread_id = 139887853844224, last time delay.time = 9, now count = 919, i = 4
2023-01-11 18:00:12.780  75 79 I channel139887853844224 self_thread_id = 139887853844224, last time delay.time = 9, now count = 919, i = 4
2023-01-11 18:00:12.780  75 79 W channel139887853844224 self_thread_id = 139887853844224, last time delay.time = 9, now count = 919, i = 4
2023-01-11 18:00:12.780  75 79 E channel139887853844224 self_thread_id = 139887853844224, last time delay.time = 9, now count = 919, i = 4
2023-01-11 18:00:12.780  75 79 I channel139887853844224 self_thread_id = 139887853844224, last time delay.time = 9, now count = 927
2023-01-11 18:00:12.781  75 83 I channel139887613306624 self_thread_id = 139887613306624, last time delay.time = 8, now count = 920, i = 4
2023-01-11 18:00:12.781  75 83 I channel139887613306624 self_thread_id = 139887613306624, last time delay.time = 8, now count = 920, i = 4
2023-01-11 18:00:12.781  75 83 W channel139887613306624 self_thread_id = 139887613306624, last time delay.time = 8, now count = 920, i = 4
2023-01-11 18:00:12.781  75 83 E channel139887613306624 self_thread_id = 139887613306624, last time delay.time = 8, now count = 920, i = 4
2023-01-11 18:00:12.781  75 83 I channel139887613306624 self_thread_id = 139887613306624, last time delay.time = 8, now count = 928
2023-01-11 18:00:13.778  75 82 I channel139887621699328 self_thread_id = 139887621699328, last time delay.time = 30, now count = 921, i = 0
2023-01-11 18:00:13.778  75 82 I channel139887621699328 self_thread_id = 139887621699328, last time delay.time = 30, now count = 921, i = 0
2023-01-11 18:00:13.778  75 82 W channel139887621699328 self_thread_id = 139887621699328, last time delay.time = 30, now count = 921, i = 0
2023-01-11 18:00:13.778  75 82 E channel139887621699328 self_thread_id = 139887621699328, last time delay.time = 30, now count = 921, i = 0
2023-01-11 18:00:13.778  75 80 I channel139887845451520 self_thread_id = 139887845451520, last time delay.time = 8, now count = 922, i = 0
2023-01-11 18:00:13.778  75 80 I channel139887845451520 self_thread_id = 139887845451520, last time delay.time = 8, now count = 922, i = 0
2023-01-11 18:00:13.778  75 80 W channel139887845451520 self_thread_id = 139887845451520, last time delay.time = 8, now count = 922, i = 0
2023-01-11 18:00:13.778  75 80 E channel139887845451520 self_thread_id = 139887845451520, last time delay.time = 8, now count = 922, i = 0
2023-01-11 18:00:13.778  75 78 I channel139887862236928 self_thread_id = 139887862236928, last time delay.time = 8, now count = 923, i = 0
2023-01-11 18:00:13.778  75 78 I channel139887862236928 self_thread_id = 139887862236928, last time delay.time = 8, now count = 923, i = 0
2023-01-11 18:00:13.778  75 78 W channel139887862236928 self_thread_id = 139887862236928, last time delay.time = 8, now count = 923, i = 0
2023-01-11 18:00:13.778  75 78 E channel139887862236928 self_thread_id = 139887862236928, last time delay.time = 8, now count = 923, i = 0
2023-01-11 18:00:13.778  75 77 I channel139887870629632 self_thread_id = 139887870629632, last time delay.time = 11, now count = 924, i = 0
2023-01-11 18:00:13.778  75 77 I channel139887870629632 self_thread_id = 139887870629632, last time delay.time = 11, now count = 924, i = 0
2023-01-11 18:00:13.778  75 77 W channel139887870629632 self_thread_id = 139887870629632, last time delay.time = 11, now count = 924, i = 0
2023-01-11 18:00:13.778  75 77 E channel139887870629632 self_thread_id = 139887870629632, last time delay.time = 11, now count = 924, i = 0
2023-01-11 18:00:13.778  75 84 I channel139887604913920 self_thread_id = 139887604913920, last time delay.time = 7, now count = 925, i = 0
2023-01-11 18:00:13.778  75 84 I channel139887604913920 self_thread_id = 139887604913920, last time delay.time = 7, now count = 925, i = 0
2023-01-11 18:00:13.778  75 84 W channel139887604913920 self_thread_id = 139887604913920, last time delay.time = 7, now count = 925, i = 0
2023-01-11 18:00:13.778  75 84 E channel139887604913920 self_thread_id = 139887604913920, last time delay.time = 7, now count = 925, i = 0
2023-01-11 18:00:13.778  75 81 I channel139887837058816 self_thread_id = 139887837058816, last time delay.time = 7, now count = 926, i = 0
2023-01-11 18:00:13.778  75 81 I channel139887837058816 self_thread_id = 139887837058816, last time delay.time = 7, now count = 926, i = 0
2023-01-11 18:00:13.778  75 81 W channel139887837058816 self_thread_id = 139887837058816, last time delay.time = 7, now count = 926, i = 0
2023-01-11 18:00:13.778  75 81 E channel139887837058816 self_thread_id = 139887837058816, last time delay.time = 7, now count = 926, i = 0
2023-01-11 18:00:13.780  75 79 I channel139887853844224 self_thread_id = 139887853844224, last time delay.time = 8, now count = 927, i = 0
2023-01-11 18:00:13.780  75 79 I channel139887853844224 self_thread_id = 139887853844224, last time delay.time = 8, now count = 927, i = 0
2023-01-11 18:00:13.780  75 79 W channel139887853844224 self_thread_id = 139887853844224, last time delay.time = 8, now count = 927, i = 0
2023-01-11 18:00:13.780  75 79 E channel139887853844224 self_thread_id = 139887853844224, last time delay.time = 8, now count = 927, i = 0
2023-01-11 18:00:13.781  75 83 I channel139887613306624 self_thread_id = 139887613306624, last time delay.time = 8, now count = 928, i = 0
2023-01-11 18:00:13.781  75 83 I channel139887613306624 self_thread_id = 139887613306624, last time delay.time = 8, now count = 928, i = 0
2023-01-11 18:00:13.781  75 83 W channel139887613306624 self_thread_id = 139887613306624, last time delay.time = 8, now count = 928, i = 0
2023-01-11 18:00:13.781  75 83 E channel139887613306624 self_thread_id = 139887613306624, last time delay.time = 8, now count = 928, i = 0
2023-01-11 18:00:14.778  75 82 I channel139887621699328 self_thread_id = 139887621699328, last time delay.time = 30, now count = 921, i = 1
2023-01-11 18:00:14.778  75 82 I channel139887621699328 self_thread_id = 139887621699328, last time delay.time = 30, now count = 921, i = 1
2023-01-11 18:00:14.778  75 80 I channel139887845451520 self_thread_id = 139887845451520, last time delay.time = 8, now count = 922, i = 1
2023-01-11 18:00:14.778  75 82 W channel139887621699328 self_thread_id = 139887621699328, last time delay.time = 30, now count = 921, i = 1
2023-01-11 18:00:14.778  75 82 E channel139887621699328 self_thread_id = 139887621699328, last time delay.time = 30, now count = 921, i = 1
2023-01-11 18:00:14.778  75 80 I channel139887845451520 self_thread_id = 139887845451520, last time delay.time = 8, now count = 922, i = 1
2023-01-11 18:00:14.778  75 80 W channel139887845451520 self_thread_id = 139887845451520, last time delay.time = 8, now count = 922, i = 1
2023-01-11 18:00:14.778  75 80 E channel139887845451520 self_thread_id = 139887845451520, last time delay.time = 8, now count = 922, i = 1
2023-01-11 18:00:14.778  75 78 I channel139887862236928 self_thread_id = 139887862236928, last time delay.time = 8, now count = 923, i = 1
2023-01-11 18:00:14.778  75 78 I channel139887862236928 self_thread_id = 139887862236928, last time delay.time = 8, now count = 923, i = 1
2023-01-11 18:00:14.778  75 78 W channel139887862236928 self_thread_id = 139887862236928, last time delay.time = 8, now count = 923, i = 1
2023-01-11 18:00:14.778  75 78 E channel139887862236928 self_thread_id = 139887862236928, last time delay.time = 8, now count = 923, i = 1
2023-01-11 18:00:14.778  75 77 I channel139887870629632 self_thread_id = 139887870629632, last time delay.time = 11, now count = 924, i = 1
2023-01-11 18:00:14.778  75 77 I channel139887870629632 self_thread_id = 139887870629632, last time delay.time = 11, now count = 924, i = 1
2023-01-11 18:00:14.778  75 77 W channel139887870629632 self_thread_id = 139887870629632, last time delay.time = 11, now count = 924, i = 1
2023-01-11 18:00:14.778  75 77 E channel139887870629632 self_thread_id = 139887870629632, last time delay.time = 11, now count = 924, i = 1
2023-01-11 18:00:14.778  75 84 I channel139887604913920 self_thread_id = 139887604913920, last time delay.time = 7, now count = 925, i = 1
2023-01-11 18:00:14.778  75 84 I channel139887604913920 self_thread_id = 139887604913920, last time delay.time = 7, now count = 925, i = 1
2023-01-11 18:00:14.778  75 84 W channel139887604913920 self_thread_id = 139887604913920, last time delay.time = 7, now count = 925, i = 1
2023-01-11 18:00:14.778  75 84 E channel139887604913920 self_thread_id = 139887604913920, last time delay.time = 7, now count = 925, i = 1
2023-01-11 18:00:14.779  75 81 I channel139887837058816 self_thread_id = 139887837058816, last time delay.time = 7, now count = 926, i = 1
2023-01-11 18:00:14.779  75 81 I channel139887837058816 self_thread_id = 139887837058816, last time delay.time = 7, now count = 926, i = 1
2023-01-11 18:00:14.779  75 81 W channel139887837058816 self_thread_id = 139887837058816, last time delay.time = 7, now count = 926, i = 1
2023-01-11 18:00:14.779  75 81 E channel139887837058816 self_thread_id = 139887837058816, last time delay.time = 7, now count = 926, i = 1
2023-01-11 18:00:14.780  75 79 I channel139887853844224 self_thread_id = 139887853844224, last time delay.time = 8, now count = 927, i = 1
2023-01-11 18:00:14.780  75 79 I channel139887853844224 self_thread_id = 139887853844224, last time delay.time = 8, now count = 927, i = 1
2023-01-11 18:00:14.780  75 79 W channel139887853844224 self_thread_id = 139887853844224, last time delay.time = 8, now count = 927, i = 1
2023-01-11 18:00:14.780  75 79 E channel139887853844224 self_thread_id = 139887853844224, last time delay.time = 8, now count = 927, i = 1
2023-01-11 18:00:14.781  75 83 I channel139887613306624 self_thread_id = 139887613306624, last time delay.time = 8, now count = 928, i = 1
2023-01-11 18:00:14.781  75 83 I channel139887613306624 self_thread_id = 139887613306624, last time delay.time = 8, now count = 928, i = 1
2023-01-11 18:00:14.781  75 83 W channel139887613306624 self_thread_id = 139887613306624, last time delay.time = 8, now count = 928, i = 1
2023-01-11 18:00:14.781  75 83 E channel139887613306624 self_thread_id = 139887613306624, last time delay.time = 8, now count = 928, i = 1
2023-01-11 18:00:15.778  75 82 I channel139887621699328 self_thread_id = 139887621699328, last time delay.time = 30, now count = 921, i = 2
2023-01-11 18:00:15.778  75 82 I channel139887621699328 self_thread_id = 139887621699328, last time delay.time = 30, now count = 921, i = 2
2023-01-11 18:00:15.778  75 82 W channel139887621699328 self_thread_id = 139887621699328, last time delay.time = 30, now count = 921, i = 2
2023-01-11 18:00:15.778  75 82 E channel139887621699328 self_thread_id = 139887621699328, last time delay.time = 30, now count = 921, i = 2
2023-01-11 18:00:15.778  75 80 I channel139887845451520 self_thread_id = 139887845451520, last time delay.time = 8, now count = 922, i = 2
2023-01-11 18:00:15.778  75 80 I channel139887845451520 self_thread_id = 139887845451520, last time delay.time = 8, now count = 922, i = 2
2023-01-11 18:00:15.778  75 80 W channel139887845451520 self_thread_id = 139887845451520, last time delay.time = 8, now count = 922, i = 2
2023-01-11 18:00:15.778  75 80 E channel139887845451520 self_thread_id = 139887845451520, last time delay.time = 8, now count = 922, i = 2
2023-01-11 18:00:15.778  75 78 I channel139887862236928 self_thread_id = 139887862236928, last time delay.time = 8, now count = 923, i = 2
2023-01-11 18:00:15.778  75 78 I channel139887862236928 self_thread_id = 139887862236928, last time delay.time = 8, now count = 923, i = 2
2023-01-11 18:00:15.778  75 78 W channel139887862236928 self_thread_id = 139887862236928, last time delay.time = 8, now count = 923, i = 2
2023-01-11 18:00:15.778  75 78 E channel139887862236928 self_thread_id = 139887862236928, last time delay.time = 8, now count = 923, i = 2
2023-01-11 18:00:15.778  75 77 I channel139887870629632 self_thread_id = 139887870629632, last time delay.time = 11, now count = 924, i = 2
2023-01-11 18:00:15.779  75 77 I channel139887870629632 self_thread_id = 139887870629632, last time delay.time = 11, now count = 924, i = 2
2023-01-11 18:00:15.779  75 84 I channel139887604913920 self_thread_id = 139887604913920, last time delay.time = 7, now count = 925, i = 2
2023-01-11 18:00:15.779  75 77 W channel139887870629632 self_thread_id = 139887870629632, last time delay.time = 11, now count = 924, i = 2
2023-01-11 18:00:15.779  75 84 I channel139887604913920 self_thread_id = 139887604913920, last time delay.time = 7, now count = 925, i = 2
2023-01-11 18:00:15.779  75 77 E channel139887870629632 self_thread_id = 139887870629632, last time delay.time = 11, now count = 924, i = 2
2023-01-11 18:00:15.779  75 84 W channel139887604913920 self_thread_id = 139887604913920, last time delay.time = 7, now count = 925, i = 2
2023-01-11 18:00:15.779  75 84 E channel139887604913920 self_thread_id = 139887604913920, last time delay.time = 7, now count = 925, i = 2
2023-01-11 18:00:15.779  75 81 I channel139887837058816 self_thread_id = 139887837058816, last time delay.time = 7, now count = 926, i = 2
2023-01-11 18:00:15.779  75 81 I channel139887837058816 self_thread_id = 139887837058816, last time delay.time = 7, now count = 926, i = 2
2023-01-11 18:00:15.779  75 81 W channel139887837058816 self_thread_id = 139887837058816, last time delay.time = 7, now count = 926, i = 2
2023-01-11 18:00:15.779  75 81 E channel139887837058816 self_thread_id = 139887837058816, last time delay.time = 7, now count = 926, i = 2
2023-01-11 18:00:15.780  75 79 I channel139887853844224 self_thread_id = 139887853844224, last time delay.time = 8, now count = 927, i = 2
2023-01-11 18:00:15.780  75 79 I channel139887853844224 self_thread_id = 139887853844224, last time delay.time = 8, now count = 927, i = 2
2023-01-11 18:00:15.780  75 79 W channel139887853844224 self_thread_id = 139887853844224, last time delay.time = 8, now count = 927, i = 2
2023-01-11 18:00:15.780  75 79 E channel139887853844224 self_thread_id = 139887853844224, last time delay.time = 8, now count = 927, i = 2
2023-01-11 18:00:15.781  75 83 I channel139887613306624 self_thread_id = 139887613306624, last time delay.time = 8, now count = 928, i = 2
2023-01-11 18:00:15.781  75 83 I channel139887613306624 self_thread_id = 139887613306624, last time delay.time = 8, now count = 928, i = 2
2023-01-11 18:00:15.781  75 83 W channel139887613306624 self_thread_id = 139887613306624, last time delay.time = 8, now count = 928, i = 2
2023-01-11 18:00:15.781  75 83 E channel139887613306624 self_thread_id = 139887613306624, last time delay.time = 8, now count = 928, i = 2
2023-01-11 18:00:16.522  75 75 I APP.tag TestComponent::Proc
2023-01-11 18:00:16.522  75 75 I APP.tag ****************test INFO begin****************
2023-01-11 18:00:16.522  75 75 I APP.tag 测试 index = 809组
2023-01-11 18:00:16.522  75 75 E APP.tag 循环计数 i = 1次
2023-01-11 18:00:16.522  75 75 I APP.tag test LOG_Trace()
2023-01-11 18:00:16.522  75 75 I vscode 循环计数 i = 1次,test LOG_Channel_Trace()
2023-01-11 18:00:16.522  75 75 E APP.tag 循环计数 i = 2次
2023-01-11 18:00:16.522  75 75 E APP.tag 循环计数 i = 3次
2023-01-11 18:00:16.522  75 75 I APP.tag test LOG_Info()
2023-01-11 18:00:16.522  75 75 I baidu 循环计数 i = 3次,test LOG_Channel_Info()
2023-01-11 18:00:16.522  75 75 E APP.tag 循环计数 i = 4次
2023-01-11 18:00:16.522  75 75 W APP.tag test LOG_Warn()
2023-01-11 18:00:16.522  75 75 W google 循环计数 i = 4次,test LOG_Channel_Warn()
2023-01-11 18:00:16.522  75 75 E APP.tag 循环计数 i = 5次
2023-01-11 18:00:16.522  75 75 E APP.tag test LOG_Error()
2023-01-11 18:00:16.522  75 75 E visio 循环计数 i = 5次,test LOG_Channel_Error()
2023-01-11 18:00:16.522  75 75 I APP.tag print coredump DataLen:2 Data[01 00]
2023-01-11 18:00:16.522  75 75 W coredump 0x0000000a 0a 00 00 00 0b 00 00 00 0c 00 00 00 0d 00 00 00 0e 00 00 00
2023-01-11 18:00:16.522  75 75 I APP.tag ****************test INFO end****************
2023-01-11 18:00:16.778  75 82 I channel139887621699328 self_thread_id = 139887621699328, last time delay.time = 30, now count = 921, i = 3
2023-01-11 18:00:16.779  75 82 I channel139887621699328 self_thread_id = 139887621699328, last time delay.time = 30, now count = 921, i = 3
2023-01-11 18:00:16.779  75 82 W channel139887621699328 self_thread_id = 139887621699328, last time delay.time = 30, now count = 921, i = 3
2023-01-11 18:00:16.779  75 82 E channel139887621699328 self_thread_id = 139887621699328, last time delay.time = 30, now count = 921, i = 3
2023-01-11 18:00:16.779  75 80 I channel139887845451520 self_thread_id = 139887845451520, last time delay.time = 8, now count = 922, i = 3
2023-01-11 18:00:16.779  75 80 I channel139887845451520 self_thread_id = 139887845451520, last time delay.time = 8, now count = 922, i = 3
2023-01-11 18:00:16.779  75 80 W channel139887845451520 self_thread_id = 139887845451520, last time delay.time = 8, now count = 922, i = 3
2023-01-11 18:00:16.779  75 80 E channel139887845451520 self_thread_id = 139887845451520, last time delay.time = 8, now count = 922, i = 3
2023-01-11 18:00:16.779  75 78 I channel139887862236928 self_thread_id = 139887862236928, last time delay.time = 8, now count = 923, i = 3
2023-01-11 18:00:16.779  75 77 I channel139887870629632 self_thread_id = 139887870629632, last time delay.time = 11, now count = 924, i = 3
2023-01-11 18:00:16.779  75 77 I channel139887870629632 self_thread_id = 139887870629632, last time delay.time = 11, now count = 924, i = 3
2023-01-11 18:00:16.779  75 78 I channel139887862236928 self_thread_id = 139887862236928, last time delay.time = 8, now count = 923, i = 3
2023-01-11 18:00:16.779  75 77 W channel139887870629632 self_thread_id = 139887870629632, last time delay.time = 11, now count = 924, i = 3
2023-01-11 18:00:16.779  75 77 E channel139887870629632 self_thread_id = 139887870629632, last time delay.time = 11, now count = 924, i = 3
2023-01-11 18:00:16.779  75 78 W channel139887862236928 self_thread_id = 139887862236928, last time delay.time = 8, now count = 923, i = 3
2023-01-11 18:00:16.779  75 78 E channel139887862236928 self_thread_id = 139887862236928, last time delay.time = 8, now count = 923, i = 3
2023-01-11 18:00:16.779  75 84 I channel139887604913920 self_thread_id = 139887604913920, last time delay.time = 7, now count = 925, i = 3
2023-01-11 18:00:16.779  75 84 I channel139887604913920 self_thread_id = 139887604913920, last time delay.time = 7, now count = 925, i = 3
2023-01-11 18:00:16.779  75 84 W channel139887604913920 self_thread_id = 139887604913920, last time delay.time = 7, now count = 925, i = 3
2023-01-11 18:00:16.779  75 84 E channel139887604913920 self_thread_id = 139887604913920, last time delay.time = 7, now count = 925, i = 3
2023-01-11 18:00:16.779  75 81 I channel139887837058816 self_thread_id = 139887837058816, last time delay.time = 7, now count = 926, i = 3
2023-01-11 18:00:16.779  75 81 I channel139887837058816 self_thread_id = 139887837058816, last time delay.time = 7, now count = 926, i = 3
2023-01-11 18:00:16.779  75 81 W channel139887837058816 self_thread_id = 139887837058816, last time delay.time = 7, now count = 926, i = 3
2023-01-11 18:00:16.779  75 81 E channel139887837058816 self_thread_id = 139887837058816, last time delay.time = 7, now count = 926, i = 3
2023-01-11 18:00:16.780  75 79 I channel139887853844224 self_thread_id = 139887853844224, last time delay.time = 8, now count = 927, i = 3
2023-01-11 18:00:16.780  75 79 I channel139887853844224 self_thread_id = 139887853844224, last time delay.time = 8, now count = 927, i = 3
2023-01-11 18:00:16.780  75 79 W channel139887853844224 self_thread_id = 139887853844224, last time delay.time = 8, now count = 927, i = 3
2023-01-11 18:00:16.780  75 79 E channel139887853844224 self_thread_id = 139887853844224, last time delay.time = 8, now count = 927, i = 3
2023-01-11 18:00:16.781  75 83 I channel139887613306624 self_thread_id = 139887613306624, last time delay.time = 8, now count = 928, i = 3
2023-01-11 18:00:16.781  75 83 I channel139887613306624 self_thread_id = 139887613306624, last time delay.time = 8, now count = 928, i = 3
2023-01-11 18:00:16.781  75 83 W channel139887613306624 self_thread_id = 139887613306624, last time delay.time = 8, now count = 928, i = 3
2023-01-11 18:00:16.781  75 83 E channel139887613306624 self_thread_id = 139887613306624, last time delay.time = 8, now count = 928, i = 3
2023-01-11 18:00:17.779  75 82 I channel139887621699328 self_thread_id = 139887621699328, last time delay.time = 30, now count = 921, i = 4
2023-01-11 18:00:17.779  75 82 I channel139887621699328 self_thread_id = 139887621699328, last time delay.time = 30, now count = 921, i = 4
2023-01-11 18:00:17.779  75 82 W channel139887621699328 self_thread_id = 139887621699328, last time delay.time = 30, now count = 921, i = 4
2023-01-11 18:00:17.779  75 82 E channel139887621699328 self_thread_id = 139887621699328, last time delay.time = 30, now count = 921, i = 4
2023-01-11 18:00:17.779  75 82 I channel139887621699328 self_thread_id = 139887621699328, last time delay.time = 30, now count = 929
2023-01-11 18:00:17.779  75 80 I channel139887845451520 self_thread_id = 139887845451520, last time delay.time = 8, now count = 922, i = 4
2023-01-11 18:00:17.779  75 80 I channel139887845451520 self_thread_id = 139887845451520, last time delay.time = 8, now count = 922, i = 4
2023-01-11 18:00:17.779  75 80 W channel139887845451520 self_thread_id = 139887845451520, last time delay.time = 8, now count = 922, i = 4
2023-01-11 18:00:17.779  75 80 E channel139887845451520 self_thread_id = 139887845451520, last time delay.time = 8, now count = 922, i = 4
2023-01-11 18:00:17.779  75 80 I channel139887845451520 self_thread_id = 139887845451520, last time delay.time = 8, now count = 930
2023-01-11 18:00:17.779  75 77 I channel139887870629632 self_thread_id = 139887870629632, last time delay.time = 11, now count = 924, i = 4
2023-01-11 18:00:17.779  75 78 I channel139887862236928 self_thread_id = 139887862236928, last time delay.time = 8, now count = 923, i = 4
2023-01-11 18:00:17.779  75 77 I channel139887870629632 self_thread_id = 139887870629632, last time delay.time = 11, now count = 924, i = 4
2023-01-11 18:00:17.779  75 77 W channel139887870629632 self_thread_id = 139887870629632, last time delay.time = 11, now count = 924, i = 4
2023-01-11 18:00:17.779  75 78 I channel139887862236928 self_thread_id = 139887862236928, last time delay.time = 8, now count = 923, i = 4
2023-01-11 18:00:17.779  75 77 E channel139887870629632 self_thread_id = 139887870629632, last time delay.time = 11, now count = 924, i = 4
2023-01-11 18:00:17.779  75 78 W channel139887862236928 self_thread_id = 139887862236928, last time delay.time = 8, now count = 923, i = 4
2023-01-11 18:00:17.779  75 78 E channel139887862236928 self_thread_id = 139887862236928, last time delay.time = 8, now count = 923, i = 4
2023-01-11 18:00:17.779  75 84 I channel139887604913920 self_thread_id = 139887604913920, last time delay.time = 7, now count = 925, i = 4
2023-01-11 18:00:17.779  75 78 I channel139887862236928 self_thread_id = 139887862236928, last time delay.time = 8, now count = 932
2023-01-11 18:00:17.779  75 77 I channel139887870629632 self_thread_id = 139887870629632, last time delay.time = 11, now count = 931
2023-01-11 18:00:17.779  75 84 I channel139887604913920 self_thread_id = 139887604913920, last time delay.time = 7, now count = 925, i = 4
2023-01-11 18:00:17.779  75 84 W channel139887604913920 self_thread_id = 139887604913920, last time delay.time = 7, now count = 925, i = 4
2023-01-11 18:00:17.779  75 84 E channel139887604913920 self_thread_id = 139887604913920, last time delay.time = 7, now count = 925, i = 4
2023-01-11 18:00:17.779  75 84 I channel139887604913920 self_thread_id = 139887604913920, last time delay.time = 7, now count = 933
2023-01-11 18:00:17.779  75 81 I channel139887837058816 self_thread_id = 139887837058816, last time delay.time = 7, now count = 926, i = 4
2023-01-11 18:00:17.779  75 81 I channel139887837058816 self_thread_id = 139887837058816, last time delay.time = 7, now count = 926, i = 4
2023-01-11 18:00:17.779  75 81 W channel139887837058816 self_thread_id = 139887837058816, last time delay.time = 7, now count = 926, i = 4
2023-01-11 18:00:17.779  75 81 E channel139887837058816 self_thread_id = 139887837058816, last time delay.time = 7, now count = 926, i = 4
2023-01-11 18:00:17.779  75 81 I channel139887837058816 self_thread_id = 139887837058816, last time delay.time = 7, now count = 934
2023-01-11 18:00:17.780  75 79 I channel139887853844224 self_thread_id = 139887853844224, last time delay.time = 8, now count = 927, i = 4
2023-01-11 18:00:17.780  75 79 I channel139887853844224 self_thread_id = 139887853844224, last time delay.time = 8, now count = 927, i = 4
2023-01-11 18:00:17.780  75 79 W channel139887853844224 self_thread_id = 139887853844224, last time delay.time = 8, now count = 927, i = 4
2023-01-11 18:00:17.780  75 79 E channel139887853844224 self_thread_id = 139887853844224, last time delay.time = 8, now count = 927, i = 4
2023-01-11 18:00:17.780  75 79 I channel139887853844224 self_thread_id = 139887853844224, last time delay.time = 8, now count = 935
2023-01-11 18:00:17.781  75 83 I channel139887613306624 self_thread_id = 139887613306624, last time delay.time = 8, now count = 928, i = 4
2023-01-11 18:00:17.782  75 83 I channel139887613306624 self_thread_id = 139887613306624, last time delay.time = 8, now count = 928, i = 4
2023-01-11 18:00:17.782  75 83 W channel139887613306624 self_thread_id = 139887613306624, last time delay.time = 8, now count = 928, i = 4
2023-01-11 18:00:17.782  75 83 E channel139887613306624 self_thread_id = 139887613306624, last time delay.time = 8, now count = 928, i = 4
2023-01-11 18:00:17.782  75 83 I channel139887613306624 self_thread_id = 139887613306624, last time delay.time = 8, now count = 936
2023-01-11 18:00:18.779  75 82 I channel139887621699328 self_thread_id = 139887621699328, last time delay.time = 8, now count = 929, i = 0
2023-01-11 18:00:18.779  75 82 I channel139887621699328 self_thread_id = 139887621699328, last time delay.time = 8, now count = 929, i = 0
2023-01-11 18:00:18.779  75 82 W channel139887621699328 self_thread_id = 139887621699328, last time delay.time = 8, now count = 929, i = 0
2023-01-11 18:00:18.779  75 82 E channel139887621699328 self_thread_id = 139887621699328, last time delay.time = 8, now count = 929, i = 0
2023-01-11 18:00:18.779  75 80 I channel139887845451520 self_thread_id = 139887845451520, last time delay.time = 9, now count = 930, i = 0
2023-01-11 18:00:18.779  75 80 I channel139887845451520 self_thread_id = 139887845451520, last time delay.time = 9, now count = 930, i = 0
2023-01-11 18:00:18.779  75 80 W channel139887845451520 self_thread_id = 139887845451520, last time delay.time = 9, now count = 930, i = 0
2023-01-11 18:00:18.779  75 80 E channel139887845451520 self_thread_id = 139887845451520, last time delay.time = 9, now count = 930, i = 0
2023-01-11 18:00:18.779  75 78 I channel139887862236928 self_thread_id = 139887862236928, last time delay.time = 8, now count = 932, i = 0
2023-01-11 18:00:18.779  75 78 I channel139887862236928 self_thread_id = 139887862236928, last time delay.time = 8, now count = 932, i = 0
2023-01-11 18:00:18.779  75 77 I channel139887870629632 self_thread_id = 139887870629632, last time delay.time = 26, now count = 931, i = 0
2023-01-11 18:00:18.779  75 78 W channel139887862236928 self_thread_id = 139887862236928, last time delay.time = 8, now count = 932, i = 0
2023-01-11 18:00:18.779  75 84 I channel139887604913920 self_thread_id = 139887604913920, last time delay.time = 9, now count = 933, i = 0
2023-01-11 18:00:18.779  75 78 E channel139887862236928 self_thread_id = 139887862236928, last time delay.time = 8, now count = 932, i = 0
2023-01-11 18:00:18.779  75 77 I channel139887870629632 self_thread_id = 139887870629632, last time delay.time = 26, now count = 931, i = 0
2023-01-11 18:00:18.779  75 84 I channel139887604913920 self_thread_id = 139887604913920, last time delay.time = 9, now count = 933, i = 0
2023-01-11 18:00:18.779  75 77 W channel139887870629632 self_thread_id = 139887870629632, last time delay.time = 26, now count = 931, i = 0
2023-01-11 18:00:18.779  75 84 W channel139887604913920 self_thread_id = 139887604913920, last time delay.time = 9, now count = 933, i = 0
2023-01-11 18:00:18.779  75 77 E channel139887870629632 self_thread_id = 139887870629632, last time delay.time = 26, now count = 931, i = 0
2023-01-11 18:00:18.779  75 84 E channel139887604913920 self_thread_id = 139887604913920, last time delay.time = 9, now count = 933, i = 0
2023-01-11 18:00:18.779  75 81 I channel139887837058816 self_thread_id = 139887837058816, last time delay.time = 9, now count = 934, i = 0
2023-01-11 18:00:18.779  75 81 I channel139887837058816 self_thread_id = 139887837058816, last time delay.time = 9, now count = 934, i = 0
2023-01-11 18:00:18.779  75 81 W channel139887837058816 self_thread_id = 139887837058816, last time delay.time = 9, now count = 934, i = 0
2023-01-11 18:00:18.779  75 81 E channel139887837058816 self_thread_id = 139887837058816, last time delay.time = 9, now count = 934, i = 0
2023-01-11 18:00:18.780  75 79 I channel139887853844224 self_thread_id = 139887853844224, last time delay.time = 7, now count = 935, i = 0
2023-01-11 18:00:18.780  75 79 I channel139887853844224 self_thread_id = 139887853844224, last time delay.time = 7, now count = 935, i = 0
2023-01-11 18:00:18.780  75 79 W channel139887853844224 self_thread_id = 139887853844224, last time delay.time = 7, now count = 935, i = 0
2023-01-11 18:00:18.780  75 79 E channel139887853844224 self_thread_id = 139887853844224, last time delay.time = 7, now count = 935, i = 0
2023-01-11 18:00:18.782  75 83 I channel139887613306624 self_thread_id = 139887613306624, last time delay.time = 8, now count = 936, i = 0
2023-01-11 18:00:18.782  75 83 I channel139887613306624 self_thread_id = 139887613306624, last time delay.time = 8, now count = 936, i = 0
2023-01-11 18:00:18.782  75 83 W channel139887613306624 self_thread_id = 139887613306624, last time delay.time = 8, now count = 936, i = 0
2023-01-11 18:00:18.782  75 83 E channel139887613306624 self_thread_id = 139887613306624, last time delay.time = 8, now count = 936, i = 0
2023-01-11 18:00:19.779  75 82 I channel139887621699328 self_thread_id = 139887621699328, last time delay.time = 8, now count = 929, i = 1
2023-01-11 18:00:19.779  75 82 I channel139887621699328 self_thread_id = 139887621699328, last time delay.time = 8, now count = 929, i = 1
2023-01-11 18:00:19.779  75 82 W channel139887621699328 self_thread_id = 139887621699328, last time delay.time = 8, now count = 929, i = 1
2023-01-11 18:00:19.779  75 82 E channel139887621699328 self_thread_id = 139887621699328, last time delay.time = 8, now count = 929, i = 1
2023-01-11 18:00:19.779  75 80 I channel139887845451520 self_thread_id = 139887845451520, last time delay.time = 9, now count = 930, i = 1
2023-01-11 18:00:19.779  75 80 I channel139887845451520 self_thread_id = 139887845451520, last time delay.time = 9, now count = 930, i = 1
2023-01-11 18:00:19.779  75 80 W channel139887845451520 self_thread_id = 139887845451520, last time delay.time = 9, now count = 930, i = 1
2023-01-11 18:00:19.779  75 80 E channel139887845451520 self_thread_id = 139887845451520, last time delay.time = 9, now count = 930, i = 1
2023-01-11 18:00:19.779  75 78 I channel139887862236928 self_thread_id = 139887862236928, last time delay.time = 8, now count = 932, i = 1
2023-01-11 18:00:19.779  75 78 I channel139887862236928 self_thread_id = 139887862236928, last time delay.time = 8, now count = 932, i = 1
2023-01-11 18:00:19.779  75 78 W channel139887862236928 self_thread_id = 139887862236928, last time delay.time = 8, now count = 932, i = 1
2023-01-11 18:00:19.779  75 78 E channel139887862236928 self_thread_id = 139887862236928, last time delay.time = 8, now count = 932, i = 1
2023-01-11 18:00:19.779  75 77 I channel139887870629632 self_thread_id = 139887870629632, last time delay.time = 26, now count = 931, i = 1
2023-01-11 18:00:19.779  75 84 I channel139887604913920 self_thread_id = 139887604913920, last time delay.time = 9, now count = 933, i = 1
2023-01-11 18:00:19.779  75 77 I channel139887870629632 self_thread_id = 139887870629632, last time delay.time = 26, now count = 931, i = 1
2023-01-11 18:00:19.779  75 77 W channel139887870629632 self_thread_id = 139887870629632, last time delay.time = 26, now count = 931, i = 1
2023-01-11 18:00:19.779  75 84 I channel139887604913920 self_thread_id = 139887604913920, last time delay.time = 9, now count = 933, i = 1
2023-01-11 18:00:19.779  75 77 E channel139887870629632 self_thread_id = 139887870629632, last time delay.time = 26, now count = 931, i = 1
2023-01-11 18:00:19.779  75 84 W channel139887604913920 self_thread_id = 139887604913920, last time delay.time = 9, now count = 933, i = 1
2023-01-11 18:00:19.779  75 84 E channel139887604913920 self_thread_id = 139887604913920, last time delay.time = 9, now count = 933, i = 1
2023-01-11 18:00:19.779  75 81 I channel139887837058816 self_thread_id = 139887837058816, last time delay.time = 9, now count = 934, i = 1
2023-01-11 18:00:19.780  75 81 I channel139887837058816 self_thread_id = 139887837058816, last time delay.time = 9, now count = 934, i = 1
2023-01-11 18:00:19.780  75 81 W channel139887837058816 self_thread_id = 139887837058816, last time delay.time = 9, now count = 934, i = 1
2023-01-11 18:00:19.780  75 81 E channel139887837058816 self_thread_id = 139887837058816, last time delay.time = 9, now count = 934, i = 1
2023-01-11 18:00:19.780  75 79 I channel139887853844224 self_thread_id = 139887853844224, last time delay.time = 7, now count = 935, i = 1
2023-01-11 18:00:19.781  75 79 I channel139887853844224 self_thread_id = 139887853844224, last time delay.time = 7, now count = 935, i = 1
2023-01-11 18:00:19.781  75 79 W channel139887853844224 self_thread_id = 139887853844224, last time delay.time = 7, now count = 935, i = 1
2023-01-11 18:00:19.781  75 79 E channel139887853844224 self_thread_id = 139887853844224, last time delay.time = 7, now count = 935, i = 1
2023-01-11 18:00:19.782  75 83 I channel139887613306624 self_thread_id = 139887613306624, last time delay.time = 8, now count = 936, i = 1
2023-01-11 18:00:19.782  75 83 I channel139887613306624 self_thread_id = 139887613306624, last time delay.time = 8, now count = 936, i = 1
2023-01-11 18:00:19.782  75 83 W channel139887613306624 self_thread_id = 139887613306624, last time delay.time = 8, now count = 936, i = 1
2023-01-11 18:00:19.782  75 83 E channel139887613306624 self_thread_id = 139887613306624, last time delay.time = 8, now count = 936, i = 1
2023-01-11 18:00:20.779  75 82 I channel139887621699328 self_thread_id = 139887621699328, last time delay.time = 8, now count = 929, i = 2
2023-01-11 18:00:20.779  75 82 I channel139887621699328 self_thread_id = 139887621699328, last time delay.time = 8, now count = 929, i = 2
2023-01-11 18:00:20.779  75 82 W channel139887621699328 self_thread_id = 139887621699328, last time delay.time = 8, now count = 929, i = 2
2023-01-11 18:00:20.779  75 82 E channel139887621699328 self_thread_id = 139887621699328, last time delay.time = 8, now count = 929, i = 2
2023-01-11 18:00:20.779  75 80 I channel139887845451520 self_thread_id = 139887845451520, last time delay.time = 9, now count = 930, i = 2
2023-01-11 18:00:20.779  75 80 I channel139887845451520 self_thread_id = 139887845451520, last time delay.time = 9, now count = 930, i = 2
2023-01-11 18:00:20.779  75 80 W channel139887845451520 self_thread_id = 139887845451520, last time delay.time = 9, now count = 930, i = 2
2023-01-11 18:00:20.779  75 80 E channel139887845451520 self_thread_id = 139887845451520, last time delay.time = 9, now count = 930, i = 2
2023-01-11 18:00:20.779  75 78 I channel139887862236928 self_thread_id = 139887862236928, last time delay.time = 8, now count = 932, i = 2
2023-01-11 18:00:20.779  75 78 I channel139887862236928 self_thread_id = 139887862236928, last time delay.time = 8, now count = 932, i = 2
2023-01-11 18:00:20.779  75 78 W channel139887862236928 self_thread_id = 139887862236928, last time delay.time = 8, now count = 932, i = 2
2023-01-11 18:00:20.779  75 78 E channel139887862236928 self_thread_id = 139887862236928, last time delay.time = 8, now count = 932, i = 2
2023-01-11 18:00:20.779  75 77 I channel139887870629632 self_thread_id = 139887870629632, last time delay.time = 26, now count = 931, i = 2
2023-01-11 18:00:20.779  75 77 I channel139887870629632 self_thread_id = 139887870629632, last time delay.time = 26, now count = 931, i = 2
2023-01-11 18:00:20.779  75 77 W channel139887870629632 self_thread_id = 139887870629632, last time delay.time = 26, now count = 931, i = 2
2023-01-11 18:00:20.780  75 77 E channel139887870629632 self_thread_id = 139887870629632, last time delay.time = 26, now count = 931, i = 2
2023-01-11 18:00:20.780  75 84 I channel139887604913920 self_thread_id = 139887604913920, last time delay.time = 9, now count = 933, i = 2
2023-01-11 18:00:20.780  75 84 I channel139887604913920 self_thread_id = 139887604913920, last time delay.time = 9, now count = 933, i = 2
2023-01-11 18:00:20.780  75 84 W channel139887604913920 self_thread_id = 139887604913920, last time delay.time = 9, now count = 933, i = 2
2023-01-11 18:00:20.780  75 84 E channel139887604913920 self_thread_id = 139887604913920, last time delay.time = 9, now count = 933, i = 2
2023-01-11 18:00:20.780  75 81 I channel139887837058816 self_thread_id = 139887837058816, last time delay.time = 9, now count = 934, i = 2
2023-01-11 18:00:20.780  75 81 I channel139887837058816 self_thread_id = 139887837058816, last time delay.time = 9, now count = 934, i = 2
2023-01-11 18:00:20.780  75 81 W channel139887837058816 self_thread_id = 139887837058816, last time delay.time = 9, now count = 934, i = 2
2023-01-11 18:00:20.780  75 81 E channel139887837058816 self_thread_id = 139887837058816, last time delay.time = 9, now count = 934, i = 2
2023-01-11 18:00:20.781  75 79 I channel139887853844224 self_thread_id = 139887853844224, last time delay.time = 7, now count = 935, i = 2
2023-01-11 18:00:20.781  75 79 I channel139887853844224 self_thread_id = 139887853844224, last time delay.time = 7, now count = 935, i = 2
2023-01-11 18:00:20.781  75 79 W channel139887853844224 self_thread_id = 139887853844224, last time delay.time = 7, now count = 935, i = 2
2023-01-11 18:00:20.781  75 79 E channel139887853844224 self_thread_id = 139887853844224, last time delay.time = 7, now count = 935, i = 2
2023-01-11 18:00:20.782  75 83 I channel139887613306624 self_thread_id = 139887613306624, last time delay.time = 8, now count = 936, i = 2
2023-01-11 18:00:20.782  75 83 I channel139887613306624 self_thread_id = 139887613306624, last time delay.time = 8, now count = 936, i = 2
2023-01-11 18:00:20.782  75 83 W channel139887613306624 self_thread_id = 139887613306624, last time delay.time = 8, now count = 936, i = 2
2023-01-11 18:00:20.782  75 83 E channel139887613306624 self_thread_id = 139887613306624, last time delay.time = 8, now count = 936, i = 2
2023-01-11 18:00:21.779  75 82 I channel139887621699328 self_thread_id = 139887621699328, last time delay.time = 8, now count = 929, i = 3
2023-01-11 18:00:21.780  75 82 I channel139887621699328 self_thread_id = 139887621699328, last time delay.time = 8, now count = 929, i = 3
2023-01-11 18:00:21.780  75 82 W channel139887621699328 self_thread_id = 139887621699328, last time delay.time = 8, now count = 929, i = 3
2023-01-11 18:00:21.780  75 82 E channel139887621699328 self_thread_id = 139887621699328, last time delay.time = 8, now count = 929, i = 3
2023-01-11 18:00:21.780  75 78 I channel139887862236928 self_thread_id = 139887862236928, last time delay.time = 8, now count = 932, i = 3
2023-01-11 18:00:21.780  75 80 I channel139887845451520 self_thread_id = 139887845451520, last time delay.time = 9, now count = 930, i = 3
2023-01-11 18:00:21.780  75 78 I channel139887862236928 self_thread_id = 139887862236928, last time delay.time = 8, now count = 932, i = 3
2023-01-11 18:00:21.780  75 78 W channel139887862236928 self_thread_id = 139887862236928, last time delay.time = 8, now count = 932, i = 3
2023-01-11 18:00:21.780  75 80 I channel139887845451520 self_thread_id = 139887845451520, last time delay.time = 9, now count = 930, i = 3
2023-01-11 18:00:21.780  75 80 W channel139887845451520 self_thread_id = 139887845451520, last time delay.time = 9, now count = 930, i = 3
2023-01-11 18:00:21.780  75 78 E channel139887862236928 self_thread_id = 139887862236928, last time delay.time = 8, now count = 932, i = 3
2023-01-11 18:00:21.780  75 80 E channel139887845451520 self_thread_id = 139887845451520, last time delay.time = 9, now count = 930, i = 3
2023-01-11 18:00:21.780  75 77 I channel139887870629632 self_thread_id = 139887870629632, last time delay.time = 26, now count = 931, i = 3
2023-01-11 18:00:21.780  75 77 I channel139887870629632 self_thread_id = 139887870629632, last time delay.time = 26, now count = 931, i = 3
2023-01-11 18:00:21.780  75 77 W channel139887870629632 self_thread_id = 139887870629632, last time delay.time = 26, now count = 931, i = 3
2023-01-11 18:00:21.780  75 77 E channel139887870629632 self_thread_id = 139887870629632, last time delay.time = 26, now count = 931, i = 3
2023-01-11 18:00:21.780  75 84 I channel139887604913920 self_thread_id = 139887604913920, last time delay.time = 9, now count = 933, i = 3
2023-01-11 18:00:21.780  75 84 I channel139887604913920 self_thread_id = 139887604913920, last time delay.time = 9, now count = 933, i = 3
2023-01-11 18:00:21.780  75 84 W channel139887604913920 self_thread_id = 139887604913920, last time delay.time = 9, now count = 933, i = 3
2023-01-11 18:00:21.780  75 84 E channel139887604913920 self_thread_id = 139887604913920, last time delay.time = 9, now count = 933, i = 3
2023-01-11 18:00:21.780  75 81 I channel139887837058816 self_thread_id = 139887837058816, last time delay.time = 9, now count = 934, i = 3
2023-01-11 18:00:21.780  75 81 I channel139887837058816 self_thread_id = 139887837058816, last time delay.time = 9, now count = 934, i = 3
2023-01-11 18:00:21.780  75 81 W channel139887837058816 self_thread_id = 139887837058816, last time delay.time = 9, now count = 934, i = 3
2023-01-11 18:00:21.780  75 81 E channel139887837058816 self_thread_id = 139887837058816, last time delay.time = 9, now count = 934, i = 3
2023-01-11 18:00:21.781  75 79 I channel139887853844224 self_thread_id = 139887853844224, last time delay.time = 7, now count = 935, i = 3
2023-01-11 18:00:21.781  75 79 I channel139887853844224 self_thread_id = 139887853844224, last time delay.time = 7, now count = 935, i = 3
2023-01-11 18:00:21.781  75 79 W channel139887853844224 self_thread_id = 139887853844224, last time delay.time = 7, now count = 935, i = 3
2023-01-11 18:00:21.781  75 79 E channel139887853844224 self_thread_id = 139887853844224, last time delay.time = 7, now count = 935, i = 3
2023-01-11 18:00:21.782  75 83 I channel139887613306624 self_thread_id = 139887613306624, last time delay.time = 8, now count = 936, i = 3
2023-01-11 18:00:21.782  75 83 I channel139887613306624 self_thread_id = 139887613306624, last time delay.time = 8, now count = 936, i = 3
2023-01-11 18:00:21.782  75 83 W channel139887613306624 self_thread_id = 139887613306624, last time delay.time = 8, now count = 936, i = 3
2023-01-11 18:00:21.782  75 83 E channel139887613306624 self_thread_id = 139887613306624, last time delay.time = 8, now count = 936, i = 3
2023-01-11 18:00:22.780  75 82 I channel139887621699328 self_thread_id = 139887621699328, last time delay.time = 8, now count = 929, i = 4
2023-01-11 18:00:22.780  75 82 I channel139887621699328 self_thread_id = 139887621699328, last time delay.time = 8, now count = 929, i = 4
2023-01-11 18:00:22.780  75 82 W channel139887621699328 self_thread_id = 139887621699328, last time delay.time = 8, now count = 929, i = 4
2023-01-11 18:00:22.780  75 82 E channel139887621699328 self_thread_id = 139887621699328, last time delay.time = 8, now count = 929, i = 4
2023-01-11 18:00:22.780  75 82 I channel139887621699328 self_thread_id = 139887621699328, last time delay.time = 8, now count = 937
2023-01-11 18:00:22.780  75 78 I channel139887862236928 self_thread_id = 139887862236928, last time delay.time = 8, now count = 932, i = 4
2023-01-11 18:00:22.780  75 78 I channel139887862236928 self_thread_id = 139887862236928, last time delay.time = 8, now count = 932, i = 4
2023-01-11 18:00:22.780  75 80 I channel139887845451520 self_thread_id = 139887845451520, last time delay.time = 9, now count = 930, i = 4
2023-01-11 18:00:22.780  75 78 W channel139887862236928 self_thread_id = 139887862236928, last time delay.time = 8, now count = 932, i = 4
2023-01-11 18:00:22.780  75 78 E channel139887862236928 self_thread_id = 139887862236928, last time delay.time = 8, now count = 932, i = 4
2023-01-11 18:00:22.780  75 80 I channel139887845451520 self_thread_id = 139887845451520, last time delay.time = 9, now count = 930, i = 4
2023-01-11 18:00:22.780  75 78 I channel139887862236928 self_thread_id = 139887862236928, last time delay.time = 8, now count = 938
2023-01-11 18:00:22.780  75 80 W channel139887845451520 self_thread_id = 139887845451520, last time delay.time = 9, now count = 930, i = 4
2023-01-11 18:00:22.780  75 80 E channel139887845451520 self_thread_id = 139887845451520, last time delay.time = 9, now count = 930, i = 4
2023-01-11 18:00:22.780  75 77 I channel139887870629632 self_thread_id = 139887870629632, last time delay.time = 26, now count = 931, i = 4
2023-01-11 18:00:22.780  75 80 I channel139887845451520 self_thread_id = 139887845451520, last time delay.time = 9, now count = 939
2023-01-11 18:00:22.780  75 77 I channel139887870629632 self_thread_id = 139887870629632, last time delay.time = 26, now count = 931, i = 4
2023-01-11 18:00:22.780  75 77 W channel139887870629632 self_thread_id = 139887870629632, last time delay.time = 26, now count = 931, i = 4
2023-01-11 18:00:22.780  75 84 I channel139887604913920 self_thread_id = 139887604913920, last time delay.time = 9, now count = 933, i = 4
2023-01-11 18:00:22.780  75 77 E channel139887870629632 self_thread_id = 139887870629632, last time delay.time = 26, now count = 931, i = 4
2023-01-11 18:00:22.780  75 84 I channel139887604913920 self_thread_id = 139887604913920, last time delay.time = 9, now count = 933, i = 4
2023-01-11 18:00:22.780  75 77 I channel139887870629632 self_thread_id = 139887870629632, last time delay.time = 26, now count = 940
2023-01-11 18:00:22.780  75 84 W channel139887604913920 self_thread_id = 139887604913920, last time delay.time = 9, now count = 933, i = 4
2023-01-11 18:00:22.780  75 84 E channel139887604913920 self_thread_id = 139887604913920, last time delay.time = 9, now count = 933, i = 4
2023-01-11 18:00:22.780  75 84 I channel139887604913920 self_thread_id = 139887604913920, last time delay.time = 9, now count = 941
2023-01-11 18:00:22.780  75 81 I channel139887837058816 self_thread_id = 139887837058816, last time delay.time = 9, now count = 934, i = 4
2023-01-11 18:00:22.780  75 81 I channel139887837058816 self_thread_id = 139887837058816, last time delay.time = 9, now count = 934, i = 4
2023-01-11 18:00:22.780  75 81 W channel139887837058816 self_thread_id = 139887837058816, last time delay.time = 9, now count = 934, i = 4
2023-01-11 18:00:22.780  75 81 E channel139887837058816 self_thread_id = 139887837058816, last time delay.time = 9, now count = 934, i = 4
2023-01-11 18:00:22.780  75 81 I channel139887837058816 self_thread_id = 139887837058816, last time delay.time = 9, now count = 942
2023-01-11 18:00:22.781  75 79 I channel139887853844224 self_thread_id = 139887853844224, last time delay.time = 7, now count = 935, i = 4
