2023-01-11 17:56:44.738  75 79 W channel139887853844224 self_thread_id = 139887853844224, last time delay.time = 14, now count = 589, i = 1
2023-01-11 17:56:44.738  75 84 E channel139887604913920 self_thread_id = 139887604913920, last time delay.time = 14, now count = 588, i = 1
2023-01-11 17:56:44.738  75 79 E channel139887853844224 self_thread_id = 139887853844224, last time delay.time = 14, now count = 589, i = 1
2023-01-11 17:56:45.738  75 77 I channel139887870629632 self_thread_id = 139887870629632, last time delay.time = 10, now count = 586, i = 2
2023-01-11 17:56:45.738  75 77 I channel139887870629632 self_thread_id = 139887870629632, last time delay.time = 10, now count = 586, i = 2
2023-01-11 17:56:45.738  75 80 I channel139887845451520 self_thread_id = 139887845451520, last time delay.time = 88, now count = 585, i = 2
2023-01-11 17:56:45.738  75 77 W channel139887870629632 self_thread_id = 139887870629632, last time delay.time = 10, now count = 586, i = 2
2023-01-11 17:56:45.738  75 77 E channel139887870629632 self_thread_id = 139887870629632, last time delay.time = 10, now count = 586, i = 2
2023-01-11 17:56:45.738  75 80 I channel139887845451520 self_thread_id = 139887845451520, last time delay.time = 88, now count = 585, i = 2
2023-01-11 17:56:45.738  75 80 W channel139887845451520 self_thread_id = 139887845451520, last time delay.time = 88, now count = 585, i = 2
2023-01-11 17:56:45.738  75 81 I channel139887837058816 self_thread_id = 139887837058816, last time delay.time = 10, now count = 590, i = 2
2023-01-11 17:56:45.738  75 80 E channel139887845451520 self_thread_id = 139887845451520, last time delay.time = 88, now count = 585, i = 2
2023-01-11 17:56:45.738  75 81 I channel139887837058816 self_thread_id = 139887837058816, last time delay.time = 10, now count = 590, i = 2
2023-01-11 17:56:45.738  75 81 W channel139887837058816 self_thread_id = 139887837058816, last time delay.time = 10, now count = 590, i = 2
2023-01-11 17:56:45.738  75 78 I channel139887862236928 self_thread_id = 139887862236928, last time delay.time = 8, now count = 592, i = 2
2023-01-11 17:56:45.738  75 82 I channel139887621699328 self_thread_id = 139887621699328, last time delay.time = 11, now count = 587, i = 2
2023-01-11 17:56:45.738  75 78 I channel139887862236928 self_thread_id = 139887862236928, last time delay.time = 8, now count = 592, i = 2
2023-01-11 17:56:45.738  75 81 E channel139887837058816 self_thread_id = 139887837058816, last time delay.time = 10, now count = 590, i = 2
2023-01-11 17:56:45.738  75 82 I channel139887621699328 self_thread_id = 139887621699328, last time delay.time = 11, now count = 587, i = 2
2023-01-11 17:56:45.738  75 78 W channel139887862236928 self_thread_id = 139887862236928, last time delay.time = 8, now count = 592, i = 2
2023-01-11 17:56:45.738  75 82 W channel139887621699328 self_thread_id = 139887621699328, last time delay.time = 11, now count = 587, i = 2
2023-01-11 17:56:45.738  75 78 E channel139887862236928 self_thread_id = 139887862236928, last time delay.time = 8, now count = 592, i = 2
2023-01-11 17:56:45.738  75 82 E channel139887621699328 self_thread_id = 139887621699328, last time delay.time = 11, now count = 587, i = 2
2023-01-11 17:56:45.738  75 83 I channel139887613306624 self_thread_id = 139887613306624, last time delay.time = 8, now count = 591, i = 2
2023-01-11 17:56:45.738  75 83 I channel139887613306624 self_thread_id = 139887613306624, last time delay.time = 8, now count = 591, i = 2
2023-01-11 17:56:45.738  75 83 W channel139887613306624 self_thread_id = 139887613306624, last time delay.time = 8, now count = 591, i = 2
2023-01-11 17:56:45.738  75 83 E channel139887613306624 self_thread_id = 139887613306624, last time delay.time = 8, now count = 591, i = 2
2023-01-11 17:56:45.738  75 79 I channel139887853844224 self_thread_id = 139887853844224, last time delay.time = 14, now count = 589, i = 2
2023-01-11 17:56:45.738  75 84 I channel139887604913920 self_thread_id = 139887604913920, last time delay.time = 14, now count = 588, i = 2
2023-01-11 17:56:45.738  75 79 I channel139887853844224 self_thread_id = 139887853844224, last time delay.time = 14, now count = 589, i = 2
2023-01-11 17:56:45.738  75 84 I channel139887604913920 self_thread_id = 139887604913920, last time delay.time = 14, now count = 588, i = 2
2023-01-11 17:56:45.738  75 79 W channel139887853844224 self_thread_id = 139887853844224, last time delay.time = 14, now count = 589, i = 2
2023-01-11 17:56:45.738  75 84 W channel139887604913920 self_thread_id = 139887604913920, last time delay.time = 14, now count = 588, i = 2
2023-01-11 17:56:45.738  75 79 E channel139887853844224 self_thread_id = 139887853844224, last time delay.time = 14, now count = 589, i = 2
2023-01-11 17:56:45.738  75 84 E channel139887604913920 self_thread_id = 139887604913920, last time delay.time = 14, now count = 588, i = 2
2023-01-11 17:56:46.515  75 75 I APP.tag TestComponent::Proc
2023-01-11 17:56:46.515  75 75 I APP.tag ****************test INFO begin****************
2023-01-11 17:56:46.515  75 75 I APP.tag 测试 index = 788组
2023-01-11 17:56:46.515  75 75 E APP.tag 循环计数 i = 1次
2023-01-11 17:56:46.515  75 75 I APP.tag test LOG_Trace()
2023-01-11 17:56:46.515  75 75 I vscode 循环计数 i = 1次,test LOG_Channel_Trace()
2023-01-11 17:56:46.515  75 75 E APP.tag 循环计数 i = 2次
2023-01-11 17:56:46.515  75 75 E APP.tag 循环计数 i = 3次
2023-01-11 17:56:46.515  75 75 I APP.tag test LOG_Info()
2023-01-11 17:56:46.515  75 75 I baidu 循环计数 i = 3次,test LOG_Channel_Info()
2023-01-11 17:56:46.515  75 75 E APP.tag 循环计数 i = 4次
2023-01-11 17:56:46.515  75 75 W APP.tag test LOG_Warn()
2023-01-11 17:56:46.515  75 75 W google 循环计数 i = 4次,test LOG_Channel_Warn()
2023-01-11 17:56:46.515  75 75 E APP.tag 循环计数 i = 5次
2023-01-11 17:56:46.515  75 75 E APP.tag test LOG_Error()
2023-01-11 17:56:46.515  75 75 E visio 循环计数 i = 5次,test LOG_Channel_Error()
2023-01-11 17:56:46.515  75 75 I APP.tag print coredump DataLen:2 Data[01 00]
2023-01-11 17:56:46.515  75 75 W coredump 0x0000000a 0a 00 00 00 0b 00 00 00 0c 00 00 00 0d 00 00 00 0e 00 00 00
2023-01-11 17:56:46.515  75 75 I APP.tag ****************test INFO end****************
2023-01-11 17:56:46.738  75 77 I channel139887870629632 self_thread_id = 139887870629632, last time delay.time = 10, now count = 586, i = 3
2023-01-11 17:56:46.738  75 77 I channel139887870629632 self_thread_id = 139887870629632, last time delay.time = 10, now count = 586, i = 3
2023-01-11 17:56:46.738  75 77 W channel139887870629632 self_thread_id = 139887870629632, last time delay.time = 10, now count = 586, i = 3
2023-01-11 17:56:46.738  75 77 E channel139887870629632 self_thread_id = 139887870629632, last time delay.time = 10, now count = 586, i = 3
2023-01-11 17:56:46.738  75 80 I channel139887845451520 self_thread_id = 139887845451520, last time delay.time = 88, now count = 585, i = 3
2023-01-11 17:56:46.738  75 80 I channel139887845451520 self_thread_id = 139887845451520, last time delay.time = 88, now count = 585, i = 3
2023-01-11 17:56:46.738  75 80 W channel139887845451520 self_thread_id = 139887845451520, last time delay.time = 88, now count = 585, i = 3
2023-01-11 17:56:46.738  75 80 E channel139887845451520 self_thread_id = 139887845451520, last time delay.time = 88, now count = 585, i = 3
2023-01-11 17:56:46.738  75 78 I channel139887862236928 self_thread_id = 139887862236928, last time delay.time = 8, now count = 592, i = 3
2023-01-11 17:56:46.738  75 81 I channel139887837058816 self_thread_id = 139887837058816, last time delay.time = 10, now count = 590, i = 3
2023-01-11 17:56:46.738  75 82 I channel139887621699328 self_thread_id = 139887621699328, last time delay.time = 11, now count = 587, i = 3
2023-01-11 17:56:46.738  75 81 I channel139887837058816 self_thread_id = 139887837058816, last time delay.time = 10, now count = 590, i = 3
2023-01-11 17:56:46.738  75 78 I channel139887862236928 self_thread_id = 139887862236928, last time delay.time = 8, now count = 592, i = 3
2023-01-11 17:56:46.738  75 81 W channel139887837058816 self_thread_id = 139887837058816, last time delay.time = 10, now count = 590, i = 3
2023-01-11 17:56:46.738  75 82 I channel139887621699328 self_thread_id = 139887621699328, last time delay.time = 11, now count = 587, i = 3
2023-01-11 17:56:46.738  75 78 W channel139887862236928 self_thread_id = 139887862236928, last time delay.time = 8, now count = 592, i = 3
2023-01-11 17:56:46.738  75 82 W channel139887621699328 self_thread_id = 139887621699328, last time delay.time = 11, now count = 587, i = 3
2023-01-11 17:56:46.738  75 81 E channel139887837058816 self_thread_id = 139887837058816, last time delay.time = 10, now count = 590, i = 3
2023-01-11 17:56:46.738  75 83 I channel139887613306624 self_thread_id = 139887613306624, last time delay.time = 8, now count = 591, i = 3
2023-01-11 17:56:46.738  75 83 I channel139887613306624 self_thread_id = 139887613306624, last time delay.time = 8, now count = 591, i = 3
2023-01-11 17:56:46.738  75 78 E channel139887862236928 self_thread_id = 139887862236928, last time delay.time = 8, now count = 592, i = 3
2023-01-11 17:56:46.738  75 82 E channel139887621699328 self_thread_id = 139887621699328, last time delay.time = 11, now count = 587, i = 3
2023-01-11 17:56:46.738  75 83 W channel139887613306624 self_thread_id = 139887613306624, last time delay.time = 8, now count = 591, i = 3
2023-01-11 17:56:46.738  75 83 E channel139887613306624 self_thread_id = 139887613306624, last time delay.time = 8, now count = 591, i = 3
2023-01-11 17:56:46.738  75 79 I channel139887853844224 self_thread_id = 139887853844224, last time delay.time = 14, now count = 589, i = 3
2023-01-11 17:56:46.738  75 84 I channel139887604913920 self_thread_id = 139887604913920, last time delay.time = 14, now count = 588, i = 3
2023-01-11 17:56:46.738  75 79 I channel139887853844224 self_thread_id = 139887853844224, last time delay.time = 14, now count = 589, i = 3
2023-01-11 17:56:46.738  75 84 I channel139887604913920 self_thread_id = 139887604913920, last time delay.time = 14, now count = 588, i = 3
2023-01-11 17:56:46.738  75 79 W channel139887853844224 self_thread_id = 139887853844224, last time delay.time = 14, now count = 589, i = 3
2023-01-11 17:56:46.738  75 84 W channel139887604913920 self_thread_id = 139887604913920, last time delay.time = 14, now count = 588, i = 3
2023-01-11 17:56:46.738  75 79 E channel139887853844224 self_thread_id = 139887853844224, last time delay.time = 14, now count = 589, i = 3
2023-01-11 17:56:46.738  75 84 E channel139887604913920 self_thread_id = 139887604913920, last time delay.time = 14, now count = 588, i = 3
2023-01-11 17:56:47.738  75 77 I channel139887870629632 self_thread_id = 139887870629632, last time delay.time = 10, now count = 586, i = 4
2023-01-11 17:56:47.738  75 80 I channel139887845451520 self_thread_id = 139887845451520, last time delay.time = 88, now count = 585, i = 4
2023-01-11 17:56:47.738  75 77 I channel139887870629632 self_thread_id = 139887870629632, last time delay.time = 10, now count = 586, i = 4
2023-01-11 17:56:47.738  75 80 I channel139887845451520 self_thread_id = 139887845451520, last time delay.time = 88, now count = 585, i = 4
2023-01-11 17:56:47.738  75 77 W channel139887870629632 self_thread_id = 139887870629632, last time delay.time = 10, now count = 586, i = 4
2023-01-11 17:56:47.738  75 80 W channel139887845451520 self_thread_id = 139887845451520, last time delay.time = 88, now count = 585, i = 4
2023-01-11 17:56:47.738  75 77 E channel139887870629632 self_thread_id = 139887870629632, last time delay.time = 10, now count = 586, i = 4
2023-01-11 17:56:47.738  75 80 E channel139887845451520 self_thread_id = 139887845451520, last time delay.time = 88, now count = 585, i = 4
2023-01-11 17:56:47.738  75 80 I channel139887845451520 self_thread_id = 139887845451520, last time delay.time = 88, now count = 594
2023-01-11 17:56:47.738  75 77 I channel139887870629632 self_thread_id = 139887870629632, last time delay.time = 10, now count = 593
2023-01-11 17:56:47.738  75 81 I channel139887837058816 self_thread_id = 139887837058816, last time delay.time = 10, now count = 590, i = 4
2023-01-11 17:56:47.738  75 81 I channel139887837058816 self_thread_id = 139887837058816, last time delay.time = 10, now count = 590, i = 4
2023-01-11 17:56:47.738  75 81 W channel139887837058816 self_thread_id = 139887837058816, last time delay.time = 10, now count = 590, i = 4
2023-01-11 17:56:47.738  75 81 E channel139887837058816 self_thread_id = 139887837058816, last time delay.time = 10, now count = 590, i = 4
2023-01-11 17:56:47.738  75 81 I channel139887837058816 self_thread_id = 139887837058816, last time delay.time = 10, now count = 595
2023-01-11 17:56:47.739  75 78 I channel139887862236928 self_thread_id = 139887862236928, last time delay.time = 8, now count = 592, i = 4
2023-01-11 17:56:47.739  75 78 I channel139887862236928 self_thread_id = 139887862236928, last time delay.time = 8, now count = 592, i = 4
2023-01-11 17:56:47.739  75 78 W channel139887862236928 self_thread_id = 139887862236928, last time delay.time = 8, now count = 592, i = 4
2023-01-11 17:56:47.739  75 78 E channel139887862236928 self_thread_id = 139887862236928, last time delay.time = 8, now count = 592, i = 4
2023-01-11 17:56:47.739  75 83 I channel139887613306624 self_thread_id = 139887613306624, last time delay.time = 8, now count = 591, i = 4
2023-01-11 17:56:47.739  75 78 I channel139887862236928 self_thread_id = 139887862236928, last time delay.time = 8, now count = 596
2023-01-11 17:56:47.739  75 82 I channel139887621699328 self_thread_id = 139887621699328, last time delay.time = 11, now count = 587, i = 4
2023-01-11 17:56:47.739  75 83 I channel139887613306624 self_thread_id = 139887613306624, last time delay.time = 8, now count = 591, i = 4
2023-01-11 17:56:47.739  75 83 W channel139887613306624 self_thread_id = 139887613306624, last time delay.time = 8, now count = 591, i = 4
2023-01-11 17:56:47.739  75 82 I channel139887621699328 self_thread_id = 139887621699328, last time delay.time = 11, now count = 587, i = 4
2023-01-11 17:56:47.739  75 83 E channel139887613306624 self_thread_id = 139887613306624, last time delay.time = 8, now count = 591, i = 4
2023-01-11 17:56:47.739  75 82 W channel139887621699328 self_thread_id = 139887621699328, last time delay.time = 11, now count = 587, i = 4
2023-01-11 17:56:47.739  75 83 I channel139887613306624 self_thread_id = 139887613306624, last time delay.time = 8, now count = 597
2023-01-11 17:56:47.739  75 82 E channel139887621699328 self_thread_id = 139887621699328, last time delay.time = 11, now count = 587, i = 4
2023-01-11 17:56:47.739  75 84 I channel139887604913920 self_thread_id = 139887604913920, last time delay.time = 14, now count = 588, i = 4
2023-01-11 17:56:47.739  75 79 I channel139887853844224 self_thread_id = 139887853844224, last time delay.time = 14, now count = 589, i = 4
2023-01-11 17:56:47.739  75 82 I channel139887621699328 self_thread_id = 139887621699328, last time delay.time = 11, now count = 598
2023-01-11 17:56:47.739  75 84 I channel139887604913920 self_thread_id = 139887604913920, last time delay.time = 14, now count = 588, i = 4
2023-01-11 17:56:47.739  75 84 W channel139887604913920 self_thread_id = 139887604913920, last time delay.time = 14, now count = 588, i = 4
2023-01-11 17:56:47.739  75 79 I channel139887853844224 self_thread_id = 139887853844224, last time delay.time = 14, now count = 589, i = 4
2023-01-11 17:56:47.739  75 84 E channel139887604913920 self_thread_id = 139887604913920, last time delay.time = 14, now count = 588, i = 4
2023-01-11 17:56:47.739  75 79 W channel139887853844224 self_thread_id = 139887853844224, last time delay.time = 14, now count = 589, i = 4
2023-01-11 17:56:47.739  75 84 I channel139887604913920 self_thread_id = 139887604913920, last time delay.time = 14, now count = 599
2023-01-11 17:56:47.739  75 79 E channel139887853844224 self_thread_id = 139887853844224, last time delay.time = 14, now count = 589, i = 4
2023-01-11 17:56:47.739  75 79 I channel139887853844224 self_thread_id = 139887853844224, last time delay.time = 14, now count = 600
2023-01-11 17:56:48.739  75 80 I channel139887845451520 self_thread_id = 139887845451520, last time delay.time = 9, now count = 594, i = 0
2023-01-11 17:56:48.739  75 77 I channel139887870629632 self_thread_id = 139887870629632, last time delay.time = 9, now count = 593, i = 0
2023-01-11 17:56:48.739  75 80 I channel139887845451520 self_thread_id = 139887845451520, last time delay.time = 9, now count = 594, i = 0
2023-01-11 17:56:48.739  75 80 W channel139887845451520 self_thread_id = 139887845451520, last time delay.time = 9, now count = 594, i = 0
2023-01-11 17:56:48.739  75 77 I channel139887870629632 self_thread_id = 139887870629632, last time delay.time = 9, now count = 593, i = 0
2023-01-11 17:56:48.739  75 80 E channel139887845451520 self_thread_id = 139887845451520, last time delay.time = 9, now count = 594, i = 0
2023-01-11 17:56:48.739  75 77 W channel139887870629632 self_thread_id = 139887870629632, last time delay.time = 9, now count = 593, i = 0
2023-01-11 17:56:48.739  75 77 E channel139887870629632 self_thread_id = 139887870629632, last time delay.time = 9, now count = 593, i = 0
2023-01-11 17:56:48.739  75 81 I channel139887837058816 self_thread_id = 139887837058816, last time delay.time = 5, now count = 595, i = 0
2023-01-11 17:56:48.739  75 81 I channel139887837058816 self_thread_id = 139887837058816, last time delay.time = 5, now count = 595, i = 0
2023-01-11 17:56:48.739  75 81 W channel139887837058816 self_thread_id = 139887837058816, last time delay.time = 5, now count = 595, i = 0
2023-01-11 17:56:48.739  75 81 E channel139887837058816 self_thread_id = 139887837058816, last time delay.time = 5, now count = 595, i = 0
2023-01-11 17:56:48.739  75 78 I channel139887862236928 self_thread_id = 139887862236928, last time delay.time = 10, now count = 596, i = 0
2023-01-11 17:56:48.739  75 78 I channel139887862236928 self_thread_id = 139887862236928, last time delay.time = 10, now count = 596, i = 0
2023-01-11 17:56:48.739  75 78 W channel139887862236928 self_thread_id = 139887862236928, last time delay.time = 10, now count = 596, i = 0
2023-01-11 17:56:48.739  75 83 I channel139887613306624 self_thread_id = 139887613306624, last time delay.time = 11, now count = 597, i = 0
2023-01-11 17:56:48.739  75 78 E channel139887862236928 self_thread_id = 139887862236928, last time delay.time = 10, now count = 596, i = 0
2023-01-11 17:56:48.739  75 83 I channel139887613306624 self_thread_id = 139887613306624, last time delay.time = 11, now count = 597, i = 0
2023-01-11 17:56:48.739  75 83 W channel139887613306624 self_thread_id = 139887613306624, last time delay.time = 11, now count = 597, i = 0
2023-01-11 17:56:48.739  75 83 E channel139887613306624 self_thread_id = 139887613306624, last time delay.time = 11, now count = 597, i = 0
2023-01-11 17:56:48.739  75 82 I channel139887621699328 self_thread_id = 139887621699328, last time delay.time = 39, now count = 598, i = 0
2023-01-11 17:56:48.739  75 82 I channel139887621699328 self_thread_id = 139887621699328, last time delay.time = 39, now count = 598, i = 0
2023-01-11 17:56:48.739  75 82 W channel139887621699328 self_thread_id = 139887621699328, last time delay.time = 39, now count = 598, i = 0
2023-01-11 17:56:48.739  75 82 E channel139887621699328 self_thread_id = 139887621699328, last time delay.time = 39, now count = 598, i = 0
2023-01-11 17:56:48.739  75 84 I channel139887604913920 self_thread_id = 139887604913920, last time delay.time = 29, now count = 599, i = 0
2023-01-11 17:56:48.739  75 79 I channel139887853844224 self_thread_id = 139887853844224, last time delay.time = 13, now count = 600, i = 0
2023-01-11 17:56:48.739  75 84 I channel139887604913920 self_thread_id = 139887604913920, last time delay.time = 29, now count = 599, i = 0
2023-01-11 17:56:48.739  75 79 I channel139887853844224 self_thread_id = 139887853844224, last time delay.time = 13, now count = 600, i = 0
2023-01-11 17:56:48.739  75 84 W channel139887604913920 self_thread_id = 139887604913920, last time delay.time = 29, now count = 599, i = 0
2023-01-11 17:56:48.739  75 79 W channel139887853844224 self_thread_id = 139887853844224, last time delay.time = 13, now count = 600, i = 0
2023-01-11 17:56:48.739  75 84 E channel139887604913920 self_thread_id = 139887604913920, last time delay.time = 29, now count = 599, i = 0
2023-01-11 17:56:48.739  75 79 E channel139887853844224 self_thread_id = 139887853844224, last time delay.time = 13, now count = 600, i = 0
2023-01-11 17:56:49.739  75 80 I channel139887845451520 self_thread_id = 139887845451520, last time delay.time = 9, now count = 594, i = 1
2023-01-11 17:56:49.739  75 80 I channel139887845451520 self_thread_id = 139887845451520, last time delay.time = 9, now count = 594, i = 1
2023-01-11 17:56:49.739  75 80 W channel139887845451520 self_thread_id = 139887845451520, last time delay.time = 9, now count = 594, i = 1
2023-01-11 17:56:49.739  75 80 E channel139887845451520 self_thread_id = 139887845451520, last time delay.time = 9, now count = 594, i = 1
2023-01-11 17:56:49.739  75 77 I channel139887870629632 self_thread_id = 139887870629632, last time delay.time = 9, now count = 593, i = 1
2023-01-11 17:56:49.739  75 77 I channel139887870629632 self_thread_id = 139887870629632, last time delay.time = 9, now count = 593, i = 1
2023-01-11 17:56:49.739  75 77 W channel139887870629632 self_thread_id = 139887870629632, last time delay.time = 9, now count = 593, i = 1
2023-01-11 17:56:49.739  75 77 E channel139887870629632 self_thread_id = 139887870629632, last time delay.time = 9, now count = 593, i = 1
2023-01-11 17:56:49.739  75 81 I channel139887837058816 self_thread_id = 139887837058816, last time delay.time = 5, now count = 595, i = 1
2023-01-11 17:56:49.739  75 81 I channel139887837058816 self_thread_id = 139887837058816, last time delay.time = 5, now count = 595, i = 1
2023-01-11 17:56:49.739  75 81 W channel139887837058816 self_thread_id = 139887837058816, last time delay.time = 5, now count = 595, i = 1
2023-01-11 17:56:49.739  75 81 E channel139887837058816 self_thread_id = 139887837058816, last time delay.time = 5, now count = 595, i = 1
2023-01-11 17:56:49.739  75 78 I channel139887862236928 self_thread_id = 139887862236928, last time delay.time = 10, now count = 596, i = 1
2023-01-11 17:56:49.739  75 78 I channel139887862236928 self_thread_id = 139887862236928, last time delay.time = 10, now count = 596, i = 1
2023-01-11 17:56:49.739  75 78 W channel139887862236928 self_thread_id = 139887862236928, last time delay.time = 10, now count = 596, i = 1
2023-01-11 17:56:49.739  75 78 E channel139887862236928 self_thread_id = 139887862236928, last time delay.time = 10, now count = 596, i = 1
2023-01-11 17:56:49.739  75 83 I channel139887613306624 self_thread_id = 139887613306624, last time delay.time = 11, now count = 597, i = 1
2023-01-11 17:56:49.739  75 83 I channel139887613306624 self_thread_id = 139887613306624, last time delay.time = 11, now count = 597, i = 1
2023-01-11 17:56:49.739  75 83 W channel139887613306624 self_thread_id = 139887613306624, last time delay.time = 11, now count = 597, i = 1
2023-01-11 17:56:49.739  75 83 E channel139887613306624 self_thread_id = 139887613306624, last time delay.time = 11, now count = 597, i = 1
2023-01-11 17:56:49.739  75 82 I channel139887621699328 self_thread_id = 139887621699328, last time delay.time = 39, now count = 598, i = 1
2023-01-11 17:56:49.739  75 82 I channel139887621699328 self_thread_id = 139887621699328, last time delay.time = 39, now count = 598, i = 1
2023-01-11 17:56:49.739  75 82 W channel139887621699328 self_thread_id = 139887621699328, last time delay.time = 39, now count = 598, i = 1
2023-01-11 17:56:49.739  75 82 E channel139887621699328 self_thread_id = 139887621699328, last time delay.time = 39, now count = 598, i = 1
2023-01-11 17:56:49.739  75 79 I channel139887853844224 self_thread_id = 139887853844224, last time delay.time = 13, now count = 600, i = 1
2023-01-11 17:56:49.739  75 84 I channel139887604913920 self_thread_id = 139887604913920, last time delay.time = 29, now count = 599, i = 1
2023-01-11 17:56:49.739  75 79 I channel139887853844224 self_thread_id = 139887853844224, last time delay.time = 13, now count = 600, i = 1
2023-01-11 17:56:49.739  75 84 I channel139887604913920 self_thread_id = 139887604913920, last time delay.time = 29, now count = 599, i = 1
2023-01-11 17:56:49.739  75 79 W channel139887853844224 self_thread_id = 139887853844224, last time delay.time = 13, now count = 600, i = 1
2023-01-11 17:56:49.739  75 84 W channel139887604913920 self_thread_id = 139887604913920, last time delay.time = 29, now count = 599, i = 1
2023-01-11 17:56:49.739  75 79 E channel139887853844224 self_thread_id = 139887853844224, last time delay.time = 13, now count = 600, i = 1
2023-01-11 17:56:49.739  75 84 E channel139887604913920 self_thread_id = 139887604913920, last time delay.time = 29, now count = 599, i = 1
2023-01-11 17:56:50.739  75 80 I channel139887845451520 self_thread_id = 139887845451520, last time delay.time = 9, now count = 594, i = 2
2023-01-11 17:56:50.739  75 80 I channel139887845451520 self_thread_id = 139887845451520, last time delay.time = 9, now count = 594, i = 2
2023-01-11 17:56:50.739  75 80 W channel139887845451520 self_thread_id = 139887845451520, last time delay.time = 9, now count = 594, i = 2
2023-01-11 17:56:50.739  75 80 E channel139887845451520 self_thread_id = 139887845451520, last time delay.time = 9, now count = 594, i = 2
2023-01-11 17:56:50.739  75 77 I channel139887870629632 self_thread_id = 139887870629632, last time delay.time = 9, now count = 593, i = 2
2023-01-11 17:56:50.739  75 77 I channel139887870629632 self_thread_id = 139887870629632, last time delay.time = 9, now count = 593, i = 2
2023-01-11 17:56:50.739  75 77 W channel139887870629632 self_thread_id = 139887870629632, last time delay.time = 9, now count = 593, i = 2
2023-01-11 17:56:50.739  75 77 E channel139887870629632 self_thread_id = 139887870629632, last time delay.time = 9, now count = 593, i = 2
2023-01-11 17:56:50.739  75 81 I channel139887837058816 self_thread_id = 139887837058816, last time delay.time = 5, now count = 595, i = 2
2023-01-11 17:56:50.739  75 81 I channel139887837058816 self_thread_id = 139887837058816, last time delay.time = 5, now count = 595, i = 2
2023-01-11 17:56:50.739  75 81 W channel139887837058816 self_thread_id = 139887837058816, last time delay.time = 5, now count = 595, i = 2
2023-01-11 17:56:50.739  75 81 E channel139887837058816 self_thread_id = 139887837058816, last time delay.time = 5, now count = 595, i = 2
2023-01-11 17:56:50.739  75 78 I channel139887862236928 self_thread_id = 139887862236928, last time delay.time = 10, now count = 596, i = 2
2023-01-11 17:56:50.739  75 78 I channel139887862236928 self_thread_id = 139887862236928, last time delay.time = 10, now count = 596, i = 2
2023-01-11 17:56:50.739  75 78 W channel139887862236928 self_thread_id = 139887862236928, last time delay.time = 10, now count = 596, i = 2
2023-01-11 17:56:50.739  75 78 E channel139887862236928 self_thread_id = 139887862236928, last time delay.time = 10, now count = 596, i = 2
2023-01-11 17:56:50.739  75 83 I channel139887613306624 self_thread_id = 139887613306624, last time delay.time = 11, now count = 597, i = 2
2023-01-11 17:56:50.739  75 83 I channel139887613306624 self_thread_id = 139887613306624, last time delay.time = 11, now count = 597, i = 2
2023-01-11 17:56:50.739  75 83 W channel139887613306624 self_thread_id = 139887613306624, last time delay.time = 11, now count = 597, i = 2
2023-01-11 17:56:50.739  75 83 E channel139887613306624 self_thread_id = 139887613306624, last time delay.time = 11, now count = 597, i = 2
2023-01-11 17:56:50.739  75 82 I channel139887621699328 self_thread_id = 139887621699328, last time delay.time = 39, now count = 598, i = 2
2023-01-11 17:56:50.739  75 82 I channel139887621699328 self_thread_id = 139887621699328, last time delay.time = 39, now count = 598, i = 2
2023-01-11 17:56:50.739  75 82 W channel139887621699328 self_thread_id = 139887621699328, last time delay.time = 39, now count = 598, i = 2
2023-01-11 17:56:50.739  75 82 E channel139887621699328 self_thread_id = 139887621699328, last time delay.time = 39, now count = 598, i = 2
2023-01-11 17:56:50.739  75 84 I channel139887604913920 self_thread_id = 139887604913920, last time delay.time = 29, now count = 599, i = 2
2023-01-11 17:56:50.739  75 79 I channel139887853844224 self_thread_id = 139887853844224, last time delay.time = 13, now count = 600, i = 2
2023-01-11 17:56:50.739  75 84 I channel139887604913920 self_thread_id = 139887604913920, last time delay.time = 29, now count = 599, i = 2
2023-01-11 17:56:50.739  75 79 I channel139887853844224 self_thread_id = 139887853844224, last time delay.time = 13, now count = 600, i = 2
2023-01-11 17:56:50.739  75 84 W channel139887604913920 self_thread_id = 139887604913920, last time delay.time = 29, now count = 599, i = 2
2023-01-11 17:56:50.739  75 79 W channel139887853844224 self_thread_id = 139887853844224, last time delay.time = 13, now count = 600, i = 2
2023-01-11 17:56:50.739  75 84 E channel139887604913920 self_thread_id = 139887604913920, last time delay.time = 29, now count = 599, i = 2
2023-01-11 17:56:50.739  75 79 E channel139887853844224 self_thread_id = 139887853844224, last time delay.time = 13, now count = 600, i = 2
2023-01-11 17:56:51.739  75 80 I channel139887845451520 self_thread_id = 139887845451520, last time delay.time = 9, now count = 594, i = 3
2023-01-11 17:56:51.739  75 80 I channel139887845451520 self_thread_id = 139887845451520, last time delay.time = 9, now count = 594, i = 3
2023-01-11 17:56:51.739  75 80 W channel139887845451520 self_thread_id = 139887845451520, last time delay.time = 9, now count = 594, i = 3
2023-01-11 17:56:51.739  75 80 E channel139887845451520 self_thread_id = 139887845451520, last time delay.time = 9, now count = 594, i = 3
2023-01-11 17:56:51.739  75 77 I channel139887870629632 self_thread_id = 139887870629632, last time delay.time = 9, now count = 593, i = 3
2023-01-11 17:56:51.739  75 77 I channel139887870629632 self_thread_id = 139887870629632, last time delay.time = 9, now count = 593, i = 3
2023-01-11 17:56:51.739  75 77 W channel139887870629632 self_thread_id = 139887870629632, last time delay.time = 9, now count = 593, i = 3
2023-01-11 17:56:51.739  75 77 E channel139887870629632 self_thread_id = 139887870629632, last time delay.time = 9, now count = 593, i = 3
2023-01-11 17:56:51.739  75 81 I channel139887837058816 self_thread_id = 139887837058816, last time delay.time = 5, now count = 595, i = 3
2023-01-11 17:56:51.739  75 81 I channel139887837058816 self_thread_id = 139887837058816, last time delay.time = 5, now count = 595, i = 3
2023-01-11 17:56:51.739  75 81 W channel139887837058816 self_thread_id = 139887837058816, last time delay.time = 5, now count = 595, i = 3
2023-01-11 17:56:51.739  75 78 I channel139887862236928 self_thread_id = 139887862236928, last time delay.time = 10, now count = 596, i = 3
2023-01-11 17:56:51.739  75 81 E channel139887837058816 self_thread_id = 139887837058816, last time delay.time = 5, now count = 595, i = 3
2023-01-11 17:56:51.739  75 78 I channel139887862236928 self_thread_id = 139887862236928, last time delay.time = 10, now count = 596, i = 3
2023-01-11 17:56:51.739  75 78 W channel139887862236928 self_thread_id = 139887862236928, last time delay.time = 10, now count = 596, i = 3
2023-01-11 17:56:51.739  75 78 E channel139887862236928 self_thread_id = 139887862236928, last time delay.time = 10, now count = 596, i = 3
2023-01-11 17:56:51.739  75 83 I channel139887613306624 self_thread_id = 139887613306624, last time delay.time = 11, now count = 597, i = 3
2023-01-11 17:56:51.739  75 83 I channel139887613306624 self_thread_id = 139887613306624, last time delay.time = 11, now count = 597, i = 3
2023-01-11 17:56:51.739  75 83 W channel139887613306624 self_thread_id = 139887613306624, last time delay.time = 11, now count = 597, i = 3
2023-01-11 17:56:51.739  75 82 I channel139887621699328 self_thread_id = 139887621699328, last time delay.time = 39, now count = 598, i = 3
2023-01-11 17:56:51.739  75 83 E channel139887613306624 self_thread_id = 139887613306624, last time delay.time = 11, now count = 597, i = 3
2023-01-11 17:56:51.739  75 82 I channel139887621699328 self_thread_id = 139887621699328, last time delay.time = 39, now count = 598, i = 3
2023-01-11 17:56:51.739  75 82 W channel139887621699328 self_thread_id = 139887621699328, last time delay.time = 39, now count = 598, i = 3
2023-01-11 17:56:51.739  75 82 E channel139887621699328 self_thread_id = 139887621699328, last time delay.time = 39, now count = 598, i = 3
2023-01-11 17:56:51.740  75 84 I channel139887604913920 self_thread_id = 139887604913920, last time delay.time = 29, now count = 599, i = 3
2023-01-11 17:56:51.740  75 79 I channel139887853844224 self_thread_id = 139887853844224, last time delay.time = 13, now count = 600, i = 3
2023-01-11 17:56:51.740  75 84 I channel139887604913920 self_thread_id = 139887604913920, last time delay.time = 29, now count = 599, i = 3
2023-01-11 17:56:51.740  75 79 I channel139887853844224 self_thread_id = 139887853844224, last time delay.time = 13, now count = 600, i = 3
2023-01-11 17:56:51.740  75 84 W channel139887604913920 self_thread_id = 139887604913920, last time delay.time = 29, now count = 599, i = 3
2023-01-11 17:56:51.740  75 79 W channel139887853844224 self_thread_id = 139887853844224, last time delay.time = 13, now count = 600, i = 3
2023-01-11 17:56:51.740  75 79 E channel139887853844224 self_thread_id = 139887853844224, last time delay.time = 13, now count = 600, i = 3
2023-01-11 17:56:51.740  75 84 E channel139887604913920 self_thread_id = 139887604913920, last time delay.time = 29, now count = 599, i = 3
2023-01-11 17:56:52.739  75 80 I channel139887845451520 self_thread_id = 139887845451520, last time delay.time = 9, now count = 594, i = 4
2023-01-11 17:56:52.739  75 80 I channel139887845451520 self_thread_id = 139887845451520, last time delay.time = 9, now count = 594, i = 4
2023-01-11 17:56:52.739  75 80 W channel139887845451520 self_thread_id = 139887845451520, last time delay.time = 9, now count = 594, i = 4
2023-01-11 17:56:52.739  75 80 E channel139887845451520 self_thread_id = 139887845451520, last time delay.time = 9, now count = 594, i = 4
2023-01-11 17:56:52.739  75 80 I channel139887845451520 self_thread_id = 139887845451520, last time delay.time = 9, now count = 601
2023-01-11 17:56:52.739  75 77 I channel139887870629632 self_thread_id = 139887870629632, last time delay.time = 9, now count = 593, i = 4
2023-01-11 17:56:52.739  75 77 I channel139887870629632 self_thread_id = 139887870629632, last time delay.time = 9, now count = 593, i = 4
2023-01-11 17:56:52.739  75 77 W channel139887870629632 self_thread_id = 139887870629632, last time delay.time = 9, now count = 593, i = 4
2023-01-11 17:56:52.739  75 77 E channel139887870629632 self_thread_id = 139887870629632, last time delay.time = 9, now count = 593, i = 4
2023-01-11 17:56:52.739  75 77 I channel139887870629632 self_thread_id = 139887870629632, last time delay.time = 9, now count = 602
2023-01-11 17:56:52.739  75 81 I channel139887837058816 self_thread_id = 139887837058816, last time delay.time = 5, now count = 595, i = 4
2023-01-11 17:56:52.739  75 81 I channel139887837058816 self_thread_id = 139887837058816, last time delay.time = 5, now count = 595, i = 4
2023-01-11 17:56:52.739  75 78 I channel139887862236928 self_thread_id = 139887862236928, last time delay.time = 10, now count = 596, i = 4
2023-01-11 17:56:52.739  75 81 W channel139887837058816 self_thread_id = 139887837058816, last time delay.time = 5, now count = 595, i = 4
2023-01-11 17:56:52.739  75 81 E channel139887837058816 self_thread_id = 139887837058816, last time delay.time = 5, now count = 595, i = 4
2023-01-11 17:56:52.739  75 78 I channel139887862236928 self_thread_id = 139887862236928, last time delay.time = 10, now count = 596, i = 4
2023-01-11 17:56:52.739  75 78 W channel139887862236928 self_thread_id = 139887862236928, last time delay.time = 10, now count = 596, i = 4
2023-01-11 17:56:52.739  75 81 I channel139887837058816 self_thread_id = 139887837058816, last time delay.time = 5, now count = 603
2023-01-11 17:56:52.740  75 78 E channel139887862236928 self_thread_id = 139887862236928, last time delay.time = 10, now count = 596, i = 4
2023-01-11 17:56:52.740  75 78 I channel139887862236928 self_thread_id = 139887862236928, last time delay.time = 10, now count = 604
2023-01-11 17:56:52.740  75 83 I channel139887613306624 self_thread_id = 139887613306624, last time delay.time = 11, now count = 597, i = 4
2023-01-11 17:56:52.740  75 82 I channel139887621699328 self_thread_id = 139887621699328, last time delay.time = 39, now count = 598, i = 4
2023-01-11 17:56:52.740  75 83 I channel139887613306624 self_thread_id = 139887613306624, last time delay.time = 11, now count = 597, i = 4
2023-01-11 17:56:52.740  75 83 W channel139887613306624 self_thread_id = 139887613306624, last time delay.time = 11, now count = 597, i = 4
2023-01-11 17:56:52.740  75 82 I channel139887621699328 self_thread_id = 139887621699328, last time delay.time = 39, now count = 598, i = 4
2023-01-11 17:56:52.740  75 83 E channel139887613306624 self_thread_id = 139887613306624, last time delay.time = 11, now count = 597, i = 4
2023-01-11 17:56:52.740  75 82 W channel139887621699328 self_thread_id = 139887621699328, last time delay.time = 39, now count = 598, i = 4
2023-01-11 17:56:52.740  75 83 I channel139887613306624 self_thread_id = 139887613306624, last time delay.time = 11, now count = 605
2023-01-11 17:56:52.740  75 82 E channel139887621699328 self_thread_id = 139887621699328, last time delay.time = 39, now count = 598, i = 4
2023-01-11 17:56:52.740  75 82 I channel139887621699328 self_thread_id = 139887621699328, last time delay.time = 39, now count = 606
2023-01-11 17:56:52.740  75 79 I channel139887853844224 self_thread_id = 139887853844224, last time delay.time = 13, now count = 600, i = 4
2023-01-11 17:56:52.740  75 84 I channel139887604913920 self_thread_id = 139887604913920, last time delay.time = 29, now count = 599, i = 4
2023-01-11 17:56:52.740  75 79 I channel139887853844224 self_thread_id = 139887853844224, last time delay.time = 13, now count = 600, i = 4
2023-01-11 17:56:52.740  75 79 W channel139887853844224 self_thread_id = 139887853844224, last time delay.time = 13, now count = 600, i = 4
2023-01-11 17:56:52.740  75 84 I channel139887604913920 self_thread_id = 139887604913920, last time delay.time = 29, now count = 599, i = 4
2023-01-11 17:56:52.740  75 79 E channel139887853844224 self_thread_id = 139887853844224, last time delay.time = 13, now count = 600, i = 4
2023-01-11 17:56:52.740  75 84 W channel139887604913920 self_thread_id = 139887604913920, last time delay.time = 29, now count = 599, i = 4
2023-01-11 17:56:52.740  75 84 E channel139887604913920 self_thread_id = 139887604913920, last time delay.time = 29, now count = 599, i = 4
2023-01-11 17:56:52.740  75 79 I channel139887853844224 self_thread_id = 139887853844224, last time delay.time = 13, now count = 607
2023-01-11 17:56:52.740  75 84 I channel139887604913920 self_thread_id = 139887604913920, last time delay.time = 29, now count = 608
2023-01-11 17:56:53.739  75 80 I channel139887845451520 self_thread_id = 139887845451520, last time delay.time = 9, now count = 601, i = 0
2023-01-11 17:56:53.739  75 80 I channel139887845451520 self_thread_id = 139887845451520, last time delay.time = 9, now count = 601, i = 0
2023-01-11 17:56:53.739  75 80 W channel139887845451520 self_thread_id = 139887845451520, last time delay.time = 9, now count = 601, i = 0
2023-01-11 17:56:53.739  75 80 E channel139887845451520 self_thread_id = 139887845451520, last time delay.time = 9, now count = 601, i = 0
2023-01-11 17:56:53.740  75 77 I channel139887870629632 self_thread_id = 139887870629632, last time delay.time = 8, now count = 602, i = 0
2023-01-11 17:56:53.740  75 77 I channel139887870629632 self_thread_id = 139887870629632, last time delay.time = 8, now count = 602, i = 0
2023-01-11 17:56:53.740  75 77 W channel139887870629632 self_thread_id = 139887870629632, last time delay.time = 8, now count = 602, i = 0
2023-01-11 17:56:53.740  75 77 E channel139887870629632 self_thread_id = 139887870629632, last time delay.time = 8, now count = 602, i = 0
2023-01-11 17:56:53.740  75 81 I channel139887837058816 self_thread_id = 139887837058816, last time delay.time = 10, now count = 603, i = 0
2023-01-11 17:56:53.740  75 81 I channel139887837058816 self_thread_id = 139887837058816, last time delay.time = 10, now count = 603, i = 0
2023-01-11 17:56:53.740  75 78 I channel139887862236928 self_thread_id = 139887862236928, last time delay.time = 8, now count = 604, i = 0
2023-01-11 17:56:53.740  75 81 W channel139887837058816 self_thread_id = 139887837058816, last time delay.time = 10, now count = 603, i = 0
2023-01-11 17:56:53.740  75 81 E channel139887837058816 self_thread_id = 139887837058816, last time delay.time = 10, now count = 603, i = 0
2023-01-11 17:56:53.740  75 78 I channel139887862236928 self_thread_id = 139887862236928, last time delay.time = 8, now count = 604, i = 0
2023-01-11 17:56:53.740  75 78 W channel139887862236928 self_thread_id = 139887862236928, last time delay.time = 8, now count = 604, i = 0
2023-01-11 17:56:53.740  75 83 I channel139887613306624 self_thread_id = 139887613306624, last time delay.time = 10, now count = 605, i = 0
2023-01-11 17:56:53.740  75 78 E channel139887862236928 self_thread_id = 139887862236928, last time delay.time = 8, now count = 604, i = 0
2023-01-11 17:56:53.740  75 83 I channel139887613306624 self_thread_id = 139887613306624, last time delay.time = 10, now count = 605, i = 0
2023-01-11 17:56:53.740  75 83 W channel139887613306624 self_thread_id = 139887613306624, last time delay.time = 10, now count = 605, i = 0
2023-01-11 17:56:53.740  75 83 E channel139887613306624 self_thread_id = 139887613306624, last time delay.time = 10, now count = 605, i = 0
2023-01-11 17:56:53.740  75 82 I channel139887621699328 self_thread_id = 139887621699328, last time delay.time = 8, now count = 606, i = 0
2023-01-11 17:56:53.740  75 82 I channel139887621699328 self_thread_id = 139887621699328, last time delay.time = 8, now count = 606, i = 0
2023-01-11 17:56:53.740  75 82 W channel139887621699328 self_thread_id = 139887621699328, last time delay.time = 8, now count = 606, i = 0
2023-01-11 17:56:53.740  75 82 E channel139887621699328 self_thread_id = 139887621699328, last time delay.time = 8, now count = 606, i = 0
2023-01-11 17:56:53.740  75 79 I channel139887853844224 self_thread_id = 139887853844224, last time delay.time = 32, now count = 607, i = 0
2023-01-11 17:56:53.740  75 84 I channel139887604913920 self_thread_id = 139887604913920, last time delay.time = 29, now count = 608, i = 0
2023-01-11 17:56:53.740  75 79 I channel139887853844224 self_thread_id = 139887853844224, last time delay.time = 32, now count = 607, i = 0
2023-01-11 17:56:53.740  75 84 I channel139887604913920 self_thread_id = 139887604913920, last time delay.time = 29, now count = 608, i = 0
2023-01-11 17:56:53.740  75 79 W channel139887853844224 self_thread_id = 139887853844224, last time delay.time = 32, now count = 607, i = 0
2023-01-11 17:56:53.740  75 84 W channel139887604913920 self_thread_id = 139887604913920, last time delay.time = 29, now count = 608, i = 0
2023-01-11 17:56:53.740  75 79 E channel139887853844224 self_thread_id = 139887853844224, last time delay.time = 32, now count = 607, i = 0
2023-01-11 17:56:53.740  75 84 E channel139887604913920 self_thread_id = 139887604913920, last time delay.time = 29, now count = 608, i = 0
2023-01-11 17:56:54.740  75 80 I channel139887845451520 self_thread_id = 139887845451520, last time delay.time = 9, now count = 601, i = 1
2023-01-11 17:56:54.740  75 80 I channel139887845451520 self_thread_id = 139887845451520, last time delay.time = 9, now count = 601, i = 1
2023-01-11 17:56:54.740  75 80 W channel139887845451520 self_thread_id = 139887845451520, last time delay.time = 9, now count = 601, i = 1
2023-01-11 17:56:54.740  75 80 E channel139887845451520 self_thread_id = 139887845451520, last time delay.time = 9, now count = 601, i = 1
2023-01-11 17:56:54.740  75 77 I channel139887870629632 self_thread_id = 139887870629632, last time delay.time = 8, now count = 602, i = 1
2023-01-11 17:56:54.740  75 77 I channel139887870629632 self_thread_id = 139887870629632, last time delay.time = 8, now count = 602, i = 1
2023-01-11 17:56:54.740  75 77 W channel139887870629632 self_thread_id = 139887870629632, last time delay.time = 8, now count = 602, i = 1
2023-01-11 17:56:54.740  75 77 E channel139887870629632 self_thread_id = 139887870629632, last time delay.time = 8, now count = 602, i = 1
2023-01-11 17:56:54.740  75 81 I channel139887837058816 self_thread_id = 139887837058816, last time delay.time = 10, now count = 603, i = 1
2023-01-11 17:56:54.740  75 81 I channel139887837058816 self_thread_id = 139887837058816, last time delay.time = 10, now count = 603, i = 1
2023-01-11 17:56:54.740  75 78 I channel139887862236928 self_thread_id = 139887862236928, last time delay.time = 8, now count = 604, i = 1
2023-01-11 17:56:54.740  75 81 W channel139887837058816 self_thread_id = 139887837058816, last time delay.time = 10, now count = 603, i = 1
2023-01-11 17:56:54.740  75 81 E channel139887837058816 self_thread_id = 139887837058816, last time delay.time = 10, now count = 603, i = 1
2023-01-11 17:56:54.740  75 78 I channel139887862236928 self_thread_id = 139887862236928, last time delay.time = 8, now count = 604, i = 1
2023-01-11 17:56:54.740  75 78 W channel139887862236928 self_thread_id = 139887862236928, last time delay.time = 8, now count = 604, i = 1
2023-01-11 17:56:54.740  75 78 E channel139887862236928 self_thread_id = 139887862236928, last time delay.time = 8, now count = 604, i = 1
2023-01-11 17:56:54.740  75 83 I channel139887613306624 self_thread_id = 139887613306624, last time delay.time = 10, now count = 605, i = 1
2023-01-11 17:56:54.740  75 83 I channel139887613306624 self_thread_id = 139887613306624, last time delay.time = 10, now count = 605, i = 1
2023-01-11 17:56:54.740  75 83 W channel139887613306624 self_thread_id = 139887613306624, last time delay.time = 10, now count = 605, i = 1
2023-01-11 17:56:54.740  75 83 E channel139887613306624 self_thread_id = 139887613306624, last time delay.time = 10, now count = 605, i = 1
2023-01-11 17:56:54.740  75 82 I channel139887621699328 self_thread_id = 139887621699328, last time delay.time = 8, now count = 606, i = 1
2023-01-11 17:56:54.740  75 82 I channel139887621699328 self_thread_id = 139887621699328, last time delay.time = 8, now count = 606, i = 1
2023-01-11 17:56:54.740  75 82 W channel139887621699328 self_thread_id = 139887621699328, last time delay.time = 8, now count = 606, i = 1
2023-01-11 17:56:54.740  75 82 E channel139887621699328 self_thread_id = 139887621699328, last time delay.time = 8, now count = 606, i = 1
2023-01-11 17:56:54.740  75 79 I channel139887853844224 self_thread_id = 139887853844224, last time delay.time = 32, now count = 607, i = 1
2023-01-11 17:56:54.740  75 84 I channel139887604913920 self_thread_id = 139887604913920, last time delay.time = 29, now count = 608, i = 1
2023-01-11 17:56:54.740  75 79 I channel139887853844224 self_thread_id = 139887853844224, last time delay.time = 32, now count = 607, i = 1
2023-01-11 17:56:54.740  75 84 I channel139887604913920 self_thread_id = 139887604913920, last time delay.time = 29, now count = 608, i = 1
2023-01-11 17:56:54.740  75 79 W channel139887853844224 self_thread_id = 139887853844224, last time delay.time = 32, now count = 607, i = 1
2023-01-11 17:56:54.740  75 84 W channel139887604913920 self_thread_id = 139887604913920, last time delay.time = 29, now count = 608, i = 1
2023-01-11 17:56:54.740  75 79 E channel139887853844224 self_thread_id = 139887853844224, last time delay.time = 32, now count = 607, i = 1
2023-01-11 17:56:54.740  75 84 E channel139887604913920 self_thread_id = 139887604913920, last time delay.time = 29, now count = 608, i = 1
2023-01-11 17:56:55.740  75 80 I channel139887845451520 self_thread_id = 139887845451520, last time delay.time = 9, now count = 601, i = 2
2023-01-11 17:56:55.740  75 80 I channel139887845451520 self_thread_id = 139887845451520, last time delay.time = 9, now count = 601, i = 2
2023-01-11 17:56:55.740  75 80 W channel139887845451520 self_thread_id = 139887845451520, last time delay.time = 9, now count = 601, i = 2
2023-01-11 17:56:55.740  75 80 E channel139887845451520 self_thread_id = 139887845451520, last time delay.time = 9, now count = 601, i = 2
2023-01-11 17:56:55.740  75 77 I channel139887870629632 self_thread_id = 139887870629632, last time delay.time = 8, now count = 602, i = 2
2023-01-11 17:56:55.740  75 77 I channel139887870629632 self_thread_id = 139887870629632, last time delay.time = 8, now count = 602, i = 2
2023-01-11 17:56:55.740  75 77 W channel139887870629632 self_thread_id = 139887870629632, last time delay.time = 8, now count = 602, i = 2
2023-01-11 17:56:55.740  75 77 E channel139887870629632 self_thread_id = 139887870629632, last time delay.time = 8, now count = 602, i = 2
2023-01-11 17:56:55.740  75 78 I channel139887862236928 self_thread_id = 139887862236928, last time delay.time = 8, now count = 604, i = 2
2023-01-11 17:56:55.740  75 78 I channel139887862236928 self_thread_id = 139887862236928, last time delay.time = 8, now count = 604, i = 2
