2023-01-11 18:19:57.004  75 81 I channel139887837058816 self_thread_id = 139887837058816, last time delay.time = 15, now count = 816, i = 3
2023-01-11 18:19:57.004  75 81 W channel139887837058816 self_thread_id = 139887837058816, last time delay.time = 15, now count = 816, i = 3
2023-01-11 18:19:57.004  75 78 I channel139887862236928 self_thread_id = 139887862236928, last time delay.time = 28, now count = 815, i = 3
2023-01-11 18:19:57.004  75 81 E channel139887837058816 self_thread_id = 139887837058816, last time delay.time = 15, now count = 816, i = 3
2023-01-11 18:19:57.004  75 78 W channel139887862236928 self_thread_id = 139887862236928, last time delay.time = 28, now count = 815, i = 3
2023-01-11 18:19:57.004  75 78 E channel139887862236928 self_thread_id = 139887862236928, last time delay.time = 28, now count = 815, i = 3
2023-01-11 18:19:58.002  75 82 I channel139887621699328 self_thread_id = 139887621699328, last time delay.time = 16, now count = 809, i = 4
2023-01-11 18:19:58.003  75 82 I channel139887621699328 self_thread_id = 139887621699328, last time delay.time = 16, now count = 809, i = 4
2023-01-11 18:19:58.003  75 82 W channel139887621699328 self_thread_id = 139887621699328, last time delay.time = 16, now count = 809, i = 4
2023-01-11 18:19:58.003  75 82 E channel139887621699328 self_thread_id = 139887621699328, last time delay.time = 16, now count = 809, i = 4
2023-01-11 18:19:58.003  75 83 I channel139887613306624 self_thread_id = 139887613306624, last time delay.time = 10, now count = 813, i = 4
2023-01-11 18:19:58.003  75 82 I channel139887621699328 self_thread_id = 139887621699328, last time delay.time = 16, now count = 817
2023-01-11 18:19:58.003  75 79 I channel139887853844224 self_thread_id = 139887853844224, last time delay.time = 8, now count = 814, i = 4
2023-01-11 18:19:58.003  75 84 I channel139887604913920 self_thread_id = 139887604913920, last time delay.time = 13, now count = 811, i = 4
2023-01-11 18:19:58.003  75 83 I channel139887613306624 self_thread_id = 139887613306624, last time delay.time = 10, now count = 813, i = 4
2023-01-11 18:19:58.003  75 80 I channel139887845451520 self_thread_id = 139887845451520, last time delay.time = 8, now count = 812, i = 4
2023-01-11 18:19:58.003  75 84 I channel139887604913920 self_thread_id = 139887604913920, last time delay.time = 13, now count = 811, i = 4
2023-01-11 18:19:58.003  75 79 I channel139887853844224 self_thread_id = 139887853844224, last time delay.time = 8, now count = 814, i = 4
2023-01-11 18:19:58.003  75 83 W channel139887613306624 self_thread_id = 139887613306624, last time delay.time = 10, now count = 813, i = 4
2023-01-11 18:19:58.003  75 83 E channel139887613306624 self_thread_id = 139887613306624, last time delay.time = 10, now count = 813, i = 4
2023-01-11 18:19:58.003  75 79 W channel139887853844224 self_thread_id = 139887853844224, last time delay.time = 8, now count = 814, i = 4
2023-01-11 18:19:58.003  75 84 W channel139887604913920 self_thread_id = 139887604913920, last time delay.time = 13, now count = 811, i = 4
2023-01-11 18:19:58.003  75 80 I channel139887845451520 self_thread_id = 139887845451520, last time delay.time = 8, now count = 812, i = 4
2023-01-11 18:19:58.003  75 84 E channel139887604913920 self_thread_id = 139887604913920, last time delay.time = 13, now count = 811, i = 4
2023-01-11 18:19:58.003  75 80 W channel139887845451520 self_thread_id = 139887845451520, last time delay.time = 8, now count = 812, i = 4
2023-01-11 18:19:58.003  75 80 E channel139887845451520 self_thread_id = 139887845451520, last time delay.time = 8, now count = 812, i = 4
2023-01-11 18:19:58.003  75 83 I channel139887613306624 self_thread_id = 139887613306624, last time delay.time = 10, now count = 818
2023-01-11 18:19:58.003  75 79 E channel139887853844224 self_thread_id = 139887853844224, last time delay.time = 8, now count = 814, i = 4
2023-01-11 18:19:58.003  75 84 I channel139887604913920 self_thread_id = 139887604913920, last time delay.time = 13, now count = 820
2023-01-11 18:19:58.003  75 80 I channel139887845451520 self_thread_id = 139887845451520, last time delay.time = 8, now count = 821
2023-01-11 18:19:58.003  75 79 I channel139887853844224 self_thread_id = 139887853844224, last time delay.time = 8, now count = 819
2023-01-11 18:19:58.003  75 77 I channel139887870629632 self_thread_id = 139887870629632, last time delay.time = 10, now count = 810, i = 4
2023-01-11 18:19:58.003  75 77 I channel139887870629632 self_thread_id = 139887870629632, last time delay.time = 10, now count = 810, i = 4
2023-01-11 18:19:58.003  75 77 W channel139887870629632 self_thread_id = 139887870629632, last time delay.time = 10, now count = 810, i = 4
2023-01-11 18:19:58.003  75 77 E channel139887870629632 self_thread_id = 139887870629632, last time delay.time = 10, now count = 810, i = 4
2023-01-11 18:19:58.003  75 77 I channel139887870629632 self_thread_id = 139887870629632, last time delay.time = 10, now count = 822
2023-01-11 18:19:58.004  75 81 I channel139887837058816 self_thread_id = 139887837058816, last time delay.time = 15, now count = 816, i = 4
2023-01-11 18:19:58.004  75 78 I channel139887862236928 self_thread_id = 139887862236928, last time delay.time = 28, now count = 815, i = 4
2023-01-11 18:19:58.004  75 78 I channel139887862236928 self_thread_id = 139887862236928, last time delay.time = 28, now count = 815, i = 4
2023-01-11 18:19:58.004  75 81 I channel139887837058816 self_thread_id = 139887837058816, last time delay.time = 15, now count = 816, i = 4
2023-01-11 18:19:58.004  75 81 W channel139887837058816 self_thread_id = 139887837058816, last time delay.time = 15, now count = 816, i = 4
2023-01-11 18:19:58.004  75 81 E channel139887837058816 self_thread_id = 139887837058816, last time delay.time = 15, now count = 816, i = 4
2023-01-11 18:19:58.004  75 78 W channel139887862236928 self_thread_id = 139887862236928, last time delay.time = 28, now count = 815, i = 4
2023-01-11 18:19:58.004  75 81 I channel139887837058816 self_thread_id = 139887837058816, last time delay.time = 15, now count = 823
2023-01-11 18:19:58.004  75 78 E channel139887862236928 self_thread_id = 139887862236928, last time delay.time = 28, now count = 815, i = 4
2023-01-11 18:19:58.004  75 78 I channel139887862236928 self_thread_id = 139887862236928, last time delay.time = 28, now count = 824
2023-01-11 18:19:59.003  75 82 I channel139887621699328 self_thread_id = 139887621699328, last time delay.time = 9, now count = 817, i = 0
2023-01-11 18:19:59.003  75 82 I channel139887621699328 self_thread_id = 139887621699328, last time delay.time = 9, now count = 817, i = 0
2023-01-11 18:19:59.003  75 82 W channel139887621699328 self_thread_id = 139887621699328, last time delay.time = 9, now count = 817, i = 0
2023-01-11 18:19:59.003  75 82 E channel139887621699328 self_thread_id = 139887621699328, last time delay.time = 9, now count = 817, i = 0
2023-01-11 18:19:59.003  75 83 I channel139887613306624 self_thread_id = 139887613306624, last time delay.time = 11, now count = 818, i = 0
2023-01-11 18:19:59.003  75 83 I channel139887613306624 self_thread_id = 139887613306624, last time delay.time = 11, now count = 818, i = 0
2023-01-11 18:19:59.003  75 83 W channel139887613306624 self_thread_id = 139887613306624, last time delay.time = 11, now count = 818, i = 0
2023-01-11 18:19:59.003  75 83 E channel139887613306624 self_thread_id = 139887613306624, last time delay.time = 11, now count = 818, i = 0
2023-01-11 18:19:59.003  75 84 I channel139887604913920 self_thread_id = 139887604913920, last time delay.time = 10, now count = 820, i = 0
2023-01-11 18:19:59.003  75 80 I channel139887845451520 self_thread_id = 139887845451520, last time delay.time = 9, now count = 821, i = 0
2023-01-11 18:19:59.003  75 79 I channel139887853844224 self_thread_id = 139887853844224, last time delay.time = 10, now count = 819, i = 0
2023-01-11 18:19:59.003  75 84 I channel139887604913920 self_thread_id = 139887604913920, last time delay.time = 10, now count = 820, i = 0
2023-01-11 18:19:59.003  75 80 I channel139887845451520 self_thread_id = 139887845451520, last time delay.time = 9, now count = 821, i = 0
2023-01-11 18:19:59.003  75 80 W channel139887845451520 self_thread_id = 139887845451520, last time delay.time = 9, now count = 821, i = 0
2023-01-11 18:19:59.003  75 84 W channel139887604913920 self_thread_id = 139887604913920, last time delay.time = 10, now count = 820, i = 0
2023-01-11 18:19:59.003  75 80 E channel139887845451520 self_thread_id = 139887845451520, last time delay.time = 9, now count = 821, i = 0
2023-01-11 18:19:59.003  75 79 I channel139887853844224 self_thread_id = 139887853844224, last time delay.time = 10, now count = 819, i = 0
2023-01-11 18:19:59.003  75 84 E channel139887604913920 self_thread_id = 139887604913920, last time delay.time = 10, now count = 820, i = 0
2023-01-11 18:19:59.003  75 79 W channel139887853844224 self_thread_id = 139887853844224, last time delay.time = 10, now count = 819, i = 0
2023-01-11 18:19:59.003  75 79 E channel139887853844224 self_thread_id = 139887853844224, last time delay.time = 10, now count = 819, i = 0
2023-01-11 18:19:59.003  75 77 I channel139887870629632 self_thread_id = 139887870629632, last time delay.time = 9, now count = 822, i = 0
2023-01-11 18:19:59.003  75 77 I channel139887870629632 self_thread_id = 139887870629632, last time delay.time = 9, now count = 822, i = 0
2023-01-11 18:19:59.003  75 77 W channel139887870629632 self_thread_id = 139887870629632, last time delay.time = 9, now count = 822, i = 0
2023-01-11 18:19:59.003  75 77 E channel139887870629632 self_thread_id = 139887870629632, last time delay.time = 9, now count = 822, i = 0
2023-01-11 18:19:59.004  75 78 I channel139887862236928 self_thread_id = 139887862236928, last time delay.time = 12, now count = 824, i = 0
2023-01-11 18:19:59.004  75 81 I channel139887837058816 self_thread_id = 139887837058816, last time delay.time = 16, now count = 823, i = 0
2023-01-11 18:19:59.004  75 78 I channel139887862236928 self_thread_id = 139887862236928, last time delay.time = 12, now count = 824, i = 0
2023-01-11 18:19:59.004  75 81 I channel139887837058816 self_thread_id = 139887837058816, last time delay.time = 16, now count = 823, i = 0
2023-01-11 18:19:59.004  75 78 W channel139887862236928 self_thread_id = 139887862236928, last time delay.time = 12, now count = 824, i = 0
2023-01-11 18:19:59.004  75 81 W channel139887837058816 self_thread_id = 139887837058816, last time delay.time = 16, now count = 823, i = 0
2023-01-11 18:19:59.004  75 78 E channel139887862236928 self_thread_id = 139887862236928, last time delay.time = 12, now count = 824, i = 0
2023-01-11 18:19:59.004  75 81 E channel139887837058816 self_thread_id = 139887837058816, last time delay.time = 16, now count = 823, i = 0
2023-01-11 18:20:00.003  75 82 I channel139887621699328 self_thread_id = 139887621699328, last time delay.time = 9, now count = 817, i = 1
2023-01-11 18:20:00.003  75 82 I channel139887621699328 self_thread_id = 139887621699328, last time delay.time = 9, now count = 817, i = 1
2023-01-11 18:20:00.003  75 82 W channel139887621699328 self_thread_id = 139887621699328, last time delay.time = 9, now count = 817, i = 1
2023-01-11 18:20:00.003  75 82 E channel139887621699328 self_thread_id = 139887621699328, last time delay.time = 9, now count = 817, i = 1
2023-01-11 18:20:00.003  75 83 I channel139887613306624 self_thread_id = 139887613306624, last time delay.time = 11, now count = 818, i = 1
2023-01-11 18:20:00.003  75 83 I channel139887613306624 self_thread_id = 139887613306624, last time delay.time = 11, now count = 818, i = 1
2023-01-11 18:20:00.003  75 83 W channel139887613306624 self_thread_id = 139887613306624, last time delay.time = 11, now count = 818, i = 1
2023-01-11 18:20:00.003  75 80 I channel139887845451520 self_thread_id = 139887845451520, last time delay.time = 9, now count = 821, i = 1
2023-01-11 18:20:00.003  75 83 E channel139887613306624 self_thread_id = 139887613306624, last time delay.time = 11, now count = 818, i = 1
2023-01-11 18:20:00.003  75 80 I channel139887845451520 self_thread_id = 139887845451520, last time delay.time = 9, now count = 821, i = 1
2023-01-11 18:20:00.003  75 80 W channel139887845451520 self_thread_id = 139887845451520, last time delay.time = 9, now count = 821, i = 1
2023-01-11 18:20:00.003  75 80 E channel139887845451520 self_thread_id = 139887845451520, last time delay.time = 9, now count = 821, i = 1
2023-01-11 18:20:00.003  75 77 I channel139887870629632 self_thread_id = 139887870629632, last time delay.time = 9, now count = 822, i = 1
2023-01-11 18:20:00.003  75 84 I channel139887604913920 self_thread_id = 139887604913920, last time delay.time = 10, now count = 820, i = 1
2023-01-11 18:20:00.003  75 77 I channel139887870629632 self_thread_id = 139887870629632, last time delay.time = 9, now count = 822, i = 1
2023-01-11 18:20:00.003  75 84 I channel139887604913920 self_thread_id = 139887604913920, last time delay.time = 10, now count = 820, i = 1
2023-01-11 18:20:00.003  75 84 W channel139887604913920 self_thread_id = 139887604913920, last time delay.time = 10, now count = 820, i = 1
2023-01-11 18:20:00.003  75 84 E channel139887604913920 self_thread_id = 139887604913920, last time delay.time = 10, now count = 820, i = 1
2023-01-11 18:20:00.003  75 79 I channel139887853844224 self_thread_id = 139887853844224, last time delay.time = 10, now count = 819, i = 1
2023-01-11 18:20:00.003  75 77 W channel139887870629632 self_thread_id = 139887870629632, last time delay.time = 9, now count = 822, i = 1
2023-01-11 18:20:00.003  75 77 E channel139887870629632 self_thread_id = 139887870629632, last time delay.time = 9, now count = 822, i = 1
2023-01-11 18:20:00.003  75 79 I channel139887853844224 self_thread_id = 139887853844224, last time delay.time = 10, now count = 819, i = 1
2023-01-11 18:20:00.003  75 79 W channel139887853844224 self_thread_id = 139887853844224, last time delay.time = 10, now count = 819, i = 1
2023-01-11 18:20:00.003  75 79 E channel139887853844224 self_thread_id = 139887853844224, last time delay.time = 10, now count = 819, i = 1
2023-01-11 18:20:00.004  75 81 I channel139887837058816 self_thread_id = 139887837058816, last time delay.time = 16, now count = 823, i = 1
2023-01-11 18:20:00.004  75 78 I channel139887862236928 self_thread_id = 139887862236928, last time delay.time = 12, now count = 824, i = 1
2023-01-11 18:20:00.004  75 81 I channel139887837058816 self_thread_id = 139887837058816, last time delay.time = 16, now count = 823, i = 1
2023-01-11 18:20:00.004  75 78 I channel139887862236928 self_thread_id = 139887862236928, last time delay.time = 12, now count = 824, i = 1
2023-01-11 18:20:00.004  75 81 W channel139887837058816 self_thread_id = 139887837058816, last time delay.time = 16, now count = 823, i = 1
2023-01-11 18:20:00.004  75 78 W channel139887862236928 self_thread_id = 139887862236928, last time delay.time = 12, now count = 824, i = 1
2023-01-11 18:20:00.004  75 81 E channel139887837058816 self_thread_id = 139887837058816, last time delay.time = 16, now count = 823, i = 1
2023-01-11 18:20:00.004  75 78 E channel139887862236928 self_thread_id = 139887862236928, last time delay.time = 12, now count = 824, i = 1
2023-01-11 18:20:01.003  75 82 I channel139887621699328 self_thread_id = 139887621699328, last time delay.time = 9, now count = 817, i = 2
2023-01-11 18:20:01.003  75 82 I channel139887621699328 self_thread_id = 139887621699328, last time delay.time = 9, now count = 817, i = 2
2023-01-11 18:20:01.003  75 82 W channel139887621699328 self_thread_id = 139887621699328, last time delay.time = 9, now count = 817, i = 2
2023-01-11 18:20:01.003  75 82 E channel139887621699328 self_thread_id = 139887621699328, last time delay.time = 9, now count = 817, i = 2
2023-01-11 18:20:01.003  75 80 I channel139887845451520 self_thread_id = 139887845451520, last time delay.time = 9, now count = 821, i = 2
2023-01-11 18:20:01.003  75 80 I channel139887845451520 self_thread_id = 139887845451520, last time delay.time = 9, now count = 821, i = 2
2023-01-11 18:20:01.003  75 80 W channel139887845451520 self_thread_id = 139887845451520, last time delay.time = 9, now count = 821, i = 2
2023-01-11 18:20:01.003  75 83 I channel139887613306624 self_thread_id = 139887613306624, last time delay.time = 11, now count = 818, i = 2
2023-01-11 18:20:01.003  75 80 E channel139887845451520 self_thread_id = 139887845451520, last time delay.time = 9, now count = 821, i = 2
2023-01-11 18:20:01.003  75 77 I channel139887870629632 self_thread_id = 139887870629632, last time delay.time = 9, now count = 822, i = 2
2023-01-11 18:20:01.003  75 83 I channel139887613306624 self_thread_id = 139887613306624, last time delay.time = 11, now count = 818, i = 2
2023-01-11 18:20:01.003  75 83 W channel139887613306624 self_thread_id = 139887613306624, last time delay.time = 11, now count = 818, i = 2
2023-01-11 18:20:01.003  75 77 I channel139887870629632 self_thread_id = 139887870629632, last time delay.time = 9, now count = 822, i = 2
2023-01-11 18:20:01.003  75 83 E channel139887613306624 self_thread_id = 139887613306624, last time delay.time = 11, now count = 818, i = 2
2023-01-11 18:20:01.003  75 77 W channel139887870629632 self_thread_id = 139887870629632, last time delay.time = 9, now count = 822, i = 2
2023-01-11 18:20:01.003  75 77 E channel139887870629632 self_thread_id = 139887870629632, last time delay.time = 9, now count = 822, i = 2
2023-01-11 18:20:01.003  75 84 I channel139887604913920 self_thread_id = 139887604913920, last time delay.time = 10, now count = 820, i = 2
2023-01-11 18:20:01.003  75 84 I channel139887604913920 self_thread_id = 139887604913920, last time delay.time = 10, now count = 820, i = 2
2023-01-11 18:20:01.003  75 84 W channel139887604913920 self_thread_id = 139887604913920, last time delay.time = 10, now count = 820, i = 2
2023-01-11 18:20:01.003  75 84 E channel139887604913920 self_thread_id = 139887604913920, last time delay.time = 10, now count = 820, i = 2
2023-01-11 18:20:01.003  75 79 I channel139887853844224 self_thread_id = 139887853844224, last time delay.time = 10, now count = 819, i = 2
2023-01-11 18:20:01.003  75 79 I channel139887853844224 self_thread_id = 139887853844224, last time delay.time = 10, now count = 819, i = 2
2023-01-11 18:20:01.003  75 79 W channel139887853844224 self_thread_id = 139887853844224, last time delay.time = 10, now count = 819, i = 2
2023-01-11 18:20:01.003  75 79 E channel139887853844224 self_thread_id = 139887853844224, last time delay.time = 10, now count = 819, i = 2
2023-01-11 18:20:01.005  75 81 I channel139887837058816 self_thread_id = 139887837058816, last time delay.time = 16, now count = 823, i = 2
2023-01-11 18:20:01.005  75 78 I channel139887862236928 self_thread_id = 139887862236928, last time delay.time = 12, now count = 824, i = 2
2023-01-11 18:20:01.005  75 81 I channel139887837058816 self_thread_id = 139887837058816, last time delay.time = 16, now count = 823, i = 2
2023-01-11 18:20:01.005  75 78 I channel139887862236928 self_thread_id = 139887862236928, last time delay.time = 12, now count = 824, i = 2
2023-01-11 18:20:01.005  75 81 W channel139887837058816 self_thread_id = 139887837058816, last time delay.time = 16, now count = 823, i = 2
2023-01-11 18:20:01.005  75 78 W channel139887862236928 self_thread_id = 139887862236928, last time delay.time = 12, now count = 824, i = 2
2023-01-11 18:20:01.005  75 81 E channel139887837058816 self_thread_id = 139887837058816, last time delay.time = 16, now count = 823, i = 2
2023-01-11 18:20:01.005  75 78 E channel139887862236928 self_thread_id = 139887862236928, last time delay.time = 12, now count = 824, i = 2
2023-01-11 18:20:02.003  75 80 I channel139887845451520 self_thread_id = 139887845451520, last time delay.time = 9, now count = 821, i = 3
2023-01-11 18:20:02.003  75 83 I channel139887613306624 self_thread_id = 139887613306624, last time delay.time = 11, now count = 818, i = 3
2023-01-11 18:20:02.003  75 82 I channel139887621699328 self_thread_id = 139887621699328, last time delay.time = 9, now count = 817, i = 3
2023-01-11 18:20:02.003  75 80 I channel139887845451520 self_thread_id = 139887845451520, last time delay.time = 9, now count = 821, i = 3
2023-01-11 18:20:02.003  75 82 I channel139887621699328 self_thread_id = 139887621699328, last time delay.time = 9, now count = 817, i = 3
2023-01-11 18:20:02.003  75 83 I channel139887613306624 self_thread_id = 139887613306624, last time delay.time = 11, now count = 818, i = 3
2023-01-11 18:20:02.003  75 82 W channel139887621699328 self_thread_id = 139887621699328, last time delay.time = 9, now count = 817, i = 3
2023-01-11 18:20:02.003  75 80 W channel139887845451520 self_thread_id = 139887845451520, last time delay.time = 9, now count = 821, i = 3
2023-01-11 18:20:02.003  75 83 W channel139887613306624 self_thread_id = 139887613306624, last time delay.time = 11, now count = 818, i = 3
2023-01-11 18:20:02.003  75 83 E channel139887613306624 self_thread_id = 139887613306624, last time delay.time = 11, now count = 818, i = 3
2023-01-11 18:20:02.003  75 77 I channel139887870629632 self_thread_id = 139887870629632, last time delay.time = 9, now count = 822, i = 3
2023-01-11 18:20:02.003  75 77 I channel139887870629632 self_thread_id = 139887870629632, last time delay.time = 9, now count = 822, i = 3
2023-01-11 18:20:02.003  75 82 E channel139887621699328 self_thread_id = 139887621699328, last time delay.time = 9, now count = 817, i = 3
2023-01-11 18:20:02.003  75 77 W channel139887870629632 self_thread_id = 139887870629632, last time delay.time = 9, now count = 822, i = 3
2023-01-11 18:20:02.003  75 80 E channel139887845451520 self_thread_id = 139887845451520, last time delay.time = 9, now count = 821, i = 3
2023-01-11 18:20:02.003  75 77 E channel139887870629632 self_thread_id = 139887870629632, last time delay.time = 9, now count = 822, i = 3
2023-01-11 18:20:02.003  75 79 I channel139887853844224 self_thread_id = 139887853844224, last time delay.time = 10, now count = 819, i = 3
2023-01-11 18:20:02.003  75 84 I channel139887604913920 self_thread_id = 139887604913920, last time delay.time = 10, now count = 820, i = 3
2023-01-11 18:20:02.003  75 79 I channel139887853844224 self_thread_id = 139887853844224, last time delay.time = 10, now count = 819, i = 3
2023-01-11 18:20:02.003  75 79 W channel139887853844224 self_thread_id = 139887853844224, last time delay.time = 10, now count = 819, i = 3
2023-01-11 18:20:02.003  75 84 I channel139887604913920 self_thread_id = 139887604913920, last time delay.time = 10, now count = 820, i = 3
2023-01-11 18:20:02.003  75 79 E channel139887853844224 self_thread_id = 139887853844224, last time delay.time = 10, now count = 819, i = 3
2023-01-11 18:20:02.003  75 84 W channel139887604913920 self_thread_id = 139887604913920, last time delay.time = 10, now count = 820, i = 3
2023-01-11 18:20:02.003  75 84 E channel139887604913920 self_thread_id = 139887604913920, last time delay.time = 10, now count = 820, i = 3
2023-01-11 18:20:02.005  75 81 I channel139887837058816 self_thread_id = 139887837058816, last time delay.time = 16, now count = 823, i = 3
2023-01-11 18:20:02.005  75 81 I channel139887837058816 self_thread_id = 139887837058816, last time delay.time = 16, now count = 823, i = 3
2023-01-11 18:20:02.005  75 81 W channel139887837058816 self_thread_id = 139887837058816, last time delay.time = 16, now count = 823, i = 3
2023-01-11 18:20:02.005  75 81 E channel139887837058816 self_thread_id = 139887837058816, last time delay.time = 16, now count = 823, i = 3
2023-01-11 18:20:02.005  75 78 I channel139887862236928 self_thread_id = 139887862236928, last time delay.time = 12, now count = 824, i = 3
2023-01-11 18:20:02.005  75 78 I channel139887862236928 self_thread_id = 139887862236928, last time delay.time = 12, now count = 824, i = 3
2023-01-11 18:20:02.005  75 78 W channel139887862236928 self_thread_id = 139887862236928, last time delay.time = 12, now count = 824, i = 3
2023-01-11 18:20:02.005  75 78 E channel139887862236928 self_thread_id = 139887862236928, last time delay.time = 12, now count = 824, i = 3
2023-01-11 18:20:03.003  75 83 I channel139887613306624 self_thread_id = 139887613306624, last time delay.time = 11, now count = 818, i = 4
2023-01-11 18:20:03.003  75 83 I channel139887613306624 self_thread_id = 139887613306624, last time delay.time = 11, now count = 818, i = 4
2023-01-11 18:20:03.003  75 80 I channel139887845451520 self_thread_id = 139887845451520, last time delay.time = 9, now count = 821, i = 4
2023-01-11 18:20:03.003  75 83 W channel139887613306624 self_thread_id = 139887613306624, last time delay.time = 11, now count = 818, i = 4
2023-01-11 18:20:03.003  75 77 I channel139887870629632 self_thread_id = 139887870629632, last time delay.time = 9, now count = 822, i = 4
2023-01-11 18:20:03.003  75 80 I channel139887845451520 self_thread_id = 139887845451520, last time delay.time = 9, now count = 821, i = 4
2023-01-11 18:20:03.003  75 77 I channel139887870629632 self_thread_id = 139887870629632, last time delay.time = 9, now count = 822, i = 4
2023-01-11 18:20:03.003  75 83 E channel139887613306624 self_thread_id = 139887613306624, last time delay.time = 11, now count = 818, i = 4
2023-01-11 18:20:03.003  75 80 W channel139887845451520 self_thread_id = 139887845451520, last time delay.time = 9, now count = 821, i = 4
2023-01-11 18:20:03.003  75 83 I channel139887613306624 self_thread_id = 139887613306624, last time delay.time = 11, now count = 825
2023-01-11 18:20:03.003  75 77 W channel139887870629632 self_thread_id = 139887870629632, last time delay.time = 9, now count = 822, i = 4
2023-01-11 18:20:03.003  75 80 E channel139887845451520 self_thread_id = 139887845451520, last time delay.time = 9, now count = 821, i = 4
2023-01-11 18:20:03.003  75 82 I channel139887621699328 self_thread_id = 139887621699328, last time delay.time = 9, now count = 817, i = 4
2023-01-11 18:20:03.004  75 82 I channel139887621699328 self_thread_id = 139887621699328, last time delay.time = 9, now count = 817, i = 4
2023-01-11 18:20:03.003  75 77 E channel139887870629632 self_thread_id = 139887870629632, last time delay.time = 9, now count = 822, i = 4
2023-01-11 18:20:03.004  75 82 W channel139887621699328 self_thread_id = 139887621699328, last time delay.time = 9, now count = 817, i = 4
2023-01-11 18:20:03.004  75 79 I channel139887853844224 self_thread_id = 139887853844224, last time delay.time = 10, now count = 819, i = 4
2023-01-11 18:20:03.004  75 82 E channel139887621699328 self_thread_id = 139887621699328, last time delay.time = 9, now count = 817, i = 4
2023-01-11 18:20:03.004  75 79 I channel139887853844224 self_thread_id = 139887853844224, last time delay.time = 10, now count = 819, i = 4
2023-01-11 18:20:03.004  75 82 I channel139887621699328 self_thread_id = 139887621699328, last time delay.time = 9, now count = 828
2023-01-11 18:20:03.004  75 79 W channel139887853844224 self_thread_id = 139887853844224, last time delay.time = 10, now count = 819, i = 4
2023-01-11 18:20:03.004  75 80 I channel139887845451520 self_thread_id = 139887845451520, last time delay.time = 9, now count = 827
2023-01-11 18:20:03.004  75 79 E channel139887853844224 self_thread_id = 139887853844224, last time delay.time = 10, now count = 819, i = 4
2023-01-11 18:20:03.004  75 79 I channel139887853844224 self_thread_id = 139887853844224, last time delay.time = 10, now count = 829
2023-01-11 18:20:03.004  75 77 I channel139887870629632 self_thread_id = 139887870629632, last time delay.time = 9, now count = 826
2023-01-11 18:20:03.004  75 84 I channel139887604913920 self_thread_id = 139887604913920, last time delay.time = 10, now count = 820, i = 4
2023-01-11 18:20:03.004  75 84 I channel139887604913920 self_thread_id = 139887604913920, last time delay.time = 10, now count = 820, i = 4
2023-01-11 18:20:03.004  75 84 W channel139887604913920 self_thread_id = 139887604913920, last time delay.time = 10, now count = 820, i = 4
2023-01-11 18:20:03.004  75 84 E channel139887604913920 self_thread_id = 139887604913920, last time delay.time = 10, now count = 820, i = 4
2023-01-11 18:20:03.004  75 84 I channel139887604913920 self_thread_id = 139887604913920, last time delay.time = 10, now count = 830
2023-01-11 18:20:03.005  75 81 I channel139887837058816 self_thread_id = 139887837058816, last time delay.time = 16, now count = 823, i = 4
2023-01-11 18:20:03.005  75 81 I channel139887837058816 self_thread_id = 139887837058816, last time delay.time = 16, now count = 823, i = 4
2023-01-11 18:20:03.005  75 81 W channel139887837058816 self_thread_id = 139887837058816, last time delay.time = 16, now count = 823, i = 4
2023-01-11 18:20:03.005  75 81 E channel139887837058816 self_thread_id = 139887837058816, last time delay.time = 16, now count = 823, i = 4
2023-01-11 18:20:03.005  75 81 I channel139887837058816 self_thread_id = 139887837058816, last time delay.time = 16, now count = 831
2023-01-11 18:20:03.005  75 78 I channel139887862236928 self_thread_id = 139887862236928, last time delay.time = 12, now count = 824, i = 4
2023-01-11 18:20:03.005  75 78 I channel139887862236928 self_thread_id = 139887862236928, last time delay.time = 12, now count = 824, i = 4
2023-01-11 18:20:03.005  75 78 W channel139887862236928 self_thread_id = 139887862236928, last time delay.time = 12, now count = 824, i = 4
2023-01-11 18:20:03.005  75 78 E channel139887862236928 self_thread_id = 139887862236928, last time delay.time = 12, now count = 824, i = 4
2023-01-11 18:20:03.005  75 78 I channel139887862236928 self_thread_id = 139887862236928, last time delay.time = 12, now count = 832
2023-01-11 18:20:04.004  75 80 I channel139887845451520 self_thread_id = 139887845451520, last time delay.time = 13, now count = 827, i = 0
2023-01-11 18:20:04.004  75 83 I channel139887613306624 self_thread_id = 139887613306624, last time delay.time = 17, now count = 825, i = 0
2023-01-11 18:20:04.004  75 80 I channel139887845451520 self_thread_id = 139887845451520, last time delay.time = 13, now count = 827, i = 0
2023-01-11 18:20:04.004  75 80 W channel139887845451520 self_thread_id = 139887845451520, last time delay.time = 13, now count = 827, i = 0
2023-01-11 18:20:04.004  75 83 I channel139887613306624 self_thread_id = 139887613306624, last time delay.time = 17, now count = 825, i = 0
2023-01-11 18:20:04.004  75 79 I channel139887853844224 self_thread_id = 139887853844224, last time delay.time = 8, now count = 829, i = 0
2023-01-11 18:20:04.004  75 77 I channel139887870629632 self_thread_id = 139887870629632, last time delay.time = 16, now count = 826, i = 0
2023-01-11 18:20:04.004  75 80 E channel139887845451520 self_thread_id = 139887845451520, last time delay.time = 13, now count = 827, i = 0
2023-01-11 18:20:04.004  75 79 I channel139887853844224 self_thread_id = 139887853844224, last time delay.time = 8, now count = 829, i = 0
2023-01-11 18:20:04.004  75 77 I channel139887870629632 self_thread_id = 139887870629632, last time delay.time = 16, now count = 826, i = 0
2023-01-11 18:20:04.004  75 79 W channel139887853844224 self_thread_id = 139887853844224, last time delay.time = 8, now count = 829, i = 0
2023-01-11 18:20:04.004  75 77 W channel139887870629632 self_thread_id = 139887870629632, last time delay.time = 16, now count = 826, i = 0
2023-01-11 18:20:04.004  75 82 I channel139887621699328 self_thread_id = 139887621699328, last time delay.time = 9, now count = 828, i = 0
2023-01-11 18:20:04.004  75 83 W channel139887613306624 self_thread_id = 139887613306624, last time delay.time = 17, now count = 825, i = 0
2023-01-11 18:20:04.004  75 79 E channel139887853844224 self_thread_id = 139887853844224, last time delay.time = 8, now count = 829, i = 0
2023-01-11 18:20:04.004  75 77 E channel139887870629632 self_thread_id = 139887870629632, last time delay.time = 16, now count = 826, i = 0
2023-01-11 18:20:04.004  75 82 I channel139887621699328 self_thread_id = 139887621699328, last time delay.time = 9, now count = 828, i = 0
2023-01-11 18:20:04.004  75 83 E channel139887613306624 self_thread_id = 139887613306624, last time delay.time = 17, now count = 825, i = 0
2023-01-11 18:20:04.004  75 82 W channel139887621699328 self_thread_id = 139887621699328, last time delay.time = 9, now count = 828, i = 0
2023-01-11 18:20:04.004  75 82 E channel139887621699328 self_thread_id = 139887621699328, last time delay.time = 9, now count = 828, i = 0
2023-01-11 18:20:04.004  75 84 I channel139887604913920 self_thread_id = 139887604913920, last time delay.time = 9, now count = 830, i = 0
2023-01-11 18:20:04.004  75 84 I channel139887604913920 self_thread_id = 139887604913920, last time delay.time = 9, now count = 830, i = 0
2023-01-11 18:20:04.004  75 84 W channel139887604913920 self_thread_id = 139887604913920, last time delay.time = 9, now count = 830, i = 0
2023-01-11 18:20:04.004  75 84 E channel139887604913920 self_thread_id = 139887604913920, last time delay.time = 9, now count = 830, i = 0
2023-01-11 18:20:04.005  75 81 I channel139887837058816 self_thread_id = 139887837058816, last time delay.time = 8, now count = 831, i = 0
2023-01-11 18:20:04.005  75 81 I channel139887837058816 self_thread_id = 139887837058816, last time delay.time = 8, now count = 831, i = 0
2023-01-11 18:20:04.005  75 81 W channel139887837058816 self_thread_id = 139887837058816, last time delay.time = 8, now count = 831, i = 0
2023-01-11 18:20:04.005  75 81 E channel139887837058816 self_thread_id = 139887837058816, last time delay.time = 8, now count = 831, i = 0
2023-01-11 18:20:04.005  75 78 I channel139887862236928 self_thread_id = 139887862236928, last time delay.time = 11, now count = 832, i = 0
2023-01-11 18:20:04.005  75 78 I channel139887862236928 self_thread_id = 139887862236928, last time delay.time = 11, now count = 832, i = 0
2023-01-11 18:20:04.005  75 78 W channel139887862236928 self_thread_id = 139887862236928, last time delay.time = 11, now count = 832, i = 0
2023-01-11 18:20:04.005  75 78 E channel139887862236928 self_thread_id = 139887862236928, last time delay.time = 11, now count = 832, i = 0
2023-01-11 18:20:05.004  75 80 I channel139887845451520 self_thread_id = 139887845451520, last time delay.time = 13, now count = 827, i = 1
2023-01-11 18:20:05.004  75 80 I channel139887845451520 self_thread_id = 139887845451520, last time delay.time = 13, now count = 827, i = 1
2023-01-11 18:20:05.004  75 79 I channel139887853844224 self_thread_id = 139887853844224, last time delay.time = 8, now count = 829, i = 1
2023-01-11 18:20:05.004  75 83 I channel139887613306624 self_thread_id = 139887613306624, last time delay.time = 17, now count = 825, i = 1
2023-01-11 18:20:05.004  75 80 W channel139887845451520 self_thread_id = 139887845451520, last time delay.time = 13, now count = 827, i = 1
2023-01-11 18:20:05.004  75 82 I channel139887621699328 self_thread_id = 139887621699328, last time delay.time = 9, now count = 828, i = 1
2023-01-11 18:20:05.004  75 83 I channel139887613306624 self_thread_id = 139887613306624, last time delay.time = 17, now count = 825, i = 1
2023-01-11 18:20:05.004  75 80 E channel139887845451520 self_thread_id = 139887845451520, last time delay.time = 13, now count = 827, i = 1
2023-01-11 18:20:05.004  75 79 I channel139887853844224 self_thread_id = 139887853844224, last time delay.time = 8, now count = 829, i = 1
2023-01-11 18:20:05.004  75 83 W channel139887613306624 self_thread_id = 139887613306624, last time delay.time = 17, now count = 825, i = 1
2023-01-11 18:20:05.004  75 79 W channel139887853844224 self_thread_id = 139887853844224, last time delay.time = 8, now count = 829, i = 1
2023-01-11 18:20:05.004  75 82 I channel139887621699328 self_thread_id = 139887621699328, last time delay.time = 9, now count = 828, i = 1
2023-01-11 18:20:05.004  75 83 E channel139887613306624 self_thread_id = 139887613306624, last time delay.time = 17, now count = 825, i = 1
2023-01-11 18:20:05.004  75 82 W channel139887621699328 self_thread_id = 139887621699328, last time delay.time = 9, now count = 828, i = 1
2023-01-11 18:20:05.004  75 82 E channel139887621699328 self_thread_id = 139887621699328, last time delay.time = 9, now count = 828, i = 1
2023-01-11 18:20:05.004  75 79 E channel139887853844224 self_thread_id = 139887853844224, last time delay.time = 8, now count = 829, i = 1
2023-01-11 18:20:05.004  75 77 I channel139887870629632 self_thread_id = 139887870629632, last time delay.time = 16, now count = 826, i = 1
2023-01-11 18:20:05.004  75 77 I channel139887870629632 self_thread_id = 139887870629632, last time delay.time = 16, now count = 826, i = 1
2023-01-11 18:20:05.004  75 77 W channel139887870629632 self_thread_id = 139887870629632, last time delay.time = 16, now count = 826, i = 1
2023-01-11 18:20:05.004  75 77 E channel139887870629632 self_thread_id = 139887870629632, last time delay.time = 16, now count = 826, i = 1
2023-01-11 18:20:05.004  75 84 I channel139887604913920 self_thread_id = 139887604913920, last time delay.time = 9, now count = 830, i = 1
2023-01-11 18:20:05.004  75 84 I channel139887604913920 self_thread_id = 139887604913920, last time delay.time = 9, now count = 830, i = 1
2023-01-11 18:20:05.004  75 84 W channel139887604913920 self_thread_id = 139887604913920, last time delay.time = 9, now count = 830, i = 1
2023-01-11 18:20:05.004  75 84 E channel139887604913920 self_thread_id = 139887604913920, last time delay.time = 9, now count = 830, i = 1
2023-01-11 18:20:05.005  75 81 I channel139887837058816 self_thread_id = 139887837058816, last time delay.time = 8, now count = 831, i = 1
2023-01-11 18:20:05.005  75 81 I channel139887837058816 self_thread_id = 139887837058816, last time delay.time = 8, now count = 831, i = 1
2023-01-11 18:20:05.005  75 81 W channel139887837058816 self_thread_id = 139887837058816, last time delay.time = 8, now count = 831, i = 1
2023-01-11 18:20:05.005  75 81 E channel139887837058816 self_thread_id = 139887837058816, last time delay.time = 8, now count = 831, i = 1
2023-01-11 18:20:05.005  75 78 I channel139887862236928 self_thread_id = 139887862236928, last time delay.time = 11, now count = 832, i = 1
2023-01-11 18:20:05.005  75 78 I channel139887862236928 self_thread_id = 139887862236928, last time delay.time = 11, now count = 832, i = 1
2023-01-11 18:20:05.005  75 78 W channel139887862236928 self_thread_id = 139887862236928, last time delay.time = 11, now count = 832, i = 1
2023-01-11 18:20:05.005  75 78 E channel139887862236928 self_thread_id = 139887862236928, last time delay.time = 11, now count = 832, i = 1
2023-01-11 18:20:06.004  75 80 I channel139887845451520 self_thread_id = 139887845451520, last time delay.time = 13, now count = 827, i = 2
2023-01-11 18:20:06.004  75 83 I channel139887613306624 self_thread_id = 139887613306624, last time delay.time = 17, now count = 825, i = 2
2023-01-11 18:20:06.004  75 80 I channel139887845451520 self_thread_id = 139887845451520, last time delay.time = 13, now count = 827, i = 2
2023-01-11 18:20:06.004  75 79 I channel139887853844224 self_thread_id = 139887853844224, last time delay.time = 8, now count = 829, i = 2
2023-01-11 18:20:06.004  75 80 W channel139887845451520 self_thread_id = 139887845451520, last time delay.time = 13, now count = 827, i = 2
2023-01-11 18:20:06.004  75 82 I channel139887621699328 self_thread_id = 139887621699328, last time delay.time = 9, now count = 828, i = 2
2023-01-11 18:20:06.004  75 83 I channel139887613306624 self_thread_id = 139887613306624, last time delay.time = 17, now count = 825, i = 2
2023-01-11 18:20:06.004  75 80 E channel139887845451520 self_thread_id = 139887845451520, last time delay.time = 13, now count = 827, i = 2
2023-01-11 18:20:06.004  75 83 W channel139887613306624 self_thread_id = 139887613306624, last time delay.time = 17, now count = 825, i = 2
2023-01-11 18:20:06.004  75 79 I channel139887853844224 self_thread_id = 139887853844224, last time delay.time = 8, now count = 829, i = 2
2023-01-11 18:20:06.004  75 83 E channel139887613306624 self_thread_id = 139887613306624, last time delay.time = 17, now count = 825, i = 2
2023-01-11 18:20:06.004  75 77 I channel139887870629632 self_thread_id = 139887870629632, last time delay.time = 16, now count = 826, i = 2
2023-01-11 18:20:06.004  75 82 I channel139887621699328 self_thread_id = 139887621699328, last time delay.time = 9, now count = 828, i = 2
2023-01-11 18:20:06.004  75 77 I channel139887870629632 self_thread_id = 139887870629632, last time delay.time = 16, now count = 826, i = 2
2023-01-11 18:20:06.004  75 82 W channel139887621699328 self_thread_id = 139887621699328, last time delay.time = 9, now count = 828, i = 2
2023-01-11 18:20:06.004  75 79 W channel139887853844224 self_thread_id = 139887853844224, last time delay.time = 8, now count = 829, i = 2
2023-01-11 18:20:06.004  75 77 W channel139887870629632 self_thread_id = 139887870629632, last time delay.time = 16, now count = 826, i = 2
2023-01-11 18:20:06.004  75 82 E channel139887621699328 self_thread_id = 139887621699328, last time delay.time = 9, now count = 828, i = 2
2023-01-11 18:20:06.004  75 79 E channel139887853844224 self_thread_id = 139887853844224, last time delay.time = 8, now count = 829, i = 2
2023-01-11 18:20:06.004  75 77 E channel139887870629632 self_thread_id = 139887870629632, last time delay.time = 16, now count = 826, i = 2
2023-01-11 18:20:06.004  75 84 I channel139887604913920 self_thread_id = 139887604913920, last time delay.time = 9, now count = 830, i = 2
2023-01-11 18:20:06.004  75 84 I channel139887604913920 self_thread_id = 139887604913920, last time delay.time = 9, now count = 830, i = 2
2023-01-11 18:20:06.004  75 84 W channel139887604913920 self_thread_id = 139887604913920, last time delay.time = 9, now count = 830, i = 2
2023-01-11 18:20:06.004  75 84 E channel139887604913920 self_thread_id = 139887604913920, last time delay.time = 9, now count = 830, i = 2
2023-01-11 18:20:06.005  75 81 I channel139887837058816 self_thread_id = 139887837058816, last time delay.time = 8, now count = 831, i = 2
2023-01-11 18:20:06.005  75 81 I channel139887837058816 self_thread_id = 139887837058816, last time delay.time = 8, now count = 831, i = 2
2023-01-11 18:20:06.005  75 81 W channel139887837058816 self_thread_id = 139887837058816, last time delay.time = 8, now count = 831, i = 2
2023-01-11 18:20:06.005  75 81 E channel139887837058816 self_thread_id = 139887837058816, last time delay.time = 8, now count = 831, i = 2
2023-01-11 18:20:06.005  75 78 I channel139887862236928 self_thread_id = 139887862236928, last time delay.time = 11, now count = 832, i = 2
2023-01-11 18:20:06.005  75 78 I channel139887862236928 self_thread_id = 139887862236928, last time delay.time = 11, now count = 832, i = 2
2023-01-11 18:20:06.005  75 78 W channel139887862236928 self_thread_id = 139887862236928, last time delay.time = 11, now count = 832, i = 2
2023-01-11 18:20:06.005  75 78 E channel139887862236928 self_thread_id = 139887862236928, last time delay.time = 11, now count = 832, i = 2
2023-01-11 18:20:06.559  75 75 I APP.tag TestComponent::Proc
2023-01-11 18:20:06.559  75 75 I APP.tag ****************test INFO begin****************
2023-01-11 18:20:06.559  75 75 I APP.tag 测试 index = 928组
2023-01-11 18:20:06.559  75 75 E APP.tag 循环计数 i = 1次
2023-01-11 18:20:06.559  75 75 I APP.tag test LOG_Trace()
2023-01-11 18:20:06.559  75 75 I vscode 循环计数 i = 1次,test LOG_Channel_Trace()
2023-01-11 18:20:06.559  75 75 E APP.tag 循环计数 i = 2次
2023-01-11 18:20:06.559  75 75 E APP.tag 循环计数 i = 3次
2023-01-11 18:20:06.559  75 75 I APP.tag test LOG_Info()
2023-01-11 18:20:06.559  75 75 I baidu 循环计数 i = 3次,test LOG_Channel_Info()
2023-01-11 18:20:06.559  75 75 E APP.tag 循环计数 i = 4次
2023-01-11 18:20:06.559  75 75 W APP.tag test LOG_Warn()
2023-01-11 18:20:06.559  75 75 W google 循环计数 i = 4次,test LOG_Channel_Warn()
2023-01-11 18:20:06.559  75 75 E APP.tag 循环计数 i = 5次
2023-01-11 18:20:06.559  75 75 E APP.tag test LOG_Error()
2023-01-11 18:20:06.559  75 75 E visio 循环计数 i = 5次,test LOG_Channel_Error()
2023-01-11 18:20:06.559  75 75 I APP.tag print coredump DataLen:2 Data[01 00]
2023-01-11 18:20:06.559  75 75 W coredump 0x0000000a 0a 00 00 00 0b 00 00 00 0c 00 00 00 0d 00 00 00 0e 00 00 00
2023-01-11 18:20:06.559  75 75 I APP.tag ****************test INFO end****************
2023-01-11 18:20:07.004  75 83 I channel139887613306624 self_thread_id = 139887613306624, last time delay.time = 17, now count = 825, i = 3
2023-01-11 18:20:07.004  75 82 I channel139887621699328 self_thread_id = 139887621699328, last time delay.time = 9, now count = 828, i = 3
2023-01-11 18:20:07.004  75 83 I channel139887613306624 self_thread_id = 139887613306624, last time delay.time = 17, now count = 825, i = 3
2023-01-11 18:20:07.004  75 83 W channel139887613306624 self_thread_id = 139887613306624, last time delay.time = 17, now count = 825, i = 3
2023-01-11 18:20:07.004  75 82 I channel139887621699328 self_thread_id = 139887621699328, last time delay.time = 9, now count = 828, i = 3
2023-01-11 18:20:07.004  75 83 E channel139887613306624 self_thread_id = 139887613306624, last time delay.time = 17, now count = 825, i = 3
2023-01-11 18:20:07.004  75 82 W channel139887621699328 self_thread_id = 139887621699328, last time delay.time = 9, now count = 828, i = 3
2023-01-11 18:20:07.004  75 80 I channel139887845451520 self_thread_id = 139887845451520, last time delay.time = 13, now count = 827, i = 3
2023-01-11 18:20:07.004  75 79 I channel139887853844224 self_thread_id = 139887853844224, last time delay.time = 8, now count = 829, i = 3
2023-01-11 18:20:07.004  75 80 I channel139887845451520 self_thread_id = 139887845451520, last time delay.time = 13, now count = 827, i = 3
2023-01-11 18:20:07.004  75 82 E channel139887621699328 self_thread_id = 139887621699328, last time delay.time = 9, now count = 828, i = 3
2023-01-11 18:20:07.004  75 84 I channel139887604913920 self_thread_id = 139887604913920, last time delay.time = 9, now count = 830, i = 3
2023-01-11 18:20:07.004  75 80 W channel139887845451520 self_thread_id = 139887845451520, last time delay.time = 13, now count = 827, i = 3
2023-01-11 18:20:07.004  75 79 I channel139887853844224 self_thread_id = 139887853844224, last time delay.time = 8, now count = 829, i = 3
2023-01-11 18:20:07.004  75 79 W channel139887853844224 self_thread_id = 139887853844224, last time delay.time = 8, now count = 829, i = 3
2023-01-11 18:20:07.004  75 80 E channel139887845451520 self_thread_id = 139887845451520, last time delay.time = 13, now count = 827, i = 3
2023-01-11 18:20:07.004  75 79 E channel139887853844224 self_thread_id = 139887853844224, last time delay.time = 8, now count = 829, i = 3
2023-01-11 18:20:07.004  75 77 I channel139887870629632 self_thread_id = 139887870629632, last time delay.time = 16, now count = 826, i = 3
2023-01-11 18:20:07.004  75 84 I channel139887604913920 self_thread_id = 139887604913920, last time delay.time = 9, now count = 830, i = 3
2023-01-11 18:20:07.004  75 84 W channel139887604913920 self_thread_id = 139887604913920, last time delay.time = 9, now count = 830, i = 3
2023-01-11 18:20:07.004  75 77 I channel139887870629632 self_thread_id = 139887870629632, last time delay.time = 16, now count = 826, i = 3
2023-01-11 18:20:07.004  75 84 E channel139887604913920 self_thread_id = 139887604913920, last time delay.time = 9, now count = 830, i = 3
2023-01-11 18:20:07.004  75 77 W channel139887870629632 self_thread_id = 139887870629632, last time delay.time = 16, now count = 826, i = 3
2023-01-11 18:20:07.004  75 77 E channel139887870629632 self_thread_id = 139887870629632, last time delay.time = 16, now count = 826, i = 3
2023-01-11 18:20:07.005  75 81 I channel139887837058816 self_thread_id = 139887837058816, last time delay.time = 8, now count = 831, i = 3
2023-01-11 18:20:07.005  75 81 I channel139887837058816 self_thread_id = 139887837058816, last time delay.time = 8, now count = 831, i = 3
2023-01-11 18:20:07.005  75 81 W channel139887837058816 self_thread_id = 139887837058816, last time delay.time = 8, now count = 831, i = 3
2023-01-11 18:20:07.005  75 78 I channel139887862236928 self_thread_id = 139887862236928, last time delay.time = 11, now count = 832, i = 3
2023-01-11 18:20:07.005  75 81 E channel139887837058816 self_thread_id = 139887837058816, last time delay.time = 8, now count = 831, i = 3
2023-01-11 18:20:07.005  75 78 I channel139887862236928 self_thread_id = 139887862236928, last time delay.time = 11, now count = 832, i = 3
2023-01-11 18:20:07.005  75 78 W channel139887862236928 self_thread_id = 139887862236928, last time delay.time = 11, now count = 832, i = 3
2023-01-11 18:20:07.005  75 78 E channel139887862236928 self_thread_id = 139887862236928, last time delay.time = 11, now count = 832, i = 3
2023-01-11 18:20:08.004  75 83 I channel139887613306624 self_thread_id = 139887613306624, last time delay.time = 17, now count = 825, i = 4
2023-01-11 18:20:08.004  75 82 I channel139887621699328 self_thread_id = 139887621699328, last time delay.time = 9, now count = 828, i = 4
2023-01-11 18:20:08.004  75 80 I channel139887845451520 self_thread_id = 139887845451520, last time delay.time = 13, now count = 827, i = 4
2023-01-11 18:20:08.004  75 83 I channel139887613306624 self_thread_id = 139887613306624, last time delay.time = 17, now count = 825, i = 4
2023-01-11 18:20:08.004  75 83 W channel139887613306624 self_thread_id = 139887613306624, last time delay.time = 17, now count = 825, i = 4
2023-01-11 18:20:08.004  75 84 I channel139887604913920 self_thread_id = 139887604913920, last time delay.time = 9, now count = 830, i = 4
2023-01-11 18:20:08.004  75 82 I channel139887621699328 self_thread_id = 139887621699328, last time delay.time = 9, now count = 828, i = 4
