2023-01-11 18:04:32.829  75 78 I channel139887862236928 self_thread_id = 139887862236928, last time delay.time = 9, now count = 332, i = 4
2023-01-11 18:04:32.829  75 83 I channel139887613306624 self_thread_id = 139887613306624, last time delay.time = 10, now count = 331, i = 4
2023-01-11 18:04:32.829  75 83 W channel139887613306624 self_thread_id = 139887613306624, last time delay.time = 10, now count = 331, i = 4
2023-01-11 18:04:32.829  75 78 I channel139887862236928 self_thread_id = 139887862236928, last time delay.time = 9, now count = 332, i = 4
2023-01-11 18:04:32.829  75 83 E channel139887613306624 self_thread_id = 139887613306624, last time delay.time = 10, now count = 331, i = 4
2023-01-11 18:04:32.829  75 83 I channel139887613306624 self_thread_id = 139887613306624, last time delay.time = 10, now count = 340
2023-01-11 18:04:32.829  75 78 W channel139887862236928 self_thread_id = 139887862236928, last time delay.time = 9, now count = 332, i = 4
2023-01-11 18:04:32.829  75 78 E channel139887862236928 self_thread_id = 139887862236928, last time delay.time = 9, now count = 332, i = 4
2023-01-11 18:04:32.829  75 78 I channel139887862236928 self_thread_id = 139887862236928, last time delay.time = 9, now count = 341
2023-01-11 18:04:32.830  75 82 I channel139887621699328 self_thread_id = 139887621699328, last time delay.time = 8, now count = 334, i = 4
2023-01-11 18:04:32.830  75 82 I channel139887621699328 self_thread_id = 139887621699328, last time delay.time = 8, now count = 334, i = 4
2023-01-11 18:04:32.830  75 82 W channel139887621699328 self_thread_id = 139887621699328, last time delay.time = 8, now count = 334, i = 4
2023-01-11 18:04:32.830  75 82 E channel139887621699328 self_thread_id = 139887621699328, last time delay.time = 8, now count = 334, i = 4
2023-01-11 18:04:32.830  75 82 I channel139887621699328 self_thread_id = 139887621699328, last time delay.time = 8, now count = 342
2023-01-11 18:04:32.830  75 84 I channel139887604913920 self_thread_id = 139887604913920, last time delay.time = 8, now count = 335, i = 4
2023-01-11 18:04:32.830  75 84 I channel139887604913920 self_thread_id = 139887604913920, last time delay.time = 8, now count = 335, i = 4
2023-01-11 18:04:32.830  75 84 W channel139887604913920 self_thread_id = 139887604913920, last time delay.time = 8, now count = 335, i = 4
2023-01-11 18:04:32.830  75 84 E channel139887604913920 self_thread_id = 139887604913920, last time delay.time = 8, now count = 335, i = 4
2023-01-11 18:04:32.830  75 84 I channel139887604913920 self_thread_id = 139887604913920, last time delay.time = 8, now count = 343
2023-01-11 18:04:32.830  75 81 I channel139887837058816 self_thread_id = 139887837058816, last time delay.time = 9, now count = 336, i = 4
2023-01-11 18:04:32.830  75 81 I channel139887837058816 self_thread_id = 139887837058816, last time delay.time = 9, now count = 336, i = 4
2023-01-11 18:04:32.830  75 81 W channel139887837058816 self_thread_id = 139887837058816, last time delay.time = 9, now count = 336, i = 4
2023-01-11 18:04:32.830  75 81 E channel139887837058816 self_thread_id = 139887837058816, last time delay.time = 9, now count = 336, i = 4
2023-01-11 18:04:32.830  75 81 I channel139887837058816 self_thread_id = 139887837058816, last time delay.time = 9, now count = 344
2023-01-11 18:04:33.829  75 79 I channel139887853844224 self_thread_id = 139887853844224, last time delay.time = 8, now count = 337, i = 0
2023-01-11 18:04:33.829  75 79 I channel139887853844224 self_thread_id = 139887853844224, last time delay.time = 8, now count = 337, i = 0
2023-01-11 18:04:33.829  75 79 W channel139887853844224 self_thread_id = 139887853844224, last time delay.time = 8, now count = 337, i = 0
2023-01-11 18:04:33.829  75 79 E channel139887853844224 self_thread_id = 139887853844224, last time delay.time = 8, now count = 337, i = 0
2023-01-11 18:04:33.829  75 77 I channel139887870629632 self_thread_id = 139887870629632, last time delay.time = 11, now count = 338, i = 0
2023-01-11 18:04:33.829  75 80 I channel139887845451520 self_thread_id = 139887845451520, last time delay.time = 11, now count = 339, i = 0
2023-01-11 18:04:33.829  75 77 I channel139887870629632 self_thread_id = 139887870629632, last time delay.time = 11, now count = 338, i = 0
2023-01-11 18:04:33.829  75 77 W channel139887870629632 self_thread_id = 139887870629632, last time delay.time = 11, now count = 338, i = 0
2023-01-11 18:04:33.829  75 80 I channel139887845451520 self_thread_id = 139887845451520, last time delay.time = 11, now count = 339, i = 0
2023-01-11 18:04:33.829  75 77 E channel139887870629632 self_thread_id = 139887870629632, last time delay.time = 11, now count = 338, i = 0
2023-01-11 18:04:33.829  75 80 W channel139887845451520 self_thread_id = 139887845451520, last time delay.time = 11, now count = 339, i = 0
2023-01-11 18:04:33.829  75 80 E channel139887845451520 self_thread_id = 139887845451520, last time delay.time = 11, now count = 339, i = 0
2023-01-11 18:04:33.830  75 83 I channel139887613306624 self_thread_id = 139887613306624, last time delay.time = 9, now count = 340, i = 0
2023-01-11 18:04:33.830  75 78 I channel139887862236928 self_thread_id = 139887862236928, last time delay.time = 8, now count = 341, i = 0
2023-01-11 18:04:33.830  75 83 I channel139887613306624 self_thread_id = 139887613306624, last time delay.time = 9, now count = 340, i = 0
2023-01-11 18:04:33.830  75 83 W channel139887613306624 self_thread_id = 139887613306624, last time delay.time = 9, now count = 340, i = 0
2023-01-11 18:04:33.830  75 78 I channel139887862236928 self_thread_id = 139887862236928, last time delay.time = 8, now count = 341, i = 0
2023-01-11 18:04:33.830  75 83 E channel139887613306624 self_thread_id = 139887613306624, last time delay.time = 9, now count = 340, i = 0
2023-01-11 18:04:33.830  75 78 W channel139887862236928 self_thread_id = 139887862236928, last time delay.time = 8, now count = 341, i = 0
2023-01-11 18:04:33.830  75 78 E channel139887862236928 self_thread_id = 139887862236928, last time delay.time = 8, now count = 341, i = 0
2023-01-11 18:04:33.830  75 82 I channel139887621699328 self_thread_id = 139887621699328, last time delay.time = 8, now count = 342, i = 0
2023-01-11 18:04:33.830  75 82 I channel139887621699328 self_thread_id = 139887621699328, last time delay.time = 8, now count = 342, i = 0
2023-01-11 18:04:33.830  75 82 W channel139887621699328 self_thread_id = 139887621699328, last time delay.time = 8, now count = 342, i = 0
2023-01-11 18:04:33.830  75 82 E channel139887621699328 self_thread_id = 139887621699328, last time delay.time = 8, now count = 342, i = 0
2023-01-11 18:04:33.830  75 84 I channel139887604913920 self_thread_id = 139887604913920, last time delay.time = 9, now count = 343, i = 0
2023-01-11 18:04:33.830  75 84 I channel139887604913920 self_thread_id = 139887604913920, last time delay.time = 9, now count = 343, i = 0
2023-01-11 18:04:33.830  75 84 W channel139887604913920 self_thread_id = 139887604913920, last time delay.time = 9, now count = 343, i = 0
2023-01-11 18:04:33.830  75 84 E channel139887604913920 self_thread_id = 139887604913920, last time delay.time = 9, now count = 343, i = 0
2023-01-11 18:04:33.831  75 81 I channel139887837058816 self_thread_id = 139887837058816, last time delay.time = 8, now count = 344, i = 0
2023-01-11 18:04:33.831  75 81 I channel139887837058816 self_thread_id = 139887837058816, last time delay.time = 8, now count = 344, i = 0
2023-01-11 18:04:33.831  75 81 W channel139887837058816 self_thread_id = 139887837058816, last time delay.time = 8, now count = 344, i = 0
2023-01-11 18:04:33.831  75 81 E channel139887837058816 self_thread_id = 139887837058816, last time delay.time = 8, now count = 344, i = 0
2023-01-11 18:04:34.829  75 79 I channel139887853844224 self_thread_id = 139887853844224, last time delay.time = 8, now count = 337, i = 1
2023-01-11 18:04:34.829  75 79 I channel139887853844224 self_thread_id = 139887853844224, last time delay.time = 8, now count = 337, i = 1
2023-01-11 18:04:34.829  75 79 W channel139887853844224 self_thread_id = 139887853844224, last time delay.time = 8, now count = 337, i = 1
2023-01-11 18:04:34.829  75 79 E channel139887853844224 self_thread_id = 139887853844224, last time delay.time = 8, now count = 337, i = 1
2023-01-11 18:04:34.830  75 80 I channel139887845451520 self_thread_id = 139887845451520, last time delay.time = 11, now count = 339, i = 1
2023-01-11 18:04:34.830  75 77 I channel139887870629632 self_thread_id = 139887870629632, last time delay.time = 11, now count = 338, i = 1
2023-01-11 18:04:34.830  75 80 I channel139887845451520 self_thread_id = 139887845451520, last time delay.time = 11, now count = 339, i = 1
2023-01-11 18:04:34.830  75 80 W channel139887845451520 self_thread_id = 139887845451520, last time delay.time = 11, now count = 339, i = 1
2023-01-11 18:04:34.830  75 80 E channel139887845451520 self_thread_id = 139887845451520, last time delay.time = 11, now count = 339, i = 1
2023-01-11 18:04:34.830  75 77 I channel139887870629632 self_thread_id = 139887870629632, last time delay.time = 11, now count = 338, i = 1
2023-01-11 18:04:34.830  75 77 W channel139887870629632 self_thread_id = 139887870629632, last time delay.time = 11, now count = 338, i = 1
2023-01-11 18:04:34.830  75 77 E channel139887870629632 self_thread_id = 139887870629632, last time delay.time = 11, now count = 338, i = 1
2023-01-11 18:04:34.830  75 83 I channel139887613306624 self_thread_id = 139887613306624, last time delay.time = 9, now count = 340, i = 1
2023-01-11 18:04:34.830  75 78 I channel139887862236928 self_thread_id = 139887862236928, last time delay.time = 8, now count = 341, i = 1
2023-01-11 18:04:34.830  75 83 I channel139887613306624 self_thread_id = 139887613306624, last time delay.time = 9, now count = 340, i = 1
2023-01-11 18:04:34.830  75 78 I channel139887862236928 self_thread_id = 139887862236928, last time delay.time = 8, now count = 341, i = 1
2023-01-11 18:04:34.830  75 83 W channel139887613306624 self_thread_id = 139887613306624, last time delay.time = 9, now count = 340, i = 1
2023-01-11 18:04:34.830  75 78 W channel139887862236928 self_thread_id = 139887862236928, last time delay.time = 8, now count = 341, i = 1
2023-01-11 18:04:34.830  75 83 E channel139887613306624 self_thread_id = 139887613306624, last time delay.time = 9, now count = 340, i = 1
2023-01-11 18:04:34.830  75 78 E channel139887862236928 self_thread_id = 139887862236928, last time delay.time = 8, now count = 341, i = 1
2023-01-11 18:04:34.830  75 82 I channel139887621699328 self_thread_id = 139887621699328, last time delay.time = 8, now count = 342, i = 1
2023-01-11 18:04:34.830  75 82 I channel139887621699328 self_thread_id = 139887621699328, last time delay.time = 8, now count = 342, i = 1
2023-01-11 18:04:34.830  75 82 W channel139887621699328 self_thread_id = 139887621699328, last time delay.time = 8, now count = 342, i = 1
2023-01-11 18:04:34.830  75 82 E channel139887621699328 self_thread_id = 139887621699328, last time delay.time = 8, now count = 342, i = 1
2023-01-11 18:04:34.831  75 84 I channel139887604913920 self_thread_id = 139887604913920, last time delay.time = 9, now count = 343, i = 1
2023-01-11 18:04:34.831  75 84 I channel139887604913920 self_thread_id = 139887604913920, last time delay.time = 9, now count = 343, i = 1
2023-01-11 18:04:34.831  75 84 W channel139887604913920 self_thread_id = 139887604913920, last time delay.time = 9, now count = 343, i = 1
2023-01-11 18:04:34.831  75 84 E channel139887604913920 self_thread_id = 139887604913920, last time delay.time = 9, now count = 343, i = 1
2023-01-11 18:04:34.831  75 81 I channel139887837058816 self_thread_id = 139887837058816, last time delay.time = 8, now count = 344, i = 1
2023-01-11 18:04:34.831  75 81 I channel139887837058816 self_thread_id = 139887837058816, last time delay.time = 8, now count = 344, i = 1
2023-01-11 18:04:34.831  75 81 W channel139887837058816 self_thread_id = 139887837058816, last time delay.time = 8, now count = 344, i = 1
2023-01-11 18:04:34.831  75 81 E channel139887837058816 self_thread_id = 139887837058816, last time delay.time = 8, now count = 344, i = 1
2023-01-11 18:04:35.830  75 79 I channel139887853844224 self_thread_id = 139887853844224, last time delay.time = 8, now count = 337, i = 2
2023-01-11 18:04:35.830  75 79 I channel139887853844224 self_thread_id = 139887853844224, last time delay.time = 8, now count = 337, i = 2
2023-01-11 18:04:35.830  75 79 W channel139887853844224 self_thread_id = 139887853844224, last time delay.time = 8, now count = 337, i = 2
2023-01-11 18:04:35.830  75 79 E channel139887853844224 self_thread_id = 139887853844224, last time delay.time = 8, now count = 337, i = 2
2023-01-11 18:04:35.830  75 80 I channel139887845451520 self_thread_id = 139887845451520, last time delay.time = 11, now count = 339, i = 2
2023-01-11 18:04:35.830  75 77 I channel139887870629632 self_thread_id = 139887870629632, last time delay.time = 11, now count = 338, i = 2
2023-01-11 18:04:35.830  75 80 I channel139887845451520 self_thread_id = 139887845451520, last time delay.time = 11, now count = 339, i = 2
2023-01-11 18:04:35.830  75 77 I channel139887870629632 self_thread_id = 139887870629632, last time delay.time = 11, now count = 338, i = 2
2023-01-11 18:04:35.830  75 80 W channel139887845451520 self_thread_id = 139887845451520, last time delay.time = 11, now count = 339, i = 2
2023-01-11 18:04:35.830  75 77 W channel139887870629632 self_thread_id = 139887870629632, last time delay.time = 11, now count = 338, i = 2
2023-01-11 18:04:35.830  75 80 E channel139887845451520 self_thread_id = 139887845451520, last time delay.time = 11, now count = 339, i = 2
2023-01-11 18:04:35.830  75 83 I channel139887613306624 self_thread_id = 139887613306624, last time delay.time = 9, now count = 340, i = 2
2023-01-11 18:04:35.830  75 77 E channel139887870629632 self_thread_id = 139887870629632, last time delay.time = 11, now count = 338, i = 2
2023-01-11 18:04:35.830  75 83 I channel139887613306624 self_thread_id = 139887613306624, last time delay.time = 9, now count = 340, i = 2
2023-01-11 18:04:35.830  75 83 W channel139887613306624 self_thread_id = 139887613306624, last time delay.time = 9, now count = 340, i = 2
2023-01-11 18:04:35.830  75 83 E channel139887613306624 self_thread_id = 139887613306624, last time delay.time = 9, now count = 340, i = 2
2023-01-11 18:04:35.830  75 78 I channel139887862236928 self_thread_id = 139887862236928, last time delay.time = 8, now count = 341, i = 2
2023-01-11 18:04:35.830  75 78 I channel139887862236928 self_thread_id = 139887862236928, last time delay.time = 8, now count = 341, i = 2
2023-01-11 18:04:35.830  75 78 W channel139887862236928 self_thread_id = 139887862236928, last time delay.time = 8, now count = 341, i = 2
2023-01-11 18:04:35.830  75 78 E channel139887862236928 self_thread_id = 139887862236928, last time delay.time = 8, now count = 341, i = 2
2023-01-11 18:04:35.830  75 82 I channel139887621699328 self_thread_id = 139887621699328, last time delay.time = 8, now count = 342, i = 2
2023-01-11 18:04:35.830  75 82 I channel139887621699328 self_thread_id = 139887621699328, last time delay.time = 8, now count = 342, i = 2
2023-01-11 18:04:35.830  75 82 W channel139887621699328 self_thread_id = 139887621699328, last time delay.time = 8, now count = 342, i = 2
2023-01-11 18:04:35.830  75 82 E channel139887621699328 self_thread_id = 139887621699328, last time delay.time = 8, now count = 342, i = 2
2023-01-11 18:04:35.831  75 84 I channel139887604913920 self_thread_id = 139887604913920, last time delay.time = 9, now count = 343, i = 2
2023-01-11 18:04:35.831  75 84 I channel139887604913920 self_thread_id = 139887604913920, last time delay.time = 9, now count = 343, i = 2
2023-01-11 18:04:35.831  75 84 W channel139887604913920 self_thread_id = 139887604913920, last time delay.time = 9, now count = 343, i = 2
2023-01-11 18:04:35.831  75 84 E channel139887604913920 self_thread_id = 139887604913920, last time delay.time = 9, now count = 343, i = 2
2023-01-11 18:04:35.831  75 81 I channel139887837058816 self_thread_id = 139887837058816, last time delay.time = 8, now count = 344, i = 2
2023-01-11 18:04:35.831  75 81 I channel139887837058816 self_thread_id = 139887837058816, last time delay.time = 8, now count = 344, i = 2
2023-01-11 18:04:35.831  75 81 W channel139887837058816 self_thread_id = 139887837058816, last time delay.time = 8, now count = 344, i = 2
2023-01-11 18:04:35.831  75 81 E channel139887837058816 self_thread_id = 139887837058816, last time delay.time = 8, now count = 344, i = 2
2023-01-11 18:04:36.530  75 75 I APP.tag TestComponent::Proc
2023-01-11 18:04:36.530  75 75 I APP.tag ****************test INFO begin****************
2023-01-11 18:04:36.530  75 75 I APP.tag 测试 index = 835组
2023-01-11 18:04:36.530  75 75 E APP.tag 循环计数 i = 1次
2023-01-11 18:04:36.530  75 75 I APP.tag test LOG_Trace()
2023-01-11 18:04:36.530  75 75 I vscode 循环计数 i = 1次,test LOG_Channel_Trace()
2023-01-11 18:04:36.530  75 75 E APP.tag 循环计数 i = 2次
2023-01-11 18:04:36.530  75 75 E APP.tag 循环计数 i = 3次
2023-01-11 18:04:36.530  75 75 I APP.tag test LOG_Info()
2023-01-11 18:04:36.530  75 75 I baidu 循环计数 i = 3次,test LOG_Channel_Info()
2023-01-11 18:04:36.530  75 75 E APP.tag 循环计数 i = 4次
2023-01-11 18:04:36.530  75 75 W APP.tag test LOG_Warn()
2023-01-11 18:04:36.530  75 75 W google 循环计数 i = 4次,test LOG_Channel_Warn()
2023-01-11 18:04:36.530  75 75 E APP.tag 循环计数 i = 5次
2023-01-11 18:04:36.530  75 75 E APP.tag test LOG_Error()
2023-01-11 18:04:36.530  75 75 E visio 循环计数 i = 5次,test LOG_Channel_Error()
2023-01-11 18:04:36.530  75 75 I APP.tag print coredump DataLen:2 Data[01 00]
2023-01-11 18:04:36.530  75 75 W coredump 0x0000000a 0a 00 00 00 0b 00 00 00 0c 00 00 00 0d 00 00 00 0e 00 00 00
2023-01-11 18:04:36.530  75 75 I APP.tag ****************test INFO end****************
2023-01-11 18:04:36.830  75 79 I channel139887853844224 self_thread_id = 139887853844224, last time delay.time = 8, now count = 337, i = 3
2023-01-11 18:04:36.830  75 79 I channel139887853844224 self_thread_id = 139887853844224, last time delay.time = 8, now count = 337, i = 3
2023-01-11 18:04:36.830  75 79 W channel139887853844224 self_thread_id = 139887853844224, last time delay.time = 8, now count = 337, i = 3
2023-01-11 18:04:36.830  75 79 E channel139887853844224 self_thread_id = 139887853844224, last time delay.time = 8, now count = 337, i = 3
2023-01-11 18:04:36.830  75 80 I channel139887845451520 self_thread_id = 139887845451520, last time delay.time = 11, now count = 339, i = 3
2023-01-11 18:04:36.830  75 80 I channel139887845451520 self_thread_id = 139887845451520, last time delay.time = 11, now count = 339, i = 3
2023-01-11 18:04:36.830  75 77 I channel139887870629632 self_thread_id = 139887870629632, last time delay.time = 11, now count = 338, i = 3
2023-01-11 18:04:36.830  75 80 W channel139887845451520 self_thread_id = 139887845451520, last time delay.time = 11, now count = 339, i = 3
2023-01-11 18:04:36.830  75 78 I channel139887862236928 self_thread_id = 139887862236928, last time delay.time = 8, now count = 341, i = 3
2023-01-11 18:04:36.830  75 80 E channel139887845451520 self_thread_id = 139887845451520, last time delay.time = 11, now count = 339, i = 3
2023-01-11 18:04:36.830  75 77 I channel139887870629632 self_thread_id = 139887870629632, last time delay.time = 11, now count = 338, i = 3
2023-01-11 18:04:36.830  75 77 W channel139887870629632 self_thread_id = 139887870629632, last time delay.time = 11, now count = 338, i = 3
2023-01-11 18:04:36.830  75 78 I channel139887862236928 self_thread_id = 139887862236928, last time delay.time = 8, now count = 341, i = 3
2023-01-11 18:04:36.830  75 78 W channel139887862236928 self_thread_id = 139887862236928, last time delay.time = 8, now count = 341, i = 3
2023-01-11 18:04:36.830  75 83 I channel139887613306624 self_thread_id = 139887613306624, last time delay.time = 9, now count = 340, i = 3
2023-01-11 18:04:36.830  75 78 E channel139887862236928 self_thread_id = 139887862236928, last time delay.time = 8, now count = 341, i = 3
2023-01-11 18:04:36.830  75 77 E channel139887870629632 self_thread_id = 139887870629632, last time delay.time = 11, now count = 338, i = 3
2023-01-11 18:04:36.830  75 83 I channel139887613306624 self_thread_id = 139887613306624, last time delay.time = 9, now count = 340, i = 3
2023-01-11 18:04:36.830  75 83 W channel139887613306624 self_thread_id = 139887613306624, last time delay.time = 9, now count = 340, i = 3
2023-01-11 18:04:36.830  75 83 E channel139887613306624 self_thread_id = 139887613306624, last time delay.time = 9, now count = 340, i = 3
2023-01-11 18:04:36.830  75 82 I channel139887621699328 self_thread_id = 139887621699328, last time delay.time = 8, now count = 342, i = 3
2023-01-11 18:04:36.830  75 82 I channel139887621699328 self_thread_id = 139887621699328, last time delay.time = 8, now count = 342, i = 3
2023-01-11 18:04:36.830  75 82 W channel139887621699328 self_thread_id = 139887621699328, last time delay.time = 8, now count = 342, i = 3
2023-01-11 18:04:36.830  75 82 E channel139887621699328 self_thread_id = 139887621699328, last time delay.time = 8, now count = 342, i = 3
2023-01-11 18:04:36.831  75 84 I channel139887604913920 self_thread_id = 139887604913920, last time delay.time = 9, now count = 343, i = 3
2023-01-11 18:04:36.831  75 81 I channel139887837058816 self_thread_id = 139887837058816, last time delay.time = 8, now count = 344, i = 3
2023-01-11 18:04:36.831  75 84 I channel139887604913920 self_thread_id = 139887604913920, last time delay.time = 9, now count = 343, i = 3
2023-01-11 18:04:36.831  75 81 I channel139887837058816 self_thread_id = 139887837058816, last time delay.time = 8, now count = 344, i = 3
2023-01-11 18:04:36.831  75 84 W channel139887604913920 self_thread_id = 139887604913920, last time delay.time = 9, now count = 343, i = 3
2023-01-11 18:04:36.831  75 81 W channel139887837058816 self_thread_id = 139887837058816, last time delay.time = 8, now count = 344, i = 3
2023-01-11 18:04:36.831  75 81 E channel139887837058816 self_thread_id = 139887837058816, last time delay.time = 8, now count = 344, i = 3
2023-01-11 18:04:36.831  75 84 E channel139887604913920 self_thread_id = 139887604913920, last time delay.time = 9, now count = 343, i = 3
2023-01-11 18:04:37.830  75 79 I channel139887853844224 self_thread_id = 139887853844224, last time delay.time = 8, now count = 337, i = 4
2023-01-11 18:04:37.830  75 79 I channel139887853844224 self_thread_id = 139887853844224, last time delay.time = 8, now count = 337, i = 4
2023-01-11 18:04:37.830  75 79 W channel139887853844224 self_thread_id = 139887853844224, last time delay.time = 8, now count = 337, i = 4
2023-01-11 18:04:37.830  75 79 E channel139887853844224 self_thread_id = 139887853844224, last time delay.time = 8, now count = 337, i = 4
2023-01-11 18:04:37.830  75 79 I channel139887853844224 self_thread_id = 139887853844224, last time delay.time = 8, now count = 345
2023-01-11 18:04:37.830  75 80 I channel139887845451520 self_thread_id = 139887845451520, last time delay.time = 11, now count = 339, i = 4
2023-01-11 18:04:37.830  75 80 I channel139887845451520 self_thread_id = 139887845451520, last time delay.time = 11, now count = 339, i = 4
2023-01-11 18:04:37.830  75 80 W channel139887845451520 self_thread_id = 139887845451520, last time delay.time = 11, now count = 339, i = 4
2023-01-11 18:04:37.830  75 80 E channel139887845451520 self_thread_id = 139887845451520, last time delay.time = 11, now count = 339, i = 4
2023-01-11 18:04:37.830  75 80 I channel139887845451520 self_thread_id = 139887845451520, last time delay.time = 11, now count = 346
2023-01-11 18:04:37.830  75 78 I channel139887862236928 self_thread_id = 139887862236928, last time delay.time = 8, now count = 341, i = 4
2023-01-11 18:04:37.830  75 77 I channel139887870629632 self_thread_id = 139887870629632, last time delay.time = 11, now count = 338, i = 4
2023-01-11 18:04:37.830  75 78 I channel139887862236928 self_thread_id = 139887862236928, last time delay.time = 8, now count = 341, i = 4
2023-01-11 18:04:37.830  75 83 I channel139887613306624 self_thread_id = 139887613306624, last time delay.time = 9, now count = 340, i = 4
2023-01-11 18:04:37.830  75 78 W channel139887862236928 self_thread_id = 139887862236928, last time delay.time = 8, now count = 341, i = 4
2023-01-11 18:04:37.830  75 77 I channel139887870629632 self_thread_id = 139887870629632, last time delay.time = 11, now count = 338, i = 4
2023-01-11 18:04:37.830  75 78 E channel139887862236928 self_thread_id = 139887862236928, last time delay.time = 8, now count = 341, i = 4
2023-01-11 18:04:37.830  75 83 I channel139887613306624 self_thread_id = 139887613306624, last time delay.time = 9, now count = 340, i = 4
2023-01-11 18:04:37.830  75 77 W channel139887870629632 self_thread_id = 139887870629632, last time delay.time = 11, now count = 338, i = 4
2023-01-11 18:04:37.830  75 83 W channel139887613306624 self_thread_id = 139887613306624, last time delay.time = 9, now count = 340, i = 4
2023-01-11 18:04:37.830  75 83 E channel139887613306624 self_thread_id = 139887613306624, last time delay.time = 9, now count = 340, i = 4
2023-01-11 18:04:37.830  75 77 E channel139887870629632 self_thread_id = 139887870629632, last time delay.time = 11, now count = 338, i = 4
2023-01-11 18:04:37.830  75 83 I channel139887613306624 self_thread_id = 139887613306624, last time delay.time = 9, now count = 349
2023-01-11 18:04:37.830  75 78 I channel139887862236928 self_thread_id = 139887862236928, last time delay.time = 8, now count = 347
2023-01-11 18:04:37.830  75 77 I channel139887870629632 self_thread_id = 139887870629632, last time delay.time = 11, now count = 348
2023-01-11 18:04:37.830  75 82 I channel139887621699328 self_thread_id = 139887621699328, last time delay.time = 8, now count = 342, i = 4
2023-01-11 18:04:37.830  75 82 I channel139887621699328 self_thread_id = 139887621699328, last time delay.time = 8, now count = 342, i = 4
2023-01-11 18:04:37.830  75 82 W channel139887621699328 self_thread_id = 139887621699328, last time delay.time = 8, now count = 342, i = 4
2023-01-11 18:04:37.830  75 82 E channel139887621699328 self_thread_id = 139887621699328, last time delay.time = 8, now count = 342, i = 4
2023-01-11 18:04:37.830  75 82 I channel139887621699328 self_thread_id = 139887621699328, last time delay.time = 8, now count = 350
2023-01-11 18:04:37.831  75 81 I channel139887837058816 self_thread_id = 139887837058816, last time delay.time = 8, now count = 344, i = 4
2023-01-11 18:04:37.831  75 81 I channel139887837058816 self_thread_id = 139887837058816, last time delay.time = 8, now count = 344, i = 4
2023-01-11 18:04:37.831  75 81 W channel139887837058816 self_thread_id = 139887837058816, last time delay.time = 8, now count = 344, i = 4
2023-01-11 18:04:37.831  75 81 E channel139887837058816 self_thread_id = 139887837058816, last time delay.time = 8, now count = 344, i = 4
2023-01-11 18:04:37.831  75 81 I channel139887837058816 self_thread_id = 139887837058816, last time delay.time = 8, now count = 351
2023-01-11 18:04:37.831  75 84 I channel139887604913920 self_thread_id = 139887604913920, last time delay.time = 9, now count = 343, i = 4
2023-01-11 18:04:37.831  75 84 I channel139887604913920 self_thread_id = 139887604913920, last time delay.time = 9, now count = 343, i = 4
2023-01-11 18:04:37.831  75 84 W channel139887604913920 self_thread_id = 139887604913920, last time delay.time = 9, now count = 343, i = 4
2023-01-11 18:04:37.831  75 84 E channel139887604913920 self_thread_id = 139887604913920, last time delay.time = 9, now count = 343, i = 4
2023-01-11 18:04:37.831  75 84 I channel139887604913920 self_thread_id = 139887604913920, last time delay.time = 9, now count = 352
2023-01-11 18:04:38.830  75 79 I channel139887853844224 self_thread_id = 139887853844224, last time delay.time = 9, now count = 345, i = 0
2023-01-11 18:04:38.830  75 79 I channel139887853844224 self_thread_id = 139887853844224, last time delay.time = 9, now count = 345, i = 0
2023-01-11 18:04:38.830  75 79 W channel139887853844224 self_thread_id = 139887853844224, last time delay.time = 9, now count = 345, i = 0
2023-01-11 18:04:38.830  75 79 E channel139887853844224 self_thread_id = 139887853844224, last time delay.time = 9, now count = 345, i = 0
2023-01-11 18:04:38.830  75 80 I channel139887845451520 self_thread_id = 139887845451520, last time delay.time = 8, now count = 346, i = 0
2023-01-11 18:04:38.830  75 80 I channel139887845451520 self_thread_id = 139887845451520, last time delay.time = 8, now count = 346, i = 0
2023-01-11 18:04:38.830  75 80 W channel139887845451520 self_thread_id = 139887845451520, last time delay.time = 8, now count = 346, i = 0
2023-01-11 18:04:38.830  75 80 E channel139887845451520 self_thread_id = 139887845451520, last time delay.time = 8, now count = 346, i = 0
2023-01-11 18:04:38.830  75 83 I channel139887613306624 self_thread_id = 139887613306624, last time delay.time = 9, now count = 349, i = 0
2023-01-11 18:04:38.830  75 83 I channel139887613306624 self_thread_id = 139887613306624, last time delay.time = 9, now count = 349, i = 0
2023-01-11 18:04:38.830  75 83 W channel139887613306624 self_thread_id = 139887613306624, last time delay.time = 9, now count = 349, i = 0
2023-01-11 18:04:38.830  75 83 E channel139887613306624 self_thread_id = 139887613306624, last time delay.time = 9, now count = 349, i = 0
2023-01-11 18:04:38.830  75 78 I channel139887862236928 self_thread_id = 139887862236928, last time delay.time = 13, now count = 347, i = 0
2023-01-11 18:04:38.831  75 78 I channel139887862236928 self_thread_id = 139887862236928, last time delay.time = 13, now count = 347, i = 0
2023-01-11 18:04:38.831  75 77 I channel139887870629632 self_thread_id = 139887870629632, last time delay.time = 10, now count = 348, i = 0
2023-01-11 18:04:38.831  75 78 W channel139887862236928 self_thread_id = 139887862236928, last time delay.time = 13, now count = 347, i = 0
2023-01-11 18:04:38.831  75 78 E channel139887862236928 self_thread_id = 139887862236928, last time delay.time = 13, now count = 347, i = 0
2023-01-11 18:04:38.831  75 77 I channel139887870629632 self_thread_id = 139887870629632, last time delay.time = 10, now count = 348, i = 0
2023-01-11 18:04:38.831  75 77 W channel139887870629632 self_thread_id = 139887870629632, last time delay.time = 10, now count = 348, i = 0
2023-01-11 18:04:38.831  75 77 E channel139887870629632 self_thread_id = 139887870629632, last time delay.time = 10, now count = 348, i = 0
2023-01-11 18:04:38.831  75 82 I channel139887621699328 self_thread_id = 139887621699328, last time delay.time = 8, now count = 350, i = 0
2023-01-11 18:04:38.831  75 82 I channel139887621699328 self_thread_id = 139887621699328, last time delay.time = 8, now count = 350, i = 0
2023-01-11 18:04:38.831  75 82 W channel139887621699328 self_thread_id = 139887621699328, last time delay.time = 8, now count = 350, i = 0
2023-01-11 18:04:38.831  75 82 E channel139887621699328 self_thread_id = 139887621699328, last time delay.time = 8, now count = 350, i = 0
2023-01-11 18:04:38.831  75 81 I channel139887837058816 self_thread_id = 139887837058816, last time delay.time = 4, now count = 351, i = 0
2023-01-11 18:04:38.831  75 81 I channel139887837058816 self_thread_id = 139887837058816, last time delay.time = 4, now count = 351, i = 0
2023-01-11 18:04:38.831  75 81 W channel139887837058816 self_thread_id = 139887837058816, last time delay.time = 4, now count = 351, i = 0
2023-01-11 18:04:38.831  75 81 E channel139887837058816 self_thread_id = 139887837058816, last time delay.time = 4, now count = 351, i = 0
2023-01-11 18:04:38.831  75 84 I channel139887604913920 self_thread_id = 139887604913920, last time delay.time = 8, now count = 352, i = 0
2023-01-11 18:04:38.831  75 84 I channel139887604913920 self_thread_id = 139887604913920, last time delay.time = 8, now count = 352, i = 0
2023-01-11 18:04:38.831  75 84 W channel139887604913920 self_thread_id = 139887604913920, last time delay.time = 8, now count = 352, i = 0
2023-01-11 18:04:38.832  75 84 E channel139887604913920 self_thread_id = 139887604913920, last time delay.time = 8, now count = 352, i = 0
2023-01-11 18:04:39.830  75 79 I channel139887853844224 self_thread_id = 139887853844224, last time delay.time = 9, now count = 345, i = 1
2023-01-11 18:04:39.830  75 79 I channel139887853844224 self_thread_id = 139887853844224, last time delay.time = 9, now count = 345, i = 1
2023-01-11 18:04:39.830  75 79 W channel139887853844224 self_thread_id = 139887853844224, last time delay.time = 9, now count = 345, i = 1
2023-01-11 18:04:39.830  75 79 E channel139887853844224 self_thread_id = 139887853844224, last time delay.time = 9, now count = 345, i = 1
2023-01-11 18:04:39.831  75 83 I channel139887613306624 self_thread_id = 139887613306624, last time delay.time = 9, now count = 349, i = 1
2023-01-11 18:04:39.831  75 83 I channel139887613306624 self_thread_id = 139887613306624, last time delay.time = 9, now count = 349, i = 1
2023-01-11 18:04:39.831  75 80 I channel139887845451520 self_thread_id = 139887845451520, last time delay.time = 8, now count = 346, i = 1
2023-01-11 18:04:39.831  75 83 W channel139887613306624 self_thread_id = 139887613306624, last time delay.time = 9, now count = 349, i = 1
2023-01-11 18:04:39.831  75 80 I channel139887845451520 self_thread_id = 139887845451520, last time delay.time = 8, now count = 346, i = 1
2023-01-11 18:04:39.831  75 83 E channel139887613306624 self_thread_id = 139887613306624, last time delay.time = 9, now count = 349, i = 1
2023-01-11 18:04:39.831  75 80 W channel139887845451520 self_thread_id = 139887845451520, last time delay.time = 8, now count = 346, i = 1
2023-01-11 18:04:39.831  75 80 E channel139887845451520 self_thread_id = 139887845451520, last time delay.time = 8, now count = 346, i = 1
2023-01-11 18:04:39.831  75 78 I channel139887862236928 self_thread_id = 139887862236928, last time delay.time = 13, now count = 347, i = 1
2023-01-11 18:04:39.831  75 77 I channel139887870629632 self_thread_id = 139887870629632, last time delay.time = 10, now count = 348, i = 1
2023-01-11 18:04:39.831  75 78 I channel139887862236928 self_thread_id = 139887862236928, last time delay.time = 13, now count = 347, i = 1
2023-01-11 18:04:39.831  75 78 W channel139887862236928 self_thread_id = 139887862236928, last time delay.time = 13, now count = 347, i = 1
2023-01-11 18:04:39.831  75 77 I channel139887870629632 self_thread_id = 139887870629632, last time delay.time = 10, now count = 348, i = 1
2023-01-11 18:04:39.831  75 78 E channel139887862236928 self_thread_id = 139887862236928, last time delay.time = 13, now count = 347, i = 1
2023-01-11 18:04:39.831  75 77 W channel139887870629632 self_thread_id = 139887870629632, last time delay.time = 10, now count = 348, i = 1
2023-01-11 18:04:39.831  75 77 E channel139887870629632 self_thread_id = 139887870629632, last time delay.time = 10, now count = 348, i = 1
2023-01-11 18:04:39.831  75 82 I channel139887621699328 self_thread_id = 139887621699328, last time delay.time = 8, now count = 350, i = 1
2023-01-11 18:04:39.831  75 82 I channel139887621699328 self_thread_id = 139887621699328, last time delay.time = 8, now count = 350, i = 1
2023-01-11 18:04:39.831  75 82 W channel139887621699328 self_thread_id = 139887621699328, last time delay.time = 8, now count = 350, i = 1
2023-01-11 18:04:39.831  75 82 E channel139887621699328 self_thread_id = 139887621699328, last time delay.time = 8, now count = 350, i = 1
2023-01-11 18:04:39.832  75 81 I channel139887837058816 self_thread_id = 139887837058816, last time delay.time = 4, now count = 351, i = 1
2023-01-11 18:04:39.832  75 81 I channel139887837058816 self_thread_id = 139887837058816, last time delay.time = 4, now count = 351, i = 1
2023-01-11 18:04:39.832  75 81 W channel139887837058816 self_thread_id = 139887837058816, last time delay.time = 4, now count = 351, i = 1
2023-01-11 18:04:39.832  75 81 E channel139887837058816 self_thread_id = 139887837058816, last time delay.time = 4, now count = 351, i = 1
2023-01-11 18:04:39.832  75 84 I channel139887604913920 self_thread_id = 139887604913920, last time delay.time = 8, now count = 352, i = 1
2023-01-11 18:04:39.832  75 84 I channel139887604913920 self_thread_id = 139887604913920, last time delay.time = 8, now count = 352, i = 1
2023-01-11 18:04:39.832  75 84 W channel139887604913920 self_thread_id = 139887604913920, last time delay.time = 8, now count = 352, i = 1
2023-01-11 18:04:39.832  75 84 E channel139887604913920 self_thread_id = 139887604913920, last time delay.time = 8, now count = 352, i = 1
2023-01-11 18:04:40.831  75 79 I channel139887853844224 self_thread_id = 139887853844224, last time delay.time = 9, now count = 345, i = 2
2023-01-11 18:04:40.831  75 79 I channel139887853844224 self_thread_id = 139887853844224, last time delay.time = 9, now count = 345, i = 2
2023-01-11 18:04:40.831  75 79 W channel139887853844224 self_thread_id = 139887853844224, last time delay.time = 9, now count = 345, i = 2
2023-01-11 18:04:40.831  75 79 E channel139887853844224 self_thread_id = 139887853844224, last time delay.time = 9, now count = 345, i = 2
2023-01-11 18:04:40.831  75 83 I channel139887613306624 self_thread_id = 139887613306624, last time delay.time = 9, now count = 349, i = 2
2023-01-11 18:04:40.831  75 83 I channel139887613306624 self_thread_id = 139887613306624, last time delay.time = 9, now count = 349, i = 2
2023-01-11 18:04:40.831  75 83 W channel139887613306624 self_thread_id = 139887613306624, last time delay.time = 9, now count = 349, i = 2
2023-01-11 18:04:40.831  75 83 E channel139887613306624 self_thread_id = 139887613306624, last time delay.time = 9, now count = 349, i = 2
2023-01-11 18:04:40.831  75 80 I channel139887845451520 self_thread_id = 139887845451520, last time delay.time = 8, now count = 346, i = 2
2023-01-11 18:04:40.831  75 80 I channel139887845451520 self_thread_id = 139887845451520, last time delay.time = 8, now count = 346, i = 2
2023-01-11 18:04:40.831  75 80 W channel139887845451520 self_thread_id = 139887845451520, last time delay.time = 8, now count = 346, i = 2
2023-01-11 18:04:40.831  75 80 E channel139887845451520 self_thread_id = 139887845451520, last time delay.time = 8, now count = 346, i = 2
2023-01-11 18:04:40.831  75 78 I channel139887862236928 self_thread_id = 139887862236928, last time delay.time = 13, now count = 347, i = 2
2023-01-11 18:04:40.831  75 78 I channel139887862236928 self_thread_id = 139887862236928, last time delay.time = 13, now count = 347, i = 2
2023-01-11 18:04:40.831  75 77 I channel139887870629632 self_thread_id = 139887870629632, last time delay.time = 10, now count = 348, i = 2
2023-01-11 18:04:40.831  75 78 W channel139887862236928 self_thread_id = 139887862236928, last time delay.time = 13, now count = 347, i = 2
2023-01-11 18:04:40.831  75 82 I channel139887621699328 self_thread_id = 139887621699328, last time delay.time = 8, now count = 350, i = 2
2023-01-11 18:04:40.831  75 77 I channel139887870629632 self_thread_id = 139887870629632, last time delay.time = 10, now count = 348, i = 2
2023-01-11 18:04:40.831  75 78 E channel139887862236928 self_thread_id = 139887862236928, last time delay.time = 13, now count = 347, i = 2
2023-01-11 18:04:40.831  75 82 I channel139887621699328 self_thread_id = 139887621699328, last time delay.time = 8, now count = 350, i = 2
2023-01-11 18:04:40.831  75 77 W channel139887870629632 self_thread_id = 139887870629632, last time delay.time = 10, now count = 348, i = 2
2023-01-11 18:04:40.831  75 82 W channel139887621699328 self_thread_id = 139887621699328, last time delay.time = 8, now count = 350, i = 2
2023-01-11 18:04:40.831  75 77 E channel139887870629632 self_thread_id = 139887870629632, last time delay.time = 10, now count = 348, i = 2
2023-01-11 18:04:40.831  75 82 E channel139887621699328 self_thread_id = 139887621699328, last time delay.time = 8, now count = 350, i = 2
2023-01-11 18:04:40.832  75 81 I channel139887837058816 self_thread_id = 139887837058816, last time delay.time = 4, now count = 351, i = 2
2023-01-11 18:04:40.832  75 81 I channel139887837058816 self_thread_id = 139887837058816, last time delay.time = 4, now count = 351, i = 2
2023-01-11 18:04:40.832  75 81 W channel139887837058816 self_thread_id = 139887837058816, last time delay.time = 4, now count = 351, i = 2
2023-01-11 18:04:40.832  75 81 E channel139887837058816 self_thread_id = 139887837058816, last time delay.time = 4, now count = 351, i = 2
2023-01-11 18:04:40.832  75 84 I channel139887604913920 self_thread_id = 139887604913920, last time delay.time = 8, now count = 352, i = 2
2023-01-11 18:04:40.832  75 84 I channel139887604913920 self_thread_id = 139887604913920, last time delay.time = 8, now count = 352, i = 2
2023-01-11 18:04:40.832  75 84 W channel139887604913920 self_thread_id = 139887604913920, last time delay.time = 8, now count = 352, i = 2
2023-01-11 18:04:40.832  75 84 E channel139887604913920 self_thread_id = 139887604913920, last time delay.time = 8, now count = 352, i = 2
2023-01-11 18:04:41.831  75 79 I channel139887853844224 self_thread_id = 139887853844224, last time delay.time = 9, now count = 345, i = 3
2023-01-11 18:04:41.831  75 83 I channel139887613306624 self_thread_id = 139887613306624, last time delay.time = 9, now count = 349, i = 3
2023-01-11 18:04:41.831  75 79 I channel139887853844224 self_thread_id = 139887853844224, last time delay.time = 9, now count = 345, i = 3
2023-01-11 18:04:41.831  75 83 I channel139887613306624 self_thread_id = 139887613306624, last time delay.time = 9, now count = 349, i = 3
2023-01-11 18:04:41.831  75 79 W channel139887853844224 self_thread_id = 139887853844224, last time delay.time = 9, now count = 345, i = 3
2023-01-11 18:04:41.831  75 83 W channel139887613306624 self_thread_id = 139887613306624, last time delay.time = 9, now count = 349, i = 3
2023-01-11 18:04:41.831  75 79 E channel139887853844224 self_thread_id = 139887853844224, last time delay.time = 9, now count = 345, i = 3
2023-01-11 18:04:41.831  75 83 E channel139887613306624 self_thread_id = 139887613306624, last time delay.time = 9, now count = 349, i = 3
2023-01-11 18:04:41.831  75 80 I channel139887845451520 self_thread_id = 139887845451520, last time delay.time = 8, now count = 346, i = 3
2023-01-11 18:04:41.831  75 80 I channel139887845451520 self_thread_id = 139887845451520, last time delay.time = 8, now count = 346, i = 3
2023-01-11 18:04:41.831  75 80 W channel139887845451520 self_thread_id = 139887845451520, last time delay.time = 8, now count = 346, i = 3
2023-01-11 18:04:41.831  75 80 E channel139887845451520 self_thread_id = 139887845451520, last time delay.time = 8, now count = 346, i = 3
2023-01-11 18:04:41.831  75 78 I channel139887862236928 self_thread_id = 139887862236928, last time delay.time = 13, now count = 347, i = 3
2023-01-11 18:04:41.831  75 77 I channel139887870629632 self_thread_id = 139887870629632, last time delay.time = 10, now count = 348, i = 3
2023-01-11 18:04:41.831  75 78 I channel139887862236928 self_thread_id = 139887862236928, last time delay.time = 13, now count = 347, i = 3
2023-01-11 18:04:41.831  75 78 W channel139887862236928 self_thread_id = 139887862236928, last time delay.time = 13, now count = 347, i = 3
2023-01-11 18:04:41.831  75 78 E channel139887862236928 self_thread_id = 139887862236928, last time delay.time = 13, now count = 347, i = 3
2023-01-11 18:04:41.831  75 82 I channel139887621699328 self_thread_id = 139887621699328, last time delay.time = 8, now count = 350, i = 3
2023-01-11 18:04:41.831  75 77 I channel139887870629632 self_thread_id = 139887870629632, last time delay.time = 10, now count = 348, i = 3
2023-01-11 18:04:41.831  75 82 I channel139887621699328 self_thread_id = 139887621699328, last time delay.time = 8, now count = 350, i = 3
2023-01-11 18:04:41.831  75 77 W channel139887870629632 self_thread_id = 139887870629632, last time delay.time = 10, now count = 348, i = 3
2023-01-11 18:04:41.831  75 82 W channel139887621699328 self_thread_id = 139887621699328, last time delay.time = 8, now count = 350, i = 3
2023-01-11 18:04:41.831  75 77 E channel139887870629632 self_thread_id = 139887870629632, last time delay.time = 10, now count = 348, i = 3
2023-01-11 18:04:41.831  75 82 E channel139887621699328 self_thread_id = 139887621699328, last time delay.time = 8, now count = 350, i = 3
2023-01-11 18:04:41.832  75 81 I channel139887837058816 self_thread_id = 139887837058816, last time delay.time = 4, now count = 351, i = 3
2023-01-11 18:04:41.832  75 81 I channel139887837058816 self_thread_id = 139887837058816, last time delay.time = 4, now count = 351, i = 3
2023-01-11 18:04:41.832  75 81 W channel139887837058816 self_thread_id = 139887837058816, last time delay.time = 4, now count = 351, i = 3
2023-01-11 18:04:41.832  75 81 E channel139887837058816 self_thread_id = 139887837058816, last time delay.time = 4, now count = 351, i = 3
2023-01-11 18:04:41.832  75 84 I channel139887604913920 self_thread_id = 139887604913920, last time delay.time = 8, now count = 352, i = 3
2023-01-11 18:04:41.832  75 84 I channel139887604913920 self_thread_id = 139887604913920, last time delay.time = 8, now count = 352, i = 3
2023-01-11 18:04:41.832  75 84 W channel139887604913920 self_thread_id = 139887604913920, last time delay.time = 8, now count = 352, i = 3
2023-01-11 18:04:41.832  75 84 E channel139887604913920 self_thread_id = 139887604913920, last time delay.time = 8, now count = 352, i = 3
2023-01-11 18:04:42.831  75 83 I channel139887613306624 self_thread_id = 139887613306624, last time delay.time = 9, now count = 349, i = 4
2023-01-11 18:04:42.831  75 79 I channel139887853844224 self_thread_id = 139887853844224, last time delay.time = 9, now count = 345, i = 4
2023-01-11 18:04:42.831  75 80 I channel139887845451520 self_thread_id = 139887845451520, last time delay.time = 8, now count = 346, i = 4
2023-01-11 18:04:42.831  75 83 I channel139887613306624 self_thread_id = 139887613306624, last time delay.time = 9, now count = 349, i = 4
2023-01-11 18:04:42.831  75 79 I channel139887853844224 self_thread_id = 139887853844224, last time delay.time = 9, now count = 345, i = 4
2023-01-11 18:04:42.831  75 83 W channel139887613306624 self_thread_id = 139887613306624, last time delay.time = 9, now count = 349, i = 4
2023-01-11 18:04:42.831  75 80 I channel139887845451520 self_thread_id = 139887845451520, last time delay.time = 8, now count = 346, i = 4
2023-01-11 18:04:42.831  75 79 W channel139887853844224 self_thread_id = 139887853844224, last time delay.time = 9, now count = 345, i = 4
2023-01-11 18:04:42.831  75 80 W channel139887845451520 self_thread_id = 139887845451520, last time delay.time = 8, now count = 346, i = 4
2023-01-11 18:04:42.831  75 83 E channel139887613306624 self_thread_id = 139887613306624, last time delay.time = 9, now count = 349, i = 4
2023-01-11 18:04:42.831  75 80 E channel139887845451520 self_thread_id = 139887845451520, last time delay.time = 8, now count = 346, i = 4
2023-01-11 18:04:42.831  75 79 E channel139887853844224 self_thread_id = 139887853844224, last time delay.time = 9, now count = 345, i = 4
2023-01-11 18:04:42.831  75 80 I channel139887845451520 self_thread_id = 139887845451520, last time delay.time = 8, now count = 355
2023-01-11 18:04:42.831  75 79 I channel139887853844224 self_thread_id = 139887853844224, last time delay.time = 9, now count = 354
2023-01-11 18:04:42.831  75 83 I channel139887613306624 self_thread_id = 139887613306624, last time delay.time = 9, now count = 353
2023-01-11 18:04:42.831  75 78 I channel139887862236928 self_thread_id = 139887862236928, last time delay.time = 13, now count = 347, i = 4
2023-01-11 18:04:42.831  75 78 I channel139887862236928 self_thread_id = 139887862236928, last time delay.time = 13, now count = 347, i = 4
2023-01-11 18:04:42.831  75 78 W channel139887862236928 self_thread_id = 139887862236928, last time delay.time = 13, now count = 347, i = 4
2023-01-11 18:04:42.831  75 78 E channel139887862236928 self_thread_id = 139887862236928, last time delay.time = 13, now count = 347, i = 4
2023-01-11 18:04:42.831  75 78 I channel139887862236928 self_thread_id = 139887862236928, last time delay.time = 13, now count = 356
2023-01-11 18:04:42.831  75 77 I channel139887870629632 self_thread_id = 139887870629632, last time delay.time = 10, now count = 348, i = 4
2023-01-11 18:04:42.831  75 82 I channel139887621699328 self_thread_id = 139887621699328, last time delay.time = 8, now count = 350, i = 4
2023-01-11 18:04:42.831  75 77 I channel139887870629632 self_thread_id = 139887870629632, last time delay.time = 10, now count = 348, i = 4
2023-01-11 18:04:42.831  75 77 W channel139887870629632 self_thread_id = 139887870629632, last time delay.time = 10, now count = 348, i = 4
2023-01-11 18:04:42.831  75 82 I channel139887621699328 self_thread_id = 139887621699328, last time delay.time = 8, now count = 350, i = 4
2023-01-11 18:04:42.831  75 77 E channel139887870629632 self_thread_id = 139887870629632, last time delay.time = 10, now count = 348, i = 4
2023-01-11 18:04:42.831  75 82 W channel139887621699328 self_thread_id = 139887621699328, last time delay.time = 8, now count = 350, i = 4
2023-01-11 18:04:42.831  75 77 I channel139887870629632 self_thread_id = 139887870629632, last time delay.time = 10, now count = 357
2023-01-11 18:04:42.831  75 82 E channel139887621699328 self_thread_id = 139887621699328, last time delay.time = 8, now count = 350, i = 4
2023-01-11 18:04:42.831  75 82 I channel139887621699328 self_thread_id = 139887621699328, last time delay.time = 8, now count = 358
