2023-01-11 18:16:18.962  75 84 I channel139887604913920 self_thread_id = 139887604913920, last time delay.time = 9, now count = 471, i = 0
2023-01-11 18:16:18.962  75 79 E channel139887853844224 self_thread_id = 139887853844224, last time delay.time = 12, now count = 470, i = 0
2023-01-11 18:16:18.962  75 78 W channel139887862236928 self_thread_id = 139887862236928, last time delay.time = 10, now count = 472, i = 0
2023-01-11 18:16:18.962  75 84 I channel139887604913920 self_thread_id = 139887604913920, last time delay.time = 9, now count = 471, i = 0
2023-01-11 18:16:18.962  75 78 E channel139887862236928 self_thread_id = 139887862236928, last time delay.time = 10, now count = 472, i = 0
2023-01-11 18:16:18.962  75 84 W channel139887604913920 self_thread_id = 139887604913920, last time delay.time = 9, now count = 471, i = 0
2023-01-11 18:16:18.962  75 84 E channel139887604913920 self_thread_id = 139887604913920, last time delay.time = 9, now count = 471, i = 0
2023-01-11 18:16:19.962  75 82 I channel139887621699328 self_thread_id = 139887621699328, last time delay.time = 8, now count = 465, i = 1
2023-01-11 18:16:19.962  75 83 I channel139887613306624 self_thread_id = 139887613306624, last time delay.time = 10, now count = 467, i = 1
2023-01-11 18:16:19.962  75 82 I channel139887621699328 self_thread_id = 139887621699328, last time delay.time = 8, now count = 465, i = 1
2023-01-11 18:16:19.962  75 83 I channel139887613306624 self_thread_id = 139887613306624, last time delay.time = 10, now count = 467, i = 1
2023-01-11 18:16:19.962  75 82 W channel139887621699328 self_thread_id = 139887621699328, last time delay.time = 8, now count = 465, i = 1
2023-01-11 18:16:19.962  75 82 E channel139887621699328 self_thread_id = 139887621699328, last time delay.time = 8, now count = 465, i = 1
2023-01-11 18:16:19.962  75 83 W channel139887613306624 self_thread_id = 139887613306624, last time delay.time = 10, now count = 467, i = 1
2023-01-11 18:16:19.962  75 83 E channel139887613306624 self_thread_id = 139887613306624, last time delay.time = 10, now count = 467, i = 1
2023-01-11 18:16:19.962  75 81 I channel139887837058816 self_thread_id = 139887837058816, last time delay.time = 10, now count = 466, i = 1
2023-01-11 18:16:19.962  75 81 I channel139887837058816 self_thread_id = 139887837058816, last time delay.time = 10, now count = 466, i = 1
2023-01-11 18:16:19.962  75 81 W channel139887837058816 self_thread_id = 139887837058816, last time delay.time = 10, now count = 466, i = 1
2023-01-11 18:16:19.962  75 81 E channel139887837058816 self_thread_id = 139887837058816, last time delay.time = 10, now count = 466, i = 1
2023-01-11 18:16:19.962  75 80 I channel139887845451520 self_thread_id = 139887845451520, last time delay.time = 9, now count = 468, i = 1
2023-01-11 18:16:19.962  75 80 I channel139887845451520 self_thread_id = 139887845451520, last time delay.time = 9, now count = 468, i = 1
2023-01-11 18:16:19.962  75 80 W channel139887845451520 self_thread_id = 139887845451520, last time delay.time = 9, now count = 468, i = 1
2023-01-11 18:16:19.962  75 80 E channel139887845451520 self_thread_id = 139887845451520, last time delay.time = 9, now count = 468, i = 1
2023-01-11 18:16:19.962  75 78 I channel139887862236928 self_thread_id = 139887862236928, last time delay.time = 10, now count = 472, i = 1
2023-01-11 18:16:19.962  75 78 I channel139887862236928 self_thread_id = 139887862236928, last time delay.time = 10, now count = 472, i = 1
2023-01-11 18:16:19.962  75 78 W channel139887862236928 self_thread_id = 139887862236928, last time delay.time = 10, now count = 472, i = 1
2023-01-11 18:16:19.962  75 77 I channel139887870629632 self_thread_id = 139887870629632, last time delay.time = 10, now count = 469, i = 1
2023-01-11 18:16:19.962  75 78 E channel139887862236928 self_thread_id = 139887862236928, last time delay.time = 10, now count = 472, i = 1
2023-01-11 18:16:19.962  75 79 I channel139887853844224 self_thread_id = 139887853844224, last time delay.time = 12, now count = 470, i = 1
2023-01-11 18:16:19.962  75 77 I channel139887870629632 self_thread_id = 139887870629632, last time delay.time = 10, now count = 469, i = 1
2023-01-11 18:16:19.962  75 79 I channel139887853844224 self_thread_id = 139887853844224, last time delay.time = 12, now count = 470, i = 1
2023-01-11 18:16:19.962  75 77 W channel139887870629632 self_thread_id = 139887870629632, last time delay.time = 10, now count = 469, i = 1
2023-01-11 18:16:19.962  75 79 W channel139887853844224 self_thread_id = 139887853844224, last time delay.time = 12, now count = 470, i = 1
2023-01-11 18:16:19.962  75 77 E channel139887870629632 self_thread_id = 139887870629632, last time delay.time = 10, now count = 469, i = 1
2023-01-11 18:16:19.962  75 79 E channel139887853844224 self_thread_id = 139887853844224, last time delay.time = 12, now count = 470, i = 1
2023-01-11 18:16:19.962  75 84 I channel139887604913920 self_thread_id = 139887604913920, last time delay.time = 9, now count = 471, i = 1
2023-01-11 18:16:19.962  75 84 I channel139887604913920 self_thread_id = 139887604913920, last time delay.time = 9, now count = 471, i = 1
2023-01-11 18:16:19.962  75 84 W channel139887604913920 self_thread_id = 139887604913920, last time delay.time = 9, now count = 471, i = 1
2023-01-11 18:16:19.962  75 84 E channel139887604913920 self_thread_id = 139887604913920, last time delay.time = 9, now count = 471, i = 1
2023-01-11 18:16:20.962  75 82 I channel139887621699328 self_thread_id = 139887621699328, last time delay.time = 8, now count = 465, i = 2
2023-01-11 18:16:20.962  75 82 I channel139887621699328 self_thread_id = 139887621699328, last time delay.time = 8, now count = 465, i = 2
2023-01-11 18:16:20.962  75 82 W channel139887621699328 self_thread_id = 139887621699328, last time delay.time = 8, now count = 465, i = 2
2023-01-11 18:16:20.962  75 83 I channel139887613306624 self_thread_id = 139887613306624, last time delay.time = 10, now count = 467, i = 2
2023-01-11 18:16:20.962  75 82 E channel139887621699328 self_thread_id = 139887621699328, last time delay.time = 8, now count = 465, i = 2
2023-01-11 18:16:20.962  75 83 I channel139887613306624 self_thread_id = 139887613306624, last time delay.time = 10, now count = 467, i = 2
2023-01-11 18:16:20.962  75 83 W channel139887613306624 self_thread_id = 139887613306624, last time delay.time = 10, now count = 467, i = 2
2023-01-11 18:16:20.962  75 81 I channel139887837058816 self_thread_id = 139887837058816, last time delay.time = 10, now count = 466, i = 2
2023-01-11 18:16:20.962  75 81 I channel139887837058816 self_thread_id = 139887837058816, last time delay.time = 10, now count = 466, i = 2
2023-01-11 18:16:20.962  75 81 W channel139887837058816 self_thread_id = 139887837058816, last time delay.time = 10, now count = 466, i = 2
2023-01-11 18:16:20.962  75 83 E channel139887613306624 self_thread_id = 139887613306624, last time delay.time = 10, now count = 467, i = 2
2023-01-11 18:16:20.962  75 81 E channel139887837058816 self_thread_id = 139887837058816, last time delay.time = 10, now count = 466, i = 2
2023-01-11 18:16:20.962  75 80 I channel139887845451520 self_thread_id = 139887845451520, last time delay.time = 9, now count = 468, i = 2
2023-01-11 18:16:20.962  75 80 I channel139887845451520 self_thread_id = 139887845451520, last time delay.time = 9, now count = 468, i = 2
2023-01-11 18:16:20.962  75 78 I channel139887862236928 self_thread_id = 139887862236928, last time delay.time = 10, now count = 472, i = 2
2023-01-11 18:16:20.962  75 80 W channel139887845451520 self_thread_id = 139887845451520, last time delay.time = 9, now count = 468, i = 2
2023-01-11 18:16:20.962  75 78 I channel139887862236928 self_thread_id = 139887862236928, last time delay.time = 10, now count = 472, i = 2
2023-01-11 18:16:20.962  75 80 E channel139887845451520 self_thread_id = 139887845451520, last time delay.time = 9, now count = 468, i = 2
2023-01-11 18:16:20.962  75 78 W channel139887862236928 self_thread_id = 139887862236928, last time delay.time = 10, now count = 472, i = 2
2023-01-11 18:16:20.962  75 78 E channel139887862236928 self_thread_id = 139887862236928, last time delay.time = 10, now count = 472, i = 2
2023-01-11 18:16:20.962  75 79 I channel139887853844224 self_thread_id = 139887853844224, last time delay.time = 12, now count = 470, i = 2
2023-01-11 18:16:20.962  75 79 I channel139887853844224 self_thread_id = 139887853844224, last time delay.time = 12, now count = 470, i = 2
2023-01-11 18:16:20.962  75 77 I channel139887870629632 self_thread_id = 139887870629632, last time delay.time = 10, now count = 469, i = 2
2023-01-11 18:16:20.962  75 79 W channel139887853844224 self_thread_id = 139887853844224, last time delay.time = 12, now count = 470, i = 2
2023-01-11 18:16:20.962  75 79 E channel139887853844224 self_thread_id = 139887853844224, last time delay.time = 12, now count = 470, i = 2
2023-01-11 18:16:20.962  75 77 I channel139887870629632 self_thread_id = 139887870629632, last time delay.time = 10, now count = 469, i = 2
2023-01-11 18:16:20.962  75 84 I channel139887604913920 self_thread_id = 139887604913920, last time delay.time = 9, now count = 471, i = 2
2023-01-11 18:16:20.963  75 77 W channel139887870629632 self_thread_id = 139887870629632, last time delay.time = 10, now count = 469, i = 2
2023-01-11 18:16:20.963  75 77 E channel139887870629632 self_thread_id = 139887870629632, last time delay.time = 10, now count = 469, i = 2
2023-01-11 18:16:20.963  75 84 I channel139887604913920 self_thread_id = 139887604913920, last time delay.time = 9, now count = 471, i = 2
2023-01-11 18:16:20.963  75 84 W channel139887604913920 self_thread_id = 139887604913920, last time delay.time = 9, now count = 471, i = 2
2023-01-11 18:16:20.963  75 84 E channel139887604913920 self_thread_id = 139887604913920, last time delay.time = 9, now count = 471, i = 2
2023-01-11 18:16:21.962  75 78 I channel139887862236928 self_thread_id = 139887862236928, last time delay.time = 10, now count = 472, i = 3
2023-01-11 18:16:21.962  75 83 I channel139887613306624 self_thread_id = 139887613306624, last time delay.time = 10, now count = 467, i = 3
2023-01-11 18:16:21.963  75 83 I channel139887613306624 self_thread_id = 139887613306624, last time delay.time = 10, now count = 467, i = 3
2023-01-11 18:16:21.963  75 78 I channel139887862236928 self_thread_id = 139887862236928, last time delay.time = 10, now count = 472, i = 3
2023-01-11 18:16:21.962  75 82 I channel139887621699328 self_thread_id = 139887621699328, last time delay.time = 8, now count = 465, i = 3
2023-01-11 18:16:21.962  75 81 I channel139887837058816 self_thread_id = 139887837058816, last time delay.time = 10, now count = 466, i = 3
2023-01-11 18:16:21.963  75 83 W channel139887613306624 self_thread_id = 139887613306624, last time delay.time = 10, now count = 467, i = 3
2023-01-11 18:16:21.963  75 78 W channel139887862236928 self_thread_id = 139887862236928, last time delay.time = 10, now count = 472, i = 3
2023-01-11 18:16:21.963  75 82 I channel139887621699328 self_thread_id = 139887621699328, last time delay.time = 8, now count = 465, i = 3
2023-01-11 18:16:21.963  75 81 I channel139887837058816 self_thread_id = 139887837058816, last time delay.time = 10, now count = 466, i = 3
2023-01-11 18:16:21.963  75 82 W channel139887621699328 self_thread_id = 139887621699328, last time delay.time = 8, now count = 465, i = 3
2023-01-11 18:16:21.963  75 81 W channel139887837058816 self_thread_id = 139887837058816, last time delay.time = 10, now count = 466, i = 3
2023-01-11 18:16:21.963  75 83 E channel139887613306624 self_thread_id = 139887613306624, last time delay.time = 10, now count = 467, i = 3
2023-01-11 18:16:21.963  75 82 E channel139887621699328 self_thread_id = 139887621699328, last time delay.time = 8, now count = 465, i = 3
2023-01-11 18:16:21.963  75 81 E channel139887837058816 self_thread_id = 139887837058816, last time delay.time = 10, now count = 466, i = 3
2023-01-11 18:16:21.963  75 78 E channel139887862236928 self_thread_id = 139887862236928, last time delay.time = 10, now count = 472, i = 3
2023-01-11 18:16:21.963  75 80 I channel139887845451520 self_thread_id = 139887845451520, last time delay.time = 9, now count = 468, i = 3
2023-01-11 18:16:21.963  75 80 I channel139887845451520 self_thread_id = 139887845451520, last time delay.time = 9, now count = 468, i = 3
2023-01-11 18:16:21.963  75 80 W channel139887845451520 self_thread_id = 139887845451520, last time delay.time = 9, now count = 468, i = 3
2023-01-11 18:16:21.963  75 80 E channel139887845451520 self_thread_id = 139887845451520, last time delay.time = 9, now count = 468, i = 3
2023-01-11 18:16:21.963  75 79 I channel139887853844224 self_thread_id = 139887853844224, last time delay.time = 12, now count = 470, i = 3
2023-01-11 18:16:21.963  75 79 I channel139887853844224 self_thread_id = 139887853844224, last time delay.time = 12, now count = 470, i = 3
2023-01-11 18:16:21.963  75 77 I channel139887870629632 self_thread_id = 139887870629632, last time delay.time = 10, now count = 469, i = 3
2023-01-11 18:16:21.963  75 79 W channel139887853844224 self_thread_id = 139887853844224, last time delay.time = 12, now count = 470, i = 3
2023-01-11 18:16:21.963  75 77 I channel139887870629632 self_thread_id = 139887870629632, last time delay.time = 10, now count = 469, i = 3
2023-01-11 18:16:21.963  75 79 E channel139887853844224 self_thread_id = 139887853844224, last time delay.time = 12, now count = 470, i = 3
2023-01-11 18:16:21.963  75 84 I channel139887604913920 self_thread_id = 139887604913920, last time delay.time = 9, now count = 471, i = 3
2023-01-11 18:16:21.963  75 77 W channel139887870629632 self_thread_id = 139887870629632, last time delay.time = 10, now count = 469, i = 3
2023-01-11 18:16:21.963  75 77 E channel139887870629632 self_thread_id = 139887870629632, last time delay.time = 10, now count = 469, i = 3
2023-01-11 18:16:21.963  75 84 I channel139887604913920 self_thread_id = 139887604913920, last time delay.time = 9, now count = 471, i = 3
2023-01-11 18:16:21.963  75 84 W channel139887604913920 self_thread_id = 139887604913920, last time delay.time = 9, now count = 471, i = 3
2023-01-11 18:16:21.963  75 84 E channel139887604913920 self_thread_id = 139887604913920, last time delay.time = 9, now count = 471, i = 3
2023-01-11 18:16:22.963  75 83 I channel139887613306624 self_thread_id = 139887613306624, last time delay.time = 10, now count = 467, i = 4
2023-01-11 18:16:22.963  75 83 I channel139887613306624 self_thread_id = 139887613306624, last time delay.time = 10, now count = 467, i = 4
2023-01-11 18:16:22.963  75 78 I channel139887862236928 self_thread_id = 139887862236928, last time delay.time = 10, now count = 472, i = 4
2023-01-11 18:16:22.963  75 83 W channel139887613306624 self_thread_id = 139887613306624, last time delay.time = 10, now count = 467, i = 4
2023-01-11 18:16:22.963  75 81 I channel139887837058816 self_thread_id = 139887837058816, last time delay.time = 10, now count = 466, i = 4
2023-01-11 18:16:22.963  75 83 E channel139887613306624 self_thread_id = 139887613306624, last time delay.time = 10, now count = 467, i = 4
2023-01-11 18:16:22.963  75 78 I channel139887862236928 self_thread_id = 139887862236928, last time delay.time = 10, now count = 472, i = 4
2023-01-11 18:16:22.963  75 78 W channel139887862236928 self_thread_id = 139887862236928, last time delay.time = 10, now count = 472, i = 4
2023-01-11 18:16:22.963  75 83 I channel139887613306624 self_thread_id = 139887613306624, last time delay.time = 10, now count = 473
2023-01-11 18:16:22.963  75 81 I channel139887837058816 self_thread_id = 139887837058816, last time delay.time = 10, now count = 466, i = 4
2023-01-11 18:16:22.963  75 81 W channel139887837058816 self_thread_id = 139887837058816, last time delay.time = 10, now count = 466, i = 4
2023-01-11 18:16:22.963  75 78 E channel139887862236928 self_thread_id = 139887862236928, last time delay.time = 10, now count = 472, i = 4
2023-01-11 18:16:22.963  75 81 E channel139887837058816 self_thread_id = 139887837058816, last time delay.time = 10, now count = 466, i = 4
2023-01-11 18:16:22.963  75 78 I channel139887862236928 self_thread_id = 139887862236928, last time delay.time = 10, now count = 474
2023-01-11 18:16:22.963  75 81 I channel139887837058816 self_thread_id = 139887837058816, last time delay.time = 10, now count = 475
2023-01-11 18:16:22.963  75 82 I channel139887621699328 self_thread_id = 139887621699328, last time delay.time = 8, now count = 465, i = 4
2023-01-11 18:16:22.963  75 82 I channel139887621699328 self_thread_id = 139887621699328, last time delay.time = 8, now count = 465, i = 4
2023-01-11 18:16:22.963  75 77 I channel139887870629632 self_thread_id = 139887870629632, last time delay.time = 10, now count = 469, i = 4
2023-01-11 18:16:22.963  75 82 W channel139887621699328 self_thread_id = 139887621699328, last time delay.time = 8, now count = 465, i = 4
2023-01-11 18:16:22.963  75 80 I channel139887845451520 self_thread_id = 139887845451520, last time delay.time = 9, now count = 468, i = 4
2023-01-11 18:16:22.963  75 77 I channel139887870629632 self_thread_id = 139887870629632, last time delay.time = 10, now count = 469, i = 4
2023-01-11 18:16:22.963  75 82 E channel139887621699328 self_thread_id = 139887621699328, last time delay.time = 8, now count = 465, i = 4
2023-01-11 18:16:22.963  75 80 I channel139887845451520 self_thread_id = 139887845451520, last time delay.time = 9, now count = 468, i = 4
2023-01-11 18:16:22.963  75 77 W channel139887870629632 self_thread_id = 139887870629632, last time delay.time = 10, now count = 469, i = 4
2023-01-11 18:16:22.963  75 82 I channel139887621699328 self_thread_id = 139887621699328, last time delay.time = 8, now count = 476
2023-01-11 18:16:22.963  75 77 E channel139887870629632 self_thread_id = 139887870629632, last time delay.time = 10, now count = 469, i = 4
2023-01-11 18:16:22.963  75 80 W channel139887845451520 self_thread_id = 139887845451520, last time delay.time = 9, now count = 468, i = 4
2023-01-11 18:16:22.963  75 80 E channel139887845451520 self_thread_id = 139887845451520, last time delay.time = 9, now count = 468, i = 4
2023-01-11 18:16:22.963  75 77 I channel139887870629632 self_thread_id = 139887870629632, last time delay.time = 10, now count = 477
2023-01-11 18:16:22.963  75 80 I channel139887845451520 self_thread_id = 139887845451520, last time delay.time = 9, now count = 478
2023-01-11 18:16:22.963  75 79 I channel139887853844224 self_thread_id = 139887853844224, last time delay.time = 12, now count = 470, i = 4
2023-01-11 18:16:22.963  75 79 I channel139887853844224 self_thread_id = 139887853844224, last time delay.time = 12, now count = 470, i = 4
2023-01-11 18:16:22.963  75 79 W channel139887853844224 self_thread_id = 139887853844224, last time delay.time = 12, now count = 470, i = 4
2023-01-11 18:16:22.963  75 84 I channel139887604913920 self_thread_id = 139887604913920, last time delay.time = 9, now count = 471, i = 4
2023-01-11 18:16:22.963  75 79 E channel139887853844224 self_thread_id = 139887853844224, last time delay.time = 12, now count = 470, i = 4
2023-01-11 18:16:22.963  75 79 I channel139887853844224 self_thread_id = 139887853844224, last time delay.time = 12, now count = 479
2023-01-11 18:16:22.963  75 84 I channel139887604913920 self_thread_id = 139887604913920, last time delay.time = 9, now count = 471, i = 4
2023-01-11 18:16:22.963  75 84 W channel139887604913920 self_thread_id = 139887604913920, last time delay.time = 9, now count = 471, i = 4
2023-01-11 18:16:22.963  75 84 E channel139887604913920 self_thread_id = 139887604913920, last time delay.time = 9, now count = 471, i = 4
2023-01-11 18:16:22.963  75 84 I channel139887604913920 self_thread_id = 139887604913920, last time delay.time = 9, now count = 480
2023-01-11 18:16:23.963  75 83 I channel139887613306624 self_thread_id = 139887613306624, last time delay.time = 12, now count = 473, i = 0
2023-01-11 18:16:23.963  75 83 I channel139887613306624 self_thread_id = 139887613306624, last time delay.time = 12, now count = 473, i = 0
2023-01-11 18:16:23.963  75 83 W channel139887613306624 self_thread_id = 139887613306624, last time delay.time = 12, now count = 473, i = 0
2023-01-11 18:16:23.963  75 83 E channel139887613306624 self_thread_id = 139887613306624, last time delay.time = 12, now count = 473, i = 0
2023-01-11 18:16:23.963  75 78 I channel139887862236928 self_thread_id = 139887862236928, last time delay.time = 10, now count = 474, i = 0
2023-01-11 18:16:23.963  75 78 I channel139887862236928 self_thread_id = 139887862236928, last time delay.time = 10, now count = 474, i = 0
2023-01-11 18:16:23.963  75 81 I channel139887837058816 self_thread_id = 139887837058816, last time delay.time = 9, now count = 475, i = 0
2023-01-11 18:16:23.963  75 78 W channel139887862236928 self_thread_id = 139887862236928, last time delay.time = 10, now count = 474, i = 0
2023-01-11 18:16:23.963  75 78 E channel139887862236928 self_thread_id = 139887862236928, last time delay.time = 10, now count = 474, i = 0
2023-01-11 18:16:23.963  75 81 I channel139887837058816 self_thread_id = 139887837058816, last time delay.time = 9, now count = 475, i = 0
2023-01-11 18:16:23.963  75 81 W channel139887837058816 self_thread_id = 139887837058816, last time delay.time = 9, now count = 475, i = 0
2023-01-11 18:16:23.963  75 81 E channel139887837058816 self_thread_id = 139887837058816, last time delay.time = 9, now count = 475, i = 0
2023-01-11 18:16:23.963  75 77 I channel139887870629632 self_thread_id = 139887870629632, last time delay.time = 7, now count = 477, i = 0
2023-01-11 18:16:23.963  75 82 I channel139887621699328 self_thread_id = 139887621699328, last time delay.time = 11, now count = 476, i = 0
2023-01-11 18:16:23.963  75 82 I channel139887621699328 self_thread_id = 139887621699328, last time delay.time = 11, now count = 476, i = 0
2023-01-11 18:16:23.963  75 80 I channel139887845451520 self_thread_id = 139887845451520, last time delay.time = 8, now count = 478, i = 0
2023-01-11 18:16:23.963  75 77 I channel139887870629632 self_thread_id = 139887870629632, last time delay.time = 7, now count = 477, i = 0
2023-01-11 18:16:23.963  75 82 W channel139887621699328 self_thread_id = 139887621699328, last time delay.time = 11, now count = 476, i = 0
2023-01-11 18:16:23.963  75 79 I channel139887853844224 self_thread_id = 139887853844224, last time delay.time = 10, now count = 479, i = 0
2023-01-11 18:16:23.963  75 82 E channel139887621699328 self_thread_id = 139887621699328, last time delay.time = 11, now count = 476, i = 0
2023-01-11 18:16:23.963  75 80 I channel139887845451520 self_thread_id = 139887845451520, last time delay.time = 8, now count = 478, i = 0
2023-01-11 18:16:23.963  75 77 W channel139887870629632 self_thread_id = 139887870629632, last time delay.time = 7, now count = 477, i = 0
2023-01-11 18:16:23.963  75 77 E channel139887870629632 self_thread_id = 139887870629632, last time delay.time = 7, now count = 477, i = 0
2023-01-11 18:16:23.963  75 80 W channel139887845451520 self_thread_id = 139887845451520, last time delay.time = 8, now count = 478, i = 0
2023-01-11 18:16:23.963  75 79 I channel139887853844224 self_thread_id = 139887853844224, last time delay.time = 10, now count = 479, i = 0
2023-01-11 18:16:23.963  75 80 E channel139887845451520 self_thread_id = 139887845451520, last time delay.time = 8, now count = 478, i = 0
2023-01-11 18:16:23.963  75 79 W channel139887853844224 self_thread_id = 139887853844224, last time delay.time = 10, now count = 479, i = 0
2023-01-11 18:16:23.963  75 79 E channel139887853844224 self_thread_id = 139887853844224, last time delay.time = 10, now count = 479, i = 0
2023-01-11 18:16:23.963  75 84 I channel139887604913920 self_thread_id = 139887604913920, last time delay.time = 8, now count = 480, i = 0
2023-01-11 18:16:23.963  75 84 I channel139887604913920 self_thread_id = 139887604913920, last time delay.time = 8, now count = 480, i = 0
2023-01-11 18:16:23.963  75 84 W channel139887604913920 self_thread_id = 139887604913920, last time delay.time = 8, now count = 480, i = 0
2023-01-11 18:16:23.963  75 84 E channel139887604913920 self_thread_id = 139887604913920, last time delay.time = 8, now count = 480, i = 0
2023-01-11 18:16:24.963  75 83 I channel139887613306624 self_thread_id = 139887613306624, last time delay.time = 12, now count = 473, i = 1
2023-01-11 18:16:24.963  75 78 I channel139887862236928 self_thread_id = 139887862236928, last time delay.time = 10, now count = 474, i = 1
2023-01-11 18:16:24.963  75 78 I channel139887862236928 self_thread_id = 139887862236928, last time delay.time = 10, now count = 474, i = 1
2023-01-11 18:16:24.963  75 83 I channel139887613306624 self_thread_id = 139887613306624, last time delay.time = 12, now count = 473, i = 1
2023-01-11 18:16:24.963  75 83 W channel139887613306624 self_thread_id = 139887613306624, last time delay.time = 12, now count = 473, i = 1
2023-01-11 18:16:24.963  75 78 W channel139887862236928 self_thread_id = 139887862236928, last time delay.time = 10, now count = 474, i = 1
2023-01-11 18:16:24.963  75 83 E channel139887613306624 self_thread_id = 139887613306624, last time delay.time = 12, now count = 473, i = 1
2023-01-11 18:16:24.963  75 78 E channel139887862236928 self_thread_id = 139887862236928, last time delay.time = 10, now count = 474, i = 1
2023-01-11 18:16:24.963  75 81 I channel139887837058816 self_thread_id = 139887837058816, last time delay.time = 9, now count = 475, i = 1
2023-01-11 18:16:24.963  75 81 I channel139887837058816 self_thread_id = 139887837058816, last time delay.time = 9, now count = 475, i = 1
2023-01-11 18:16:24.963  75 81 W channel139887837058816 self_thread_id = 139887837058816, last time delay.time = 9, now count = 475, i = 1
2023-01-11 18:16:24.963  75 81 E channel139887837058816 self_thread_id = 139887837058816, last time delay.time = 9, now count = 475, i = 1
2023-01-11 18:16:24.963  75 77 I channel139887870629632 self_thread_id = 139887870629632, last time delay.time = 7, now count = 477, i = 1
2023-01-11 18:16:24.963  75 80 I channel139887845451520 self_thread_id = 139887845451520, last time delay.time = 8, now count = 478, i = 1
2023-01-11 18:16:24.963  75 80 I channel139887845451520 self_thread_id = 139887845451520, last time delay.time = 8, now count = 478, i = 1
2023-01-11 18:16:24.963  75 82 I channel139887621699328 self_thread_id = 139887621699328, last time delay.time = 11, now count = 476, i = 1
2023-01-11 18:16:24.963  75 80 W channel139887845451520 self_thread_id = 139887845451520, last time delay.time = 8, now count = 478, i = 1
2023-01-11 18:16:24.963  75 77 I channel139887870629632 self_thread_id = 139887870629632, last time delay.time = 7, now count = 477, i = 1
2023-01-11 18:16:24.963  75 77 W channel139887870629632 self_thread_id = 139887870629632, last time delay.time = 7, now count = 477, i = 1
2023-01-11 18:16:24.963  75 80 E channel139887845451520 self_thread_id = 139887845451520, last time delay.time = 8, now count = 478, i = 1
2023-01-11 18:16:24.963  75 82 I channel139887621699328 self_thread_id = 139887621699328, last time delay.time = 11, now count = 476, i = 1
2023-01-11 18:16:24.963  75 79 I channel139887853844224 self_thread_id = 139887853844224, last time delay.time = 10, now count = 479, i = 1
2023-01-11 18:16:24.963  75 82 W channel139887621699328 self_thread_id = 139887621699328, last time delay.time = 11, now count = 476, i = 1
2023-01-11 18:16:24.963  75 77 E channel139887870629632 self_thread_id = 139887870629632, last time delay.time = 7, now count = 477, i = 1
2023-01-11 18:16:24.963  75 82 E channel139887621699328 self_thread_id = 139887621699328, last time delay.time = 11, now count = 476, i = 1
2023-01-11 18:16:24.963  75 79 I channel139887853844224 self_thread_id = 139887853844224, last time delay.time = 10, now count = 479, i = 1
2023-01-11 18:16:24.963  75 79 W channel139887853844224 self_thread_id = 139887853844224, last time delay.time = 10, now count = 479, i = 1
2023-01-11 18:16:24.963  75 79 E channel139887853844224 self_thread_id = 139887853844224, last time delay.time = 10, now count = 479, i = 1
2023-01-11 18:16:24.963  75 84 I channel139887604913920 self_thread_id = 139887604913920, last time delay.time = 8, now count = 480, i = 1
2023-01-11 18:16:24.963  75 84 I channel139887604913920 self_thread_id = 139887604913920, last time delay.time = 8, now count = 480, i = 1
2023-01-11 18:16:24.963  75 84 W channel139887604913920 self_thread_id = 139887604913920, last time delay.time = 8, now count = 480, i = 1
2023-01-11 18:16:24.963  75 84 E channel139887604913920 self_thread_id = 139887604913920, last time delay.time = 8, now count = 480, i = 1
2023-01-11 18:16:25.963  75 83 I channel139887613306624 self_thread_id = 139887613306624, last time delay.time = 12, now count = 473, i = 2
2023-01-11 18:16:25.963  75 83 I channel139887613306624 self_thread_id = 139887613306624, last time delay.time = 12, now count = 473, i = 2
2023-01-11 18:16:25.963  75 78 I channel139887862236928 self_thread_id = 139887862236928, last time delay.time = 10, now count = 474, i = 2
2023-01-11 18:16:25.963  75 83 W channel139887613306624 self_thread_id = 139887613306624, last time delay.time = 12, now count = 473, i = 2
2023-01-11 18:16:25.963  75 83 E channel139887613306624 self_thread_id = 139887613306624, last time delay.time = 12, now count = 473, i = 2
2023-01-11 18:16:25.963  75 78 I channel139887862236928 self_thread_id = 139887862236928, last time delay.time = 10, now count = 474, i = 2
2023-01-11 18:16:25.963  75 78 W channel139887862236928 self_thread_id = 139887862236928, last time delay.time = 10, now count = 474, i = 2
2023-01-11 18:16:25.963  75 78 E channel139887862236928 self_thread_id = 139887862236928, last time delay.time = 10, now count = 474, i = 2
2023-01-11 18:16:25.963  75 81 I channel139887837058816 self_thread_id = 139887837058816, last time delay.time = 9, now count = 475, i = 2
2023-01-11 18:16:25.963  75 81 I channel139887837058816 self_thread_id = 139887837058816, last time delay.time = 9, now count = 475, i = 2
2023-01-11 18:16:25.963  75 81 W channel139887837058816 self_thread_id = 139887837058816, last time delay.time = 9, now count = 475, i = 2
2023-01-11 18:16:25.963  75 77 I channel139887870629632 self_thread_id = 139887870629632, last time delay.time = 7, now count = 477, i = 2
2023-01-11 18:16:25.963  75 81 E channel139887837058816 self_thread_id = 139887837058816, last time delay.time = 9, now count = 475, i = 2
2023-01-11 18:16:25.963  75 77 I channel139887870629632 self_thread_id = 139887870629632, last time delay.time = 7, now count = 477, i = 2
2023-01-11 18:16:25.963  75 77 W channel139887870629632 self_thread_id = 139887870629632, last time delay.time = 7, now count = 477, i = 2
2023-01-11 18:16:25.963  75 79 I channel139887853844224 self_thread_id = 139887853844224, last time delay.time = 10, now count = 479, i = 2
2023-01-11 18:16:25.963  75 77 E channel139887870629632 self_thread_id = 139887870629632, last time delay.time = 7, now count = 477, i = 2
2023-01-11 18:16:25.963  75 80 I channel139887845451520 self_thread_id = 139887845451520, last time delay.time = 8, now count = 478, i = 2
2023-01-11 18:16:25.963  75 79 I channel139887853844224 self_thread_id = 139887853844224, last time delay.time = 10, now count = 479, i = 2
2023-01-11 18:16:25.963  75 79 W channel139887853844224 self_thread_id = 139887853844224, last time delay.time = 10, now count = 479, i = 2
2023-01-11 18:16:25.963  75 80 I channel139887845451520 self_thread_id = 139887845451520, last time delay.time = 8, now count = 478, i = 2
2023-01-11 18:16:25.963  75 79 E channel139887853844224 self_thread_id = 139887853844224, last time delay.time = 10, now count = 479, i = 2
2023-01-11 18:16:25.963  75 80 W channel139887845451520 self_thread_id = 139887845451520, last time delay.time = 8, now count = 478, i = 2
2023-01-11 18:16:25.963  75 80 E channel139887845451520 self_thread_id = 139887845451520, last time delay.time = 8, now count = 478, i = 2
2023-01-11 18:16:25.963  75 82 I channel139887621699328 self_thread_id = 139887621699328, last time delay.time = 11, now count = 476, i = 2
2023-01-11 18:16:25.964  75 82 I channel139887621699328 self_thread_id = 139887621699328, last time delay.time = 11, now count = 476, i = 2
2023-01-11 18:16:25.964  75 82 W channel139887621699328 self_thread_id = 139887621699328, last time delay.time = 11, now count = 476, i = 2
2023-01-11 18:16:25.964  75 84 I channel139887604913920 self_thread_id = 139887604913920, last time delay.time = 8, now count = 480, i = 2
2023-01-11 18:16:25.964  75 82 E channel139887621699328 self_thread_id = 139887621699328, last time delay.time = 11, now count = 476, i = 2
2023-01-11 18:16:25.964  75 84 I channel139887604913920 self_thread_id = 139887604913920, last time delay.time = 8, now count = 480, i = 2
2023-01-11 18:16:25.964  75 84 W channel139887604913920 self_thread_id = 139887604913920, last time delay.time = 8, now count = 480, i = 2
2023-01-11 18:16:25.964  75 84 E channel139887604913920 self_thread_id = 139887604913920, last time delay.time = 8, now count = 480, i = 2
2023-01-11 18:16:26.552  75 75 I APP.tag TestComponent::Proc
2023-01-11 18:16:26.552  75 75 I APP.tag ****************test INFO begin****************
2023-01-11 18:16:26.552  75 75 I APP.tag 测试 index = 906组
2023-01-11 18:16:26.552  75 75 E APP.tag 循环计数 i = 1次
2023-01-11 18:16:26.552  75 75 I APP.tag test LOG_Trace()
2023-01-11 18:16:26.552  75 75 I vscode 循环计数 i = 1次,test LOG_Channel_Trace()
2023-01-11 18:16:26.552  75 75 E APP.tag 循环计数 i = 2次
2023-01-11 18:16:26.552  75 75 E APP.tag 循环计数 i = 3次
2023-01-11 18:16:26.552  75 75 I APP.tag test LOG_Info()
2023-01-11 18:16:26.552  75 75 I baidu 循环计数 i = 3次,test LOG_Channel_Info()
2023-01-11 18:16:26.552  75 75 E APP.tag 循环计数 i = 4次
2023-01-11 18:16:26.552  75 75 W APP.tag test LOG_Warn()
2023-01-11 18:16:26.552  75 75 W google 循环计数 i = 4次,test LOG_Channel_Warn()
2023-01-11 18:16:26.552  75 75 E APP.tag 循环计数 i = 5次
2023-01-11 18:16:26.552  75 75 E APP.tag test LOG_Error()
2023-01-11 18:16:26.552  75 75 E visio 循环计数 i = 5次,test LOG_Channel_Error()
2023-01-11 18:16:26.552  75 75 I APP.tag print coredump DataLen:2 Data[01 00]
2023-01-11 18:16:26.552  75 75 W coredump 0x0000000a 0a 00 00 00 0b 00 00 00 0c 00 00 00 0d 00 00 00 0e 00 00 00
2023-01-11 18:16:26.552  75 75 I APP.tag ****************test INFO end****************
2023-01-11 18:16:26.963  75 83 I channel139887613306624 self_thread_id = 139887613306624, last time delay.time = 12, now count = 473, i = 3
2023-01-11 18:16:26.963  75 83 I channel139887613306624 self_thread_id = 139887613306624, last time delay.time = 12, now count = 473, i = 3
2023-01-11 18:16:26.963  75 83 W channel139887613306624 self_thread_id = 139887613306624, last time delay.time = 12, now count = 473, i = 3
2023-01-11 18:16:26.963  75 83 E channel139887613306624 self_thread_id = 139887613306624, last time delay.time = 12, now count = 473, i = 3
2023-01-11 18:16:26.963  75 78 I channel139887862236928 self_thread_id = 139887862236928, last time delay.time = 10, now count = 474, i = 3
2023-01-11 18:16:26.963  75 78 I channel139887862236928 self_thread_id = 139887862236928, last time delay.time = 10, now count = 474, i = 3
2023-01-11 18:16:26.964  75 78 W channel139887862236928 self_thread_id = 139887862236928, last time delay.time = 10, now count = 474, i = 3
2023-01-11 18:16:26.964  75 78 E channel139887862236928 self_thread_id = 139887862236928, last time delay.time = 10, now count = 474, i = 3
2023-01-11 18:16:26.964  75 77 I channel139887870629632 self_thread_id = 139887870629632, last time delay.time = 7, now count = 477, i = 3
2023-01-11 18:16:26.964  75 77 I channel139887870629632 self_thread_id = 139887870629632, last time delay.time = 7, now count = 477, i = 3
2023-01-11 18:16:26.964  75 77 W channel139887870629632 self_thread_id = 139887870629632, last time delay.time = 7, now count = 477, i = 3
2023-01-11 18:16:26.964  75 77 E channel139887870629632 self_thread_id = 139887870629632, last time delay.time = 7, now count = 477, i = 3
2023-01-11 18:16:26.964  75 79 I channel139887853844224 self_thread_id = 139887853844224, last time delay.time = 10, now count = 479, i = 3
2023-01-11 18:16:26.964  75 81 I channel139887837058816 self_thread_id = 139887837058816, last time delay.time = 9, now count = 475, i = 3
2023-01-11 18:16:26.964  75 79 I channel139887853844224 self_thread_id = 139887853844224, last time delay.time = 10, now count = 479, i = 3
2023-01-11 18:16:26.964  75 81 I channel139887837058816 self_thread_id = 139887837058816, last time delay.time = 9, now count = 475, i = 3
2023-01-11 18:16:26.964  75 79 W channel139887853844224 self_thread_id = 139887853844224, last time delay.time = 10, now count = 479, i = 3
2023-01-11 18:16:26.964  75 81 W channel139887837058816 self_thread_id = 139887837058816, last time delay.time = 9, now count = 475, i = 3
2023-01-11 18:16:26.964  75 81 E channel139887837058816 self_thread_id = 139887837058816, last time delay.time = 9, now count = 475, i = 3
2023-01-11 18:16:26.964  75 80 I channel139887845451520 self_thread_id = 139887845451520, last time delay.time = 8, now count = 478, i = 3
2023-01-11 18:16:26.964  75 79 E channel139887853844224 self_thread_id = 139887853844224, last time delay.time = 10, now count = 479, i = 3
2023-01-11 18:16:26.964  75 80 I channel139887845451520 self_thread_id = 139887845451520, last time delay.time = 8, now count = 478, i = 3
2023-01-11 18:16:26.964  75 84 I channel139887604913920 self_thread_id = 139887604913920, last time delay.time = 8, now count = 480, i = 3
2023-01-11 18:16:26.964  75 80 W channel139887845451520 self_thread_id = 139887845451520, last time delay.time = 8, now count = 478, i = 3
2023-01-11 18:16:26.964  75 80 E channel139887845451520 self_thread_id = 139887845451520, last time delay.time = 8, now count = 478, i = 3
2023-01-11 18:16:26.964  75 84 I channel139887604913920 self_thread_id = 139887604913920, last time delay.time = 8, now count = 480, i = 3
2023-01-11 18:16:26.964  75 84 W channel139887604913920 self_thread_id = 139887604913920, last time delay.time = 8, now count = 480, i = 3
2023-01-11 18:16:26.964  75 84 E channel139887604913920 self_thread_id = 139887604913920, last time delay.time = 8, now count = 480, i = 3
2023-01-11 18:16:26.964  75 82 I channel139887621699328 self_thread_id = 139887621699328, last time delay.time = 11, now count = 476, i = 3
2023-01-11 18:16:26.964  75 82 I channel139887621699328 self_thread_id = 139887621699328, last time delay.time = 11, now count = 476, i = 3
2023-01-11 18:16:26.964  75 82 W channel139887621699328 self_thread_id = 139887621699328, last time delay.time = 11, now count = 476, i = 3
2023-01-11 18:16:26.964  75 82 E channel139887621699328 self_thread_id = 139887621699328, last time delay.time = 11, now count = 476, i = 3
2023-01-11 18:16:27.964  75 83 I channel139887613306624 self_thread_id = 139887613306624, last time delay.time = 12, now count = 473, i = 4
2023-01-11 18:16:27.964  75 83 I channel139887613306624 self_thread_id = 139887613306624, last time delay.time = 12, now count = 473, i = 4
2023-01-11 18:16:27.964  75 83 W channel139887613306624 self_thread_id = 139887613306624, last time delay.time = 12, now count = 473, i = 4
2023-01-11 18:16:27.964  75 83 E channel139887613306624 self_thread_id = 139887613306624, last time delay.time = 12, now count = 473, i = 4
2023-01-11 18:16:27.964  75 83 I channel139887613306624 self_thread_id = 139887613306624, last time delay.time = 12, now count = 481
2023-01-11 18:16:27.964  75 78 I channel139887862236928 self_thread_id = 139887862236928, last time delay.time = 10, now count = 474, i = 4
2023-01-11 18:16:27.964  75 77 I channel139887870629632 self_thread_id = 139887870629632, last time delay.time = 7, now count = 477, i = 4
2023-01-11 18:16:27.964  75 78 I channel139887862236928 self_thread_id = 139887862236928, last time delay.time = 10, now count = 474, i = 4
2023-01-11 18:16:27.964  75 78 W channel139887862236928 self_thread_id = 139887862236928, last time delay.time = 10, now count = 474, i = 4
2023-01-11 18:16:27.964  75 77 I channel139887870629632 self_thread_id = 139887870629632, last time delay.time = 7, now count = 477, i = 4
2023-01-11 18:16:27.964  75 78 E channel139887862236928 self_thread_id = 139887862236928, last time delay.time = 10, now count = 474, i = 4
2023-01-11 18:16:27.964  75 77 W channel139887870629632 self_thread_id = 139887870629632, last time delay.time = 7, now count = 477, i = 4
2023-01-11 18:16:27.964  75 81 I channel139887837058816 self_thread_id = 139887837058816, last time delay.time = 9, now count = 475, i = 4
2023-01-11 18:16:27.964  75 78 I channel139887862236928 self_thread_id = 139887862236928, last time delay.time = 10, now count = 482
2023-01-11 18:16:27.964  75 79 I channel139887853844224 self_thread_id = 139887853844224, last time delay.time = 10, now count = 479, i = 4
2023-01-11 18:16:27.964  75 81 I channel139887837058816 self_thread_id = 139887837058816, last time delay.time = 9, now count = 475, i = 4
2023-01-11 18:16:27.964  75 81 W channel139887837058816 self_thread_id = 139887837058816, last time delay.time = 9, now count = 475, i = 4
2023-01-11 18:16:27.964  75 79 I channel139887853844224 self_thread_id = 139887853844224, last time delay.time = 10, now count = 479, i = 4
2023-01-11 18:16:27.964  75 81 E channel139887837058816 self_thread_id = 139887837058816, last time delay.time = 9, now count = 475, i = 4
2023-01-11 18:16:27.964  75 77 E channel139887870629632 self_thread_id = 139887870629632, last time delay.time = 7, now count = 477, i = 4
2023-01-11 18:16:27.964  75 81 I channel139887837058816 self_thread_id = 139887837058816, last time delay.time = 9, now count = 484
2023-01-11 18:16:27.964  75 79 W channel139887853844224 self_thread_id = 139887853844224, last time delay.time = 10, now count = 479, i = 4
2023-01-11 18:16:27.964  75 79 E channel139887853844224 self_thread_id = 139887853844224, last time delay.time = 10, now count = 479, i = 4
2023-01-11 18:16:27.964  75 77 I channel139887870629632 self_thread_id = 139887870629632, last time delay.time = 7, now count = 483
2023-01-11 18:16:27.964  75 79 I channel139887853844224 self_thread_id = 139887853844224, last time delay.time = 10, now count = 485
2023-01-11 18:16:27.964  75 80 I channel139887845451520 self_thread_id = 139887845451520, last time delay.time = 8, now count = 478, i = 4
2023-01-11 18:16:27.964  75 80 I channel139887845451520 self_thread_id = 139887845451520, last time delay.time = 8, now count = 478, i = 4
2023-01-11 18:16:27.964  75 84 I channel139887604913920 self_thread_id = 139887604913920, last time delay.time = 8, now count = 480, i = 4
2023-01-11 18:16:27.964  75 80 W channel139887845451520 self_thread_id = 139887845451520, last time delay.time = 8, now count = 478, i = 4
2023-01-11 18:16:27.964  75 80 E channel139887845451520 self_thread_id = 139887845451520, last time delay.time = 8, now count = 478, i = 4
2023-01-11 18:16:27.964  75 84 I channel139887604913920 self_thread_id = 139887604913920, last time delay.time = 8, now count = 480, i = 4
2023-01-11 18:16:27.964  75 80 I channel139887845451520 self_thread_id = 139887845451520, last time delay.time = 8, now count = 486
2023-01-11 18:16:27.964  75 84 W channel139887604913920 self_thread_id = 139887604913920, last time delay.time = 8, now count = 480, i = 4
2023-01-11 18:16:27.964  75 84 E channel139887604913920 self_thread_id = 139887604913920, last time delay.time = 8, now count = 480, i = 4
2023-01-11 18:16:27.964  75 84 I channel139887604913920 self_thread_id = 139887604913920, last time delay.time = 8, now count = 487
2023-01-11 18:16:27.964  75 82 I channel139887621699328 self_thread_id = 139887621699328, last time delay.time = 11, now count = 476, i = 4
2023-01-11 18:16:27.964  75 82 I channel139887621699328 self_thread_id = 139887621699328, last time delay.time = 11, now count = 476, i = 4
2023-01-11 18:16:27.964  75 82 W channel139887621699328 self_thread_id = 139887621699328, last time delay.time = 11, now count = 476, i = 4
2023-01-11 18:16:27.964  75 82 E channel139887621699328 self_thread_id = 139887621699328, last time delay.time = 11, now count = 476, i = 4
2023-01-11 18:16:27.964  75 82 I channel139887621699328 self_thread_id = 139887621699328, last time delay.time = 11, now count = 488
2023-01-11 18:16:28.964  75 83 I channel139887613306624 self_thread_id = 139887613306624, last time delay.time = 6, now count = 481, i = 0
2023-01-11 18:16:28.964  75 83 I channel139887613306624 self_thread_id = 139887613306624, last time delay.time = 6, now count = 481, i = 0
2023-01-11 18:16:28.964  75 83 W channel139887613306624 self_thread_id = 139887613306624, last time delay.time = 6, now count = 481, i = 0
2023-01-11 18:16:28.964  75 83 E channel139887613306624 self_thread_id = 139887613306624, last time delay.time = 6, now count = 481, i = 0
2023-01-11 18:16:28.964  75 77 I channel139887870629632 self_thread_id = 139887870629632, last time delay.time = 12, now count = 483, i = 0
2023-01-11 18:16:28.964  75 78 I channel139887862236928 self_thread_id = 139887862236928, last time delay.time = 32, now count = 482, i = 0
2023-01-11 18:16:28.964  75 79 I channel139887853844224 self_thread_id = 139887853844224, last time delay.time = 11, now count = 485, i = 0
2023-01-11 18:16:28.964  75 78 I channel139887862236928 self_thread_id = 139887862236928, last time delay.time = 32, now count = 482, i = 0
2023-01-11 18:16:28.964  75 81 I channel139887837058816 self_thread_id = 139887837058816, last time delay.time = 10, now count = 484, i = 0
2023-01-11 18:16:28.964  75 79 I channel139887853844224 self_thread_id = 139887853844224, last time delay.time = 11, now count = 485, i = 0
2023-01-11 18:16:28.964  75 78 W channel139887862236928 self_thread_id = 139887862236928, last time delay.time = 32, now count = 482, i = 0
2023-01-11 18:16:28.964  75 77 I channel139887870629632 self_thread_id = 139887870629632, last time delay.time = 12, now count = 483, i = 0
2023-01-11 18:16:28.964  75 77 W channel139887870629632 self_thread_id = 139887870629632, last time delay.time = 12, now count = 483, i = 0
2023-01-11 18:16:28.964  75 81 I channel139887837058816 self_thread_id = 139887837058816, last time delay.time = 10, now count = 484, i = 0
2023-01-11 18:16:28.964  75 79 W channel139887853844224 self_thread_id = 139887853844224, last time delay.time = 11, now count = 485, i = 0
2023-01-11 18:16:28.964  75 81 W channel139887837058816 self_thread_id = 139887837058816, last time delay.time = 10, now count = 484, i = 0
2023-01-11 18:16:28.964  75 80 I channel139887845451520 self_thread_id = 139887845451520, last time delay.time = 10, now count = 486, i = 0
2023-01-11 18:16:28.964  75 81 E channel139887837058816 self_thread_id = 139887837058816, last time delay.time = 10, now count = 484, i = 0
2023-01-11 18:16:28.964  75 80 I channel139887845451520 self_thread_id = 139887845451520, last time delay.time = 10, now count = 486, i = 0
2023-01-11 18:16:28.964  75 79 E channel139887853844224 self_thread_id = 139887853844224, last time delay.time = 11, now count = 485, i = 0
2023-01-11 18:16:28.964  75 80 W channel139887845451520 self_thread_id = 139887845451520, last time delay.time = 10, now count = 486, i = 0
2023-01-11 18:16:28.964  75 78 E channel139887862236928 self_thread_id = 139887862236928, last time delay.time = 32, now count = 482, i = 0
2023-01-11 18:16:28.964  75 80 E channel139887845451520 self_thread_id = 139887845451520, last time delay.time = 10, now count = 486, i = 0
2023-01-11 18:16:28.964  75 77 E channel139887870629632 self_thread_id = 139887870629632, last time delay.time = 12, now count = 483, i = 0
2023-01-11 18:16:28.964  75 82 I channel139887621699328 self_thread_id = 139887621699328, last time delay.time = 9, now count = 488, i = 0
2023-01-11 18:16:28.964  75 82 I channel139887621699328 self_thread_id = 139887621699328, last time delay.time = 9, now count = 488, i = 0
2023-01-11 18:16:28.964  75 84 I channel139887604913920 self_thread_id = 139887604913920, last time delay.time = 9, now count = 487, i = 0
2023-01-11 18:16:28.964  75 82 W channel139887621699328 self_thread_id = 139887621699328, last time delay.time = 9, now count = 488, i = 0
2023-01-11 18:16:28.964  75 84 I channel139887604913920 self_thread_id = 139887604913920, last time delay.time = 9, now count = 487, i = 0
2023-01-11 18:16:28.964  75 82 E channel139887621699328 self_thread_id = 139887621699328, last time delay.time = 9, now count = 488, i = 0
2023-01-11 18:16:28.964  75 84 W channel139887604913920 self_thread_id = 139887604913920, last time delay.time = 9, now count = 487, i = 0
2023-01-11 18:16:28.964  75 84 E channel139887604913920 self_thread_id = 139887604913920, last time delay.time = 9, now count = 487, i = 0
2023-01-11 18:16:29.964  75 83 I channel139887613306624 self_thread_id = 139887613306624, last time delay.time = 6, now count = 481, i = 1
2023-01-11 18:16:29.964  75 83 I channel139887613306624 self_thread_id = 139887613306624, last time delay.time = 6, now count = 481, i = 1
2023-01-11 18:16:29.964  75 83 W channel139887613306624 self_thread_id = 139887613306624, last time delay.time = 6, now count = 481, i = 1
2023-01-11 18:16:29.964  75 83 E channel139887613306624 self_thread_id = 139887613306624, last time delay.time = 6, now count = 481, i = 1
2023-01-11 18:16:29.964  75 79 I channel139887853844224 self_thread_id = 139887853844224, last time delay.time = 11, now count = 485, i = 1
2023-01-11 18:16:29.964  75 78 I channel139887862236928 self_thread_id = 139887862236928, last time delay.time = 32, now count = 482, i = 1
