2023-01-11 18:15:16.951  75 79 E channel139887853844224 self_thread_id = 139887853844224, last time delay.time = 9, now count = 363, i = 3
2023-01-11 18:15:16.951  75 77 W channel139887870629632 self_thread_id = 139887870629632, last time delay.time = 11, now count = 366, i = 3
2023-01-11 18:15:16.951  75 77 E channel139887870629632 self_thread_id = 139887870629632, last time delay.time = 11, now count = 366, i = 3
2023-01-11 18:15:16.951  75 78 I channel139887862236928 self_thread_id = 139887862236928, last time delay.time = 8, now count = 365, i = 3
2023-01-11 18:15:16.951  75 83 I channel139887613306624 self_thread_id = 139887613306624, last time delay.time = 8, now count = 368, i = 3
2023-01-11 18:15:16.951  75 83 I channel139887613306624 self_thread_id = 139887613306624, last time delay.time = 8, now count = 368, i = 3
2023-01-11 18:15:16.951  75 78 I channel139887862236928 self_thread_id = 139887862236928, last time delay.time = 8, now count = 365, i = 3
2023-01-11 18:15:16.951  75 83 W channel139887613306624 self_thread_id = 139887613306624, last time delay.time = 8, now count = 368, i = 3
2023-01-11 18:15:16.951  75 83 E channel139887613306624 self_thread_id = 139887613306624, last time delay.time = 8, now count = 368, i = 3
2023-01-11 18:15:16.951  75 78 W channel139887862236928 self_thread_id = 139887862236928, last time delay.time = 8, now count = 365, i = 3
2023-01-11 18:15:16.951  75 81 I channel139887837058816 self_thread_id = 139887837058816, last time delay.time = 9, now count = 364, i = 3
2023-01-11 18:15:16.951  75 80 I channel139887845451520 self_thread_id = 139887845451520, last time delay.time = 9, now count = 367, i = 3
2023-01-11 18:15:16.951  75 78 E channel139887862236928 self_thread_id = 139887862236928, last time delay.time = 8, now count = 365, i = 3
2023-01-11 18:15:16.951  75 81 I channel139887837058816 self_thread_id = 139887837058816, last time delay.time = 9, now count = 364, i = 3
2023-01-11 18:15:16.951  75 80 I channel139887845451520 self_thread_id = 139887845451520, last time delay.time = 9, now count = 367, i = 3
2023-01-11 18:15:16.951  75 81 W channel139887837058816 self_thread_id = 139887837058816, last time delay.time = 9, now count = 364, i = 3
2023-01-11 18:15:16.951  75 81 E channel139887837058816 self_thread_id = 139887837058816, last time delay.time = 9, now count = 364, i = 3
2023-01-11 18:15:16.951  75 80 W channel139887845451520 self_thread_id = 139887845451520, last time delay.time = 9, now count = 367, i = 3
2023-01-11 18:15:16.951  75 80 E channel139887845451520 self_thread_id = 139887845451520, last time delay.time = 9, now count = 367, i = 3
2023-01-11 18:15:17.950  75 84 I channel139887604913920 self_thread_id = 139887604913920, last time delay.time = 8, now count = 361, i = 4
2023-01-11 18:15:17.950  75 84 I channel139887604913920 self_thread_id = 139887604913920, last time delay.time = 8, now count = 361, i = 4
2023-01-11 18:15:17.950  75 84 W channel139887604913920 self_thread_id = 139887604913920, last time delay.time = 8, now count = 361, i = 4
2023-01-11 18:15:17.950  75 84 E channel139887604913920 self_thread_id = 139887604913920, last time delay.time = 8, now count = 361, i = 4
2023-01-11 18:15:17.950  75 84 I channel139887604913920 self_thread_id = 139887604913920, last time delay.time = 8, now count = 369
2023-01-11 18:15:17.951  75 82 I channel139887621699328 self_thread_id = 139887621699328, last time delay.time = 8, now count = 362, i = 4
2023-01-11 18:15:17.951  75 82 I channel139887621699328 self_thread_id = 139887621699328, last time delay.time = 8, now count = 362, i = 4
2023-01-11 18:15:17.951  75 82 W channel139887621699328 self_thread_id = 139887621699328, last time delay.time = 8, now count = 362, i = 4
2023-01-11 18:15:17.951  75 82 E channel139887621699328 self_thread_id = 139887621699328, last time delay.time = 8, now count = 362, i = 4
2023-01-11 18:15:17.951  75 82 I channel139887621699328 self_thread_id = 139887621699328, last time delay.time = 8, now count = 370
2023-01-11 18:15:17.951  75 79 I channel139887853844224 self_thread_id = 139887853844224, last time delay.time = 9, now count = 363, i = 4
2023-01-11 18:15:17.951  75 77 I channel139887870629632 self_thread_id = 139887870629632, last time delay.time = 11, now count = 366, i = 4
2023-01-11 18:15:17.951  75 79 I channel139887853844224 self_thread_id = 139887853844224, last time delay.time = 9, now count = 363, i = 4
2023-01-11 18:15:17.951  75 79 W channel139887853844224 self_thread_id = 139887853844224, last time delay.time = 9, now count = 363, i = 4
2023-01-11 18:15:17.951  75 83 I channel139887613306624 self_thread_id = 139887613306624, last time delay.time = 8, now count = 368, i = 4
2023-01-11 18:15:17.951  75 77 I channel139887870629632 self_thread_id = 139887870629632, last time delay.time = 11, now count = 366, i = 4
2023-01-11 18:15:17.951  75 79 E channel139887853844224 self_thread_id = 139887853844224, last time delay.time = 9, now count = 363, i = 4
2023-01-11 18:15:17.951  75 83 I channel139887613306624 self_thread_id = 139887613306624, last time delay.time = 8, now count = 368, i = 4
2023-01-11 18:15:17.951  75 77 W channel139887870629632 self_thread_id = 139887870629632, last time delay.time = 11, now count = 366, i = 4
2023-01-11 18:15:17.951  75 83 W channel139887613306624 self_thread_id = 139887613306624, last time delay.time = 8, now count = 368, i = 4
2023-01-11 18:15:17.951  75 79 I channel139887853844224 self_thread_id = 139887853844224, last time delay.time = 9, now count = 371
2023-01-11 18:15:17.951  75 77 E channel139887870629632 self_thread_id = 139887870629632, last time delay.time = 11, now count = 366, i = 4
2023-01-11 18:15:17.951  75 81 I channel139887837058816 self_thread_id = 139887837058816, last time delay.time = 9, now count = 364, i = 4
2023-01-11 18:15:17.951  75 83 E channel139887613306624 self_thread_id = 139887613306624, last time delay.time = 8, now count = 368, i = 4
2023-01-11 18:15:17.951  75 77 I channel139887870629632 self_thread_id = 139887870629632, last time delay.time = 11, now count = 372
2023-01-11 18:15:17.951  75 83 I channel139887613306624 self_thread_id = 139887613306624, last time delay.time = 8, now count = 373
2023-01-11 18:15:17.951  75 81 I channel139887837058816 self_thread_id = 139887837058816, last time delay.time = 9, now count = 364, i = 4
2023-01-11 18:15:17.951  75 78 I channel139887862236928 self_thread_id = 139887862236928, last time delay.time = 8, now count = 365, i = 4
2023-01-11 18:15:17.951  75 81 W channel139887837058816 self_thread_id = 139887837058816, last time delay.time = 9, now count = 364, i = 4
2023-01-11 18:15:17.951  75 81 E channel139887837058816 self_thread_id = 139887837058816, last time delay.time = 9, now count = 364, i = 4
2023-01-11 18:15:17.951  75 78 I channel139887862236928 self_thread_id = 139887862236928, last time delay.time = 8, now count = 365, i = 4
2023-01-11 18:15:17.951  75 81 I channel139887837058816 self_thread_id = 139887837058816, last time delay.time = 9, now count = 374
2023-01-11 18:15:17.951  75 78 W channel139887862236928 self_thread_id = 139887862236928, last time delay.time = 8, now count = 365, i = 4
2023-01-11 18:15:17.951  75 80 I channel139887845451520 self_thread_id = 139887845451520, last time delay.time = 9, now count = 367, i = 4
2023-01-11 18:15:17.951  75 78 E channel139887862236928 self_thread_id = 139887862236928, last time delay.time = 8, now count = 365, i = 4
2023-01-11 18:15:17.951  75 80 I channel139887845451520 self_thread_id = 139887845451520, last time delay.time = 9, now count = 367, i = 4
2023-01-11 18:15:17.951  75 78 I channel139887862236928 self_thread_id = 139887862236928, last time delay.time = 8, now count = 375
2023-01-11 18:15:17.951  75 80 W channel139887845451520 self_thread_id = 139887845451520, last time delay.time = 9, now count = 367, i = 4
2023-01-11 18:15:17.951  75 80 E channel139887845451520 self_thread_id = 139887845451520, last time delay.time = 9, now count = 367, i = 4
2023-01-11 18:15:17.951  75 80 I channel139887845451520 self_thread_id = 139887845451520, last time delay.time = 9, now count = 376
2023-01-11 18:15:18.951  75 84 I channel139887604913920 self_thread_id = 139887604913920, last time delay.time = 9, now count = 369, i = 0
2023-01-11 18:15:18.951  75 84 I channel139887604913920 self_thread_id = 139887604913920, last time delay.time = 9, now count = 369, i = 0
2023-01-11 18:15:18.951  75 84 W channel139887604913920 self_thread_id = 139887604913920, last time delay.time = 9, now count = 369, i = 0
2023-01-11 18:15:18.951  75 84 E channel139887604913920 self_thread_id = 139887604913920, last time delay.time = 9, now count = 369, i = 0
2023-01-11 18:15:18.951  75 82 I channel139887621699328 self_thread_id = 139887621699328, last time delay.time = 8, now count = 370, i = 0
2023-01-11 18:15:18.951  75 82 I channel139887621699328 self_thread_id = 139887621699328, last time delay.time = 8, now count = 370, i = 0
2023-01-11 18:15:18.951  75 82 W channel139887621699328 self_thread_id = 139887621699328, last time delay.time = 8, now count = 370, i = 0
2023-01-11 18:15:18.951  75 82 E channel139887621699328 self_thread_id = 139887621699328, last time delay.time = 8, now count = 370, i = 0
2023-01-11 18:15:18.951  75 79 I channel139887853844224 self_thread_id = 139887853844224, last time delay.time = 16, now count = 371, i = 0
2023-01-11 18:15:18.951  75 77 I channel139887870629632 self_thread_id = 139887870629632, last time delay.time = 15, now count = 372, i = 0
2023-01-11 18:15:18.951  75 81 I channel139887837058816 self_thread_id = 139887837058816, last time delay.time = 9, now count = 374, i = 0
2023-01-11 18:15:18.951  75 79 I channel139887853844224 self_thread_id = 139887853844224, last time delay.time = 16, now count = 371, i = 0
2023-01-11 18:15:18.951  75 83 I channel139887613306624 self_thread_id = 139887613306624, last time delay.time = 10, now count = 373, i = 0
2023-01-11 18:15:18.951  75 77 I channel139887870629632 self_thread_id = 139887870629632, last time delay.time = 15, now count = 372, i = 0
2023-01-11 18:15:18.951  75 79 W channel139887853844224 self_thread_id = 139887853844224, last time delay.time = 16, now count = 371, i = 0
2023-01-11 18:15:18.951  75 83 I channel139887613306624 self_thread_id = 139887613306624, last time delay.time = 10, now count = 373, i = 0
2023-01-11 18:15:18.951  75 78 I channel139887862236928 self_thread_id = 139887862236928, last time delay.time = 10, now count = 375, i = 0
2023-01-11 18:15:18.951  75 81 I channel139887837058816 self_thread_id = 139887837058816, last time delay.time = 9, now count = 374, i = 0
2023-01-11 18:15:18.951  75 79 E channel139887853844224 self_thread_id = 139887853844224, last time delay.time = 16, now count = 371, i = 0
2023-01-11 18:15:18.951  75 83 W channel139887613306624 self_thread_id = 139887613306624, last time delay.time = 10, now count = 373, i = 0
2023-01-11 18:15:18.951  75 78 I channel139887862236928 self_thread_id = 139887862236928, last time delay.time = 10, now count = 375, i = 0
2023-01-11 18:15:18.951  75 83 E channel139887613306624 self_thread_id = 139887613306624, last time delay.time = 10, now count = 373, i = 0
2023-01-11 18:15:18.951  75 78 W channel139887862236928 self_thread_id = 139887862236928, last time delay.time = 10, now count = 375, i = 0
2023-01-11 18:15:18.951  75 77 W channel139887870629632 self_thread_id = 139887870629632, last time delay.time = 15, now count = 372, i = 0
2023-01-11 18:15:18.951  75 81 W channel139887837058816 self_thread_id = 139887837058816, last time delay.time = 9, now count = 374, i = 0
2023-01-11 18:15:18.951  75 81 E channel139887837058816 self_thread_id = 139887837058816, last time delay.time = 9, now count = 374, i = 0
2023-01-11 18:15:18.951  75 78 E channel139887862236928 self_thread_id = 139887862236928, last time delay.time = 10, now count = 375, i = 0
2023-01-11 18:15:18.951  75 77 E channel139887870629632 self_thread_id = 139887870629632, last time delay.time = 15, now count = 372, i = 0
2023-01-11 18:15:18.951  75 80 I channel139887845451520 self_thread_id = 139887845451520, last time delay.time = 8, now count = 376, i = 0
2023-01-11 18:15:18.951  75 80 I channel139887845451520 self_thread_id = 139887845451520, last time delay.time = 8, now count = 376, i = 0
2023-01-11 18:15:18.951  75 80 W channel139887845451520 self_thread_id = 139887845451520, last time delay.time = 8, now count = 376, i = 0
2023-01-11 18:15:18.951  75 80 E channel139887845451520 self_thread_id = 139887845451520, last time delay.time = 8, now count = 376, i = 0
2023-01-11 18:15:19.951  75 84 I channel139887604913920 self_thread_id = 139887604913920, last time delay.time = 9, now count = 369, i = 1
2023-01-11 18:15:19.951  75 84 I channel139887604913920 self_thread_id = 139887604913920, last time delay.time = 9, now count = 369, i = 1
2023-01-11 18:15:19.951  75 84 W channel139887604913920 self_thread_id = 139887604913920, last time delay.time = 9, now count = 369, i = 1
2023-01-11 18:15:19.951  75 84 E channel139887604913920 self_thread_id = 139887604913920, last time delay.time = 9, now count = 369, i = 1
2023-01-11 18:15:19.951  75 82 I channel139887621699328 self_thread_id = 139887621699328, last time delay.time = 8, now count = 370, i = 1
2023-01-11 18:15:19.951  75 82 I channel139887621699328 self_thread_id = 139887621699328, last time delay.time = 8, now count = 370, i = 1
2023-01-11 18:15:19.951  75 82 W channel139887621699328 self_thread_id = 139887621699328, last time delay.time = 8, now count = 370, i = 1
2023-01-11 18:15:19.951  75 82 E channel139887621699328 self_thread_id = 139887621699328, last time delay.time = 8, now count = 370, i = 1
2023-01-11 18:15:19.951  75 79 I channel139887853844224 self_thread_id = 139887853844224, last time delay.time = 16, now count = 371, i = 1
2023-01-11 18:15:19.951  75 83 I channel139887613306624 self_thread_id = 139887613306624, last time delay.time = 10, now count = 373, i = 1
2023-01-11 18:15:19.951  75 79 I channel139887853844224 self_thread_id = 139887853844224, last time delay.time = 16, now count = 371, i = 1
2023-01-11 18:15:19.951  75 77 I channel139887870629632 self_thread_id = 139887870629632, last time delay.time = 15, now count = 372, i = 1
2023-01-11 18:15:19.951  75 83 I channel139887613306624 self_thread_id = 139887613306624, last time delay.time = 10, now count = 373, i = 1
2023-01-11 18:15:19.951  75 79 W channel139887853844224 self_thread_id = 139887853844224, last time delay.time = 16, now count = 371, i = 1
2023-01-11 18:15:19.951  75 83 W channel139887613306624 self_thread_id = 139887613306624, last time delay.time = 10, now count = 373, i = 1
2023-01-11 18:15:19.951  75 77 I channel139887870629632 self_thread_id = 139887870629632, last time delay.time = 15, now count = 372, i = 1
2023-01-11 18:15:19.951  75 83 E channel139887613306624 self_thread_id = 139887613306624, last time delay.time = 10, now count = 373, i = 1
2023-01-11 18:15:19.951  75 79 E channel139887853844224 self_thread_id = 139887853844224, last time delay.time = 16, now count = 371, i = 1
2023-01-11 18:15:19.951  75 77 W channel139887870629632 self_thread_id = 139887870629632, last time delay.time = 15, now count = 372, i = 1
2023-01-11 18:15:19.951  75 77 E channel139887870629632 self_thread_id = 139887870629632, last time delay.time = 15, now count = 372, i = 1
2023-01-11 18:15:19.951  75 81 I channel139887837058816 self_thread_id = 139887837058816, last time delay.time = 9, now count = 374, i = 1
2023-01-11 18:15:19.951  75 78 I channel139887862236928 self_thread_id = 139887862236928, last time delay.time = 10, now count = 375, i = 1
2023-01-11 18:15:19.951  75 81 I channel139887837058816 self_thread_id = 139887837058816, last time delay.time = 9, now count = 374, i = 1
2023-01-11 18:15:19.951  75 81 W channel139887837058816 self_thread_id = 139887837058816, last time delay.time = 9, now count = 374, i = 1
2023-01-11 18:15:19.951  75 78 I channel139887862236928 self_thread_id = 139887862236928, last time delay.time = 10, now count = 375, i = 1
2023-01-11 18:15:19.951  75 81 E channel139887837058816 self_thread_id = 139887837058816, last time delay.time = 9, now count = 374, i = 1
2023-01-11 18:15:19.951  75 78 W channel139887862236928 self_thread_id = 139887862236928, last time delay.time = 10, now count = 375, i = 1
2023-01-11 18:15:19.951  75 78 E channel139887862236928 self_thread_id = 139887862236928, last time delay.time = 10, now count = 375, i = 1
2023-01-11 18:15:19.951  75 80 I channel139887845451520 self_thread_id = 139887845451520, last time delay.time = 8, now count = 376, i = 1
2023-01-11 18:15:19.951  75 80 I channel139887845451520 self_thread_id = 139887845451520, last time delay.time = 8, now count = 376, i = 1
2023-01-11 18:15:19.951  75 80 W channel139887845451520 self_thread_id = 139887845451520, last time delay.time = 8, now count = 376, i = 1
2023-01-11 18:15:19.951  75 80 E channel139887845451520 self_thread_id = 139887845451520, last time delay.time = 8, now count = 376, i = 1
2023-01-11 18:15:20.951  75 84 I channel139887604913920 self_thread_id = 139887604913920, last time delay.time = 9, now count = 369, i = 2
2023-01-11 18:15:20.951  75 84 I channel139887604913920 self_thread_id = 139887604913920, last time delay.time = 9, now count = 369, i = 2
2023-01-11 18:15:20.951  75 84 W channel139887604913920 self_thread_id = 139887604913920, last time delay.time = 9, now count = 369, i = 2
2023-01-11 18:15:20.951  75 84 E channel139887604913920 self_thread_id = 139887604913920, last time delay.time = 9, now count = 369, i = 2
2023-01-11 18:15:20.951  75 82 I channel139887621699328 self_thread_id = 139887621699328, last time delay.time = 8, now count = 370, i = 2
2023-01-11 18:15:20.951  75 82 I channel139887621699328 self_thread_id = 139887621699328, last time delay.time = 8, now count = 370, i = 2
2023-01-11 18:15:20.951  75 82 W channel139887621699328 self_thread_id = 139887621699328, last time delay.time = 8, now count = 370, i = 2
2023-01-11 18:15:20.951  75 82 E channel139887621699328 self_thread_id = 139887621699328, last time delay.time = 8, now count = 370, i = 2
2023-01-11 18:15:20.951  75 83 I channel139887613306624 self_thread_id = 139887613306624, last time delay.time = 10, now count = 373, i = 2
2023-01-11 18:15:20.951  75 83 I channel139887613306624 self_thread_id = 139887613306624, last time delay.time = 10, now count = 373, i = 2
2023-01-11 18:15:20.951  75 79 I channel139887853844224 self_thread_id = 139887853844224, last time delay.time = 16, now count = 371, i = 2
2023-01-11 18:15:20.951  75 81 I channel139887837058816 self_thread_id = 139887837058816, last time delay.time = 9, now count = 374, i = 2
2023-01-11 18:15:20.951  75 77 I channel139887870629632 self_thread_id = 139887870629632, last time delay.time = 15, now count = 372, i = 2
2023-01-11 18:15:20.951  75 83 W channel139887613306624 self_thread_id = 139887613306624, last time delay.time = 10, now count = 373, i = 2
2023-01-11 18:15:20.951  75 79 I channel139887853844224 self_thread_id = 139887853844224, last time delay.time = 16, now count = 371, i = 2
2023-01-11 18:15:20.951  75 83 E channel139887613306624 self_thread_id = 139887613306624, last time delay.time = 10, now count = 373, i = 2
2023-01-11 18:15:20.951  75 79 W channel139887853844224 self_thread_id = 139887853844224, last time delay.time = 16, now count = 371, i = 2
2023-01-11 18:15:20.951  75 77 I channel139887870629632 self_thread_id = 139887870629632, last time delay.time = 15, now count = 372, i = 2
2023-01-11 18:15:20.951  75 81 I channel139887837058816 self_thread_id = 139887837058816, last time delay.time = 9, now count = 374, i = 2
2023-01-11 18:15:20.951  75 81 W channel139887837058816 self_thread_id = 139887837058816, last time delay.time = 9, now count = 374, i = 2
2023-01-11 18:15:20.951  75 79 E channel139887853844224 self_thread_id = 139887853844224, last time delay.time = 16, now count = 371, i = 2
2023-01-11 18:15:20.951  75 77 W channel139887870629632 self_thread_id = 139887870629632, last time delay.time = 15, now count = 372, i = 2
2023-01-11 18:15:20.951  75 81 E channel139887837058816 self_thread_id = 139887837058816, last time delay.time = 9, now count = 374, i = 2
2023-01-11 18:15:20.951  75 77 E channel139887870629632 self_thread_id = 139887870629632, last time delay.time = 15, now count = 372, i = 2
2023-01-11 18:15:20.951  75 78 I channel139887862236928 self_thread_id = 139887862236928, last time delay.time = 10, now count = 375, i = 2
2023-01-11 18:15:20.951  75 80 I channel139887845451520 self_thread_id = 139887845451520, last time delay.time = 8, now count = 376, i = 2
2023-01-11 18:15:20.952  75 78 I channel139887862236928 self_thread_id = 139887862236928, last time delay.time = 10, now count = 375, i = 2
2023-01-11 18:15:20.952  75 78 W channel139887862236928 self_thread_id = 139887862236928, last time delay.time = 10, now count = 375, i = 2
2023-01-11 18:15:20.952  75 80 I channel139887845451520 self_thread_id = 139887845451520, last time delay.time = 8, now count = 376, i = 2
2023-01-11 18:15:20.952  75 78 E channel139887862236928 self_thread_id = 139887862236928, last time delay.time = 10, now count = 375, i = 2
2023-01-11 18:15:20.952  75 80 W channel139887845451520 self_thread_id = 139887845451520, last time delay.time = 8, now count = 376, i = 2
2023-01-11 18:15:20.952  75 80 E channel139887845451520 self_thread_id = 139887845451520, last time delay.time = 8, now count = 376, i = 2
2023-01-11 18:15:21.951  75 84 I channel139887604913920 self_thread_id = 139887604913920, last time delay.time = 9, now count = 369, i = 3
2023-01-11 18:15:21.951  75 84 I channel139887604913920 self_thread_id = 139887604913920, last time delay.time = 9, now count = 369, i = 3
2023-01-11 18:15:21.951  75 84 W channel139887604913920 self_thread_id = 139887604913920, last time delay.time = 9, now count = 369, i = 3
2023-01-11 18:15:21.951  75 84 E channel139887604913920 self_thread_id = 139887604913920, last time delay.time = 9, now count = 369, i = 3
2023-01-11 18:15:21.951  75 82 I channel139887621699328 self_thread_id = 139887621699328, last time delay.time = 8, now count = 370, i = 3
2023-01-11 18:15:21.951  75 82 I channel139887621699328 self_thread_id = 139887621699328, last time delay.time = 8, now count = 370, i = 3
2023-01-11 18:15:21.951  75 82 W channel139887621699328 self_thread_id = 139887621699328, last time delay.time = 8, now count = 370, i = 3
2023-01-11 18:15:21.951  75 82 E channel139887621699328 self_thread_id = 139887621699328, last time delay.time = 8, now count = 370, i = 3
2023-01-11 18:15:21.952  75 83 I channel139887613306624 self_thread_id = 139887613306624, last time delay.time = 10, now count = 373, i = 3
2023-01-11 18:15:21.952  75 81 I channel139887837058816 self_thread_id = 139887837058816, last time delay.time = 9, now count = 374, i = 3
2023-01-11 18:15:21.952  75 83 I channel139887613306624 self_thread_id = 139887613306624, last time delay.time = 10, now count = 373, i = 3
2023-01-11 18:15:21.952  75 78 I channel139887862236928 self_thread_id = 139887862236928, last time delay.time = 10, now count = 375, i = 3
2023-01-11 18:15:21.952  75 83 W channel139887613306624 self_thread_id = 139887613306624, last time delay.time = 10, now count = 373, i = 3
2023-01-11 18:15:21.952  75 83 E channel139887613306624 self_thread_id = 139887613306624, last time delay.time = 10, now count = 373, i = 3
2023-01-11 18:15:21.952  75 78 I channel139887862236928 self_thread_id = 139887862236928, last time delay.time = 10, now count = 375, i = 3
2023-01-11 18:15:21.952  75 79 I channel139887853844224 self_thread_id = 139887853844224, last time delay.time = 16, now count = 371, i = 3
2023-01-11 18:15:21.952  75 77 I channel139887870629632 self_thread_id = 139887870629632, last time delay.time = 15, now count = 372, i = 3
2023-01-11 18:15:21.952  75 81 I channel139887837058816 self_thread_id = 139887837058816, last time delay.time = 9, now count = 374, i = 3
2023-01-11 18:15:21.952  75 79 I channel139887853844224 self_thread_id = 139887853844224, last time delay.time = 16, now count = 371, i = 3
2023-01-11 18:15:21.952  75 78 W channel139887862236928 self_thread_id = 139887862236928, last time delay.time = 10, now count = 375, i = 3
2023-01-11 18:15:21.952  75 81 W channel139887837058816 self_thread_id = 139887837058816, last time delay.time = 9, now count = 374, i = 3
2023-01-11 18:15:21.952  75 79 W channel139887853844224 self_thread_id = 139887853844224, last time delay.time = 16, now count = 371, i = 3
2023-01-11 18:15:21.952  75 81 E channel139887837058816 self_thread_id = 139887837058816, last time delay.time = 9, now count = 374, i = 3
2023-01-11 18:15:21.952  75 77 I channel139887870629632 self_thread_id = 139887870629632, last time delay.time = 15, now count = 372, i = 3
2023-01-11 18:15:21.952  75 79 E channel139887853844224 self_thread_id = 139887853844224, last time delay.time = 16, now count = 371, i = 3
2023-01-11 18:15:21.952  75 78 E channel139887862236928 self_thread_id = 139887862236928, last time delay.time = 10, now count = 375, i = 3
2023-01-11 18:15:21.952  75 77 W channel139887870629632 self_thread_id = 139887870629632, last time delay.time = 15, now count = 372, i = 3
2023-01-11 18:15:21.952  75 80 I channel139887845451520 self_thread_id = 139887845451520, last time delay.time = 8, now count = 376, i = 3
2023-01-11 18:15:21.952  75 77 E channel139887870629632 self_thread_id = 139887870629632, last time delay.time = 15, now count = 372, i = 3
2023-01-11 18:15:21.952  75 80 I channel139887845451520 self_thread_id = 139887845451520, last time delay.time = 8, now count = 376, i = 3
2023-01-11 18:15:21.952  75 80 W channel139887845451520 self_thread_id = 139887845451520, last time delay.time = 8, now count = 376, i = 3
2023-01-11 18:15:21.952  75 80 E channel139887845451520 self_thread_id = 139887845451520, last time delay.time = 8, now count = 376, i = 3
2023-01-11 18:15:22.951  75 84 I channel139887604913920 self_thread_id = 139887604913920, last time delay.time = 9, now count = 369, i = 4
2023-01-11 18:15:22.951  75 84 I channel139887604913920 self_thread_id = 139887604913920, last time delay.time = 9, now count = 369, i = 4
2023-01-11 18:15:22.951  75 84 W channel139887604913920 self_thread_id = 139887604913920, last time delay.time = 9, now count = 369, i = 4
2023-01-11 18:15:22.951  75 84 E channel139887604913920 self_thread_id = 139887604913920, last time delay.time = 9, now count = 369, i = 4
2023-01-11 18:15:22.951  75 84 I channel139887604913920 self_thread_id = 139887604913920, last time delay.time = 9, now count = 377
2023-01-11 18:15:22.951  75 82 I channel139887621699328 self_thread_id = 139887621699328, last time delay.time = 8, now count = 370, i = 4
2023-01-11 18:15:22.952  75 82 I channel139887621699328 self_thread_id = 139887621699328, last time delay.time = 8, now count = 370, i = 4
2023-01-11 18:15:22.952  75 82 W channel139887621699328 self_thread_id = 139887621699328, last time delay.time = 8, now count = 370, i = 4
2023-01-11 18:15:22.952  75 82 E channel139887621699328 self_thread_id = 139887621699328, last time delay.time = 8, now count = 370, i = 4
2023-01-11 18:15:22.952  75 82 I channel139887621699328 self_thread_id = 139887621699328, last time delay.time = 8, now count = 378
2023-01-11 18:15:22.952  75 83 I channel139887613306624 self_thread_id = 139887613306624, last time delay.time = 10, now count = 373, i = 4
2023-01-11 18:15:22.952  75 83 I channel139887613306624 self_thread_id = 139887613306624, last time delay.time = 10, now count = 373, i = 4
2023-01-11 18:15:22.952  75 83 W channel139887613306624 self_thread_id = 139887613306624, last time delay.time = 10, now count = 373, i = 4
2023-01-11 18:15:22.952  75 83 E channel139887613306624 self_thread_id = 139887613306624, last time delay.time = 10, now count = 373, i = 4
2023-01-11 18:15:22.952  75 83 I channel139887613306624 self_thread_id = 139887613306624, last time delay.time = 10, now count = 379
2023-01-11 18:15:22.952  75 78 I channel139887862236928 self_thread_id = 139887862236928, last time delay.time = 10, now count = 375, i = 4
2023-01-11 18:15:22.952  75 78 I channel139887862236928 self_thread_id = 139887862236928, last time delay.time = 10, now count = 375, i = 4
2023-01-11 18:15:22.952  75 81 I channel139887837058816 self_thread_id = 139887837058816, last time delay.time = 9, now count = 374, i = 4
2023-01-11 18:15:22.952  75 78 W channel139887862236928 self_thread_id = 139887862236928, last time delay.time = 10, now count = 375, i = 4
2023-01-11 18:15:22.952  75 77 I channel139887870629632 self_thread_id = 139887870629632, last time delay.time = 15, now count = 372, i = 4
2023-01-11 18:15:22.952  75 81 I channel139887837058816 self_thread_id = 139887837058816, last time delay.time = 9, now count = 374, i = 4
2023-01-11 18:15:22.952  75 79 I channel139887853844224 self_thread_id = 139887853844224, last time delay.time = 16, now count = 371, i = 4
2023-01-11 18:15:22.952  75 81 W channel139887837058816 self_thread_id = 139887837058816, last time delay.time = 9, now count = 374, i = 4
2023-01-11 18:15:22.952  75 80 I channel139887845451520 self_thread_id = 139887845451520, last time delay.time = 8, now count = 376, i = 4
2023-01-11 18:15:22.952  75 78 E channel139887862236928 self_thread_id = 139887862236928, last time delay.time = 10, now count = 375, i = 4
2023-01-11 18:15:22.952  75 81 E channel139887837058816 self_thread_id = 139887837058816, last time delay.time = 9, now count = 374, i = 4
2023-01-11 18:15:22.952  75 80 I channel139887845451520 self_thread_id = 139887845451520, last time delay.time = 8, now count = 376, i = 4
2023-01-11 18:15:22.952  75 81 I channel139887837058816 self_thread_id = 139887837058816, last time delay.time = 9, now count = 381
2023-01-11 18:15:22.952  75 80 W channel139887845451520 self_thread_id = 139887845451520, last time delay.time = 8, now count = 376, i = 4
2023-01-11 18:15:22.952  75 77 I channel139887870629632 self_thread_id = 139887870629632, last time delay.time = 15, now count = 372, i = 4
2023-01-11 18:15:22.952  75 79 I channel139887853844224 self_thread_id = 139887853844224, last time delay.time = 16, now count = 371, i = 4
2023-01-11 18:15:22.952  75 80 E channel139887845451520 self_thread_id = 139887845451520, last time delay.time = 8, now count = 376, i = 4
2023-01-11 18:15:22.952  75 79 W channel139887853844224 self_thread_id = 139887853844224, last time delay.time = 16, now count = 371, i = 4
2023-01-11 18:15:22.952  75 80 I channel139887845451520 self_thread_id = 139887845451520, last time delay.time = 8, now count = 383
2023-01-11 18:15:22.952  75 77 W channel139887870629632 self_thread_id = 139887870629632, last time delay.time = 15, now count = 372, i = 4
2023-01-11 18:15:22.952  75 79 E channel139887853844224 self_thread_id = 139887853844224, last time delay.time = 16, now count = 371, i = 4
2023-01-11 18:15:22.952  75 77 E channel139887870629632 self_thread_id = 139887870629632, last time delay.time = 15, now count = 372, i = 4
2023-01-11 18:15:22.952  75 79 I channel139887853844224 self_thread_id = 139887853844224, last time delay.time = 16, now count = 384
2023-01-11 18:15:22.952  75 78 I channel139887862236928 self_thread_id = 139887862236928, last time delay.time = 10, now count = 380
2023-01-11 18:15:22.952  75 77 I channel139887870629632 self_thread_id = 139887870629632, last time delay.time = 15, now count = 382
2023-01-11 18:15:23.952  75 84 I channel139887604913920 self_thread_id = 139887604913920, last time delay.time = 8, now count = 377, i = 0
2023-01-11 18:15:23.952  75 84 I channel139887604913920 self_thread_id = 139887604913920, last time delay.time = 8, now count = 377, i = 0
2023-01-11 18:15:23.952  75 84 W channel139887604913920 self_thread_id = 139887604913920, last time delay.time = 8, now count = 377, i = 0
2023-01-11 18:15:23.952  75 84 E channel139887604913920 self_thread_id = 139887604913920, last time delay.time = 8, now count = 377, i = 0
2023-01-11 18:15:23.952  75 82 I channel139887621699328 self_thread_id = 139887621699328, last time delay.time = 9, now count = 378, i = 0
2023-01-11 18:15:23.952  75 82 I channel139887621699328 self_thread_id = 139887621699328, last time delay.time = 9, now count = 378, i = 0
2023-01-11 18:15:23.952  75 82 W channel139887621699328 self_thread_id = 139887621699328, last time delay.time = 9, now count = 378, i = 0
2023-01-11 18:15:23.952  75 82 E channel139887621699328 self_thread_id = 139887621699328, last time delay.time = 9, now count = 378, i = 0
2023-01-11 18:15:23.952  75 83 I channel139887613306624 self_thread_id = 139887613306624, last time delay.time = 8, now count = 379, i = 0
2023-01-11 18:15:23.952  75 83 I channel139887613306624 self_thread_id = 139887613306624, last time delay.time = 8, now count = 379, i = 0
2023-01-11 18:15:23.952  75 83 W channel139887613306624 self_thread_id = 139887613306624, last time delay.time = 8, now count = 379, i = 0
2023-01-11 18:15:23.952  75 83 E channel139887613306624 self_thread_id = 139887613306624, last time delay.time = 8, now count = 379, i = 0
2023-01-11 18:15:23.952  75 80 I channel139887845451520 self_thread_id = 139887845451520, last time delay.time = 12, now count = 383, i = 0
2023-01-11 18:15:23.952  75 78 I channel139887862236928 self_thread_id = 139887862236928, last time delay.time = 12, now count = 380, i = 0
2023-01-11 18:15:23.952  75 80 I channel139887845451520 self_thread_id = 139887845451520, last time delay.time = 12, now count = 383, i = 0
2023-01-11 18:15:23.952  75 78 I channel139887862236928 self_thread_id = 139887862236928, last time delay.time = 12, now count = 380, i = 0
2023-01-11 18:15:23.952  75 80 W channel139887845451520 self_thread_id = 139887845451520, last time delay.time = 12, now count = 383, i = 0
2023-01-11 18:15:23.952  75 81 I channel139887837058816 self_thread_id = 139887837058816, last time delay.time = 10, now count = 381, i = 0
2023-01-11 18:15:23.952  75 80 E channel139887845451520 self_thread_id = 139887845451520, last time delay.time = 12, now count = 383, i = 0
2023-01-11 18:15:23.952  75 78 W channel139887862236928 self_thread_id = 139887862236928, last time delay.time = 12, now count = 380, i = 0
2023-01-11 18:15:23.952  75 81 I channel139887837058816 self_thread_id = 139887837058816, last time delay.time = 10, now count = 381, i = 0
2023-01-11 18:15:23.952  75 78 E channel139887862236928 self_thread_id = 139887862236928, last time delay.time = 12, now count = 380, i = 0
2023-01-11 18:15:23.952  75 81 W channel139887837058816 self_thread_id = 139887837058816, last time delay.time = 10, now count = 381, i = 0
2023-01-11 18:15:23.952  75 81 E channel139887837058816 self_thread_id = 139887837058816, last time delay.time = 10, now count = 381, i = 0
2023-01-11 18:15:23.952  75 79 I channel139887853844224 self_thread_id = 139887853844224, last time delay.time = 14, now count = 384, i = 0
2023-01-11 18:15:23.952  75 77 I channel139887870629632 self_thread_id = 139887870629632, last time delay.time = 31, now count = 382, i = 0
2023-01-11 18:15:23.952  75 79 I channel139887853844224 self_thread_id = 139887853844224, last time delay.time = 14, now count = 384, i = 0
2023-01-11 18:15:23.952  75 77 I channel139887870629632 self_thread_id = 139887870629632, last time delay.time = 31, now count = 382, i = 0
2023-01-11 18:15:23.952  75 79 W channel139887853844224 self_thread_id = 139887853844224, last time delay.time = 14, now count = 384, i = 0
2023-01-11 18:15:23.952  75 77 W channel139887870629632 self_thread_id = 139887870629632, last time delay.time = 31, now count = 382, i = 0
2023-01-11 18:15:23.952  75 79 E channel139887853844224 self_thread_id = 139887853844224, last time delay.time = 14, now count = 384, i = 0
2023-01-11 18:15:23.952  75 77 E channel139887870629632 self_thread_id = 139887870629632, last time delay.time = 31, now count = 382, i = 0
2023-01-11 18:15:24.952  75 84 I channel139887604913920 self_thread_id = 139887604913920, last time delay.time = 8, now count = 377, i = 1
2023-01-11 18:15:24.952  75 84 I channel139887604913920 self_thread_id = 139887604913920, last time delay.time = 8, now count = 377, i = 1
2023-01-11 18:15:24.952  75 84 W channel139887604913920 self_thread_id = 139887604913920, last time delay.time = 8, now count = 377, i = 1
2023-01-11 18:15:24.952  75 84 E channel139887604913920 self_thread_id = 139887604913920, last time delay.time = 8, now count = 377, i = 1
2023-01-11 18:15:24.952  75 82 I channel139887621699328 self_thread_id = 139887621699328, last time delay.time = 9, now count = 378, i = 1
2023-01-11 18:15:24.952  75 82 I channel139887621699328 self_thread_id = 139887621699328, last time delay.time = 9, now count = 378, i = 1
2023-01-11 18:15:24.952  75 82 W channel139887621699328 self_thread_id = 139887621699328, last time delay.time = 9, now count = 378, i = 1
2023-01-11 18:15:24.952  75 82 E channel139887621699328 self_thread_id = 139887621699328, last time delay.time = 9, now count = 378, i = 1
2023-01-11 18:15:24.952  75 83 I channel139887613306624 self_thread_id = 139887613306624, last time delay.time = 8, now count = 379, i = 1
2023-01-11 18:15:24.952  75 83 I channel139887613306624 self_thread_id = 139887613306624, last time delay.time = 8, now count = 379, i = 1
2023-01-11 18:15:24.952  75 83 W channel139887613306624 self_thread_id = 139887613306624, last time delay.time = 8, now count = 379, i = 1
2023-01-11 18:15:24.952  75 83 E channel139887613306624 self_thread_id = 139887613306624, last time delay.time = 8, now count = 379, i = 1
2023-01-11 18:15:24.952  75 78 I channel139887862236928 self_thread_id = 139887862236928, last time delay.time = 12, now count = 380, i = 1
2023-01-11 18:15:24.952  75 78 I channel139887862236928 self_thread_id = 139887862236928, last time delay.time = 12, now count = 380, i = 1
2023-01-11 18:15:24.952  75 78 W channel139887862236928 self_thread_id = 139887862236928, last time delay.time = 12, now count = 380, i = 1
2023-01-11 18:15:24.952  75 81 I channel139887837058816 self_thread_id = 139887837058816, last time delay.time = 10, now count = 381, i = 1
2023-01-11 18:15:24.952  75 78 E channel139887862236928 self_thread_id = 139887862236928, last time delay.time = 12, now count = 380, i = 1
2023-01-11 18:15:24.952  75 81 I channel139887837058816 self_thread_id = 139887837058816, last time delay.time = 10, now count = 381, i = 1
2023-01-11 18:15:24.952  75 80 I channel139887845451520 self_thread_id = 139887845451520, last time delay.time = 12, now count = 383, i = 1
2023-01-11 18:15:24.952  75 81 W channel139887837058816 self_thread_id = 139887837058816, last time delay.time = 10, now count = 381, i = 1
2023-01-11 18:15:24.952  75 80 I channel139887845451520 self_thread_id = 139887845451520, last time delay.time = 12, now count = 383, i = 1
2023-01-11 18:15:24.952  75 81 E channel139887837058816 self_thread_id = 139887837058816, last time delay.time = 10, now count = 381, i = 1
2023-01-11 18:15:24.952  75 80 W channel139887845451520 self_thread_id = 139887845451520, last time delay.time = 12, now count = 383, i = 1
2023-01-11 18:15:24.952  75 80 E channel139887845451520 self_thread_id = 139887845451520, last time delay.time = 12, now count = 383, i = 1
2023-01-11 18:15:24.952  75 77 I channel139887870629632 self_thread_id = 139887870629632, last time delay.time = 31, now count = 382, i = 1
2023-01-11 18:15:24.952  75 79 I channel139887853844224 self_thread_id = 139887853844224, last time delay.time = 14, now count = 384, i = 1
2023-01-11 18:15:24.952  75 77 I channel139887870629632 self_thread_id = 139887870629632, last time delay.time = 31, now count = 382, i = 1
2023-01-11 18:15:24.952  75 79 I channel139887853844224 self_thread_id = 139887853844224, last time delay.time = 14, now count = 384, i = 1
2023-01-11 18:15:24.952  75 77 W channel139887870629632 self_thread_id = 139887870629632, last time delay.time = 31, now count = 382, i = 1
2023-01-11 18:15:24.952  75 79 W channel139887853844224 self_thread_id = 139887853844224, last time delay.time = 14, now count = 384, i = 1
2023-01-11 18:15:24.952  75 77 E channel139887870629632 self_thread_id = 139887870629632, last time delay.time = 31, now count = 382, i = 1
2023-01-11 18:15:24.952  75 79 E channel139887853844224 self_thread_id = 139887853844224, last time delay.time = 14, now count = 384, i = 1
2023-01-11 18:15:25.952  75 84 I channel139887604913920 self_thread_id = 139887604913920, last time delay.time = 8, now count = 377, i = 2
2023-01-11 18:15:25.952  75 84 I channel139887604913920 self_thread_id = 139887604913920, last time delay.time = 8, now count = 377, i = 2
2023-01-11 18:15:25.952  75 84 W channel139887604913920 self_thread_id = 139887604913920, last time delay.time = 8, now count = 377, i = 2
2023-01-11 18:15:25.952  75 84 E channel139887604913920 self_thread_id = 139887604913920, last time delay.time = 8, now count = 377, i = 2
2023-01-11 18:15:25.952  75 82 I channel139887621699328 self_thread_id = 139887621699328, last time delay.time = 9, now count = 378, i = 2
2023-01-11 18:15:25.952  75 82 I channel139887621699328 self_thread_id = 139887621699328, last time delay.time = 9, now count = 378, i = 2
2023-01-11 18:15:25.952  75 82 W channel139887621699328 self_thread_id = 139887621699328, last time delay.time = 9, now count = 378, i = 2
2023-01-11 18:15:25.952  75 82 E channel139887621699328 self_thread_id = 139887621699328, last time delay.time = 9, now count = 378, i = 2
2023-01-11 18:15:25.952  75 83 I channel139887613306624 self_thread_id = 139887613306624, last time delay.time = 8, now count = 379, i = 2
2023-01-11 18:15:25.952  75 83 I channel139887613306624 self_thread_id = 139887613306624, last time delay.time = 8, now count = 379, i = 2
2023-01-11 18:15:25.952  75 83 W channel139887613306624 self_thread_id = 139887613306624, last time delay.time = 8, now count = 379, i = 2
2023-01-11 18:15:25.952  75 83 E channel139887613306624 self_thread_id = 139887613306624, last time delay.time = 8, now count = 379, i = 2
2023-01-11 18:15:25.952  75 78 I channel139887862236928 self_thread_id = 139887862236928, last time delay.time = 12, now count = 380, i = 2
2023-01-11 18:15:25.952  75 78 I channel139887862236928 self_thread_id = 139887862236928, last time delay.time = 12, now count = 380, i = 2
2023-01-11 18:15:25.952  75 78 W channel139887862236928 self_thread_id = 139887862236928, last time delay.time = 12, now count = 380, i = 2
2023-01-11 18:15:25.952  75 78 E channel139887862236928 self_thread_id = 139887862236928, last time delay.time = 12, now count = 380, i = 2
2023-01-11 18:15:25.952  75 81 I channel139887837058816 self_thread_id = 139887837058816, last time delay.time = 10, now count = 381, i = 2
2023-01-11 18:15:25.952  75 80 I channel139887845451520 self_thread_id = 139887845451520, last time delay.time = 12, now count = 383, i = 2
2023-01-11 18:15:25.952  75 81 I channel139887837058816 self_thread_id = 139887837058816, last time delay.time = 10, now count = 381, i = 2
2023-01-11 18:15:25.952  75 80 I channel139887845451520 self_thread_id = 139887845451520, last time delay.time = 12, now count = 383, i = 2
2023-01-11 18:15:25.952  75 81 W channel139887837058816 self_thread_id = 139887837058816, last time delay.time = 10, now count = 381, i = 2
2023-01-11 18:15:25.953  75 80 W channel139887845451520 self_thread_id = 139887845451520, last time delay.time = 12, now count = 383, i = 2
2023-01-11 18:15:25.953  75 81 E channel139887837058816 self_thread_id = 139887837058816, last time delay.time = 10, now count = 381, i = 2
2023-01-11 18:15:25.953  75 80 E channel139887845451520 self_thread_id = 139887845451520, last time delay.time = 12, now count = 383, i = 2
2023-01-11 18:15:25.953  75 79 I channel139887853844224 self_thread_id = 139887853844224, last time delay.time = 14, now count = 384, i = 2
2023-01-11 18:15:25.953  75 77 I channel139887870629632 self_thread_id = 139887870629632, last time delay.time = 31, now count = 382, i = 2
2023-01-11 18:15:25.953  75 79 I channel139887853844224 self_thread_id = 139887853844224, last time delay.time = 14, now count = 384, i = 2
2023-01-11 18:15:25.953  75 79 W channel139887853844224 self_thread_id = 139887853844224, last time delay.time = 14, now count = 384, i = 2
2023-01-11 18:15:25.953  75 77 I channel139887870629632 self_thread_id = 139887870629632, last time delay.time = 31, now count = 382, i = 2
2023-01-11 18:15:25.953  75 79 E channel139887853844224 self_thread_id = 139887853844224, last time delay.time = 14, now count = 384, i = 2
2023-01-11 18:15:25.953  75 77 W channel139887870629632 self_thread_id = 139887870629632, last time delay.time = 31, now count = 382, i = 2
2023-01-11 18:15:25.953  75 77 E channel139887870629632 self_thread_id = 139887870629632, last time delay.time = 31, now count = 382, i = 2
2023-01-11 18:15:26.551  75 75 I APP.tag TestComponent::Proc
2023-01-11 18:15:26.551  75 75 I APP.tag ****************test INFO begin****************
2023-01-11 18:15:26.551  75 75 I APP.tag 测试 index = 900组
2023-01-11 18:15:26.551  75 75 E APP.tag 循环计数 i = 1次
2023-01-11 18:15:26.551  75 75 I APP.tag test LOG_Trace()
2023-01-11 18:15:26.551  75 75 I vscode 循环计数 i = 1次,test LOG_Channel_Trace()
2023-01-11 18:15:26.551  75 75 E APP.tag 循环计数 i = 2次
2023-01-11 18:15:26.551  75 75 E APP.tag 循环计数 i = 3次
2023-01-11 18:15:26.551  75 75 I APP.tag test LOG_Info()
2023-01-11 18:15:26.551  75 75 I baidu 循环计数 i = 3次,test LOG_Channel_Info()
2023-01-11 18:15:26.551  75 75 E APP.tag 循环计数 i = 4次
2023-01-11 18:15:26.551  75 75 W APP.tag test LOG_Warn()
2023-01-11 18:15:26.551  75 75 W google 循环计数 i = 4次,test LOG_Channel_Warn()
2023-01-11 18:15:26.551  75 75 E APP.tag 循环计数 i = 5次
2023-01-11 18:15:26.551  75 75 E APP.tag test LOG_Error()
2023-01-11 18:15:26.551  75 75 E visio 循环计数 i = 5次,test LOG_Channel_Error()
2023-01-11 18:15:26.551  75 75 I APP.tag print coredump DataLen:2 Data[01 00]
2023-01-11 18:15:26.551  75 75 W coredump 0x0000000a 0a 00 00 00 0b 00 00 00 0c 00 00 00 0d 00 00 00 0e 00 00 00
2023-01-11 18:15:26.551  75 75 I APP.tag ****************test INFO end****************
2023-01-11 18:15:26.952  75 82 I channel139887621699328 self_thread_id = 139887621699328, last time delay.time = 9, now count = 378, i = 3
2023-01-11 18:15:26.952  75 84 I channel139887604913920 self_thread_id = 139887604913920, last time delay.time = 8, now count = 377, i = 3
2023-01-11 18:15:26.952  75 82 I channel139887621699328 self_thread_id = 139887621699328, last time delay.time = 9, now count = 378, i = 3
2023-01-11 18:15:26.952  75 82 W channel139887621699328 self_thread_id = 139887621699328, last time delay.time = 9, now count = 378, i = 3
2023-01-11 18:15:26.952  75 84 I channel139887604913920 self_thread_id = 139887604913920, last time delay.time = 8, now count = 377, i = 3
2023-01-11 18:15:26.952  75 82 E channel139887621699328 self_thread_id = 139887621699328, last time delay.time = 9, now count = 378, i = 3
2023-01-11 18:15:26.952  75 84 W channel139887604913920 self_thread_id = 139887604913920, last time delay.time = 8, now count = 377, i = 3
2023-01-11 18:15:26.952  75 84 E channel139887604913920 self_thread_id = 139887604913920, last time delay.time = 8, now count = 377, i = 3
2023-01-11 18:15:26.952  75 83 I channel139887613306624 self_thread_id = 139887613306624, last time delay.time = 8, now count = 379, i = 3
2023-01-11 18:15:26.952  75 83 I channel139887613306624 self_thread_id = 139887613306624, last time delay.time = 8, now count = 379, i = 3
2023-01-11 18:15:26.952  75 78 I channel139887862236928 self_thread_id = 139887862236928, last time delay.time = 12, now count = 380, i = 3
2023-01-11 18:15:26.952  75 83 W channel139887613306624 self_thread_id = 139887613306624, last time delay.time = 8, now count = 379, i = 3
2023-01-11 18:15:26.953  75 83 E channel139887613306624 self_thread_id = 139887613306624, last time delay.time = 8, now count = 379, i = 3
2023-01-11 18:15:26.953  75 78 I channel139887862236928 self_thread_id = 139887862236928, last time delay.time = 12, now count = 380, i = 3
2023-01-11 18:15:26.953  75 78 W channel139887862236928 self_thread_id = 139887862236928, last time delay.time = 12, now count = 380, i = 3
2023-01-11 18:15:26.953  75 78 E channel139887862236928 self_thread_id = 139887862236928, last time delay.time = 12, now count = 380, i = 3
2023-01-11 18:15:26.953  75 81 I channel139887837058816 self_thread_id = 139887837058816, last time delay.time = 10, now count = 381, i = 3
2023-01-11 18:15:26.953  75 80 I channel139887845451520 self_thread_id = 139887845451520, last time delay.time = 12, now count = 383, i = 3
2023-01-11 18:15:26.953  75 81 I channel139887837058816 self_thread_id = 139887837058816, last time delay.time = 10, now count = 381, i = 3
2023-01-11 18:15:26.953  75 80 I channel139887845451520 self_thread_id = 139887845451520, last time delay.time = 12, now count = 383, i = 3
2023-01-11 18:15:26.953  75 81 W channel139887837058816 self_thread_id = 139887837058816, last time delay.time = 10, now count = 381, i = 3
2023-01-11 18:15:26.953  75 80 W channel139887845451520 self_thread_id = 139887845451520, last time delay.time = 12, now count = 383, i = 3
2023-01-11 18:15:26.953  75 81 E channel139887837058816 self_thread_id = 139887837058816, last time delay.time = 10, now count = 381, i = 3
2023-01-11 18:15:26.953  75 80 E channel139887845451520 self_thread_id = 139887845451520, last time delay.time = 12, now count = 383, i = 3
2023-01-11 18:15:26.953  75 79 I channel139887853844224 self_thread_id = 139887853844224, last time delay.time = 14, now count = 384, i = 3
2023-01-11 18:15:26.953  75 77 I channel139887870629632 self_thread_id = 139887870629632, last time delay.time = 31, now count = 382, i = 3
2023-01-11 18:15:26.953  75 79 I channel139887853844224 self_thread_id = 139887853844224, last time delay.time = 14, now count = 384, i = 3
