2023-01-11 18:07:28.862  75 82 W channel139887621699328 self_thread_id = 139887621699328, last time delay.time = 3, now count = 622, i = 0
2023-01-11 18:07:28.862  75 81 I channel139887837058816 self_thread_id = 139887837058816, last time delay.time = 7, now count = 623, i = 0
2023-01-11 18:07:28.862  75 81 W channel139887837058816 self_thread_id = 139887837058816, last time delay.time = 7, now count = 623, i = 0
2023-01-11 18:07:28.862  75 82 E channel139887621699328 self_thread_id = 139887621699328, last time delay.time = 3, now count = 622, i = 0
2023-01-11 18:07:28.862  75 81 E channel139887837058816 self_thread_id = 139887837058816, last time delay.time = 7, now count = 623, i = 0
2023-01-11 18:07:28.862  75 83 I channel139887613306624 self_thread_id = 139887613306624, last time delay.time = 8, now count = 624, i = 0
2023-01-11 18:07:28.862  75 83 I channel139887613306624 self_thread_id = 139887613306624, last time delay.time = 8, now count = 624, i = 0
2023-01-11 18:07:28.862  75 83 W channel139887613306624 self_thread_id = 139887613306624, last time delay.time = 8, now count = 624, i = 0
2023-01-11 18:07:28.862  75 83 E channel139887613306624 self_thread_id = 139887613306624, last time delay.time = 8, now count = 624, i = 0
2023-01-11 18:07:29.862  75 78 I channel139887862236928 self_thread_id = 139887862236928, last time delay.time = 8, now count = 617, i = 1
2023-01-11 18:07:29.862  75 78 I channel139887862236928 self_thread_id = 139887862236928, last time delay.time = 8, now count = 617, i = 1
2023-01-11 18:07:29.862  75 78 W channel139887862236928 self_thread_id = 139887862236928, last time delay.time = 8, now count = 617, i = 1
2023-01-11 18:07:29.862  75 78 E channel139887862236928 self_thread_id = 139887862236928, last time delay.time = 8, now count = 617, i = 1
2023-01-11 18:07:29.862  75 79 I channel139887853844224 self_thread_id = 139887853844224, last time delay.time = 7, now count = 618, i = 1
2023-01-11 18:07:29.862  75 79 I channel139887853844224 self_thread_id = 139887853844224, last time delay.time = 7, now count = 618, i = 1
2023-01-11 18:07:29.862  75 79 W channel139887853844224 self_thread_id = 139887853844224, last time delay.time = 7, now count = 618, i = 1
2023-01-11 18:07:29.862  75 79 E channel139887853844224 self_thread_id = 139887853844224, last time delay.time = 7, now count = 618, i = 1
2023-01-11 18:07:29.862  75 80 I channel139887845451520 self_thread_id = 139887845451520, last time delay.time = 7, now count = 619, i = 1
2023-01-11 18:07:29.862  75 80 I channel139887845451520 self_thread_id = 139887845451520, last time delay.time = 7, now count = 619, i = 1
2023-01-11 18:07:29.862  75 80 W channel139887845451520 self_thread_id = 139887845451520, last time delay.time = 7, now count = 619, i = 1
2023-01-11 18:07:29.862  75 77 I channel139887870629632 self_thread_id = 139887870629632, last time delay.time = 9, now count = 620, i = 1
2023-01-11 18:07:29.862  75 80 E channel139887845451520 self_thread_id = 139887845451520, last time delay.time = 7, now count = 619, i = 1
2023-01-11 18:07:29.862  75 77 I channel139887870629632 self_thread_id = 139887870629632, last time delay.time = 9, now count = 620, i = 1
2023-01-11 18:07:29.862  75 84 I channel139887604913920 self_thread_id = 139887604913920, last time delay.time = 7, now count = 621, i = 1
2023-01-11 18:07:29.862  75 77 W channel139887870629632 self_thread_id = 139887870629632, last time delay.time = 9, now count = 620, i = 1
2023-01-11 18:07:29.862  75 77 E channel139887870629632 self_thread_id = 139887870629632, last time delay.time = 9, now count = 620, i = 1
2023-01-11 18:07:29.862  75 84 I channel139887604913920 self_thread_id = 139887604913920, last time delay.time = 7, now count = 621, i = 1
2023-01-11 18:07:29.862  75 84 W channel139887604913920 self_thread_id = 139887604913920, last time delay.time = 7, now count = 621, i = 1
2023-01-11 18:07:29.862  75 84 E channel139887604913920 self_thread_id = 139887604913920, last time delay.time = 7, now count = 621, i = 1
2023-01-11 18:07:29.862  75 82 I channel139887621699328 self_thread_id = 139887621699328, last time delay.time = 3, now count = 622, i = 1
2023-01-11 18:07:29.862  75 82 I channel139887621699328 self_thread_id = 139887621699328, last time delay.time = 3, now count = 622, i = 1
2023-01-11 18:07:29.862  75 81 I channel139887837058816 self_thread_id = 139887837058816, last time delay.time = 7, now count = 623, i = 1
2023-01-11 18:07:29.862  75 82 W channel139887621699328 self_thread_id = 139887621699328, last time delay.time = 3, now count = 622, i = 1
2023-01-11 18:07:29.862  75 81 I channel139887837058816 self_thread_id = 139887837058816, last time delay.time = 7, now count = 623, i = 1
2023-01-11 18:07:29.862  75 82 E channel139887621699328 self_thread_id = 139887621699328, last time delay.time = 3, now count = 622, i = 1
2023-01-11 18:07:29.862  75 81 W channel139887837058816 self_thread_id = 139887837058816, last time delay.time = 7, now count = 623, i = 1
2023-01-11 18:07:29.862  75 81 E channel139887837058816 self_thread_id = 139887837058816, last time delay.time = 7, now count = 623, i = 1
2023-01-11 18:07:29.863  75 83 I channel139887613306624 self_thread_id = 139887613306624, last time delay.time = 8, now count = 624, i = 1
2023-01-11 18:07:29.863  75 83 I channel139887613306624 self_thread_id = 139887613306624, last time delay.time = 8, now count = 624, i = 1
2023-01-11 18:07:29.863  75 83 W channel139887613306624 self_thread_id = 139887613306624, last time delay.time = 8, now count = 624, i = 1
2023-01-11 18:07:29.863  75 83 E channel139887613306624 self_thread_id = 139887613306624, last time delay.time = 8, now count = 624, i = 1
2023-01-11 18:07:30.862  75 78 I channel139887862236928 self_thread_id = 139887862236928, last time delay.time = 8, now count = 617, i = 2
2023-01-11 18:07:30.862  75 78 I channel139887862236928 self_thread_id = 139887862236928, last time delay.time = 8, now count = 617, i = 2
2023-01-11 18:07:30.862  75 78 W channel139887862236928 self_thread_id = 139887862236928, last time delay.time = 8, now count = 617, i = 2
2023-01-11 18:07:30.862  75 78 E channel139887862236928 self_thread_id = 139887862236928, last time delay.time = 8, now count = 617, i = 2
2023-01-11 18:07:30.862  75 79 I channel139887853844224 self_thread_id = 139887853844224, last time delay.time = 7, now count = 618, i = 2
2023-01-11 18:07:30.862  75 79 I channel139887853844224 self_thread_id = 139887853844224, last time delay.time = 7, now count = 618, i = 2
2023-01-11 18:07:30.862  75 79 W channel139887853844224 self_thread_id = 139887853844224, last time delay.time = 7, now count = 618, i = 2
2023-01-11 18:07:30.862  75 79 E channel139887853844224 self_thread_id = 139887853844224, last time delay.time = 7, now count = 618, i = 2
2023-01-11 18:07:30.862  75 80 I channel139887845451520 self_thread_id = 139887845451520, last time delay.time = 7, now count = 619, i = 2
2023-01-11 18:07:30.862  75 80 I channel139887845451520 self_thread_id = 139887845451520, last time delay.time = 7, now count = 619, i = 2
2023-01-11 18:07:30.862  75 80 W channel139887845451520 self_thread_id = 139887845451520, last time delay.time = 7, now count = 619, i = 2
2023-01-11 18:07:30.862  75 80 E channel139887845451520 self_thread_id = 139887845451520, last time delay.time = 7, now count = 619, i = 2
2023-01-11 18:07:30.862  75 77 I channel139887870629632 self_thread_id = 139887870629632, last time delay.time = 9, now count = 620, i = 2
2023-01-11 18:07:30.862  75 77 I channel139887870629632 self_thread_id = 139887870629632, last time delay.time = 9, now count = 620, i = 2
2023-01-11 18:07:30.862  75 77 W channel139887870629632 self_thread_id = 139887870629632, last time delay.time = 9, now count = 620, i = 2
2023-01-11 18:07:30.862  75 84 I channel139887604913920 self_thread_id = 139887604913920, last time delay.time = 7, now count = 621, i = 2
2023-01-11 18:07:30.862  75 77 E channel139887870629632 self_thread_id = 139887870629632, last time delay.time = 9, now count = 620, i = 2
2023-01-11 18:07:30.862  75 84 I channel139887604913920 self_thread_id = 139887604913920, last time delay.time = 7, now count = 621, i = 2
2023-01-11 18:07:30.862  75 84 W channel139887604913920 self_thread_id = 139887604913920, last time delay.time = 7, now count = 621, i = 2
2023-01-11 18:07:30.862  75 82 I channel139887621699328 self_thread_id = 139887621699328, last time delay.time = 3, now count = 622, i = 2
2023-01-11 18:07:30.862  75 84 E channel139887604913920 self_thread_id = 139887604913920, last time delay.time = 7, now count = 621, i = 2
2023-01-11 18:07:30.862  75 82 I channel139887621699328 self_thread_id = 139887621699328, last time delay.time = 3, now count = 622, i = 2
2023-01-11 18:07:30.862  75 82 W channel139887621699328 self_thread_id = 139887621699328, last time delay.time = 3, now count = 622, i = 2
2023-01-11 18:07:30.862  75 82 E channel139887621699328 self_thread_id = 139887621699328, last time delay.time = 3, now count = 622, i = 2
2023-01-11 18:07:30.862  75 81 I channel139887837058816 self_thread_id = 139887837058816, last time delay.time = 7, now count = 623, i = 2
2023-01-11 18:07:30.862  75 81 I channel139887837058816 self_thread_id = 139887837058816, last time delay.time = 7, now count = 623, i = 2
2023-01-11 18:07:30.862  75 81 W channel139887837058816 self_thread_id = 139887837058816, last time delay.time = 7, now count = 623, i = 2
2023-01-11 18:07:30.862  75 81 E channel139887837058816 self_thread_id = 139887837058816, last time delay.time = 7, now count = 623, i = 2
2023-01-11 18:07:30.863  75 83 I channel139887613306624 self_thread_id = 139887613306624, last time delay.time = 8, now count = 624, i = 2
2023-01-11 18:07:30.863  75 83 I channel139887613306624 self_thread_id = 139887613306624, last time delay.time = 8, now count = 624, i = 2
2023-01-11 18:07:30.863  75 83 W channel139887613306624 self_thread_id = 139887613306624, last time delay.time = 8, now count = 624, i = 2
2023-01-11 18:07:30.863  75 83 E channel139887613306624 self_thread_id = 139887613306624, last time delay.time = 8, now count = 624, i = 2
2023-01-11 18:07:31.862  75 78 I channel139887862236928 self_thread_id = 139887862236928, last time delay.time = 8, now count = 617, i = 3
2023-01-11 18:07:31.862  75 78 I channel139887862236928 self_thread_id = 139887862236928, last time delay.time = 8, now count = 617, i = 3
2023-01-11 18:07:31.862  75 78 W channel139887862236928 self_thread_id = 139887862236928, last time delay.time = 8, now count = 617, i = 3
2023-01-11 18:07:31.862  75 78 E channel139887862236928 self_thread_id = 139887862236928, last time delay.time = 8, now count = 617, i = 3
2023-01-11 18:07:31.862  75 79 I channel139887853844224 self_thread_id = 139887853844224, last time delay.time = 7, now count = 618, i = 3
2023-01-11 18:07:31.862  75 79 I channel139887853844224 self_thread_id = 139887853844224, last time delay.time = 7, now count = 618, i = 3
2023-01-11 18:07:31.862  75 79 W channel139887853844224 self_thread_id = 139887853844224, last time delay.time = 7, now count = 618, i = 3
2023-01-11 18:07:31.862  75 79 E channel139887853844224 self_thread_id = 139887853844224, last time delay.time = 7, now count = 618, i = 3
2023-01-11 18:07:31.862  75 80 I channel139887845451520 self_thread_id = 139887845451520, last time delay.time = 7, now count = 619, i = 3
2023-01-11 18:07:31.862  75 80 I channel139887845451520 self_thread_id = 139887845451520, last time delay.time = 7, now count = 619, i = 3
2023-01-11 18:07:31.862  75 80 W channel139887845451520 self_thread_id = 139887845451520, last time delay.time = 7, now count = 619, i = 3
2023-01-11 18:07:31.862  75 80 E channel139887845451520 self_thread_id = 139887845451520, last time delay.time = 7, now count = 619, i = 3
2023-01-11 18:07:31.862  75 77 I channel139887870629632 self_thread_id = 139887870629632, last time delay.time = 9, now count = 620, i = 3
2023-01-11 18:07:31.862  75 77 I channel139887870629632 self_thread_id = 139887870629632, last time delay.time = 9, now count = 620, i = 3
2023-01-11 18:07:31.862  75 84 I channel139887604913920 self_thread_id = 139887604913920, last time delay.time = 7, now count = 621, i = 3
2023-01-11 18:07:31.862  75 77 W channel139887870629632 self_thread_id = 139887870629632, last time delay.time = 9, now count = 620, i = 3
2023-01-11 18:07:31.862  75 84 I channel139887604913920 self_thread_id = 139887604913920, last time delay.time = 7, now count = 621, i = 3
2023-01-11 18:07:31.862  75 82 I channel139887621699328 self_thread_id = 139887621699328, last time delay.time = 3, now count = 622, i = 3
2023-01-11 18:07:31.862  75 84 W channel139887604913920 self_thread_id = 139887604913920, last time delay.time = 7, now count = 621, i = 3
2023-01-11 18:07:31.862  75 82 I channel139887621699328 self_thread_id = 139887621699328, last time delay.time = 3, now count = 622, i = 3
2023-01-11 18:07:31.862  75 84 E channel139887604913920 self_thread_id = 139887604913920, last time delay.time = 7, now count = 621, i = 3
2023-01-11 18:07:31.862  75 82 W channel139887621699328 self_thread_id = 139887621699328, last time delay.time = 3, now count = 622, i = 3
2023-01-11 18:07:31.862  75 77 E channel139887870629632 self_thread_id = 139887870629632, last time delay.time = 9, now count = 620, i = 3
2023-01-11 18:07:31.862  75 82 E channel139887621699328 self_thread_id = 139887621699328, last time delay.time = 3, now count = 622, i = 3
2023-01-11 18:07:31.863  75 81 I channel139887837058816 self_thread_id = 139887837058816, last time delay.time = 7, now count = 623, i = 3
2023-01-11 18:07:31.863  75 81 I channel139887837058816 self_thread_id = 139887837058816, last time delay.time = 7, now count = 623, i = 3
2023-01-11 18:07:31.863  75 81 W channel139887837058816 self_thread_id = 139887837058816, last time delay.time = 7, now count = 623, i = 3
2023-01-11 18:07:31.863  75 81 E channel139887837058816 self_thread_id = 139887837058816, last time delay.time = 7, now count = 623, i = 3
2023-01-11 18:07:31.863  75 83 I channel139887613306624 self_thread_id = 139887613306624, last time delay.time = 8, now count = 624, i = 3
2023-01-11 18:07:31.863  75 83 I channel139887613306624 self_thread_id = 139887613306624, last time delay.time = 8, now count = 624, i = 3
2023-01-11 18:07:31.863  75 83 W channel139887613306624 self_thread_id = 139887613306624, last time delay.time = 8, now count = 624, i = 3
2023-01-11 18:07:31.863  75 83 E channel139887613306624 self_thread_id = 139887613306624, last time delay.time = 8, now count = 624, i = 3
2023-01-11 18:07:32.862  75 78 I channel139887862236928 self_thread_id = 139887862236928, last time delay.time = 8, now count = 617, i = 4
2023-01-11 18:07:32.862  75 78 I channel139887862236928 self_thread_id = 139887862236928, last time delay.time = 8, now count = 617, i = 4
2023-01-11 18:07:32.862  75 78 W channel139887862236928 self_thread_id = 139887862236928, last time delay.time = 8, now count = 617, i = 4
2023-01-11 18:07:32.862  75 78 E channel139887862236928 self_thread_id = 139887862236928, last time delay.time = 8, now count = 617, i = 4
2023-01-11 18:07:32.862  75 78 I channel139887862236928 self_thread_id = 139887862236928, last time delay.time = 8, now count = 625
2023-01-11 18:07:32.862  75 79 I channel139887853844224 self_thread_id = 139887853844224, last time delay.time = 7, now count = 618, i = 4
2023-01-11 18:07:32.862  75 79 I channel139887853844224 self_thread_id = 139887853844224, last time delay.time = 7, now count = 618, i = 4
2023-01-11 18:07:32.862  75 79 W channel139887853844224 self_thread_id = 139887853844224, last time delay.time = 7, now count = 618, i = 4
2023-01-11 18:07:32.862  75 79 E channel139887853844224 self_thread_id = 139887853844224, last time delay.time = 7, now count = 618, i = 4
2023-01-11 18:07:32.862  75 80 I channel139887845451520 self_thread_id = 139887845451520, last time delay.time = 7, now count = 619, i = 4
2023-01-11 18:07:32.862  75 79 I channel139887853844224 self_thread_id = 139887853844224, last time delay.time = 7, now count = 626
2023-01-11 18:07:32.862  75 80 I channel139887845451520 self_thread_id = 139887845451520, last time delay.time = 7, now count = 619, i = 4
2023-01-11 18:07:32.862  75 80 W channel139887845451520 self_thread_id = 139887845451520, last time delay.time = 7, now count = 619, i = 4
2023-01-11 18:07:32.862  75 80 E channel139887845451520 self_thread_id = 139887845451520, last time delay.time = 7, now count = 619, i = 4
2023-01-11 18:07:32.862  75 80 I channel139887845451520 self_thread_id = 139887845451520, last time delay.time = 7, now count = 627
2023-01-11 18:07:32.862  75 84 I channel139887604913920 self_thread_id = 139887604913920, last time delay.time = 7, now count = 621, i = 4
2023-01-11 18:07:32.863  75 82 I channel139887621699328 self_thread_id = 139887621699328, last time delay.time = 3, now count = 622, i = 4
2023-01-11 18:07:32.863  75 84 I channel139887604913920 self_thread_id = 139887604913920, last time delay.time = 7, now count = 621, i = 4
2023-01-11 18:07:32.863  75 82 I channel139887621699328 self_thread_id = 139887621699328, last time delay.time = 3, now count = 622, i = 4
2023-01-11 18:07:32.863  75 77 I channel139887870629632 self_thread_id = 139887870629632, last time delay.time = 9, now count = 620, i = 4
2023-01-11 18:07:32.863  75 84 W channel139887604913920 self_thread_id = 139887604913920, last time delay.time = 7, now count = 621, i = 4
2023-01-11 18:07:32.863  75 82 W channel139887621699328 self_thread_id = 139887621699328, last time delay.time = 3, now count = 622, i = 4
2023-01-11 18:07:32.863  75 84 E channel139887604913920 self_thread_id = 139887604913920, last time delay.time = 7, now count = 621, i = 4
2023-01-11 18:07:32.863  75 82 E channel139887621699328 self_thread_id = 139887621699328, last time delay.time = 3, now count = 622, i = 4
2023-01-11 18:07:32.863  75 84 I channel139887604913920 self_thread_id = 139887604913920, last time delay.time = 7, now count = 628
2023-01-11 18:07:32.863  75 77 I channel139887870629632 self_thread_id = 139887870629632, last time delay.time = 9, now count = 620, i = 4
2023-01-11 18:07:32.863  75 82 I channel139887621699328 self_thread_id = 139887621699328, last time delay.time = 3, now count = 629
2023-01-11 18:07:32.863  75 77 W channel139887870629632 self_thread_id = 139887870629632, last time delay.time = 9, now count = 620, i = 4
2023-01-11 18:07:32.863  75 77 E channel139887870629632 self_thread_id = 139887870629632, last time delay.time = 9, now count = 620, i = 4
2023-01-11 18:07:32.863  75 77 I channel139887870629632 self_thread_id = 139887870629632, last time delay.time = 9, now count = 630
2023-01-11 18:07:32.863  75 81 I channel139887837058816 self_thread_id = 139887837058816, last time delay.time = 7, now count = 623, i = 4
2023-01-11 18:07:32.863  75 81 I channel139887837058816 self_thread_id = 139887837058816, last time delay.time = 7, now count = 623, i = 4
2023-01-11 18:07:32.863  75 81 W channel139887837058816 self_thread_id = 139887837058816, last time delay.time = 7, now count = 623, i = 4
2023-01-11 18:07:32.863  75 81 E channel139887837058816 self_thread_id = 139887837058816, last time delay.time = 7, now count = 623, i = 4
2023-01-11 18:07:32.863  75 81 I channel139887837058816 self_thread_id = 139887837058816, last time delay.time = 7, now count = 631
2023-01-11 18:07:32.863  75 83 I channel139887613306624 self_thread_id = 139887613306624, last time delay.time = 8, now count = 624, i = 4
2023-01-11 18:07:32.863  75 83 I channel139887613306624 self_thread_id = 139887613306624, last time delay.time = 8, now count = 624, i = 4
2023-01-11 18:07:32.863  75 83 W channel139887613306624 self_thread_id = 139887613306624, last time delay.time = 8, now count = 624, i = 4
2023-01-11 18:07:32.863  75 83 E channel139887613306624 self_thread_id = 139887613306624, last time delay.time = 8, now count = 624, i = 4
2023-01-11 18:07:32.863  75 83 I channel139887613306624 self_thread_id = 139887613306624, last time delay.time = 8, now count = 632
2023-01-11 18:07:33.862  75 78 I channel139887862236928 self_thread_id = 139887862236928, last time delay.time = 8, now count = 625, i = 0
2023-01-11 18:07:33.862  75 78 I channel139887862236928 self_thread_id = 139887862236928, last time delay.time = 8, now count = 625, i = 0
2023-01-11 18:07:33.862  75 78 W channel139887862236928 self_thread_id = 139887862236928, last time delay.time = 8, now count = 625, i = 0
2023-01-11 18:07:33.862  75 78 E channel139887862236928 self_thread_id = 139887862236928, last time delay.time = 8, now count = 625, i = 0
2023-01-11 18:07:33.863  75 79 I channel139887853844224 self_thread_id = 139887853844224, last time delay.time = 9, now count = 626, i = 0
2023-01-11 18:07:33.863  75 79 I channel139887853844224 self_thread_id = 139887853844224, last time delay.time = 9, now count = 626, i = 0
2023-01-11 18:07:33.863  75 79 W channel139887853844224 self_thread_id = 139887853844224, last time delay.time = 9, now count = 626, i = 0
2023-01-11 18:07:33.863  75 79 E channel139887853844224 self_thread_id = 139887853844224, last time delay.time = 9, now count = 626, i = 0
2023-01-11 18:07:33.863  75 80 I channel139887845451520 self_thread_id = 139887845451520, last time delay.time = 7, now count = 627, i = 0
2023-01-11 18:07:33.863  75 80 I channel139887845451520 self_thread_id = 139887845451520, last time delay.time = 7, now count = 627, i = 0
2023-01-11 18:07:33.863  75 80 W channel139887845451520 self_thread_id = 139887845451520, last time delay.time = 7, now count = 627, i = 0
2023-01-11 18:07:33.863  75 80 E channel139887845451520 self_thread_id = 139887845451520, last time delay.time = 7, now count = 627, i = 0
2023-01-11 18:07:33.863  75 84 I channel139887604913920 self_thread_id = 139887604913920, last time delay.time = 10, now count = 628, i = 0
2023-01-11 18:07:33.863  75 82 I channel139887621699328 self_thread_id = 139887621699328, last time delay.time = 11, now count = 629, i = 0
2023-01-11 18:07:33.863  75 84 I channel139887604913920 self_thread_id = 139887604913920, last time delay.time = 10, now count = 628, i = 0
2023-01-11 18:07:33.863  75 77 I channel139887870629632 self_thread_id = 139887870629632, last time delay.time = 8, now count = 630, i = 0
2023-01-11 18:07:33.863  75 84 W channel139887604913920 self_thread_id = 139887604913920, last time delay.time = 10, now count = 628, i = 0
2023-01-11 18:07:33.863  75 82 I channel139887621699328 self_thread_id = 139887621699328, last time delay.time = 11, now count = 629, i = 0
2023-01-11 18:07:33.863  75 84 E channel139887604913920 self_thread_id = 139887604913920, last time delay.time = 10, now count = 628, i = 0
2023-01-11 18:07:33.863  75 82 W channel139887621699328 self_thread_id = 139887621699328, last time delay.time = 11, now count = 629, i = 0
2023-01-11 18:07:33.863  75 77 I channel139887870629632 self_thread_id = 139887870629632, last time delay.time = 8, now count = 630, i = 0
2023-01-11 18:07:33.863  75 82 E channel139887621699328 self_thread_id = 139887621699328, last time delay.time = 11, now count = 629, i = 0
2023-01-11 18:07:33.863  75 77 W channel139887870629632 self_thread_id = 139887870629632, last time delay.time = 8, now count = 630, i = 0
2023-01-11 18:07:33.863  75 77 E channel139887870629632 self_thread_id = 139887870629632, last time delay.time = 8, now count = 630, i = 0
2023-01-11 18:07:33.863  75 81 I channel139887837058816 self_thread_id = 139887837058816, last time delay.time = 8, now count = 631, i = 0
2023-01-11 18:07:33.863  75 81 I channel139887837058816 self_thread_id = 139887837058816, last time delay.time = 8, now count = 631, i = 0
2023-01-11 18:07:33.863  75 81 W channel139887837058816 self_thread_id = 139887837058816, last time delay.time = 8, now count = 631, i = 0
2023-01-11 18:07:33.863  75 81 E channel139887837058816 self_thread_id = 139887837058816, last time delay.time = 8, now count = 631, i = 0
2023-01-11 18:07:33.863  75 83 I channel139887613306624 self_thread_id = 139887613306624, last time delay.time = 9, now count = 632, i = 0
2023-01-11 18:07:33.863  75 83 I channel139887613306624 self_thread_id = 139887613306624, last time delay.time = 9, now count = 632, i = 0
2023-01-11 18:07:33.863  75 83 W channel139887613306624 self_thread_id = 139887613306624, last time delay.time = 9, now count = 632, i = 0
2023-01-11 18:07:33.863  75 83 E channel139887613306624 self_thread_id = 139887613306624, last time delay.time = 9, now count = 632, i = 0
2023-01-11 18:07:34.863  75 78 I channel139887862236928 self_thread_id = 139887862236928, last time delay.time = 8, now count = 625, i = 1
2023-01-11 18:07:34.863  75 78 I channel139887862236928 self_thread_id = 139887862236928, last time delay.time = 8, now count = 625, i = 1
2023-01-11 18:07:34.863  75 78 W channel139887862236928 self_thread_id = 139887862236928, last time delay.time = 8, now count = 625, i = 1
2023-01-11 18:07:34.863  75 78 E channel139887862236928 self_thread_id = 139887862236928, last time delay.time = 8, now count = 625, i = 1
2023-01-11 18:07:34.863  75 79 I channel139887853844224 self_thread_id = 139887853844224, last time delay.time = 9, now count = 626, i = 1
2023-01-11 18:07:34.863  75 79 I channel139887853844224 self_thread_id = 139887853844224, last time delay.time = 9, now count = 626, i = 1
2023-01-11 18:07:34.863  75 79 W channel139887853844224 self_thread_id = 139887853844224, last time delay.time = 9, now count = 626, i = 1
2023-01-11 18:07:34.863  75 79 E channel139887853844224 self_thread_id = 139887853844224, last time delay.time = 9, now count = 626, i = 1
2023-01-11 18:07:34.863  75 80 I channel139887845451520 self_thread_id = 139887845451520, last time delay.time = 7, now count = 627, i = 1
2023-01-11 18:07:34.863  75 80 I channel139887845451520 self_thread_id = 139887845451520, last time delay.time = 7, now count = 627, i = 1
2023-01-11 18:07:34.863  75 80 W channel139887845451520 self_thread_id = 139887845451520, last time delay.time = 7, now count = 627, i = 1
2023-01-11 18:07:34.863  75 80 E channel139887845451520 self_thread_id = 139887845451520, last time delay.time = 7, now count = 627, i = 1
2023-01-11 18:07:34.863  75 77 I channel139887870629632 self_thread_id = 139887870629632, last time delay.time = 8, now count = 630, i = 1
2023-01-11 18:07:34.863  75 77 I channel139887870629632 self_thread_id = 139887870629632, last time delay.time = 8, now count = 630, i = 1
2023-01-11 18:07:34.863  75 77 W channel139887870629632 self_thread_id = 139887870629632, last time delay.time = 8, now count = 630, i = 1
2023-01-11 18:07:34.863  75 77 E channel139887870629632 self_thread_id = 139887870629632, last time delay.time = 8, now count = 630, i = 1
2023-01-11 18:07:34.863  75 84 I channel139887604913920 self_thread_id = 139887604913920, last time delay.time = 10, now count = 628, i = 1
2023-01-11 18:07:34.863  75 84 I channel139887604913920 self_thread_id = 139887604913920, last time delay.time = 10, now count = 628, i = 1
2023-01-11 18:07:34.863  75 84 W channel139887604913920 self_thread_id = 139887604913920, last time delay.time = 10, now count = 628, i = 1
2023-01-11 18:07:34.863  75 84 E channel139887604913920 self_thread_id = 139887604913920, last time delay.time = 10, now count = 628, i = 1
2023-01-11 18:07:34.863  75 82 I channel139887621699328 self_thread_id = 139887621699328, last time delay.time = 11, now count = 629, i = 1
2023-01-11 18:07:34.863  75 82 I channel139887621699328 self_thread_id = 139887621699328, last time delay.time = 11, now count = 629, i = 1
2023-01-11 18:07:34.863  75 82 W channel139887621699328 self_thread_id = 139887621699328, last time delay.time = 11, now count = 629, i = 1
2023-01-11 18:07:34.863  75 81 I channel139887837058816 self_thread_id = 139887837058816, last time delay.time = 8, now count = 631, i = 1
2023-01-11 18:07:34.863  75 82 E channel139887621699328 self_thread_id = 139887621699328, last time delay.time = 11, now count = 629, i = 1
2023-01-11 18:07:34.863  75 81 I channel139887837058816 self_thread_id = 139887837058816, last time delay.time = 8, now count = 631, i = 1
2023-01-11 18:07:34.863  75 81 W channel139887837058816 self_thread_id = 139887837058816, last time delay.time = 8, now count = 631, i = 1
2023-01-11 18:07:34.863  75 81 E channel139887837058816 self_thread_id = 139887837058816, last time delay.time = 8, now count = 631, i = 1
2023-01-11 18:07:34.864  75 83 I channel139887613306624 self_thread_id = 139887613306624, last time delay.time = 9, now count = 632, i = 1
2023-01-11 18:07:34.864  75 83 I channel139887613306624 self_thread_id = 139887613306624, last time delay.time = 9, now count = 632, i = 1
2023-01-11 18:07:34.864  75 83 W channel139887613306624 self_thread_id = 139887613306624, last time delay.time = 9, now count = 632, i = 1
2023-01-11 18:07:34.864  75 83 E channel139887613306624 self_thread_id = 139887613306624, last time delay.time = 9, now count = 632, i = 1
2023-01-11 18:07:35.863  75 78 I channel139887862236928 self_thread_id = 139887862236928, last time delay.time = 8, now count = 625, i = 2
2023-01-11 18:07:35.863  75 78 I channel139887862236928 self_thread_id = 139887862236928, last time delay.time = 8, now count = 625, i = 2
2023-01-11 18:07:35.863  75 78 W channel139887862236928 self_thread_id = 139887862236928, last time delay.time = 8, now count = 625, i = 2
2023-01-11 18:07:35.863  75 78 E channel139887862236928 self_thread_id = 139887862236928, last time delay.time = 8, now count = 625, i = 2
2023-01-11 18:07:35.863  75 79 I channel139887853844224 self_thread_id = 139887853844224, last time delay.time = 9, now count = 626, i = 2
2023-01-11 18:07:35.863  75 79 I channel139887853844224 self_thread_id = 139887853844224, last time delay.time = 9, now count = 626, i = 2
2023-01-11 18:07:35.863  75 79 W channel139887853844224 self_thread_id = 139887853844224, last time delay.time = 9, now count = 626, i = 2
2023-01-11 18:07:35.863  75 79 E channel139887853844224 self_thread_id = 139887853844224, last time delay.time = 9, now count = 626, i = 2
2023-01-11 18:07:35.863  75 80 I channel139887845451520 self_thread_id = 139887845451520, last time delay.time = 7, now count = 627, i = 2
2023-01-11 18:07:35.863  75 80 I channel139887845451520 self_thread_id = 139887845451520, last time delay.time = 7, now count = 627, i = 2
2023-01-11 18:07:35.863  75 77 I channel139887870629632 self_thread_id = 139887870629632, last time delay.time = 8, now count = 630, i = 2
2023-01-11 18:07:35.863  75 80 W channel139887845451520 self_thread_id = 139887845451520, last time delay.time = 7, now count = 627, i = 2
2023-01-11 18:07:35.863  75 77 I channel139887870629632 self_thread_id = 139887870629632, last time delay.time = 8, now count = 630, i = 2
2023-01-11 18:07:35.863  75 80 E channel139887845451520 self_thread_id = 139887845451520, last time delay.time = 7, now count = 627, i = 2
2023-01-11 18:07:35.863  75 77 W channel139887870629632 self_thread_id = 139887870629632, last time delay.time = 8, now count = 630, i = 2
2023-01-11 18:07:35.863  75 77 E channel139887870629632 self_thread_id = 139887870629632, last time delay.time = 8, now count = 630, i = 2
2023-01-11 18:07:35.863  75 84 I channel139887604913920 self_thread_id = 139887604913920, last time delay.time = 10, now count = 628, i = 2
2023-01-11 18:07:35.863  75 84 I channel139887604913920 self_thread_id = 139887604913920, last time delay.time = 10, now count = 628, i = 2
2023-01-11 18:07:35.863  75 84 W channel139887604913920 self_thread_id = 139887604913920, last time delay.time = 10, now count = 628, i = 2
2023-01-11 18:07:35.863  75 81 I channel139887837058816 self_thread_id = 139887837058816, last time delay.time = 8, now count = 631, i = 2
2023-01-11 18:07:35.863  75 81 I channel139887837058816 self_thread_id = 139887837058816, last time delay.time = 8, now count = 631, i = 2
2023-01-11 18:07:35.863  75 82 I channel139887621699328 self_thread_id = 139887621699328, last time delay.time = 11, now count = 629, i = 2
2023-01-11 18:07:35.863  75 84 E channel139887604913920 self_thread_id = 139887604913920, last time delay.time = 10, now count = 628, i = 2
2023-01-11 18:07:35.863  75 81 W channel139887837058816 self_thread_id = 139887837058816, last time delay.time = 8, now count = 631, i = 2
2023-01-11 18:07:35.863  75 81 E channel139887837058816 self_thread_id = 139887837058816, last time delay.time = 8, now count = 631, i = 2
2023-01-11 18:07:35.863  75 82 I channel139887621699328 self_thread_id = 139887621699328, last time delay.time = 11, now count = 629, i = 2
2023-01-11 18:07:35.863  75 82 W channel139887621699328 self_thread_id = 139887621699328, last time delay.time = 11, now count = 629, i = 2
2023-01-11 18:07:35.863  75 82 E channel139887621699328 self_thread_id = 139887621699328, last time delay.time = 11, now count = 629, i = 2
2023-01-11 18:07:35.864  75 83 I channel139887613306624 self_thread_id = 139887613306624, last time delay.time = 9, now count = 632, i = 2
2023-01-11 18:07:35.864  75 83 I channel139887613306624 self_thread_id = 139887613306624, last time delay.time = 9, now count = 632, i = 2
2023-01-11 18:07:35.864  75 83 W channel139887613306624 self_thread_id = 139887613306624, last time delay.time = 9, now count = 632, i = 2
2023-01-11 18:07:35.864  75 83 E channel139887613306624 self_thread_id = 139887613306624, last time delay.time = 9, now count = 632, i = 2
2023-01-11 18:07:36.536  75 75 I APP.tag TestComponent::Proc
2023-01-11 18:07:36.536  75 75 I APP.tag ****************test INFO begin****************
2023-01-11 18:07:36.536  75 75 I APP.tag 测试 index = 853组
2023-01-11 18:07:36.536  75 75 E APP.tag 循环计数 i = 1次
2023-01-11 18:07:36.536  75 75 I APP.tag test LOG_Trace()
2023-01-11 18:07:36.536  75 75 I vscode 循环计数 i = 1次,test LOG_Channel_Trace()
2023-01-11 18:07:36.536  75 75 E APP.tag 循环计数 i = 2次
2023-01-11 18:07:36.536  75 75 E APP.tag 循环计数 i = 3次
2023-01-11 18:07:36.536  75 75 I APP.tag test LOG_Info()
2023-01-11 18:07:36.536  75 75 I baidu 循环计数 i = 3次,test LOG_Channel_Info()
2023-01-11 18:07:36.536  75 75 E APP.tag 循环计数 i = 4次
2023-01-11 18:07:36.536  75 75 W APP.tag test LOG_Warn()
2023-01-11 18:07:36.536  75 75 W google 循环计数 i = 4次,test LOG_Channel_Warn()
2023-01-11 18:07:36.536  75 75 E APP.tag 循环计数 i = 5次
2023-01-11 18:07:36.536  75 75 E APP.tag test LOG_Error()
2023-01-11 18:07:36.536  75 75 E visio 循环计数 i = 5次,test LOG_Channel_Error()
2023-01-11 18:07:36.536  75 75 I APP.tag print coredump DataLen:2 Data[01 00]
2023-01-11 18:07:36.536  75 75 W coredump 0x0000000a 0a 00 00 00 0b 00 00 00 0c 00 00 00 0d 00 00 00 0e 00 00 00
2023-01-11 18:07:36.536  75 75 I APP.tag ****************test INFO end****************
2023-01-11 18:07:36.863  75 78 I channel139887862236928 self_thread_id = 139887862236928, last time delay.time = 8, now count = 625, i = 3
2023-01-11 18:07:36.863  75 78 I channel139887862236928 self_thread_id = 139887862236928, last time delay.time = 8, now count = 625, i = 3
2023-01-11 18:07:36.863  75 78 W channel139887862236928 self_thread_id = 139887862236928, last time delay.time = 8, now count = 625, i = 3
2023-01-11 18:07:36.863  75 78 E channel139887862236928 self_thread_id = 139887862236928, last time delay.time = 8, now count = 625, i = 3
2023-01-11 18:07:36.863  75 79 I channel139887853844224 self_thread_id = 139887853844224, last time delay.time = 9, now count = 626, i = 3
2023-01-11 18:07:36.863  75 79 I channel139887853844224 self_thread_id = 139887853844224, last time delay.time = 9, now count = 626, i = 3
2023-01-11 18:07:36.863  75 79 W channel139887853844224 self_thread_id = 139887853844224, last time delay.time = 9, now count = 626, i = 3
2023-01-11 18:07:36.863  75 79 E channel139887853844224 self_thread_id = 139887853844224, last time delay.time = 9, now count = 626, i = 3
2023-01-11 18:07:36.863  75 80 I channel139887845451520 self_thread_id = 139887845451520, last time delay.time = 7, now count = 627, i = 3
2023-01-11 18:07:36.863  75 80 I channel139887845451520 self_thread_id = 139887845451520, last time delay.time = 7, now count = 627, i = 3
2023-01-11 18:07:36.863  75 80 W channel139887845451520 self_thread_id = 139887845451520, last time delay.time = 7, now count = 627, i = 3
2023-01-11 18:07:36.863  75 77 I channel139887870629632 self_thread_id = 139887870629632, last time delay.time = 8, now count = 630, i = 3
2023-01-11 18:07:36.863  75 80 E channel139887845451520 self_thread_id = 139887845451520, last time delay.time = 7, now count = 627, i = 3
2023-01-11 18:07:36.863  75 77 I channel139887870629632 self_thread_id = 139887870629632, last time delay.time = 8, now count = 630, i = 3
2023-01-11 18:07:36.863  75 77 W channel139887870629632 self_thread_id = 139887870629632, last time delay.time = 8, now count = 630, i = 3
2023-01-11 18:07:36.863  75 77 E channel139887870629632 self_thread_id = 139887870629632, last time delay.time = 8, now count = 630, i = 3
2023-01-11 18:07:36.863  75 84 I channel139887604913920 self_thread_id = 139887604913920, last time delay.time = 10, now count = 628, i = 3
2023-01-11 18:07:36.863  75 84 I channel139887604913920 self_thread_id = 139887604913920, last time delay.time = 10, now count = 628, i = 3
2023-01-11 18:07:36.863  75 81 I channel139887837058816 self_thread_id = 139887837058816, last time delay.time = 8, now count = 631, i = 3
2023-01-11 18:07:36.863  75 84 W channel139887604913920 self_thread_id = 139887604913920, last time delay.time = 10, now count = 628, i = 3
2023-01-11 18:07:36.863  75 81 I channel139887837058816 self_thread_id = 139887837058816, last time delay.time = 8, now count = 631, i = 3
2023-01-11 18:07:36.863  75 84 E channel139887604913920 self_thread_id = 139887604913920, last time delay.time = 10, now count = 628, i = 3
2023-01-11 18:07:36.863  75 82 I channel139887621699328 self_thread_id = 139887621699328, last time delay.time = 11, now count = 629, i = 3
2023-01-11 18:07:36.863  75 81 W channel139887837058816 self_thread_id = 139887837058816, last time delay.time = 8, now count = 631, i = 3
2023-01-11 18:07:36.863  75 82 I channel139887621699328 self_thread_id = 139887621699328, last time delay.time = 11, now count = 629, i = 3
2023-01-11 18:07:36.863  75 81 E channel139887837058816 self_thread_id = 139887837058816, last time delay.time = 8, now count = 631, i = 3
2023-01-11 18:07:36.863  75 82 W channel139887621699328 self_thread_id = 139887621699328, last time delay.time = 11, now count = 629, i = 3
2023-01-11 18:07:36.863  75 82 E channel139887621699328 self_thread_id = 139887621699328, last time delay.time = 11, now count = 629, i = 3
2023-01-11 18:07:36.864  75 83 I channel139887613306624 self_thread_id = 139887613306624, last time delay.time = 9, now count = 632, i = 3
2023-01-11 18:07:36.864  75 83 I channel139887613306624 self_thread_id = 139887613306624, last time delay.time = 9, now count = 632, i = 3
2023-01-11 18:07:36.864  75 83 W channel139887613306624 self_thread_id = 139887613306624, last time delay.time = 9, now count = 632, i = 3
2023-01-11 18:07:36.864  75 83 E channel139887613306624 self_thread_id = 139887613306624, last time delay.time = 9, now count = 632, i = 3
2023-01-11 18:07:37.863  75 78 I channel139887862236928 self_thread_id = 139887862236928, last time delay.time = 8, now count = 625, i = 4
2023-01-11 18:07:37.863  75 78 I channel139887862236928 self_thread_id = 139887862236928, last time delay.time = 8, now count = 625, i = 4
2023-01-11 18:07:37.863  75 78 W channel139887862236928 self_thread_id = 139887862236928, last time delay.time = 8, now count = 625, i = 4
2023-01-11 18:07:37.863  75 78 E channel139887862236928 self_thread_id = 139887862236928, last time delay.time = 8, now count = 625, i = 4
2023-01-11 18:07:37.863  75 78 I channel139887862236928 self_thread_id = 139887862236928, last time delay.time = 8, now count = 633
2023-01-11 18:07:37.863  75 79 I channel139887853844224 self_thread_id = 139887853844224, last time delay.time = 9, now count = 626, i = 4
2023-01-11 18:07:37.863  75 79 I channel139887853844224 self_thread_id = 139887853844224, last time delay.time = 9, now count = 626, i = 4
2023-01-11 18:07:37.863  75 79 W channel139887853844224 self_thread_id = 139887853844224, last time delay.time = 9, now count = 626, i = 4
2023-01-11 18:07:37.863  75 79 E channel139887853844224 self_thread_id = 139887853844224, last time delay.time = 9, now count = 626, i = 4
2023-01-11 18:07:37.863  75 79 I channel139887853844224 self_thread_id = 139887853844224, last time delay.time = 9, now count = 634
2023-01-11 18:07:37.863  75 80 I channel139887845451520 self_thread_id = 139887845451520, last time delay.time = 7, now count = 627, i = 4
2023-01-11 18:07:37.863  75 80 I channel139887845451520 self_thread_id = 139887845451520, last time delay.time = 7, now count = 627, i = 4
2023-01-11 18:07:37.863  75 80 W channel139887845451520 self_thread_id = 139887845451520, last time delay.time = 7, now count = 627, i = 4
2023-01-11 18:07:37.863  75 80 E channel139887845451520 self_thread_id = 139887845451520, last time delay.time = 7, now count = 627, i = 4
2023-01-11 18:07:37.863  75 80 I channel139887845451520 self_thread_id = 139887845451520, last time delay.time = 7, now count = 635
2023-01-11 18:07:37.863  75 77 I channel139887870629632 self_thread_id = 139887870629632, last time delay.time = 8, now count = 630, i = 4
2023-01-11 18:07:37.863  75 77 I channel139887870629632 self_thread_id = 139887870629632, last time delay.time = 8, now count = 630, i = 4
2023-01-11 18:07:37.863  75 77 W channel139887870629632 self_thread_id = 139887870629632, last time delay.time = 8, now count = 630, i = 4
2023-01-11 18:07:37.863  75 77 E channel139887870629632 self_thread_id = 139887870629632, last time delay.time = 8, now count = 630, i = 4
2023-01-11 18:07:37.863  75 77 I channel139887870629632 self_thread_id = 139887870629632, last time delay.time = 8, now count = 636
2023-01-11 18:07:37.864  75 84 I channel139887604913920 self_thread_id = 139887604913920, last time delay.time = 10, now count = 628, i = 4
2023-01-11 18:07:37.864  75 84 I channel139887604913920 self_thread_id = 139887604913920, last time delay.time = 10, now count = 628, i = 4
2023-01-11 18:07:37.864  75 81 I channel139887837058816 self_thread_id = 139887837058816, last time delay.time = 8, now count = 631, i = 4
2023-01-11 18:07:37.864  75 84 W channel139887604913920 self_thread_id = 139887604913920, last time delay.time = 10, now count = 628, i = 4
2023-01-11 18:07:37.864  75 84 E channel139887604913920 self_thread_id = 139887604913920, last time delay.time = 10, now count = 628, i = 4
2023-01-11 18:07:37.864  75 81 I channel139887837058816 self_thread_id = 139887837058816, last time delay.time = 8, now count = 631, i = 4
2023-01-11 18:07:37.864  75 84 I channel139887604913920 self_thread_id = 139887604913920, last time delay.time = 10, now count = 637
2023-01-11 18:07:37.864  75 82 I channel139887621699328 self_thread_id = 139887621699328, last time delay.time = 11, now count = 629, i = 4
2023-01-11 18:07:37.864  75 81 W channel139887837058816 self_thread_id = 139887837058816, last time delay.time = 8, now count = 631, i = 4
2023-01-11 18:07:37.864  75 81 E channel139887837058816 self_thread_id = 139887837058816, last time delay.time = 8, now count = 631, i = 4
2023-01-11 18:07:37.864  75 82 I channel139887621699328 self_thread_id = 139887621699328, last time delay.time = 11, now count = 629, i = 4
2023-01-11 18:07:37.864  75 81 I channel139887837058816 self_thread_id = 139887837058816, last time delay.time = 8, now count = 638
2023-01-11 18:07:37.864  75 82 W channel139887621699328 self_thread_id = 139887621699328, last time delay.time = 11, now count = 629, i = 4
2023-01-11 18:07:37.864  75 82 E channel139887621699328 self_thread_id = 139887621699328, last time delay.time = 11, now count = 629, i = 4
2023-01-11 18:07:37.864  75 82 I channel139887621699328 self_thread_id = 139887621699328, last time delay.time = 11, now count = 639
2023-01-11 18:07:37.864  75 83 I channel139887613306624 self_thread_id = 139887613306624, last time delay.time = 9, now count = 632, i = 4
2023-01-11 18:07:37.864  75 83 I channel139887613306624 self_thread_id = 139887613306624, last time delay.time = 9, now count = 632, i = 4
2023-01-11 18:07:37.864  75 83 W channel139887613306624 self_thread_id = 139887613306624, last time delay.time = 9, now count = 632, i = 4
2023-01-11 18:07:37.864  75 83 E channel139887613306624 self_thread_id = 139887613306624, last time delay.time = 9, now count = 632, i = 4
2023-01-11 18:07:37.864  75 83 I channel139887613306624 self_thread_id = 139887613306624, last time delay.time = 9, now count = 640
2023-01-11 18:07:38.863  75 78 I channel139887862236928 self_thread_id = 139887862236928, last time delay.time = 9, now count = 633, i = 0
2023-01-11 18:07:38.863  75 78 I channel139887862236928 self_thread_id = 139887862236928, last time delay.time = 9, now count = 633, i = 0
2023-01-11 18:07:38.863  75 78 W channel139887862236928 self_thread_id = 139887862236928, last time delay.time = 9, now count = 633, i = 0
2023-01-11 18:07:38.863  75 78 E channel139887862236928 self_thread_id = 139887862236928, last time delay.time = 9, now count = 633, i = 0
2023-01-11 18:07:38.863  75 79 I channel139887853844224 self_thread_id = 139887853844224, last time delay.time = 24, now count = 634, i = 0
2023-01-11 18:07:38.863  75 80 I channel139887845451520 self_thread_id = 139887845451520, last time delay.time = 8, now count = 635, i = 0
2023-01-11 18:07:38.863  75 79 I channel139887853844224 self_thread_id = 139887853844224, last time delay.time = 24, now count = 634, i = 0
2023-01-11 18:07:38.864  75 80 I channel139887845451520 self_thread_id = 139887845451520, last time delay.time = 8, now count = 635, i = 0
2023-01-11 18:07:38.864  75 79 W channel139887853844224 self_thread_id = 139887853844224, last time delay.time = 24, now count = 634, i = 0
2023-01-11 18:07:38.864  75 80 W channel139887845451520 self_thread_id = 139887845451520, last time delay.time = 8, now count = 635, i = 0
2023-01-11 18:07:38.864  75 79 E channel139887853844224 self_thread_id = 139887853844224, last time delay.time = 24, now count = 634, i = 0
2023-01-11 18:07:38.864  75 80 E channel139887845451520 self_thread_id = 139887845451520, last time delay.time = 8, now count = 635, i = 0
2023-01-11 18:07:38.864  75 77 I channel139887870629632 self_thread_id = 139887870629632, last time delay.time = 8, now count = 636, i = 0
2023-01-11 18:07:38.864  75 77 I channel139887870629632 self_thread_id = 139887870629632, last time delay.time = 8, now count = 636, i = 0
2023-01-11 18:07:38.864  75 77 W channel139887870629632 self_thread_id = 139887870629632, last time delay.time = 8, now count = 636, i = 0
2023-01-11 18:07:38.864  75 77 E channel139887870629632 self_thread_id = 139887870629632, last time delay.time = 8, now count = 636, i = 0
2023-01-11 18:07:38.864  75 84 I channel139887604913920 self_thread_id = 139887604913920, last time delay.time = 11, now count = 637, i = 0
2023-01-11 18:07:38.864  75 84 I channel139887604913920 self_thread_id = 139887604913920, last time delay.time = 11, now count = 637, i = 0
2023-01-11 18:07:38.864  75 81 I channel139887837058816 self_thread_id = 139887837058816, last time delay.time = 9, now count = 638, i = 0
2023-01-11 18:07:38.864  75 84 W channel139887604913920 self_thread_id = 139887604913920, last time delay.time = 11, now count = 637, i = 0
2023-01-11 18:07:38.864  75 84 E channel139887604913920 self_thread_id = 139887604913920, last time delay.time = 11, now count = 637, i = 0
2023-01-11 18:07:38.864  75 81 I channel139887837058816 self_thread_id = 139887837058816, last time delay.time = 9, now count = 638, i = 0
2023-01-11 18:07:38.864  75 81 W channel139887837058816 self_thread_id = 139887837058816, last time delay.time = 9, now count = 638, i = 0
2023-01-11 18:07:38.864  75 82 I channel139887621699328 self_thread_id = 139887621699328, last time delay.time = 8, now count = 639, i = 0
2023-01-11 18:07:38.864  75 81 E channel139887837058816 self_thread_id = 139887837058816, last time delay.time = 9, now count = 638, i = 0
2023-01-11 18:07:38.864  75 82 I channel139887621699328 self_thread_id = 139887621699328, last time delay.time = 8, now count = 639, i = 0
2023-01-11 18:07:38.864  75 82 W channel139887621699328 self_thread_id = 139887621699328, last time delay.time = 8, now count = 639, i = 0
2023-01-11 18:07:38.864  75 82 E channel139887621699328 self_thread_id = 139887621699328, last time delay.time = 8, now count = 639, i = 0
2023-01-11 18:07:38.864  75 83 I channel139887613306624 self_thread_id = 139887613306624, last time delay.time = 8, now count = 640, i = 0
2023-01-11 18:07:38.864  75 83 I channel139887613306624 self_thread_id = 139887613306624, last time delay.time = 8, now count = 640, i = 0
2023-01-11 18:07:38.864  75 83 W channel139887613306624 self_thread_id = 139887613306624, last time delay.time = 8, now count = 640, i = 0
2023-01-11 18:07:38.864  75 83 E channel139887613306624 self_thread_id = 139887613306624, last time delay.time = 8, now count = 640, i = 0
2023-01-11 18:07:39.863  75 78 I channel139887862236928 self_thread_id = 139887862236928, last time delay.time = 9, now count = 633, i = 1
2023-01-11 18:07:39.863  75 78 I channel139887862236928 self_thread_id = 139887862236928, last time delay.time = 9, now count = 633, i = 1
2023-01-11 18:07:39.863  75 78 W channel139887862236928 self_thread_id = 139887862236928, last time delay.time = 9, now count = 633, i = 1
2023-01-11 18:07:39.864  75 78 E channel139887862236928 self_thread_id = 139887862236928, last time delay.time = 9, now count = 633, i = 1
2023-01-11 18:07:39.864  75 80 I channel139887845451520 self_thread_id = 139887845451520, last time delay.time = 8, now count = 635, i = 1
