2023-01-11 18:23:36.042  75 79 I channel139887853844224 self_thread_id = 139887853844224, last time delay.time = 10, now count = 163, i = 2
2023-01-11 18:23:36.042  75 79 W channel139887853844224 self_thread_id = 139887853844224, last time delay.time = 10, now count = 163, i = 2
2023-01-11 18:23:36.042  75 79 E channel139887853844224 self_thread_id = 139887853844224, last time delay.time = 10, now count = 163, i = 2
2023-01-11 18:23:36.042  75 80 I channel139887845451520 self_thread_id = 139887845451520, last time delay.time = 8, now count = 166, i = 2
2023-01-11 18:23:36.042  75 80 I channel139887845451520 self_thread_id = 139887845451520, last time delay.time = 8, now count = 166, i = 2
2023-01-11 18:23:36.042  75 80 W channel139887845451520 self_thread_id = 139887845451520, last time delay.time = 8, now count = 166, i = 2
2023-01-11 18:23:36.042  75 80 E channel139887845451520 self_thread_id = 139887845451520, last time delay.time = 8, now count = 166, i = 2
2023-01-11 18:23:36.043  75 78 I channel139887862236928 self_thread_id = 139887862236928, last time delay.time = 8, now count = 168, i = 2
2023-01-11 18:23:36.043  75 78 I channel139887862236928 self_thread_id = 139887862236928, last time delay.time = 8, now count = 168, i = 2
2023-01-11 18:23:36.043  75 78 W channel139887862236928 self_thread_id = 139887862236928, last time delay.time = 8, now count = 168, i = 2
2023-01-11 18:23:36.043  75 78 E channel139887862236928 self_thread_id = 139887862236928, last time delay.time = 8, now count = 168, i = 2
2023-01-11 18:23:36.043  75 81 I channel139887837058816 self_thread_id = 139887837058816, last time delay.time = 8, now count = 167, i = 2
2023-01-11 18:23:36.043  75 81 I channel139887837058816 self_thread_id = 139887837058816, last time delay.time = 8, now count = 167, i = 2
2023-01-11 18:23:36.043  75 81 W channel139887837058816 self_thread_id = 139887837058816, last time delay.time = 8, now count = 167, i = 2
2023-01-11 18:23:36.043  75 81 E channel139887837058816 self_thread_id = 139887837058816, last time delay.time = 8, now count = 167, i = 2
2023-01-11 18:23:36.565  75 75 I APP.tag TestComponent::Proc
2023-01-11 18:23:36.565  75 75 I APP.tag ****************test INFO begin****************
2023-01-11 18:23:36.565  75 75 I APP.tag 测试 index = 949组
2023-01-11 18:23:36.565  75 75 E APP.tag 循环计数 i = 1次
2023-01-11 18:23:36.565  75 75 I APP.tag test LOG_Trace()
2023-01-11 18:23:36.565  75 75 I vscode 循环计数 i = 1次,test LOG_Channel_Trace()
2023-01-11 18:23:36.565  75 75 E APP.tag 循环计数 i = 2次
2023-01-11 18:23:36.565  75 75 E APP.tag 循环计数 i = 3次
2023-01-11 18:23:36.565  75 75 I APP.tag test LOG_Info()
2023-01-11 18:23:36.565  75 75 I baidu 循环计数 i = 3次,test LOG_Channel_Info()
2023-01-11 18:23:36.565  75 75 E APP.tag 循环计数 i = 4次
2023-01-11 18:23:36.565  75 75 W APP.tag test LOG_Warn()
2023-01-11 18:23:36.565  75 75 W google 循环计数 i = 4次,test LOG_Channel_Warn()
2023-01-11 18:23:36.565  75 75 E APP.tag 循环计数 i = 5次
2023-01-11 18:23:36.565  75 75 E APP.tag test LOG_Error()
2023-01-11 18:23:36.565  75 75 E visio 循环计数 i = 5次,test LOG_Channel_Error()
2023-01-11 18:23:36.565  75 75 I APP.tag print coredump DataLen:2 Data[01 00]
2023-01-11 18:23:36.565  75 75 W coredump 0x0000000a 0a 00 00 00 0b 00 00 00 0c 00 00 00 0d 00 00 00 0e 00 00 00
2023-01-11 18:23:36.565  75 75 I APP.tag ****************test INFO end****************
2023-01-11 18:23:37.042  75 83 I channel139887613306624 self_thread_id = 139887613306624, last time delay.time = 8, now count = 161, i = 3
2023-01-11 18:23:37.042  75 83 I channel139887613306624 self_thread_id = 139887613306624, last time delay.time = 8, now count = 161, i = 3
2023-01-11 18:23:37.042  75 83 W channel139887613306624 self_thread_id = 139887613306624, last time delay.time = 8, now count = 161, i = 3
2023-01-11 18:23:37.042  75 83 E channel139887613306624 self_thread_id = 139887613306624, last time delay.time = 8, now count = 161, i = 3
2023-01-11 18:23:37.042  75 84 I channel139887604913920 self_thread_id = 139887604913920, last time delay.time = 17, now count = 162, i = 3
2023-01-11 18:23:37.042  75 77 I channel139887870629632 self_thread_id = 139887870629632, last time delay.time = 10, now count = 164, i = 3
2023-01-11 18:23:37.042  75 84 I channel139887604913920 self_thread_id = 139887604913920, last time delay.time = 17, now count = 162, i = 3
2023-01-11 18:23:37.042  75 84 W channel139887604913920 self_thread_id = 139887604913920, last time delay.time = 17, now count = 162, i = 3
2023-01-11 18:23:37.042  75 77 I channel139887870629632 self_thread_id = 139887870629632, last time delay.time = 10, now count = 164, i = 3
2023-01-11 18:23:37.042  75 84 E channel139887604913920 self_thread_id = 139887604913920, last time delay.time = 17, now count = 162, i = 3
2023-01-11 18:23:37.042  75 77 W channel139887870629632 self_thread_id = 139887870629632, last time delay.time = 10, now count = 164, i = 3
2023-01-11 18:23:37.042  75 77 E channel139887870629632 self_thread_id = 139887870629632, last time delay.time = 10, now count = 164, i = 3
2023-01-11 18:23:37.042  75 82 I channel139887621699328 self_thread_id = 139887621699328, last time delay.time = 9, now count = 165, i = 3
2023-01-11 18:23:37.042  75 82 I channel139887621699328 self_thread_id = 139887621699328, last time delay.time = 9, now count = 165, i = 3
2023-01-11 18:23:37.042  75 82 W channel139887621699328 self_thread_id = 139887621699328, last time delay.time = 9, now count = 165, i = 3
2023-01-11 18:23:37.042  75 82 E channel139887621699328 self_thread_id = 139887621699328, last time delay.time = 9, now count = 165, i = 3
2023-01-11 18:23:37.042  75 79 I channel139887853844224 self_thread_id = 139887853844224, last time delay.time = 10, now count = 163, i = 3
2023-01-11 18:23:37.042  75 79 I channel139887853844224 self_thread_id = 139887853844224, last time delay.time = 10, now count = 163, i = 3
2023-01-11 18:23:37.042  75 79 W channel139887853844224 self_thread_id = 139887853844224, last time delay.time = 10, now count = 163, i = 3
2023-01-11 18:23:37.042  75 79 E channel139887853844224 self_thread_id = 139887853844224, last time delay.time = 10, now count = 163, i = 3
2023-01-11 18:23:37.042  75 80 I channel139887845451520 self_thread_id = 139887845451520, last time delay.time = 8, now count = 166, i = 3
2023-01-11 18:23:37.043  75 80 I channel139887845451520 self_thread_id = 139887845451520, last time delay.time = 8, now count = 166, i = 3
2023-01-11 18:23:37.043  75 80 W channel139887845451520 self_thread_id = 139887845451520, last time delay.time = 8, now count = 166, i = 3
2023-01-11 18:23:37.043  75 80 E channel139887845451520 self_thread_id = 139887845451520, last time delay.time = 8, now count = 166, i = 3
2023-01-11 18:23:37.043  75 78 I channel139887862236928 self_thread_id = 139887862236928, last time delay.time = 8, now count = 168, i = 3
2023-01-11 18:23:37.043  75 78 I channel139887862236928 self_thread_id = 139887862236928, last time delay.time = 8, now count = 168, i = 3
2023-01-11 18:23:37.043  75 78 W channel139887862236928 self_thread_id = 139887862236928, last time delay.time = 8, now count = 168, i = 3
2023-01-11 18:23:37.043  75 78 E channel139887862236928 self_thread_id = 139887862236928, last time delay.time = 8, now count = 168, i = 3
2023-01-11 18:23:37.043  75 81 I channel139887837058816 self_thread_id = 139887837058816, last time delay.time = 8, now count = 167, i = 3
2023-01-11 18:23:37.043  75 81 I channel139887837058816 self_thread_id = 139887837058816, last time delay.time = 8, now count = 167, i = 3
2023-01-11 18:23:37.043  75 81 W channel139887837058816 self_thread_id = 139887837058816, last time delay.time = 8, now count = 167, i = 3
2023-01-11 18:23:37.043  75 81 E channel139887837058816 self_thread_id = 139887837058816, last time delay.time = 8, now count = 167, i = 3
2023-01-11 18:23:38.042  75 83 I channel139887613306624 self_thread_id = 139887613306624, last time delay.time = 8, now count = 161, i = 4
2023-01-11 18:23:38.042  75 83 I channel139887613306624 self_thread_id = 139887613306624, last time delay.time = 8, now count = 161, i = 4
2023-01-11 18:23:38.042  75 83 W channel139887613306624 self_thread_id = 139887613306624, last time delay.time = 8, now count = 161, i = 4
2023-01-11 18:23:38.042  75 83 E channel139887613306624 self_thread_id = 139887613306624, last time delay.time = 8, now count = 161, i = 4
2023-01-11 18:23:38.042  75 83 I channel139887613306624 self_thread_id = 139887613306624, last time delay.time = 8, now count = 169
2023-01-11 18:23:38.042  75 84 I channel139887604913920 self_thread_id = 139887604913920, last time delay.time = 17, now count = 162, i = 4
2023-01-11 18:23:38.042  75 77 I channel139887870629632 self_thread_id = 139887870629632, last time delay.time = 10, now count = 164, i = 4
2023-01-11 18:23:38.042  75 84 I channel139887604913920 self_thread_id = 139887604913920, last time delay.time = 17, now count = 162, i = 4
2023-01-11 18:23:38.042  75 84 W channel139887604913920 self_thread_id = 139887604913920, last time delay.time = 17, now count = 162, i = 4
2023-01-11 18:23:38.042  75 77 I channel139887870629632 self_thread_id = 139887870629632, last time delay.time = 10, now count = 164, i = 4
2023-01-11 18:23:38.042  75 84 E channel139887604913920 self_thread_id = 139887604913920, last time delay.time = 17, now count = 162, i = 4
2023-01-11 18:23:38.042  75 84 I channel139887604913920 self_thread_id = 139887604913920, last time delay.time = 17, now count = 170
2023-01-11 18:23:38.042  75 82 I channel139887621699328 self_thread_id = 139887621699328, last time delay.time = 9, now count = 165, i = 4
2023-01-11 18:23:38.042  75 77 W channel139887870629632 self_thread_id = 139887870629632, last time delay.time = 10, now count = 164, i = 4
2023-01-11 18:23:38.043  75 82 I channel139887621699328 self_thread_id = 139887621699328, last time delay.time = 9, now count = 165, i = 4
2023-01-11 18:23:38.043  75 77 E channel139887870629632 self_thread_id = 139887870629632, last time delay.time = 10, now count = 164, i = 4
2023-01-11 18:23:38.043  75 82 W channel139887621699328 self_thread_id = 139887621699328, last time delay.time = 9, now count = 165, i = 4
2023-01-11 18:23:38.043  75 77 I channel139887870629632 self_thread_id = 139887870629632, last time delay.time = 10, now count = 171
2023-01-11 18:23:38.043  75 82 E channel139887621699328 self_thread_id = 139887621699328, last time delay.time = 9, now count = 165, i = 4
2023-01-11 18:23:38.043  75 82 I channel139887621699328 self_thread_id = 139887621699328, last time delay.time = 9, now count = 172
2023-01-11 18:23:38.043  75 79 I channel139887853844224 self_thread_id = 139887853844224, last time delay.time = 10, now count = 163, i = 4
2023-01-11 18:23:38.043  75 79 I channel139887853844224 self_thread_id = 139887853844224, last time delay.time = 10, now count = 163, i = 4
2023-01-11 18:23:38.043  75 79 W channel139887853844224 self_thread_id = 139887853844224, last time delay.time = 10, now count = 163, i = 4
2023-01-11 18:23:38.043  75 79 E channel139887853844224 self_thread_id = 139887853844224, last time delay.time = 10, now count = 163, i = 4
2023-01-11 18:23:38.043  75 79 I channel139887853844224 self_thread_id = 139887853844224, last time delay.time = 10, now count = 173
2023-01-11 18:23:38.043  75 80 I channel139887845451520 self_thread_id = 139887845451520, last time delay.time = 8, now count = 166, i = 4
2023-01-11 18:23:38.043  75 80 I channel139887845451520 self_thread_id = 139887845451520, last time delay.time = 8, now count = 166, i = 4
2023-01-11 18:23:38.043  75 80 W channel139887845451520 self_thread_id = 139887845451520, last time delay.time = 8, now count = 166, i = 4
2023-01-11 18:23:38.043  75 80 E channel139887845451520 self_thread_id = 139887845451520, last time delay.time = 8, now count = 166, i = 4
2023-01-11 18:23:38.043  75 80 I channel139887845451520 self_thread_id = 139887845451520, last time delay.time = 8, now count = 174
2023-01-11 18:23:38.043  75 78 I channel139887862236928 self_thread_id = 139887862236928, last time delay.time = 8, now count = 168, i = 4
2023-01-11 18:23:38.043  75 81 I channel139887837058816 self_thread_id = 139887837058816, last time delay.time = 8, now count = 167, i = 4
2023-01-11 18:23:38.043  75 78 I channel139887862236928 self_thread_id = 139887862236928, last time delay.time = 8, now count = 168, i = 4
2023-01-11 18:23:38.043  75 81 I channel139887837058816 self_thread_id = 139887837058816, last time delay.time = 8, now count = 167, i = 4
2023-01-11 18:23:38.043  75 78 W channel139887862236928 self_thread_id = 139887862236928, last time delay.time = 8, now count = 168, i = 4
2023-01-11 18:23:38.043  75 81 W channel139887837058816 self_thread_id = 139887837058816, last time delay.time = 8, now count = 167, i = 4
2023-01-11 18:23:38.043  75 78 E channel139887862236928 self_thread_id = 139887862236928, last time delay.time = 8, now count = 168, i = 4
2023-01-11 18:23:38.043  75 81 E channel139887837058816 self_thread_id = 139887837058816, last time delay.time = 8, now count = 167, i = 4
2023-01-11 18:23:38.043  75 78 I channel139887862236928 self_thread_id = 139887862236928, last time delay.time = 8, now count = 175
2023-01-11 18:23:38.043  75 81 I channel139887837058816 self_thread_id = 139887837058816, last time delay.time = 8, now count = 176
2023-01-11 18:23:39.042  75 83 I channel139887613306624 self_thread_id = 139887613306624, last time delay.time = 7, now count = 169, i = 0
2023-01-11 18:23:39.042  75 83 I channel139887613306624 self_thread_id = 139887613306624, last time delay.time = 7, now count = 169, i = 0
2023-01-11 18:23:39.042  75 83 W channel139887613306624 self_thread_id = 139887613306624, last time delay.time = 7, now count = 169, i = 0
2023-01-11 18:23:39.042  75 83 E channel139887613306624 self_thread_id = 139887613306624, last time delay.time = 7, now count = 169, i = 0
2023-01-11 18:23:39.043  75 84 I channel139887604913920 self_thread_id = 139887604913920, last time delay.time = 8, now count = 170, i = 0
2023-01-11 18:23:39.043  75 84 I channel139887604913920 self_thread_id = 139887604913920, last time delay.time = 8, now count = 170, i = 0
2023-01-11 18:23:39.043  75 84 W channel139887604913920 self_thread_id = 139887604913920, last time delay.time = 8, now count = 170, i = 0
2023-01-11 18:23:39.043  75 84 E channel139887604913920 self_thread_id = 139887604913920, last time delay.time = 8, now count = 170, i = 0
2023-01-11 18:23:39.043  75 82 I channel139887621699328 self_thread_id = 139887621699328, last time delay.time = 8, now count = 172, i = 0
2023-01-11 18:23:39.043  75 82 I channel139887621699328 self_thread_id = 139887621699328, last time delay.time = 8, now count = 172, i = 0
2023-01-11 18:23:39.043  75 82 W channel139887621699328 self_thread_id = 139887621699328, last time delay.time = 8, now count = 172, i = 0
2023-01-11 18:23:39.043  75 82 E channel139887621699328 self_thread_id = 139887621699328, last time delay.time = 8, now count = 172, i = 0
2023-01-11 18:23:39.043  75 77 I channel139887870629632 self_thread_id = 139887870629632, last time delay.time = 9, now count = 171, i = 0
2023-01-11 18:23:39.043  75 77 I channel139887870629632 self_thread_id = 139887870629632, last time delay.time = 9, now count = 171, i = 0
2023-01-11 18:23:39.043  75 77 W channel139887870629632 self_thread_id = 139887870629632, last time delay.time = 9, now count = 171, i = 0
2023-01-11 18:23:39.043  75 77 E channel139887870629632 self_thread_id = 139887870629632, last time delay.time = 9, now count = 171, i = 0
2023-01-11 18:23:39.043  75 79 I channel139887853844224 self_thread_id = 139887853844224, last time delay.time = 8, now count = 173, i = 0
2023-01-11 18:23:39.043  75 79 I channel139887853844224 self_thread_id = 139887853844224, last time delay.time = 8, now count = 173, i = 0
2023-01-11 18:23:39.043  75 79 W channel139887853844224 self_thread_id = 139887853844224, last time delay.time = 8, now count = 173, i = 0
2023-01-11 18:23:39.043  75 79 E channel139887853844224 self_thread_id = 139887853844224, last time delay.time = 8, now count = 173, i = 0
2023-01-11 18:23:39.043  75 80 I channel139887845451520 self_thread_id = 139887845451520, last time delay.time = 9, now count = 174, i = 0
2023-01-11 18:23:39.043  75 80 I channel139887845451520 self_thread_id = 139887845451520, last time delay.time = 9, now count = 174, i = 0
2023-01-11 18:23:39.043  75 80 W channel139887845451520 self_thread_id = 139887845451520, last time delay.time = 9, now count = 174, i = 0
2023-01-11 18:23:39.043  75 80 E channel139887845451520 self_thread_id = 139887845451520, last time delay.time = 9, now count = 174, i = 0
2023-01-11 18:23:39.043  75 81 I channel139887837058816 self_thread_id = 139887837058816, last time delay.time = 10, now count = 176, i = 0
2023-01-11 18:23:39.043  75 81 I channel139887837058816 self_thread_id = 139887837058816, last time delay.time = 10, now count = 176, i = 0
2023-01-11 18:23:39.043  75 81 W channel139887837058816 self_thread_id = 139887837058816, last time delay.time = 10, now count = 176, i = 0
2023-01-11 18:23:39.043  75 78 I channel139887862236928 self_thread_id = 139887862236928, last time delay.time = 9, now count = 175, i = 0
2023-01-11 18:23:39.043  75 81 E channel139887837058816 self_thread_id = 139887837058816, last time delay.time = 10, now count = 176, i = 0
2023-01-11 18:23:39.043  75 78 I channel139887862236928 self_thread_id = 139887862236928, last time delay.time = 9, now count = 175, i = 0
2023-01-11 18:23:39.043  75 78 W channel139887862236928 self_thread_id = 139887862236928, last time delay.time = 9, now count = 175, i = 0
2023-01-11 18:23:39.043  75 78 E channel139887862236928 self_thread_id = 139887862236928, last time delay.time = 9, now count = 175, i = 0
2023-01-11 18:23:40.042  75 83 I channel139887613306624 self_thread_id = 139887613306624, last time delay.time = 7, now count = 169, i = 1
2023-01-11 18:23:40.042  75 83 I channel139887613306624 self_thread_id = 139887613306624, last time delay.time = 7, now count = 169, i = 1
2023-01-11 18:23:40.042  75 83 W channel139887613306624 self_thread_id = 139887613306624, last time delay.time = 7, now count = 169, i = 1
2023-01-11 18:23:40.042  75 83 E channel139887613306624 self_thread_id = 139887613306624, last time delay.time = 7, now count = 169, i = 1
2023-01-11 18:23:40.043  75 82 I channel139887621699328 self_thread_id = 139887621699328, last time delay.time = 8, now count = 172, i = 1
2023-01-11 18:23:40.043  75 84 I channel139887604913920 self_thread_id = 139887604913920, last time delay.time = 8, now count = 170, i = 1
2023-01-11 18:23:40.043  75 82 I channel139887621699328 self_thread_id = 139887621699328, last time delay.time = 8, now count = 172, i = 1
2023-01-11 18:23:40.043  75 82 W channel139887621699328 self_thread_id = 139887621699328, last time delay.time = 8, now count = 172, i = 1
2023-01-11 18:23:40.043  75 84 I channel139887604913920 self_thread_id = 139887604913920, last time delay.time = 8, now count = 170, i = 1
2023-01-11 18:23:40.043  75 82 E channel139887621699328 self_thread_id = 139887621699328, last time delay.time = 8, now count = 172, i = 1
2023-01-11 18:23:40.043  75 84 W channel139887604913920 self_thread_id = 139887604913920, last time delay.time = 8, now count = 170, i = 1
2023-01-11 18:23:40.043  75 84 E channel139887604913920 self_thread_id = 139887604913920, last time delay.time = 8, now count = 170, i = 1
2023-01-11 18:23:40.043  75 77 I channel139887870629632 self_thread_id = 139887870629632, last time delay.time = 9, now count = 171, i = 1
2023-01-11 18:23:40.043  75 77 I channel139887870629632 self_thread_id = 139887870629632, last time delay.time = 9, now count = 171, i = 1
2023-01-11 18:23:40.043  75 79 I channel139887853844224 self_thread_id = 139887853844224, last time delay.time = 8, now count = 173, i = 1
2023-01-11 18:23:40.043  75 77 W channel139887870629632 self_thread_id = 139887870629632, last time delay.time = 9, now count = 171, i = 1
2023-01-11 18:23:40.043  75 77 E channel139887870629632 self_thread_id = 139887870629632, last time delay.time = 9, now count = 171, i = 1
2023-01-11 18:23:40.043  75 79 I channel139887853844224 self_thread_id = 139887853844224, last time delay.time = 8, now count = 173, i = 1
2023-01-11 18:23:40.043  75 79 W channel139887853844224 self_thread_id = 139887853844224, last time delay.time = 8, now count = 173, i = 1
2023-01-11 18:23:40.043  75 79 E channel139887853844224 self_thread_id = 139887853844224, last time delay.time = 8, now count = 173, i = 1
2023-01-11 18:23:40.043  75 80 I channel139887845451520 self_thread_id = 139887845451520, last time delay.time = 9, now count = 174, i = 1
2023-01-11 18:23:40.043  75 80 I channel139887845451520 self_thread_id = 139887845451520, last time delay.time = 9, now count = 174, i = 1
2023-01-11 18:23:40.043  75 80 W channel139887845451520 self_thread_id = 139887845451520, last time delay.time = 9, now count = 174, i = 1
2023-01-11 18:23:40.043  75 80 E channel139887845451520 self_thread_id = 139887845451520, last time delay.time = 9, now count = 174, i = 1
2023-01-11 18:23:40.043  75 81 I channel139887837058816 self_thread_id = 139887837058816, last time delay.time = 10, now count = 176, i = 1
2023-01-11 18:23:40.043  75 78 I channel139887862236928 self_thread_id = 139887862236928, last time delay.time = 9, now count = 175, i = 1
2023-01-11 18:23:40.043  75 81 I channel139887837058816 self_thread_id = 139887837058816, last time delay.time = 10, now count = 176, i = 1
2023-01-11 18:23:40.043  75 81 W channel139887837058816 self_thread_id = 139887837058816, last time delay.time = 10, now count = 176, i = 1
2023-01-11 18:23:40.043  75 78 I channel139887862236928 self_thread_id = 139887862236928, last time delay.time = 9, now count = 175, i = 1
2023-01-11 18:23:40.043  75 81 E channel139887837058816 self_thread_id = 139887837058816, last time delay.time = 10, now count = 176, i = 1
2023-01-11 18:23:40.043  75 78 W channel139887862236928 self_thread_id = 139887862236928, last time delay.time = 9, now count = 175, i = 1
2023-01-11 18:23:40.043  75 78 E channel139887862236928 self_thread_id = 139887862236928, last time delay.time = 9, now count = 175, i = 1
2023-01-11 18:23:41.043  75 83 I channel139887613306624 self_thread_id = 139887613306624, last time delay.time = 7, now count = 169, i = 2
2023-01-11 18:23:41.043  75 83 I channel139887613306624 self_thread_id = 139887613306624, last time delay.time = 7, now count = 169, i = 2
2023-01-11 18:23:41.043  75 83 W channel139887613306624 self_thread_id = 139887613306624, last time delay.time = 7, now count = 169, i = 2
2023-01-11 18:23:41.043  75 83 E channel139887613306624 self_thread_id = 139887613306624, last time delay.time = 7, now count = 169, i = 2
2023-01-11 18:23:41.043  75 82 I channel139887621699328 self_thread_id = 139887621699328, last time delay.time = 8, now count = 172, i = 2
2023-01-11 18:23:41.043  75 84 I channel139887604913920 self_thread_id = 139887604913920, last time delay.time = 8, now count = 170, i = 2
2023-01-11 18:23:41.043  75 82 I channel139887621699328 self_thread_id = 139887621699328, last time delay.time = 8, now count = 172, i = 2
2023-01-11 18:23:41.043  75 82 W channel139887621699328 self_thread_id = 139887621699328, last time delay.time = 8, now count = 172, i = 2
2023-01-11 18:23:41.043  75 84 I channel139887604913920 self_thread_id = 139887604913920, last time delay.time = 8, now count = 170, i = 2
2023-01-11 18:23:41.043  75 82 E channel139887621699328 self_thread_id = 139887621699328, last time delay.time = 8, now count = 172, i = 2
2023-01-11 18:23:41.043  75 84 W channel139887604913920 self_thread_id = 139887604913920, last time delay.time = 8, now count = 170, i = 2
2023-01-11 18:23:41.043  75 79 I channel139887853844224 self_thread_id = 139887853844224, last time delay.time = 8, now count = 173, i = 2
2023-01-11 18:23:41.043  75 84 E channel139887604913920 self_thread_id = 139887604913920, last time delay.time = 8, now count = 170, i = 2
2023-01-11 18:23:41.043  75 79 I channel139887853844224 self_thread_id = 139887853844224, last time delay.time = 8, now count = 173, i = 2
2023-01-11 18:23:41.043  75 77 I channel139887870629632 self_thread_id = 139887870629632, last time delay.time = 9, now count = 171, i = 2
2023-01-11 18:23:41.043  75 79 W channel139887853844224 self_thread_id = 139887853844224, last time delay.time = 8, now count = 173, i = 2
2023-01-11 18:23:41.043  75 79 E channel139887853844224 self_thread_id = 139887853844224, last time delay.time = 8, now count = 173, i = 2
2023-01-11 18:23:41.043  75 77 I channel139887870629632 self_thread_id = 139887870629632, last time delay.time = 9, now count = 171, i = 2
2023-01-11 18:23:41.043  75 77 W channel139887870629632 self_thread_id = 139887870629632, last time delay.time = 9, now count = 171, i = 2
2023-01-11 18:23:41.043  75 77 E channel139887870629632 self_thread_id = 139887870629632, last time delay.time = 9, now count = 171, i = 2
2023-01-11 18:23:41.043  75 80 I channel139887845451520 self_thread_id = 139887845451520, last time delay.time = 9, now count = 174, i = 2
2023-01-11 18:23:41.043  75 80 I channel139887845451520 self_thread_id = 139887845451520, last time delay.time = 9, now count = 174, i = 2
2023-01-11 18:23:41.043  75 80 W channel139887845451520 self_thread_id = 139887845451520, last time delay.time = 9, now count = 174, i = 2
2023-01-11 18:23:41.043  75 80 E channel139887845451520 self_thread_id = 139887845451520, last time delay.time = 9, now count = 174, i = 2
2023-01-11 18:23:41.043  75 81 I channel139887837058816 self_thread_id = 139887837058816, last time delay.time = 10, now count = 176, i = 2
2023-01-11 18:23:41.043  75 81 I channel139887837058816 self_thread_id = 139887837058816, last time delay.time = 10, now count = 176, i = 2
2023-01-11 18:23:41.043  75 81 W channel139887837058816 self_thread_id = 139887837058816, last time delay.time = 10, now count = 176, i = 2
2023-01-11 18:23:41.043  75 81 E channel139887837058816 self_thread_id = 139887837058816, last time delay.time = 10, now count = 176, i = 2
2023-01-11 18:23:41.043  75 78 I channel139887862236928 self_thread_id = 139887862236928, last time delay.time = 9, now count = 175, i = 2
2023-01-11 18:23:41.043  75 78 I channel139887862236928 self_thread_id = 139887862236928, last time delay.time = 9, now count = 175, i = 2
2023-01-11 18:23:41.043  75 78 W channel139887862236928 self_thread_id = 139887862236928, last time delay.time = 9, now count = 175, i = 2
2023-01-11 18:23:41.043  75 78 E channel139887862236928 self_thread_id = 139887862236928, last time delay.time = 9, now count = 175, i = 2
2023-01-11 18:23:42.043  75 83 I channel139887613306624 self_thread_id = 139887613306624, last time delay.time = 7, now count = 169, i = 3
2023-01-11 18:23:42.043  75 83 I channel139887613306624 self_thread_id = 139887613306624, last time delay.time = 7, now count = 169, i = 3
2023-01-11 18:23:42.043  75 83 W channel139887613306624 self_thread_id = 139887613306624, last time delay.time = 7, now count = 169, i = 3
2023-01-11 18:23:42.043  75 83 E channel139887613306624 self_thread_id = 139887613306624, last time delay.time = 7, now count = 169, i = 3
2023-01-11 18:23:42.043  75 84 I channel139887604913920 self_thread_id = 139887604913920, last time delay.time = 8, now count = 170, i = 3
2023-01-11 18:23:42.043  75 84 I channel139887604913920 self_thread_id = 139887604913920, last time delay.time = 8, now count = 170, i = 3
2023-01-11 18:23:42.043  75 82 I channel139887621699328 self_thread_id = 139887621699328, last time delay.time = 8, now count = 172, i = 3
2023-01-11 18:23:42.043  75 84 W channel139887604913920 self_thread_id = 139887604913920, last time delay.time = 8, now count = 170, i = 3
2023-01-11 18:23:42.043  75 84 E channel139887604913920 self_thread_id = 139887604913920, last time delay.time = 8, now count = 170, i = 3
2023-01-11 18:23:42.043  75 82 I channel139887621699328 self_thread_id = 139887621699328, last time delay.time = 8, now count = 172, i = 3
2023-01-11 18:23:42.043  75 82 W channel139887621699328 self_thread_id = 139887621699328, last time delay.time = 8, now count = 172, i = 3
2023-01-11 18:23:42.043  75 82 E channel139887621699328 self_thread_id = 139887621699328, last time delay.time = 8, now count = 172, i = 3
2023-01-11 18:23:42.043  75 77 I channel139887870629632 self_thread_id = 139887870629632, last time delay.time = 9, now count = 171, i = 3
2023-01-11 18:23:42.043  75 79 I channel139887853844224 self_thread_id = 139887853844224, last time delay.time = 8, now count = 173, i = 3
2023-01-11 18:23:42.043  75 77 I channel139887870629632 self_thread_id = 139887870629632, last time delay.time = 9, now count = 171, i = 3
2023-01-11 18:23:42.043  75 77 W channel139887870629632 self_thread_id = 139887870629632, last time delay.time = 9, now count = 171, i = 3
2023-01-11 18:23:42.043  75 79 I channel139887853844224 self_thread_id = 139887853844224, last time delay.time = 8, now count = 173, i = 3
2023-01-11 18:23:42.043  75 77 E channel139887870629632 self_thread_id = 139887870629632, last time delay.time = 9, now count = 171, i = 3
2023-01-11 18:23:42.043  75 79 W channel139887853844224 self_thread_id = 139887853844224, last time delay.time = 8, now count = 173, i = 3
2023-01-11 18:23:42.043  75 79 E channel139887853844224 self_thread_id = 139887853844224, last time delay.time = 8, now count = 173, i = 3
2023-01-11 18:23:42.043  75 80 I channel139887845451520 self_thread_id = 139887845451520, last time delay.time = 9, now count = 174, i = 3
2023-01-11 18:23:42.043  75 80 I channel139887845451520 self_thread_id = 139887845451520, last time delay.time = 9, now count = 174, i = 3
2023-01-11 18:23:42.043  75 80 W channel139887845451520 self_thread_id = 139887845451520, last time delay.time = 9, now count = 174, i = 3
2023-01-11 18:23:42.043  75 80 E channel139887845451520 self_thread_id = 139887845451520, last time delay.time = 9, now count = 174, i = 3
2023-01-11 18:23:42.044  75 81 I channel139887837058816 self_thread_id = 139887837058816, last time delay.time = 10, now count = 176, i = 3
2023-01-11 18:23:42.044  75 81 I channel139887837058816 self_thread_id = 139887837058816, last time delay.time = 10, now count = 176, i = 3
2023-01-11 18:23:42.044  75 81 W channel139887837058816 self_thread_id = 139887837058816, last time delay.time = 10, now count = 176, i = 3
2023-01-11 18:23:42.044  75 78 I channel139887862236928 self_thread_id = 139887862236928, last time delay.time = 9, now count = 175, i = 3
2023-01-11 18:23:42.044  75 81 E channel139887837058816 self_thread_id = 139887837058816, last time delay.time = 10, now count = 176, i = 3
2023-01-11 18:23:42.044  75 78 I channel139887862236928 self_thread_id = 139887862236928, last time delay.time = 9, now count = 175, i = 3
2023-01-11 18:23:42.044  75 78 W channel139887862236928 self_thread_id = 139887862236928, last time delay.time = 9, now count = 175, i = 3
2023-01-11 18:23:42.044  75 78 E channel139887862236928 self_thread_id = 139887862236928, last time delay.time = 9, now count = 175, i = 3
2023-01-11 18:23:43.043  75 83 I channel139887613306624 self_thread_id = 139887613306624, last time delay.time = 7, now count = 169, i = 4
2023-01-11 18:23:43.043  75 83 I channel139887613306624 self_thread_id = 139887613306624, last time delay.time = 7, now count = 169, i = 4
2023-01-11 18:23:43.043  75 83 W channel139887613306624 self_thread_id = 139887613306624, last time delay.time = 7, now count = 169, i = 4
2023-01-11 18:23:43.043  75 83 E channel139887613306624 self_thread_id = 139887613306624, last time delay.time = 7, now count = 169, i = 4
2023-01-11 18:23:43.043  75 83 I channel139887613306624 self_thread_id = 139887613306624, last time delay.time = 7, now count = 177
2023-01-11 18:23:43.043  75 82 I channel139887621699328 self_thread_id = 139887621699328, last time delay.time = 8, now count = 172, i = 4
2023-01-11 18:23:43.043  75 84 I channel139887604913920 self_thread_id = 139887604913920, last time delay.time = 8, now count = 170, i = 4
2023-01-11 18:23:43.043  75 84 I channel139887604913920 self_thread_id = 139887604913920, last time delay.time = 8, now count = 170, i = 4
2023-01-11 18:23:43.043  75 79 I channel139887853844224 self_thread_id = 139887853844224, last time delay.time = 8, now count = 173, i = 4
2023-01-11 18:23:43.043  75 82 I channel139887621699328 self_thread_id = 139887621699328, last time delay.time = 8, now count = 172, i = 4
2023-01-11 18:23:43.043  75 84 W channel139887604913920 self_thread_id = 139887604913920, last time delay.time = 8, now count = 170, i = 4
2023-01-11 18:23:43.043  75 82 W channel139887621699328 self_thread_id = 139887621699328, last time delay.time = 8, now count = 172, i = 4
2023-01-11 18:23:43.043  75 79 I channel139887853844224 self_thread_id = 139887853844224, last time delay.time = 8, now count = 173, i = 4
2023-01-11 18:23:43.043  75 82 E channel139887621699328 self_thread_id = 139887621699328, last time delay.time = 8, now count = 172, i = 4
2023-01-11 18:23:43.043  75 79 W channel139887853844224 self_thread_id = 139887853844224, last time delay.time = 8, now count = 173, i = 4
2023-01-11 18:23:43.043  75 79 E channel139887853844224 self_thread_id = 139887853844224, last time delay.time = 8, now count = 173, i = 4
2023-01-11 18:23:43.043  75 77 I channel139887870629632 self_thread_id = 139887870629632, last time delay.time = 9, now count = 171, i = 4
2023-01-11 18:23:43.043  75 79 I channel139887853844224 self_thread_id = 139887853844224, last time delay.time = 8, now count = 179
2023-01-11 18:23:43.043  75 84 E channel139887604913920 self_thread_id = 139887604913920, last time delay.time = 8, now count = 170, i = 4
2023-01-11 18:23:43.043  75 82 I channel139887621699328 self_thread_id = 139887621699328, last time delay.time = 8, now count = 178
2023-01-11 18:23:43.044  75 77 I channel139887870629632 self_thread_id = 139887870629632, last time delay.time = 9, now count = 171, i = 4
2023-01-11 18:23:43.044  75 84 I channel139887604913920 self_thread_id = 139887604913920, last time delay.time = 8, now count = 180
2023-01-11 18:23:43.044  75 77 W channel139887870629632 self_thread_id = 139887870629632, last time delay.time = 9, now count = 171, i = 4
2023-01-11 18:23:43.044  75 77 E channel139887870629632 self_thread_id = 139887870629632, last time delay.time = 9, now count = 171, i = 4
2023-01-11 18:23:43.044  75 77 I channel139887870629632 self_thread_id = 139887870629632, last time delay.time = 9, now count = 181
2023-01-11 18:23:43.044  75 80 I channel139887845451520 self_thread_id = 139887845451520, last time delay.time = 9, now count = 174, i = 4
2023-01-11 18:23:43.044  75 81 I channel139887837058816 self_thread_id = 139887837058816, last time delay.time = 10, now count = 176, i = 4
2023-01-11 18:23:43.044  75 80 I channel139887845451520 self_thread_id = 139887845451520, last time delay.time = 9, now count = 174, i = 4
2023-01-11 18:23:43.044  75 80 W channel139887845451520 self_thread_id = 139887845451520, last time delay.time = 9, now count = 174, i = 4
2023-01-11 18:23:43.044  75 81 I channel139887837058816 self_thread_id = 139887837058816, last time delay.time = 10, now count = 176, i = 4
2023-01-11 18:23:43.044  75 80 E channel139887845451520 self_thread_id = 139887845451520, last time delay.time = 9, now count = 174, i = 4
2023-01-11 18:23:43.044  75 81 W channel139887837058816 self_thread_id = 139887837058816, last time delay.time = 10, now count = 176, i = 4
2023-01-11 18:23:43.044  75 80 I channel139887845451520 self_thread_id = 139887845451520, last time delay.time = 9, now count = 182
2023-01-11 18:23:43.044  75 81 E channel139887837058816 self_thread_id = 139887837058816, last time delay.time = 10, now count = 176, i = 4
2023-01-11 18:23:43.044  75 81 I channel139887837058816 self_thread_id = 139887837058816, last time delay.time = 10, now count = 183
2023-01-11 18:23:43.044  75 78 I channel139887862236928 self_thread_id = 139887862236928, last time delay.time = 9, now count = 175, i = 4
2023-01-11 18:23:43.044  75 78 I channel139887862236928 self_thread_id = 139887862236928, last time delay.time = 9, now count = 175, i = 4
2023-01-11 18:23:43.044  75 78 W channel139887862236928 self_thread_id = 139887862236928, last time delay.time = 9, now count = 175, i = 4
2023-01-11 18:23:43.044  75 78 E channel139887862236928 self_thread_id = 139887862236928, last time delay.time = 9, now count = 175, i = 4
2023-01-11 18:23:43.044  75 78 I channel139887862236928 self_thread_id = 139887862236928, last time delay.time = 9, now count = 184
2023-01-11 18:23:44.043  75 83 I channel139887613306624 self_thread_id = 139887613306624, last time delay.time = 8, now count = 177, i = 0
2023-01-11 18:23:44.043  75 83 I channel139887613306624 self_thread_id = 139887613306624, last time delay.time = 8, now count = 177, i = 0
2023-01-11 18:23:44.043  75 83 W channel139887613306624 self_thread_id = 139887613306624, last time delay.time = 8, now count = 177, i = 0
2023-01-11 18:23:44.043  75 83 E channel139887613306624 self_thread_id = 139887613306624, last time delay.time = 8, now count = 177, i = 0
2023-01-11 18:23:44.044  75 79 I channel139887853844224 self_thread_id = 139887853844224, last time delay.time = 9, now count = 179, i = 0
2023-01-11 18:23:44.044  75 79 I channel139887853844224 self_thread_id = 139887853844224, last time delay.time = 9, now count = 179, i = 0
2023-01-11 18:23:44.044  75 82 I channel139887621699328 self_thread_id = 139887621699328, last time delay.time = 32, now count = 178, i = 0
2023-01-11 18:23:44.044  75 79 W channel139887853844224 self_thread_id = 139887853844224, last time delay.time = 9, now count = 179, i = 0
2023-01-11 18:23:44.044  75 77 I channel139887870629632 self_thread_id = 139887870629632, last time delay.time = 8, now count = 181, i = 0
2023-01-11 18:23:44.044  75 82 I channel139887621699328 self_thread_id = 139887621699328, last time delay.time = 32, now count = 178, i = 0
2023-01-11 18:23:44.044  75 84 I channel139887604913920 self_thread_id = 139887604913920, last time delay.time = 11, now count = 180, i = 0
2023-01-11 18:23:44.044  75 79 E channel139887853844224 self_thread_id = 139887853844224, last time delay.time = 9, now count = 179, i = 0
2023-01-11 18:23:44.044  75 77 I channel139887870629632 self_thread_id = 139887870629632, last time delay.time = 8, now count = 181, i = 0
2023-01-11 18:23:44.044  75 84 I channel139887604913920 self_thread_id = 139887604913920, last time delay.time = 11, now count = 180, i = 0
2023-01-11 18:23:44.044  75 82 W channel139887621699328 self_thread_id = 139887621699328, last time delay.time = 32, now count = 178, i = 0
2023-01-11 18:23:44.044  75 82 E channel139887621699328 self_thread_id = 139887621699328, last time delay.time = 32, now count = 178, i = 0
2023-01-11 18:23:44.044  75 77 W channel139887870629632 self_thread_id = 139887870629632, last time delay.time = 8, now count = 181, i = 0
2023-01-11 18:23:44.044  75 84 W channel139887604913920 self_thread_id = 139887604913920, last time delay.time = 11, now count = 180, i = 0
2023-01-11 18:23:44.044  75 84 E channel139887604913920 self_thread_id = 139887604913920, last time delay.time = 11, now count = 180, i = 0
2023-01-11 18:23:44.044  75 77 E channel139887870629632 self_thread_id = 139887870629632, last time delay.time = 8, now count = 181, i = 0
2023-01-11 18:23:44.044  75 80 I channel139887845451520 self_thread_id = 139887845451520, last time delay.time = 9, now count = 182, i = 0
2023-01-11 18:23:44.044  75 80 I channel139887845451520 self_thread_id = 139887845451520, last time delay.time = 9, now count = 182, i = 0
2023-01-11 18:23:44.044  75 80 W channel139887845451520 self_thread_id = 139887845451520, last time delay.time = 9, now count = 182, i = 0
2023-01-11 18:23:44.044  75 81 I channel139887837058816 self_thread_id = 139887837058816, last time delay.time = 9, now count = 183, i = 0
2023-01-11 18:23:44.044  75 80 E channel139887845451520 self_thread_id = 139887845451520, last time delay.time = 9, now count = 182, i = 0
2023-01-11 18:23:44.044  75 81 I channel139887837058816 self_thread_id = 139887837058816, last time delay.time = 9, now count = 183, i = 0
2023-01-11 18:23:44.044  75 81 W channel139887837058816 self_thread_id = 139887837058816, last time delay.time = 9, now count = 183, i = 0
2023-01-11 18:23:44.044  75 81 E channel139887837058816 self_thread_id = 139887837058816, last time delay.time = 9, now count = 183, i = 0
2023-01-11 18:23:44.044  75 78 I channel139887862236928 self_thread_id = 139887862236928, last time delay.time = 8, now count = 184, i = 0
2023-01-11 18:23:44.044  75 78 I channel139887862236928 self_thread_id = 139887862236928, last time delay.time = 8, now count = 184, i = 0
2023-01-11 18:23:44.044  75 78 W channel139887862236928 self_thread_id = 139887862236928, last time delay.time = 8, now count = 184, i = 0
2023-01-11 18:23:44.044  75 78 E channel139887862236928 self_thread_id = 139887862236928, last time delay.time = 8, now count = 184, i = 0
2023-01-11 18:23:45.043  75 83 I channel139887613306624 self_thread_id = 139887613306624, last time delay.time = 8, now count = 177, i = 1
2023-01-11 18:23:45.043  75 83 I channel139887613306624 self_thread_id = 139887613306624, last time delay.time = 8, now count = 177, i = 1
2023-01-11 18:23:45.043  75 83 W channel139887613306624 self_thread_id = 139887613306624, last time delay.time = 8, now count = 177, i = 1
2023-01-11 18:23:45.043  75 83 E channel139887613306624 self_thread_id = 139887613306624, last time delay.time = 8, now count = 177, i = 1
2023-01-11 18:23:45.044  75 79 I channel139887853844224 self_thread_id = 139887853844224, last time delay.time = 9, now count = 179, i = 1
2023-01-11 18:23:45.044  75 82 I channel139887621699328 self_thread_id = 139887621699328, last time delay.time = 32, now count = 178, i = 1
2023-01-11 18:23:45.044  75 79 I channel139887853844224 self_thread_id = 139887853844224, last time delay.time = 9, now count = 179, i = 1
2023-01-11 18:23:45.044  75 79 W channel139887853844224 self_thread_id = 139887853844224, last time delay.time = 9, now count = 179, i = 1
2023-01-11 18:23:45.044  75 82 I channel139887621699328 self_thread_id = 139887621699328, last time delay.time = 32, now count = 178, i = 1
2023-01-11 18:23:45.044  75 79 E channel139887853844224 self_thread_id = 139887853844224, last time delay.time = 9, now count = 179, i = 1
2023-01-11 18:23:45.044  75 82 W channel139887621699328 self_thread_id = 139887621699328, last time delay.time = 32, now count = 178, i = 1
2023-01-11 18:23:45.044  75 82 E channel139887621699328 self_thread_id = 139887621699328, last time delay.time = 32, now count = 178, i = 1
2023-01-11 18:23:45.044  75 84 I channel139887604913920 self_thread_id = 139887604913920, last time delay.time = 11, now count = 180, i = 1
2023-01-11 18:23:45.044  75 77 I channel139887870629632 self_thread_id = 139887870629632, last time delay.time = 8, now count = 181, i = 1
2023-01-11 18:23:45.044  75 84 I channel139887604913920 self_thread_id = 139887604913920, last time delay.time = 11, now count = 180, i = 1
2023-01-11 18:23:45.044  75 84 W channel139887604913920 self_thread_id = 139887604913920, last time delay.time = 11, now count = 180, i = 1
2023-01-11 18:23:45.044  75 77 I channel139887870629632 self_thread_id = 139887870629632, last time delay.time = 8, now count = 181, i = 1
2023-01-11 18:23:45.044  75 84 E channel139887604913920 self_thread_id = 139887604913920, last time delay.time = 11, now count = 180, i = 1
2023-01-11 18:23:45.044  75 77 W channel139887870629632 self_thread_id = 139887870629632, last time delay.time = 8, now count = 181, i = 1
2023-01-11 18:23:45.044  75 77 E channel139887870629632 self_thread_id = 139887870629632, last time delay.time = 8, now count = 181, i = 1
2023-01-11 18:23:45.044  75 81 I channel139887837058816 self_thread_id = 139887837058816, last time delay.time = 9, now count = 183, i = 1
2023-01-11 18:23:45.044  75 81 I channel139887837058816 self_thread_id = 139887837058816, last time delay.time = 9, now count = 183, i = 1
2023-01-11 18:23:45.044  75 80 I channel139887845451520 self_thread_id = 139887845451520, last time delay.time = 9, now count = 182, i = 1
2023-01-11 18:23:45.044  75 81 W channel139887837058816 self_thread_id = 139887837058816, last time delay.time = 9, now count = 183, i = 1
2023-01-11 18:23:45.044  75 81 E channel139887837058816 self_thread_id = 139887837058816, last time delay.time = 9, now count = 183, i = 1
2023-01-11 18:23:45.044  75 80 I channel139887845451520 self_thread_id = 139887845451520, last time delay.time = 9, now count = 182, i = 1
2023-01-11 18:23:45.044  75 80 W channel139887845451520 self_thread_id = 139887845451520, last time delay.time = 9, now count = 182, i = 1
2023-01-11 18:23:45.044  75 80 E channel139887845451520 self_thread_id = 139887845451520, last time delay.time = 9, now count = 182, i = 1
2023-01-11 18:23:45.044  75 78 I channel139887862236928 self_thread_id = 139887862236928, last time delay.time = 8, now count = 184, i = 1
2023-01-11 18:23:45.044  75 78 I channel139887862236928 self_thread_id = 139887862236928, last time delay.time = 8, now count = 184, i = 1
2023-01-11 18:23:45.044  75 78 W channel139887862236928 self_thread_id = 139887862236928, last time delay.time = 8, now count = 184, i = 1
2023-01-11 18:23:45.044  75 78 E channel139887862236928 self_thread_id = 139887862236928, last time delay.time = 8, now count = 184, i = 1
2023-01-11 18:23:46.044  75 83 I channel139887613306624 self_thread_id = 139887613306624, last time delay.time = 8, now count = 177, i = 2
2023-01-11 18:23:46.044  75 83 I channel139887613306624 self_thread_id = 139887613306624, last time delay.time = 8, now count = 177, i = 2
2023-01-11 18:23:46.044  75 83 W channel139887613306624 self_thread_id = 139887613306624, last time delay.time = 8, now count = 177, i = 2
2023-01-11 18:23:46.044  75 83 E channel139887613306624 self_thread_id = 139887613306624, last time delay.time = 8, now count = 177, i = 2
2023-01-11 18:23:46.044  75 79 I channel139887853844224 self_thread_id = 139887853844224, last time delay.time = 9, now count = 179, i = 2
2023-01-11 18:23:46.044  75 79 I channel139887853844224 self_thread_id = 139887853844224, last time delay.time = 9, now count = 179, i = 2
2023-01-11 18:23:46.044  75 79 W channel139887853844224 self_thread_id = 139887853844224, last time delay.time = 9, now count = 179, i = 2
2023-01-11 18:23:46.044  75 79 E channel139887853844224 self_thread_id = 139887853844224, last time delay.time = 9, now count = 179, i = 2
2023-01-11 18:23:46.044  75 82 I channel139887621699328 self_thread_id = 139887621699328, last time delay.time = 32, now count = 178, i = 2
2023-01-11 18:23:46.044  75 82 I channel139887621699328 self_thread_id = 139887621699328, last time delay.time = 32, now count = 178, i = 2
2023-01-11 18:23:46.044  75 82 W channel139887621699328 self_thread_id = 139887621699328, last time delay.time = 32, now count = 178, i = 2
2023-01-11 18:23:46.044  75 84 I channel139887604913920 self_thread_id = 139887604913920, last time delay.time = 11, now count = 180, i = 2
2023-01-11 18:23:46.044  75 82 E channel139887621699328 self_thread_id = 139887621699328, last time delay.time = 32, now count = 178, i = 2
2023-01-11 18:23:46.044  75 84 I channel139887604913920 self_thread_id = 139887604913920, last time delay.time = 11, now count = 180, i = 2
2023-01-11 18:23:46.044  75 84 W channel139887604913920 self_thread_id = 139887604913920, last time delay.time = 11, now count = 180, i = 2
2023-01-11 18:23:46.044  75 84 E channel139887604913920 self_thread_id = 139887604913920, last time delay.time = 11, now count = 180, i = 2
2023-01-11 18:23:46.044  75 77 I channel139887870629632 self_thread_id = 139887870629632, last time delay.time = 8, now count = 181, i = 2
2023-01-11 18:23:46.044  75 77 I channel139887870629632 self_thread_id = 139887870629632, last time delay.time = 8, now count = 181, i = 2
2023-01-11 18:23:46.044  75 77 W channel139887870629632 self_thread_id = 139887870629632, last time delay.time = 8, now count = 181, i = 2
2023-01-11 18:23:46.044  75 77 E channel139887870629632 self_thread_id = 139887870629632, last time delay.time = 8, now count = 181, i = 2
2023-01-11 18:23:46.044  75 80 I channel139887845451520 self_thread_id = 139887845451520, last time delay.time = 9, now count = 182, i = 2
2023-01-11 18:23:46.044  75 81 I channel139887837058816 self_thread_id = 139887837058816, last time delay.time = 9, now count = 183, i = 2
2023-01-11 18:23:46.044  75 80 I channel139887845451520 self_thread_id = 139887845451520, last time delay.time = 9, now count = 182, i = 2
2023-01-11 18:23:46.044  75 80 W channel139887845451520 self_thread_id = 139887845451520, last time delay.time = 9, now count = 182, i = 2
2023-01-11 18:23:46.044  75 81 I channel139887837058816 self_thread_id = 139887837058816, last time delay.time = 9, now count = 183, i = 2
2023-01-11 18:23:46.044  75 80 E channel139887845451520 self_thread_id = 139887845451520, last time delay.time = 9, now count = 182, i = 2
2023-01-11 18:23:46.044  75 81 W channel139887837058816 self_thread_id = 139887837058816, last time delay.time = 9, now count = 183, i = 2
2023-01-11 18:23:46.044  75 81 E channel139887837058816 self_thread_id = 139887837058816, last time delay.time = 9, now count = 183, i = 2
2023-01-11 18:23:46.044  75 78 I channel139887862236928 self_thread_id = 139887862236928, last time delay.time = 8, now count = 184, i = 2
2023-01-11 18:23:46.044  75 78 I channel139887862236928 self_thread_id = 139887862236928, last time delay.time = 8, now count = 184, i = 2
2023-01-11 18:23:46.044  75 78 W channel139887862236928 self_thread_id = 139887862236928, last time delay.time = 8, now count = 184, i = 2
