2023-01-11 18:04:01.823  75 79 I channel139887853844224 self_thread_id = 139887853844224, last time delay.time = 8, now count = 283, i = 3
2023-01-11 18:04:01.823  75 79 I channel139887853844224 self_thread_id = 139887853844224, last time delay.time = 8, now count = 283, i = 3
2023-01-11 18:04:01.823  75 79 W channel139887853844224 self_thread_id = 139887853844224, last time delay.time = 8, now count = 283, i = 3
2023-01-11 18:04:01.823  75 79 E channel139887853844224 self_thread_id = 139887853844224, last time delay.time = 8, now count = 283, i = 3
2023-01-11 18:04:01.823  75 77 I channel139887870629632 self_thread_id = 139887870629632, last time delay.time = 8, now count = 284, i = 3
2023-01-11 18:04:01.823  75 77 I channel139887870629632 self_thread_id = 139887870629632, last time delay.time = 8, now count = 284, i = 3
2023-01-11 18:04:01.823  75 77 W channel139887870629632 self_thread_id = 139887870629632, last time delay.time = 8, now count = 284, i = 3
2023-01-11 18:04:01.823  75 82 I channel139887621699328 self_thread_id = 139887621699328, last time delay.time = 8, now count = 286, i = 3
2023-01-11 18:04:01.823  75 77 E channel139887870629632 self_thread_id = 139887870629632, last time delay.time = 8, now count = 284, i = 3
2023-01-11 18:04:01.823  75 82 I channel139887621699328 self_thread_id = 139887621699328, last time delay.time = 8, now count = 286, i = 3
2023-01-11 18:04:01.823  75 82 W channel139887621699328 self_thread_id = 139887621699328, last time delay.time = 8, now count = 286, i = 3
2023-01-11 18:04:01.823  75 82 E channel139887621699328 self_thread_id = 139887621699328, last time delay.time = 8, now count = 286, i = 3
2023-01-11 18:04:01.823  75 78 I channel139887862236928 self_thread_id = 139887862236928, last time delay.time = 8, now count = 285, i = 3
2023-01-11 18:04:01.823  75 78 I channel139887862236928 self_thread_id = 139887862236928, last time delay.time = 8, now count = 285, i = 3
2023-01-11 18:04:01.823  75 78 W channel139887862236928 self_thread_id = 139887862236928, last time delay.time = 8, now count = 285, i = 3
2023-01-11 18:04:01.823  75 78 E channel139887862236928 self_thread_id = 139887862236928, last time delay.time = 8, now count = 285, i = 3
2023-01-11 18:04:01.824  75 81 I channel139887837058816 self_thread_id = 139887837058816, last time delay.time = 12, now count = 288, i = 3
2023-01-11 18:04:01.824  75 84 I channel139887604913920 self_thread_id = 139887604913920, last time delay.time = 10, now count = 287, i = 3
2023-01-11 18:04:01.824  75 81 I channel139887837058816 self_thread_id = 139887837058816, last time delay.time = 12, now count = 288, i = 3
2023-01-11 18:04:01.824  75 84 I channel139887604913920 self_thread_id = 139887604913920, last time delay.time = 10, now count = 287, i = 3
2023-01-11 18:04:01.824  75 81 W channel139887837058816 self_thread_id = 139887837058816, last time delay.time = 12, now count = 288, i = 3
2023-01-11 18:04:01.824  75 84 W channel139887604913920 self_thread_id = 139887604913920, last time delay.time = 10, now count = 287, i = 3
2023-01-11 18:04:01.824  75 81 E channel139887837058816 self_thread_id = 139887837058816, last time delay.time = 12, now count = 288, i = 3
2023-01-11 18:04:01.824  75 84 E channel139887604913920 self_thread_id = 139887604913920, last time delay.time = 10, now count = 287, i = 3
2023-01-11 18:04:02.823  75 83 I channel139887613306624 self_thread_id = 139887613306624, last time delay.time = 9, now count = 281, i = 4
2023-01-11 18:04:02.823  75 83 I channel139887613306624 self_thread_id = 139887613306624, last time delay.time = 9, now count = 281, i = 4
2023-01-11 18:04:02.823  75 80 I channel139887845451520 self_thread_id = 139887845451520, last time delay.time = 8, now count = 282, i = 4
2023-01-11 18:04:02.823  75 83 W channel139887613306624 self_thread_id = 139887613306624, last time delay.time = 9, now count = 281, i = 4
2023-01-11 18:04:02.823  75 83 E channel139887613306624 self_thread_id = 139887613306624, last time delay.time = 9, now count = 281, i = 4
2023-01-11 18:04:02.823  75 80 I channel139887845451520 self_thread_id = 139887845451520, last time delay.time = 8, now count = 282, i = 4
2023-01-11 18:04:02.823  75 80 W channel139887845451520 self_thread_id = 139887845451520, last time delay.time = 8, now count = 282, i = 4
2023-01-11 18:04:02.823  75 83 I channel139887613306624 self_thread_id = 139887613306624, last time delay.time = 9, now count = 289
2023-01-11 18:04:02.823  75 80 E channel139887845451520 self_thread_id = 139887845451520, last time delay.time = 8, now count = 282, i = 4
2023-01-11 18:04:02.823  75 80 I channel139887845451520 self_thread_id = 139887845451520, last time delay.time = 8, now count = 290
2023-01-11 18:04:02.823  75 79 I channel139887853844224 self_thread_id = 139887853844224, last time delay.time = 8, now count = 283, i = 4
2023-01-11 18:04:02.823  75 79 I channel139887853844224 self_thread_id = 139887853844224, last time delay.time = 8, now count = 283, i = 4
2023-01-11 18:04:02.823  75 79 W channel139887853844224 self_thread_id = 139887853844224, last time delay.time = 8, now count = 283, i = 4
2023-01-11 18:04:02.823  75 77 I channel139887870629632 self_thread_id = 139887870629632, last time delay.time = 8, now count = 284, i = 4
2023-01-11 18:04:02.823  75 79 E channel139887853844224 self_thread_id = 139887853844224, last time delay.time = 8, now count = 283, i = 4
2023-01-11 18:04:02.823  75 77 I channel139887870629632 self_thread_id = 139887870629632, last time delay.time = 8, now count = 284, i = 4
2023-01-11 18:04:02.823  75 79 I channel139887853844224 self_thread_id = 139887853844224, last time delay.time = 8, now count = 291
2023-01-11 18:04:02.823  75 77 W channel139887870629632 self_thread_id = 139887870629632, last time delay.time = 8, now count = 284, i = 4
2023-01-11 18:04:02.823  75 82 I channel139887621699328 self_thread_id = 139887621699328, last time delay.time = 8, now count = 286, i = 4
2023-01-11 18:04:02.823  75 77 E channel139887870629632 self_thread_id = 139887870629632, last time delay.time = 8, now count = 284, i = 4
2023-01-11 18:04:02.823  75 82 I channel139887621699328 self_thread_id = 139887621699328, last time delay.time = 8, now count = 286, i = 4
2023-01-11 18:04:02.823  75 77 I channel139887870629632 self_thread_id = 139887870629632, last time delay.time = 8, now count = 292
2023-01-11 18:04:02.823  75 82 W channel139887621699328 self_thread_id = 139887621699328, last time delay.time = 8, now count = 286, i = 4
2023-01-11 18:04:02.824  75 82 E channel139887621699328 self_thread_id = 139887621699328, last time delay.time = 8, now count = 286, i = 4
2023-01-11 18:04:02.824  75 78 I channel139887862236928 self_thread_id = 139887862236928, last time delay.time = 8, now count = 285, i = 4
2023-01-11 18:04:02.824  75 82 I channel139887621699328 self_thread_id = 139887621699328, last time delay.time = 8, now count = 293
2023-01-11 18:04:02.824  75 78 I channel139887862236928 self_thread_id = 139887862236928, last time delay.time = 8, now count = 285, i = 4
2023-01-11 18:04:02.824  75 78 W channel139887862236928 self_thread_id = 139887862236928, last time delay.time = 8, now count = 285, i = 4
2023-01-11 18:04:02.824  75 78 E channel139887862236928 self_thread_id = 139887862236928, last time delay.time = 8, now count = 285, i = 4
2023-01-11 18:04:02.824  75 78 I channel139887862236928 self_thread_id = 139887862236928, last time delay.time = 8, now count = 294
2023-01-11 18:04:02.825  75 81 I channel139887837058816 self_thread_id = 139887837058816, last time delay.time = 12, now count = 288, i = 4
2023-01-11 18:04:02.825  75 84 I channel139887604913920 self_thread_id = 139887604913920, last time delay.time = 10, now count = 287, i = 4
2023-01-11 18:04:02.825  75 81 I channel139887837058816 self_thread_id = 139887837058816, last time delay.time = 12, now count = 288, i = 4
2023-01-11 18:04:02.825  75 84 I channel139887604913920 self_thread_id = 139887604913920, last time delay.time = 10, now count = 287, i = 4
2023-01-11 18:04:02.825  75 81 W channel139887837058816 self_thread_id = 139887837058816, last time delay.time = 12, now count = 288, i = 4
2023-01-11 18:04:02.825  75 84 W channel139887604913920 self_thread_id = 139887604913920, last time delay.time = 10, now count = 287, i = 4
2023-01-11 18:04:02.825  75 81 E channel139887837058816 self_thread_id = 139887837058816, last time delay.time = 12, now count = 288, i = 4
2023-01-11 18:04:02.825  75 84 E channel139887604913920 self_thread_id = 139887604913920, last time delay.time = 10, now count = 287, i = 4
2023-01-11 18:04:02.825  75 81 I channel139887837058816 self_thread_id = 139887837058816, last time delay.time = 12, now count = 295
2023-01-11 18:04:02.825  75 84 I channel139887604913920 self_thread_id = 139887604913920, last time delay.time = 10, now count = 296
2023-01-11 18:04:03.823  75 83 I channel139887613306624 self_thread_id = 139887613306624, last time delay.time = 14, now count = 289, i = 0
2023-01-11 18:04:03.823  75 83 I channel139887613306624 self_thread_id = 139887613306624, last time delay.time = 14, now count = 289, i = 0
2023-01-11 18:04:03.823  75 83 W channel139887613306624 self_thread_id = 139887613306624, last time delay.time = 14, now count = 289, i = 0
2023-01-11 18:04:03.823  75 83 E channel139887613306624 self_thread_id = 139887613306624, last time delay.time = 14, now count = 289, i = 0
2023-01-11 18:04:03.824  75 80 I channel139887845451520 self_thread_id = 139887845451520, last time delay.time = 10, now count = 290, i = 0
2023-01-11 18:04:03.824  75 80 I channel139887845451520 self_thread_id = 139887845451520, last time delay.time = 10, now count = 290, i = 0
2023-01-11 18:04:03.824  75 80 W channel139887845451520 self_thread_id = 139887845451520, last time delay.time = 10, now count = 290, i = 0
2023-01-11 18:04:03.824  75 80 E channel139887845451520 self_thread_id = 139887845451520, last time delay.time = 10, now count = 290, i = 0
2023-01-11 18:04:03.824  75 79 I channel139887853844224 self_thread_id = 139887853844224, last time delay.time = 11, now count = 291, i = 0
2023-01-11 18:04:03.824  75 79 I channel139887853844224 self_thread_id = 139887853844224, last time delay.time = 11, now count = 291, i = 0
2023-01-11 18:04:03.824  75 77 I channel139887870629632 self_thread_id = 139887870629632, last time delay.time = 10, now count = 292, i = 0
2023-01-11 18:04:03.824  75 79 W channel139887853844224 self_thread_id = 139887853844224, last time delay.time = 11, now count = 291, i = 0
2023-01-11 18:04:03.824  75 79 E channel139887853844224 self_thread_id = 139887853844224, last time delay.time = 11, now count = 291, i = 0
2023-01-11 18:04:03.824  75 77 I channel139887870629632 self_thread_id = 139887870629632, last time delay.time = 10, now count = 292, i = 0
2023-01-11 18:04:03.824  75 77 W channel139887870629632 self_thread_id = 139887870629632, last time delay.time = 10, now count = 292, i = 0
2023-01-11 18:04:03.824  75 77 E channel139887870629632 self_thread_id = 139887870629632, last time delay.time = 10, now count = 292, i = 0
2023-01-11 18:04:03.824  75 82 I channel139887621699328 self_thread_id = 139887621699328, last time delay.time = 10, now count = 293, i = 0
2023-01-11 18:04:03.824  75 82 I channel139887621699328 self_thread_id = 139887621699328, last time delay.time = 10, now count = 293, i = 0
2023-01-11 18:04:03.824  75 82 W channel139887621699328 self_thread_id = 139887621699328, last time delay.time = 10, now count = 293, i = 0
2023-01-11 18:04:03.824  75 82 E channel139887621699328 self_thread_id = 139887621699328, last time delay.time = 10, now count = 293, i = 0
2023-01-11 18:04:03.824  75 78 I channel139887862236928 self_thread_id = 139887862236928, last time delay.time = 9, now count = 294, i = 0
2023-01-11 18:04:03.824  75 78 I channel139887862236928 self_thread_id = 139887862236928, last time delay.time = 9, now count = 294, i = 0
2023-01-11 18:04:03.824  75 78 W channel139887862236928 self_thread_id = 139887862236928, last time delay.time = 9, now count = 294, i = 0
2023-01-11 18:04:03.824  75 78 E channel139887862236928 self_thread_id = 139887862236928, last time delay.time = 9, now count = 294, i = 0
2023-01-11 18:04:03.825  75 84 I channel139887604913920 self_thread_id = 139887604913920, last time delay.time = 14, now count = 296, i = 0
2023-01-11 18:04:03.825  75 81 I channel139887837058816 self_thread_id = 139887837058816, last time delay.time = 13, now count = 295, i = 0
2023-01-11 18:04:03.825  75 84 I channel139887604913920 self_thread_id = 139887604913920, last time delay.time = 14, now count = 296, i = 0
2023-01-11 18:04:03.825  75 81 I channel139887837058816 self_thread_id = 139887837058816, last time delay.time = 13, now count = 295, i = 0
2023-01-11 18:04:03.825  75 84 W channel139887604913920 self_thread_id = 139887604913920, last time delay.time = 14, now count = 296, i = 0
2023-01-11 18:04:03.825  75 81 W channel139887837058816 self_thread_id = 139887837058816, last time delay.time = 13, now count = 295, i = 0
2023-01-11 18:04:03.825  75 84 E channel139887604913920 self_thread_id = 139887604913920, last time delay.time = 14, now count = 296, i = 0
2023-01-11 18:04:03.825  75 81 E channel139887837058816 self_thread_id = 139887837058816, last time delay.time = 13, now count = 295, i = 0
2023-01-11 18:04:04.824  75 83 I channel139887613306624 self_thread_id = 139887613306624, last time delay.time = 14, now count = 289, i = 1
2023-01-11 18:04:04.824  75 83 I channel139887613306624 self_thread_id = 139887613306624, last time delay.time = 14, now count = 289, i = 1
2023-01-11 18:04:04.824  75 83 W channel139887613306624 self_thread_id = 139887613306624, last time delay.time = 14, now count = 289, i = 1
2023-01-11 18:04:04.824  75 83 E channel139887613306624 self_thread_id = 139887613306624, last time delay.time = 14, now count = 289, i = 1
2023-01-11 18:04:04.824  75 80 I channel139887845451520 self_thread_id = 139887845451520, last time delay.time = 10, now count = 290, i = 1
2023-01-11 18:04:04.824  75 80 I channel139887845451520 self_thread_id = 139887845451520, last time delay.time = 10, now count = 290, i = 1
2023-01-11 18:04:04.824  75 80 W channel139887845451520 self_thread_id = 139887845451520, last time delay.time = 10, now count = 290, i = 1
2023-01-11 18:04:04.824  75 80 E channel139887845451520 self_thread_id = 139887845451520, last time delay.time = 10, now count = 290, i = 1
2023-01-11 18:04:04.824  75 79 I channel139887853844224 self_thread_id = 139887853844224, last time delay.time = 11, now count = 291, i = 1
2023-01-11 18:04:04.824  75 79 I channel139887853844224 self_thread_id = 139887853844224, last time delay.time = 11, now count = 291, i = 1
2023-01-11 18:04:04.824  75 79 W channel139887853844224 self_thread_id = 139887853844224, last time delay.time = 11, now count = 291, i = 1
2023-01-11 18:04:04.824  75 77 I channel139887870629632 self_thread_id = 139887870629632, last time delay.time = 10, now count = 292, i = 1
2023-01-11 18:04:04.824  75 79 E channel139887853844224 self_thread_id = 139887853844224, last time delay.time = 11, now count = 291, i = 1
2023-01-11 18:04:04.824  75 77 I channel139887870629632 self_thread_id = 139887870629632, last time delay.time = 10, now count = 292, i = 1
2023-01-11 18:04:04.824  75 77 W channel139887870629632 self_thread_id = 139887870629632, last time delay.time = 10, now count = 292, i = 1
2023-01-11 18:04:04.824  75 77 E channel139887870629632 self_thread_id = 139887870629632, last time delay.time = 10, now count = 292, i = 1
2023-01-11 18:04:04.824  75 82 I channel139887621699328 self_thread_id = 139887621699328, last time delay.time = 10, now count = 293, i = 1
2023-01-11 18:04:04.824  75 82 I channel139887621699328 self_thread_id = 139887621699328, last time delay.time = 10, now count = 293, i = 1
2023-01-11 18:04:04.824  75 82 W channel139887621699328 self_thread_id = 139887621699328, last time delay.time = 10, now count = 293, i = 1
2023-01-11 18:04:04.824  75 82 E channel139887621699328 self_thread_id = 139887621699328, last time delay.time = 10, now count = 293, i = 1
2023-01-11 18:04:04.824  75 78 I channel139887862236928 self_thread_id = 139887862236928, last time delay.time = 9, now count = 294, i = 1
2023-01-11 18:04:04.824  75 78 I channel139887862236928 self_thread_id = 139887862236928, last time delay.time = 9, now count = 294, i = 1
2023-01-11 18:04:04.824  75 78 W channel139887862236928 self_thread_id = 139887862236928, last time delay.time = 9, now count = 294, i = 1
2023-01-11 18:04:04.824  75 78 E channel139887862236928 self_thread_id = 139887862236928, last time delay.time = 9, now count = 294, i = 1
2023-01-11 18:04:04.825  75 84 I channel139887604913920 self_thread_id = 139887604913920, last time delay.time = 14, now count = 296, i = 1
2023-01-11 18:04:04.825  75 81 I channel139887837058816 self_thread_id = 139887837058816, last time delay.time = 13, now count = 295, i = 1
2023-01-11 18:04:04.825  75 84 I channel139887604913920 self_thread_id = 139887604913920, last time delay.time = 14, now count = 296, i = 1
2023-01-11 18:04:04.825  75 81 I channel139887837058816 self_thread_id = 139887837058816, last time delay.time = 13, now count = 295, i = 1
2023-01-11 18:04:04.825  75 84 W channel139887604913920 self_thread_id = 139887604913920, last time delay.time = 14, now count = 296, i = 1
2023-01-11 18:04:04.825  75 81 W channel139887837058816 self_thread_id = 139887837058816, last time delay.time = 13, now count = 295, i = 1
2023-01-11 18:04:04.825  75 84 E channel139887604913920 self_thread_id = 139887604913920, last time delay.time = 14, now count = 296, i = 1
2023-01-11 18:04:04.825  75 81 E channel139887837058816 self_thread_id = 139887837058816, last time delay.time = 13, now count = 295, i = 1
2023-01-11 18:04:05.824  75 83 I channel139887613306624 self_thread_id = 139887613306624, last time delay.time = 14, now count = 289, i = 2
2023-01-11 18:04:05.824  75 83 I channel139887613306624 self_thread_id = 139887613306624, last time delay.time = 14, now count = 289, i = 2
2023-01-11 18:04:05.824  75 83 W channel139887613306624 self_thread_id = 139887613306624, last time delay.time = 14, now count = 289, i = 2
2023-01-11 18:04:05.824  75 83 E channel139887613306624 self_thread_id = 139887613306624, last time delay.time = 14, now count = 289, i = 2
2023-01-11 18:04:05.824  75 80 I channel139887845451520 self_thread_id = 139887845451520, last time delay.time = 10, now count = 290, i = 2
2023-01-11 18:04:05.824  75 80 I channel139887845451520 self_thread_id = 139887845451520, last time delay.time = 10, now count = 290, i = 2
2023-01-11 18:04:05.824  75 80 W channel139887845451520 self_thread_id = 139887845451520, last time delay.time = 10, now count = 290, i = 2
2023-01-11 18:04:05.824  75 80 E channel139887845451520 self_thread_id = 139887845451520, last time delay.time = 10, now count = 290, i = 2
2023-01-11 18:04:05.824  75 79 I channel139887853844224 self_thread_id = 139887853844224, last time delay.time = 11, now count = 291, i = 2
2023-01-11 18:04:05.824  75 79 I channel139887853844224 self_thread_id = 139887853844224, last time delay.time = 11, now count = 291, i = 2
2023-01-11 18:04:05.824  75 77 I channel139887870629632 self_thread_id = 139887870629632, last time delay.time = 10, now count = 292, i = 2
2023-01-11 18:04:05.824  75 79 W channel139887853844224 self_thread_id = 139887853844224, last time delay.time = 11, now count = 291, i = 2
2023-01-11 18:04:05.824  75 79 E channel139887853844224 self_thread_id = 139887853844224, last time delay.time = 11, now count = 291, i = 2
2023-01-11 18:04:05.824  75 77 I channel139887870629632 self_thread_id = 139887870629632, last time delay.time = 10, now count = 292, i = 2
2023-01-11 18:04:05.824  75 77 W channel139887870629632 self_thread_id = 139887870629632, last time delay.time = 10, now count = 292, i = 2
2023-01-11 18:04:05.824  75 77 E channel139887870629632 self_thread_id = 139887870629632, last time delay.time = 10, now count = 292, i = 2
2023-01-11 18:04:05.824  75 82 I channel139887621699328 self_thread_id = 139887621699328, last time delay.time = 10, now count = 293, i = 2
2023-01-11 18:04:05.824  75 82 I channel139887621699328 self_thread_id = 139887621699328, last time delay.time = 10, now count = 293, i = 2
2023-01-11 18:04:05.824  75 82 W channel139887621699328 self_thread_id = 139887621699328, last time delay.time = 10, now count = 293, i = 2
2023-01-11 18:04:05.824  75 78 I channel139887862236928 self_thread_id = 139887862236928, last time delay.time = 9, now count = 294, i = 2
2023-01-11 18:04:05.824  75 82 E channel139887621699328 self_thread_id = 139887621699328, last time delay.time = 10, now count = 293, i = 2
2023-01-11 18:04:05.824  75 78 I channel139887862236928 self_thread_id = 139887862236928, last time delay.time = 9, now count = 294, i = 2
2023-01-11 18:04:05.824  75 78 W channel139887862236928 self_thread_id = 139887862236928, last time delay.time = 9, now count = 294, i = 2
2023-01-11 18:04:05.824  75 78 E channel139887862236928 self_thread_id = 139887862236928, last time delay.time = 9, now count = 294, i = 2
2023-01-11 18:04:05.825  75 84 I channel139887604913920 self_thread_id = 139887604913920, last time delay.time = 14, now count = 296, i = 2
2023-01-11 18:04:05.825  75 81 I channel139887837058816 self_thread_id = 139887837058816, last time delay.time = 13, now count = 295, i = 2
2023-01-11 18:04:05.825  75 84 I channel139887604913920 self_thread_id = 139887604913920, last time delay.time = 14, now count = 296, i = 2
2023-01-11 18:04:05.825  75 81 I channel139887837058816 self_thread_id = 139887837058816, last time delay.time = 13, now count = 295, i = 2
2023-01-11 18:04:05.825  75 84 W channel139887604913920 self_thread_id = 139887604913920, last time delay.time = 14, now count = 296, i = 2
2023-01-11 18:04:05.825  75 81 W channel139887837058816 self_thread_id = 139887837058816, last time delay.time = 13, now count = 295, i = 2
2023-01-11 18:04:05.825  75 84 E channel139887604913920 self_thread_id = 139887604913920, last time delay.time = 14, now count = 296, i = 2
2023-01-11 18:04:05.825  75 81 E channel139887837058816 self_thread_id = 139887837058816, last time delay.time = 13, now count = 295, i = 2
2023-01-11 18:04:06.529  75 75 I APP.tag TestComponent::Proc
2023-01-11 18:04:06.529  75 75 I APP.tag ****************test INFO begin****************
2023-01-11 18:04:06.529  75 75 I APP.tag 测试 index = 832组
2023-01-11 18:04:06.529  75 75 E APP.tag 循环计数 i = 1次
2023-01-11 18:04:06.529  75 75 I APP.tag test LOG_Trace()
2023-01-11 18:04:06.529  75 75 I vscode 循环计数 i = 1次,test LOG_Channel_Trace()
2023-01-11 18:04:06.529  75 75 E APP.tag 循环计数 i = 2次
2023-01-11 18:04:06.529  75 75 E APP.tag 循环计数 i = 3次
2023-01-11 18:04:06.529  75 75 I APP.tag test LOG_Info()
2023-01-11 18:04:06.529  75 75 I baidu 循环计数 i = 3次,test LOG_Channel_Info()
2023-01-11 18:04:06.529  75 75 E APP.tag 循环计数 i = 4次
2023-01-11 18:04:06.529  75 75 W APP.tag test LOG_Warn()
2023-01-11 18:04:06.529  75 75 W google 循环计数 i = 4次,test LOG_Channel_Warn()
2023-01-11 18:04:06.529  75 75 E APP.tag 循环计数 i = 5次
2023-01-11 18:04:06.529  75 75 E APP.tag test LOG_Error()
2023-01-11 18:04:06.529  75 75 E visio 循环计数 i = 5次,test LOG_Channel_Error()
2023-01-11 18:04:06.529  75 75 I APP.tag print coredump DataLen:2 Data[01 00]
2023-01-11 18:04:06.529  75 75 W coredump 0x0000000a 0a 00 00 00 0b 00 00 00 0c 00 00 00 0d 00 00 00 0e 00 00 00
2023-01-11 18:04:06.529  75 75 I APP.tag ****************test INFO end****************
2023-01-11 18:04:06.824  75 83 I channel139887613306624 self_thread_id = 139887613306624, last time delay.time = 14, now count = 289, i = 3
2023-01-11 18:04:06.824  75 83 I channel139887613306624 self_thread_id = 139887613306624, last time delay.time = 14, now count = 289, i = 3
2023-01-11 18:04:06.824  75 83 W channel139887613306624 self_thread_id = 139887613306624, last time delay.time = 14, now count = 289, i = 3
2023-01-11 18:04:06.824  75 83 E channel139887613306624 self_thread_id = 139887613306624, last time delay.time = 14, now count = 289, i = 3
2023-01-11 18:04:06.824  75 80 I channel139887845451520 self_thread_id = 139887845451520, last time delay.time = 10, now count = 290, i = 3
2023-01-11 18:04:06.824  75 80 I channel139887845451520 self_thread_id = 139887845451520, last time delay.time = 10, now count = 290, i = 3
2023-01-11 18:04:06.824  75 80 W channel139887845451520 self_thread_id = 139887845451520, last time delay.time = 10, now count = 290, i = 3
2023-01-11 18:04:06.824  75 80 E channel139887845451520 self_thread_id = 139887845451520, last time delay.time = 10, now count = 290, i = 3
2023-01-11 18:04:06.824  75 79 I channel139887853844224 self_thread_id = 139887853844224, last time delay.time = 11, now count = 291, i = 3
2023-01-11 18:04:06.824  75 79 I channel139887853844224 self_thread_id = 139887853844224, last time delay.time = 11, now count = 291, i = 3
2023-01-11 18:04:06.824  75 79 W channel139887853844224 self_thread_id = 139887853844224, last time delay.time = 11, now count = 291, i = 3
2023-01-11 18:04:06.824  75 77 I channel139887870629632 self_thread_id = 139887870629632, last time delay.time = 10, now count = 292, i = 3
2023-01-11 18:04:06.824  75 79 E channel139887853844224 self_thread_id = 139887853844224, last time delay.time = 11, now count = 291, i = 3
2023-01-11 18:04:06.824  75 77 I channel139887870629632 self_thread_id = 139887870629632, last time delay.time = 10, now count = 292, i = 3
2023-01-11 18:04:06.824  75 77 W channel139887870629632 self_thread_id = 139887870629632, last time delay.time = 10, now count = 292, i = 3
2023-01-11 18:04:06.824  75 77 E channel139887870629632 self_thread_id = 139887870629632, last time delay.time = 10, now count = 292, i = 3
2023-01-11 18:04:06.824  75 82 I channel139887621699328 self_thread_id = 139887621699328, last time delay.time = 10, now count = 293, i = 3
2023-01-11 18:04:06.824  75 82 I channel139887621699328 self_thread_id = 139887621699328, last time delay.time = 10, now count = 293, i = 3
2023-01-11 18:04:06.824  75 82 W channel139887621699328 self_thread_id = 139887621699328, last time delay.time = 10, now count = 293, i = 3
2023-01-11 18:04:06.824  75 82 E channel139887621699328 self_thread_id = 139887621699328, last time delay.time = 10, now count = 293, i = 3
2023-01-11 18:04:06.824  75 78 I channel139887862236928 self_thread_id = 139887862236928, last time delay.time = 9, now count = 294, i = 3
2023-01-11 18:04:06.824  75 78 I channel139887862236928 self_thread_id = 139887862236928, last time delay.time = 9, now count = 294, i = 3
2023-01-11 18:04:06.824  75 78 W channel139887862236928 self_thread_id = 139887862236928, last time delay.time = 9, now count = 294, i = 3
2023-01-11 18:04:06.824  75 78 E channel139887862236928 self_thread_id = 139887862236928, last time delay.time = 9, now count = 294, i = 3
2023-01-11 18:04:06.825  75 84 I channel139887604913920 self_thread_id = 139887604913920, last time delay.time = 14, now count = 296, i = 3
2023-01-11 18:04:06.825  75 81 I channel139887837058816 self_thread_id = 139887837058816, last time delay.time = 13, now count = 295, i = 3
2023-01-11 18:04:06.825  75 84 I channel139887604913920 self_thread_id = 139887604913920, last time delay.time = 14, now count = 296, i = 3
2023-01-11 18:04:06.826  75 81 I channel139887837058816 self_thread_id = 139887837058816, last time delay.time = 13, now count = 295, i = 3
2023-01-11 18:04:06.826  75 84 W channel139887604913920 self_thread_id = 139887604913920, last time delay.time = 14, now count = 296, i = 3
2023-01-11 18:04:06.826  75 81 W channel139887837058816 self_thread_id = 139887837058816, last time delay.time = 13, now count = 295, i = 3
2023-01-11 18:04:06.826  75 84 E channel139887604913920 self_thread_id = 139887604913920, last time delay.time = 14, now count = 296, i = 3
2023-01-11 18:04:06.826  75 81 E channel139887837058816 self_thread_id = 139887837058816, last time delay.time = 13, now count = 295, i = 3
2023-01-11 18:04:07.824  75 83 I channel139887613306624 self_thread_id = 139887613306624, last time delay.time = 14, now count = 289, i = 4
2023-01-11 18:04:07.824  75 83 I channel139887613306624 self_thread_id = 139887613306624, last time delay.time = 14, now count = 289, i = 4
2023-01-11 18:04:07.824  75 83 W channel139887613306624 self_thread_id = 139887613306624, last time delay.time = 14, now count = 289, i = 4
2023-01-11 18:04:07.824  75 83 E channel139887613306624 self_thread_id = 139887613306624, last time delay.time = 14, now count = 289, i = 4
2023-01-11 18:04:07.824  75 83 I channel139887613306624 self_thread_id = 139887613306624, last time delay.time = 14, now count = 297
2023-01-11 18:04:07.824  75 80 I channel139887845451520 self_thread_id = 139887845451520, last time delay.time = 10, now count = 290, i = 4
2023-01-11 18:04:07.824  75 80 I channel139887845451520 self_thread_id = 139887845451520, last time delay.time = 10, now count = 290, i = 4
2023-01-11 18:04:07.824  75 80 W channel139887845451520 self_thread_id = 139887845451520, last time delay.time = 10, now count = 290, i = 4
2023-01-11 18:04:07.824  75 80 E channel139887845451520 self_thread_id = 139887845451520, last time delay.time = 10, now count = 290, i = 4
2023-01-11 18:04:07.824  75 80 I channel139887845451520 self_thread_id = 139887845451520, last time delay.time = 10, now count = 298
2023-01-11 18:04:07.824  75 79 I channel139887853844224 self_thread_id = 139887853844224, last time delay.time = 11, now count = 291, i = 4
2023-01-11 18:04:07.824  75 79 I channel139887853844224 self_thread_id = 139887853844224, last time delay.time = 11, now count = 291, i = 4
2023-01-11 18:04:07.824  75 79 W channel139887853844224 self_thread_id = 139887853844224, last time delay.time = 11, now count = 291, i = 4
2023-01-11 18:04:07.824  75 79 E channel139887853844224 self_thread_id = 139887853844224, last time delay.time = 11, now count = 291, i = 4
2023-01-11 18:04:07.824  75 79 I channel139887853844224 self_thread_id = 139887853844224, last time delay.time = 11, now count = 299
2023-01-11 18:04:07.824  75 77 I channel139887870629632 self_thread_id = 139887870629632, last time delay.time = 10, now count = 292, i = 4
2023-01-11 18:04:07.824  75 82 I channel139887621699328 self_thread_id = 139887621699328, last time delay.time = 10, now count = 293, i = 4
2023-01-11 18:04:07.824  75 77 I channel139887870629632 self_thread_id = 139887870629632, last time delay.time = 10, now count = 292, i = 4
2023-01-11 18:04:07.824  75 77 W channel139887870629632 self_thread_id = 139887870629632, last time delay.time = 10, now count = 292, i = 4
2023-01-11 18:04:07.824  75 82 I channel139887621699328 self_thread_id = 139887621699328, last time delay.time = 10, now count = 293, i = 4
2023-01-11 18:04:07.824  75 77 E channel139887870629632 self_thread_id = 139887870629632, last time delay.time = 10, now count = 292, i = 4
2023-01-11 18:04:07.824  75 82 W channel139887621699328 self_thread_id = 139887621699328, last time delay.time = 10, now count = 293, i = 4
2023-01-11 18:04:07.824  75 77 I channel139887870629632 self_thread_id = 139887870629632, last time delay.time = 10, now count = 300
2023-01-11 18:04:07.824  75 82 E channel139887621699328 self_thread_id = 139887621699328, last time delay.time = 10, now count = 293, i = 4
2023-01-11 18:04:07.824  75 82 I channel139887621699328 self_thread_id = 139887621699328, last time delay.time = 10, now count = 301
2023-01-11 18:04:07.824  75 78 I channel139887862236928 self_thread_id = 139887862236928, last time delay.time = 9, now count = 294, i = 4
2023-01-11 18:04:07.825  75 78 I channel139887862236928 self_thread_id = 139887862236928, last time delay.time = 9, now count = 294, i = 4
2023-01-11 18:04:07.825  75 78 W channel139887862236928 self_thread_id = 139887862236928, last time delay.time = 9, now count = 294, i = 4
2023-01-11 18:04:07.825  75 78 E channel139887862236928 self_thread_id = 139887862236928, last time delay.time = 9, now count = 294, i = 4
2023-01-11 18:04:07.825  75 78 I channel139887862236928 self_thread_id = 139887862236928, last time delay.time = 9, now count = 302
2023-01-11 18:04:07.826  75 81 I channel139887837058816 self_thread_id = 139887837058816, last time delay.time = 13, now count = 295, i = 4
2023-01-11 18:04:07.826  75 84 I channel139887604913920 self_thread_id = 139887604913920, last time delay.time = 14, now count = 296, i = 4
2023-01-11 18:04:07.826  75 81 I channel139887837058816 self_thread_id = 139887837058816, last time delay.time = 13, now count = 295, i = 4
2023-01-11 18:04:07.826  75 84 I channel139887604913920 self_thread_id = 139887604913920, last time delay.time = 14, now count = 296, i = 4
2023-01-11 18:04:07.826  75 81 W channel139887837058816 self_thread_id = 139887837058816, last time delay.time = 13, now count = 295, i = 4
2023-01-11 18:04:07.826  75 84 W channel139887604913920 self_thread_id = 139887604913920, last time delay.time = 14, now count = 296, i = 4
2023-01-11 18:04:07.826  75 81 E channel139887837058816 self_thread_id = 139887837058816, last time delay.time = 13, now count = 295, i = 4
2023-01-11 18:04:07.826  75 84 E channel139887604913920 self_thread_id = 139887604913920, last time delay.time = 14, now count = 296, i = 4
2023-01-11 18:04:07.826  75 81 I channel139887837058816 self_thread_id = 139887837058816, last time delay.time = 13, now count = 303
2023-01-11 18:04:07.826  75 84 I channel139887604913920 self_thread_id = 139887604913920, last time delay.time = 14, now count = 304
2023-01-11 18:04:08.824  75 83 I channel139887613306624 self_thread_id = 139887613306624, last time delay.time = 13, now count = 297, i = 0
2023-01-11 18:04:08.824  75 83 I channel139887613306624 self_thread_id = 139887613306624, last time delay.time = 13, now count = 297, i = 0
2023-01-11 18:04:08.824  75 83 W channel139887613306624 self_thread_id = 139887613306624, last time delay.time = 13, now count = 297, i = 0
2023-01-11 18:04:08.824  75 83 E channel139887613306624 self_thread_id = 139887613306624, last time delay.time = 13, now count = 297, i = 0
2023-01-11 18:04:08.825  75 80 I channel139887845451520 self_thread_id = 139887845451520, last time delay.time = 9, now count = 298, i = 0
2023-01-11 18:04:08.825  75 79 I channel139887853844224 self_thread_id = 139887853844224, last time delay.time = 6, now count = 299, i = 0
2023-01-11 18:04:08.825  75 80 I channel139887845451520 self_thread_id = 139887845451520, last time delay.time = 9, now count = 298, i = 0
2023-01-11 18:04:08.825  75 79 I channel139887853844224 self_thread_id = 139887853844224, last time delay.time = 6, now count = 299, i = 0
2023-01-11 18:04:08.825  75 80 W channel139887845451520 self_thread_id = 139887845451520, last time delay.time = 9, now count = 298, i = 0
2023-01-11 18:04:08.825  75 79 W channel139887853844224 self_thread_id = 139887853844224, last time delay.time = 6, now count = 299, i = 0
2023-01-11 18:04:08.825  75 80 E channel139887845451520 self_thread_id = 139887845451520, last time delay.time = 9, now count = 298, i = 0
2023-01-11 18:04:08.825  75 79 E channel139887853844224 self_thread_id = 139887853844224, last time delay.time = 6, now count = 299, i = 0
2023-01-11 18:04:08.825  75 82 I channel139887621699328 self_thread_id = 139887621699328, last time delay.time = 7, now count = 301, i = 0
2023-01-11 18:04:08.825  75 82 I channel139887621699328 self_thread_id = 139887621699328, last time delay.time = 7, now count = 301, i = 0
2023-01-11 18:04:08.825  75 82 W channel139887621699328 self_thread_id = 139887621699328, last time delay.time = 7, now count = 301, i = 0
2023-01-11 18:04:08.825  75 82 E channel139887621699328 self_thread_id = 139887621699328, last time delay.time = 7, now count = 301, i = 0
2023-01-11 18:04:08.825  75 77 I channel139887870629632 self_thread_id = 139887870629632, last time delay.time = 13, now count = 300, i = 0
2023-01-11 18:04:08.825  75 77 I channel139887870629632 self_thread_id = 139887870629632, last time delay.time = 13, now count = 300, i = 0
2023-01-11 18:04:08.825  75 77 W channel139887870629632 self_thread_id = 139887870629632, last time delay.time = 13, now count = 300, i = 0
2023-01-11 18:04:08.825  75 77 E channel139887870629632 self_thread_id = 139887870629632, last time delay.time = 13, now count = 300, i = 0
2023-01-11 18:04:08.825  75 78 I channel139887862236928 self_thread_id = 139887862236928, last time delay.time = 9, now count = 302, i = 0
2023-01-11 18:04:08.825  75 78 I channel139887862236928 self_thread_id = 139887862236928, last time delay.time = 9, now count = 302, i = 0
2023-01-11 18:04:08.825  75 78 W channel139887862236928 self_thread_id = 139887862236928, last time delay.time = 9, now count = 302, i = 0
2023-01-11 18:04:08.825  75 78 E channel139887862236928 self_thread_id = 139887862236928, last time delay.time = 9, now count = 302, i = 0
2023-01-11 18:04:08.826  75 84 I channel139887604913920 self_thread_id = 139887604913920, last time delay.time = 13, now count = 304, i = 0
2023-01-11 18:04:08.826  75 84 I channel139887604913920 self_thread_id = 139887604913920, last time delay.time = 13, now count = 304, i = 0
2023-01-11 18:04:08.826  75 81 I channel139887837058816 self_thread_id = 139887837058816, last time delay.time = 14, now count = 303, i = 0
2023-01-11 18:04:08.826  75 84 W channel139887604913920 self_thread_id = 139887604913920, last time delay.time = 13, now count = 304, i = 0
2023-01-11 18:04:08.826  75 81 I channel139887837058816 self_thread_id = 139887837058816, last time delay.time = 14, now count = 303, i = 0
2023-01-11 18:04:08.826  75 84 E channel139887604913920 self_thread_id = 139887604913920, last time delay.time = 13, now count = 304, i = 0
2023-01-11 18:04:08.826  75 81 W channel139887837058816 self_thread_id = 139887837058816, last time delay.time = 14, now count = 303, i = 0
2023-01-11 18:04:08.826  75 81 E channel139887837058816 self_thread_id = 139887837058816, last time delay.time = 14, now count = 303, i = 0
2023-01-11 18:04:09.825  75 83 I channel139887613306624 self_thread_id = 139887613306624, last time delay.time = 13, now count = 297, i = 1
2023-01-11 18:04:09.825  75 83 I channel139887613306624 self_thread_id = 139887613306624, last time delay.time = 13, now count = 297, i = 1
2023-01-11 18:04:09.825  75 83 W channel139887613306624 self_thread_id = 139887613306624, last time delay.time = 13, now count = 297, i = 1
2023-01-11 18:04:09.825  75 83 E channel139887613306624 self_thread_id = 139887613306624, last time delay.time = 13, now count = 297, i = 1
2023-01-11 18:04:09.825  75 79 I channel139887853844224 self_thread_id = 139887853844224, last time delay.time = 6, now count = 299, i = 1
2023-01-11 18:04:09.825  75 79 I channel139887853844224 self_thread_id = 139887853844224, last time delay.time = 6, now count = 299, i = 1
2023-01-11 18:04:09.825  75 79 W channel139887853844224 self_thread_id = 139887853844224, last time delay.time = 6, now count = 299, i = 1
2023-01-11 18:04:09.825  75 79 E channel139887853844224 self_thread_id = 139887853844224, last time delay.time = 6, now count = 299, i = 1
2023-01-11 18:04:09.825  75 80 I channel139887845451520 self_thread_id = 139887845451520, last time delay.time = 9, now count = 298, i = 1
2023-01-11 18:04:09.825  75 82 I channel139887621699328 self_thread_id = 139887621699328, last time delay.time = 7, now count = 301, i = 1
2023-01-11 18:04:09.825  75 80 I channel139887845451520 self_thread_id = 139887845451520, last time delay.time = 9, now count = 298, i = 1
2023-01-11 18:04:09.825  75 82 I channel139887621699328 self_thread_id = 139887621699328, last time delay.time = 7, now count = 301, i = 1
2023-01-11 18:04:09.825  75 80 W channel139887845451520 self_thread_id = 139887845451520, last time delay.time = 9, now count = 298, i = 1
2023-01-11 18:04:09.825  75 82 W channel139887621699328 self_thread_id = 139887621699328, last time delay.time = 7, now count = 301, i = 1
2023-01-11 18:04:09.825  75 80 E channel139887845451520 self_thread_id = 139887845451520, last time delay.time = 9, now count = 298, i = 1
2023-01-11 18:04:09.825  75 82 E channel139887621699328 self_thread_id = 139887621699328, last time delay.time = 7, now count = 301, i = 1
2023-01-11 18:04:09.825  75 77 I channel139887870629632 self_thread_id = 139887870629632, last time delay.time = 13, now count = 300, i = 1
2023-01-11 18:04:09.825  75 77 I channel139887870629632 self_thread_id = 139887870629632, last time delay.time = 13, now count = 300, i = 1
2023-01-11 18:04:09.825  75 77 W channel139887870629632 self_thread_id = 139887870629632, last time delay.time = 13, now count = 300, i = 1
2023-01-11 18:04:09.825  75 77 E channel139887870629632 self_thread_id = 139887870629632, last time delay.time = 13, now count = 300, i = 1
2023-01-11 18:04:09.825  75 78 I channel139887862236928 self_thread_id = 139887862236928, last time delay.time = 9, now count = 302, i = 1
2023-01-11 18:04:09.825  75 78 I channel139887862236928 self_thread_id = 139887862236928, last time delay.time = 9, now count = 302, i = 1
2023-01-11 18:04:09.825  75 78 W channel139887862236928 self_thread_id = 139887862236928, last time delay.time = 9, now count = 302, i = 1
2023-01-11 18:04:09.825  75 78 E channel139887862236928 self_thread_id = 139887862236928, last time delay.time = 9, now count = 302, i = 1
2023-01-11 18:04:09.826  75 84 I channel139887604913920 self_thread_id = 139887604913920, last time delay.time = 13, now count = 304, i = 1
2023-01-11 18:04:09.826  75 84 I channel139887604913920 self_thread_id = 139887604913920, last time delay.time = 13, now count = 304, i = 1
2023-01-11 18:04:09.826  75 84 W channel139887604913920 self_thread_id = 139887604913920, last time delay.time = 13, now count = 304, i = 1
2023-01-11 18:04:09.826  75 81 I channel139887837058816 self_thread_id = 139887837058816, last time delay.time = 14, now count = 303, i = 1
2023-01-11 18:04:09.826  75 84 E channel139887604913920 self_thread_id = 139887604913920, last time delay.time = 13, now count = 304, i = 1
2023-01-11 18:04:09.826  75 81 I channel139887837058816 self_thread_id = 139887837058816, last time delay.time = 14, now count = 303, i = 1
2023-01-11 18:04:09.826  75 81 W channel139887837058816 self_thread_id = 139887837058816, last time delay.time = 14, now count = 303, i = 1
2023-01-11 18:04:09.826  75 81 E channel139887837058816 self_thread_id = 139887837058816, last time delay.time = 14, now count = 303, i = 1
2023-01-11 18:04:10.825  75 83 I channel139887613306624 self_thread_id = 139887613306624, last time delay.time = 13, now count = 297, i = 2
2023-01-11 18:04:10.825  75 83 I channel139887613306624 self_thread_id = 139887613306624, last time delay.time = 13, now count = 297, i = 2
2023-01-11 18:04:10.825  75 83 W channel139887613306624 self_thread_id = 139887613306624, last time delay.time = 13, now count = 297, i = 2
2023-01-11 18:04:10.825  75 83 E channel139887613306624 self_thread_id = 139887613306624, last time delay.time = 13, now count = 297, i = 2
2023-01-11 18:04:10.825  75 79 I channel139887853844224 self_thread_id = 139887853844224, last time delay.time = 6, now count = 299, i = 2
2023-01-11 18:04:10.825  75 79 I channel139887853844224 self_thread_id = 139887853844224, last time delay.time = 6, now count = 299, i = 2
2023-01-11 18:04:10.825  75 79 W channel139887853844224 self_thread_id = 139887853844224, last time delay.time = 6, now count = 299, i = 2
2023-01-11 18:04:10.825  75 79 E channel139887853844224 self_thread_id = 139887853844224, last time delay.time = 6, now count = 299, i = 2
2023-01-11 18:04:10.825  75 80 I channel139887845451520 self_thread_id = 139887845451520, last time delay.time = 9, now count = 298, i = 2
2023-01-11 18:04:10.825  75 82 I channel139887621699328 self_thread_id = 139887621699328, last time delay.time = 7, now count = 301, i = 2
2023-01-11 18:04:10.825  75 80 I channel139887845451520 self_thread_id = 139887845451520, last time delay.time = 9, now count = 298, i = 2
2023-01-11 18:04:10.825  75 82 I channel139887621699328 self_thread_id = 139887621699328, last time delay.time = 7, now count = 301, i = 2
2023-01-11 18:04:10.825  75 80 W channel139887845451520 self_thread_id = 139887845451520, last time delay.time = 9, now count = 298, i = 2
2023-01-11 18:04:10.825  75 82 W channel139887621699328 self_thread_id = 139887621699328, last time delay.time = 7, now count = 301, i = 2
2023-01-11 18:04:10.825  75 80 E channel139887845451520 self_thread_id = 139887845451520, last time delay.time = 9, now count = 298, i = 2
2023-01-11 18:04:10.825  75 82 E channel139887621699328 self_thread_id = 139887621699328, last time delay.time = 7, now count = 301, i = 2
2023-01-11 18:04:10.825  75 77 I channel139887870629632 self_thread_id = 139887870629632, last time delay.time = 13, now count = 300, i = 2
2023-01-11 18:04:10.825  75 77 I channel139887870629632 self_thread_id = 139887870629632, last time delay.time = 13, now count = 300, i = 2
2023-01-11 18:04:10.825  75 77 W channel139887870629632 self_thread_id = 139887870629632, last time delay.time = 13, now count = 300, i = 2
2023-01-11 18:04:10.825  75 77 E channel139887870629632 self_thread_id = 139887870629632, last time delay.time = 13, now count = 300, i = 2
2023-01-11 18:04:10.825  75 78 I channel139887862236928 self_thread_id = 139887862236928, last time delay.time = 9, now count = 302, i = 2
2023-01-11 18:04:10.825  75 78 I channel139887862236928 self_thread_id = 139887862236928, last time delay.time = 9, now count = 302, i = 2
2023-01-11 18:04:10.825  75 78 W channel139887862236928 self_thread_id = 139887862236928, last time delay.time = 9, now count = 302, i = 2
2023-01-11 18:04:10.825  75 78 E channel139887862236928 self_thread_id = 139887862236928, last time delay.time = 9, now count = 302, i = 2
2023-01-11 18:04:10.826  75 81 I channel139887837058816 self_thread_id = 139887837058816, last time delay.time = 14, now count = 303, i = 2
2023-01-11 18:04:10.826  75 84 I channel139887604913920 self_thread_id = 139887604913920, last time delay.time = 13, now count = 304, i = 2
2023-01-11 18:04:10.826  75 81 I channel139887837058816 self_thread_id = 139887837058816, last time delay.time = 14, now count = 303, i = 2
2023-01-11 18:04:10.826  75 84 I channel139887604913920 self_thread_id = 139887604913920, last time delay.time = 13, now count = 304, i = 2
2023-01-11 18:04:10.826  75 84 W channel139887604913920 self_thread_id = 139887604913920, last time delay.time = 13, now count = 304, i = 2
2023-01-11 18:04:10.826  75 81 W channel139887837058816 self_thread_id = 139887837058816, last time delay.time = 14, now count = 303, i = 2
2023-01-11 18:04:10.826  75 84 E channel139887604913920 self_thread_id = 139887604913920, last time delay.time = 13, now count = 304, i = 2
2023-01-11 18:04:10.826  75 81 E channel139887837058816 self_thread_id = 139887837058816, last time delay.time = 14, now count = 303, i = 2
2023-01-11 18:04:11.825  75 83 I channel139887613306624 self_thread_id = 139887613306624, last time delay.time = 13, now count = 297, i = 3
2023-01-11 18:04:11.825  75 83 I channel139887613306624 self_thread_id = 139887613306624, last time delay.time = 13, now count = 297, i = 3
2023-01-11 18:04:11.825  75 83 W channel139887613306624 self_thread_id = 139887613306624, last time delay.time = 13, now count = 297, i = 3
2023-01-11 18:04:11.825  75 83 E channel139887613306624 self_thread_id = 139887613306624, last time delay.time = 13, now count = 297, i = 3
2023-01-11 18:04:11.825  75 79 I channel139887853844224 self_thread_id = 139887853844224, last time delay.time = 6, now count = 299, i = 3
2023-01-11 18:04:11.825  75 79 I channel139887853844224 self_thread_id = 139887853844224, last time delay.time = 6, now count = 299, i = 3
2023-01-11 18:04:11.825  75 79 W channel139887853844224 self_thread_id = 139887853844224, last time delay.time = 6, now count = 299, i = 3
2023-01-11 18:04:11.825  75 79 E channel139887853844224 self_thread_id = 139887853844224, last time delay.time = 6, now count = 299, i = 3
2023-01-11 18:04:11.825  75 82 I channel139887621699328 self_thread_id = 139887621699328, last time delay.time = 7, now count = 301, i = 3
2023-01-11 18:04:11.825  75 80 I channel139887845451520 self_thread_id = 139887845451520, last time delay.time = 9, now count = 298, i = 3
2023-01-11 18:04:11.825  75 82 I channel139887621699328 self_thread_id = 139887621699328, last time delay.time = 7, now count = 301, i = 3
2023-01-11 18:04:11.825  75 80 I channel139887845451520 self_thread_id = 139887845451520, last time delay.time = 9, now count = 298, i = 3
2023-01-11 18:04:11.825  75 82 W channel139887621699328 self_thread_id = 139887621699328, last time delay.time = 7, now count = 301, i = 3
2023-01-11 18:04:11.825  75 80 W channel139887845451520 self_thread_id = 139887845451520, last time delay.time = 9, now count = 298, i = 3
2023-01-11 18:04:11.825  75 82 E channel139887621699328 self_thread_id = 139887621699328, last time delay.time = 7, now count = 301, i = 3
2023-01-11 18:04:11.825  75 80 E channel139887845451520 self_thread_id = 139887845451520, last time delay.time = 9, now count = 298, i = 3
2023-01-11 18:04:11.825  75 77 I channel139887870629632 self_thread_id = 139887870629632, last time delay.time = 13, now count = 300, i = 3
2023-01-11 18:04:11.825  75 77 I channel139887870629632 self_thread_id = 139887870629632, last time delay.time = 13, now count = 300, i = 3
2023-01-11 18:04:11.825  75 77 W channel139887870629632 self_thread_id = 139887870629632, last time delay.time = 13, now count = 300, i = 3
2023-01-11 18:04:11.825  75 77 E channel139887870629632 self_thread_id = 139887870629632, last time delay.time = 13, now count = 300, i = 3
2023-01-11 18:04:11.825  75 78 I channel139887862236928 self_thread_id = 139887862236928, last time delay.time = 9, now count = 302, i = 3
