2023-01-11 18:11:59.914  75 83 I channel139887613306624 self_thread_id = 139887613306624, last time delay.time = 13, now count = 50, i = 1
2023-01-11 18:11:59.914  75 84 I channel139887604913920 self_thread_id = 139887604913920, last time delay.time = 14, now count = 49, i = 1
2023-01-11 18:11:59.914  75 83 I channel139887613306624 self_thread_id = 139887613306624, last time delay.time = 13, now count = 50, i = 1
2023-01-11 18:11:59.914  75 84 W channel139887604913920 self_thread_id = 139887604913920, last time delay.time = 14, now count = 49, i = 1
2023-01-11 18:11:59.914  75 83 W channel139887613306624 self_thread_id = 139887613306624, last time delay.time = 13, now count = 50, i = 1
2023-01-11 18:11:59.914  75 84 E channel139887604913920 self_thread_id = 139887604913920, last time delay.time = 14, now count = 49, i = 1
2023-01-11 18:11:59.914  75 83 E channel139887613306624 self_thread_id = 139887613306624, last time delay.time = 13, now count = 50, i = 1
2023-01-11 18:11:59.914  75 78 I channel139887862236928 self_thread_id = 139887862236928, last time delay.time = 11, now count = 51, i = 1
2023-01-11 18:11:59.914  75 78 I channel139887862236928 self_thread_id = 139887862236928, last time delay.time = 11, now count = 51, i = 1
2023-01-11 18:11:59.914  75 81 I channel139887837058816 self_thread_id = 139887837058816, last time delay.time = 8, now count = 52, i = 1
2023-01-11 18:11:59.914  75 78 W channel139887862236928 self_thread_id = 139887862236928, last time delay.time = 11, now count = 51, i = 1
2023-01-11 18:11:59.914  75 78 E channel139887862236928 self_thread_id = 139887862236928, last time delay.time = 11, now count = 51, i = 1
2023-01-11 18:11:59.914  75 81 I channel139887837058816 self_thread_id = 139887837058816, last time delay.time = 8, now count = 52, i = 1
2023-01-11 18:11:59.914  75 81 W channel139887837058816 self_thread_id = 139887837058816, last time delay.time = 8, now count = 52, i = 1
2023-01-11 18:11:59.914  75 81 E channel139887837058816 self_thread_id = 139887837058816, last time delay.time = 8, now count = 52, i = 1
2023-01-11 18:11:59.914  75 77 I channel139887870629632 self_thread_id = 139887870629632, last time delay.time = 9, now count = 53, i = 1
2023-01-11 18:11:59.914  75 77 I channel139887870629632 self_thread_id = 139887870629632, last time delay.time = 9, now count = 53, i = 1
2023-01-11 18:11:59.914  75 77 W channel139887870629632 self_thread_id = 139887870629632, last time delay.time = 9, now count = 53, i = 1
2023-01-11 18:11:59.914  75 77 E channel139887870629632 self_thread_id = 139887870629632, last time delay.time = 9, now count = 53, i = 1
2023-01-11 18:11:59.914  75 80 I channel139887845451520 self_thread_id = 139887845451520, last time delay.time = 8, now count = 55, i = 1
2023-01-11 18:11:59.914  75 80 I channel139887845451520 self_thread_id = 139887845451520, last time delay.time = 8, now count = 55, i = 1
2023-01-11 18:11:59.914  75 82 I channel139887621699328 self_thread_id = 139887621699328, last time delay.time = 10, now count = 54, i = 1
2023-01-11 18:11:59.914  75 80 W channel139887845451520 self_thread_id = 139887845451520, last time delay.time = 8, now count = 55, i = 1
2023-01-11 18:11:59.914  75 82 I channel139887621699328 self_thread_id = 139887621699328, last time delay.time = 10, now count = 54, i = 1
2023-01-11 18:11:59.914  75 80 E channel139887845451520 self_thread_id = 139887845451520, last time delay.time = 8, now count = 55, i = 1
2023-01-11 18:11:59.914  75 82 W channel139887621699328 self_thread_id = 139887621699328, last time delay.time = 10, now count = 54, i = 1
2023-01-11 18:11:59.914  75 82 E channel139887621699328 self_thread_id = 139887621699328, last time delay.time = 10, now count = 54, i = 1
2023-01-11 18:11:59.915  75 79 I channel139887853844224 self_thread_id = 139887853844224, last time delay.time = 8, now count = 56, i = 1
2023-01-11 18:11:59.915  75 79 I channel139887853844224 self_thread_id = 139887853844224, last time delay.time = 8, now count = 56, i = 1
2023-01-11 18:11:59.915  75 79 W channel139887853844224 self_thread_id = 139887853844224, last time delay.time = 8, now count = 56, i = 1
2023-01-11 18:11:59.915  75 79 E channel139887853844224 self_thread_id = 139887853844224, last time delay.time = 8, now count = 56, i = 1
2023-01-11 18:12:00.914  75 84 I channel139887604913920 self_thread_id = 139887604913920, last time delay.time = 14, now count = 49, i = 2
2023-01-11 18:12:00.914  75 83 I channel139887613306624 self_thread_id = 139887613306624, last time delay.time = 13, now count = 50, i = 2
2023-01-11 18:12:00.914  75 84 I channel139887604913920 self_thread_id = 139887604913920, last time delay.time = 14, now count = 49, i = 2
2023-01-11 18:12:00.914  75 83 I channel139887613306624 self_thread_id = 139887613306624, last time delay.time = 13, now count = 50, i = 2
2023-01-11 18:12:00.914  75 84 W channel139887604913920 self_thread_id = 139887604913920, last time delay.time = 14, now count = 49, i = 2
2023-01-11 18:12:00.914  75 83 W channel139887613306624 self_thread_id = 139887613306624, last time delay.time = 13, now count = 50, i = 2
2023-01-11 18:12:00.914  75 83 E channel139887613306624 self_thread_id = 139887613306624, last time delay.time = 13, now count = 50, i = 2
2023-01-11 18:12:00.914  75 84 E channel139887604913920 self_thread_id = 139887604913920, last time delay.time = 14, now count = 49, i = 2
2023-01-11 18:12:00.914  75 78 I channel139887862236928 self_thread_id = 139887862236928, last time delay.time = 11, now count = 51, i = 2
2023-01-11 18:12:00.914  75 78 I channel139887862236928 self_thread_id = 139887862236928, last time delay.time = 11, now count = 51, i = 2
2023-01-11 18:12:00.914  75 81 I channel139887837058816 self_thread_id = 139887837058816, last time delay.time = 8, now count = 52, i = 2
2023-01-11 18:12:00.914  75 78 W channel139887862236928 self_thread_id = 139887862236928, last time delay.time = 11, now count = 51, i = 2
2023-01-11 18:12:00.914  75 78 E channel139887862236928 self_thread_id = 139887862236928, last time delay.time = 11, now count = 51, i = 2
2023-01-11 18:12:00.914  75 81 I channel139887837058816 self_thread_id = 139887837058816, last time delay.time = 8, now count = 52, i = 2
2023-01-11 18:12:00.914  75 81 W channel139887837058816 self_thread_id = 139887837058816, last time delay.time = 8, now count = 52, i = 2
2023-01-11 18:12:00.914  75 81 E channel139887837058816 self_thread_id = 139887837058816, last time delay.time = 8, now count = 52, i = 2
2023-01-11 18:12:00.914  75 77 I channel139887870629632 self_thread_id = 139887870629632, last time delay.time = 9, now count = 53, i = 2
2023-01-11 18:12:00.914  75 77 I channel139887870629632 self_thread_id = 139887870629632, last time delay.time = 9, now count = 53, i = 2
2023-01-11 18:12:00.914  75 77 W channel139887870629632 self_thread_id = 139887870629632, last time delay.time = 9, now count = 53, i = 2
2023-01-11 18:12:00.914  75 77 E channel139887870629632 self_thread_id = 139887870629632, last time delay.time = 9, now count = 53, i = 2
2023-01-11 18:12:00.915  75 80 I channel139887845451520 self_thread_id = 139887845451520, last time delay.time = 8, now count = 55, i = 2
2023-01-11 18:12:00.915  75 82 I channel139887621699328 self_thread_id = 139887621699328, last time delay.time = 10, now count = 54, i = 2
2023-01-11 18:12:00.915  75 80 I channel139887845451520 self_thread_id = 139887845451520, last time delay.time = 8, now count = 55, i = 2
2023-01-11 18:12:00.915  75 82 I channel139887621699328 self_thread_id = 139887621699328, last time delay.time = 10, now count = 54, i = 2
2023-01-11 18:12:00.915  75 80 W channel139887845451520 self_thread_id = 139887845451520, last time delay.time = 8, now count = 55, i = 2
2023-01-11 18:12:00.915  75 82 W channel139887621699328 self_thread_id = 139887621699328, last time delay.time = 10, now count = 54, i = 2
2023-01-11 18:12:00.915  75 82 E channel139887621699328 self_thread_id = 139887621699328, last time delay.time = 10, now count = 54, i = 2
2023-01-11 18:12:00.915  75 80 E channel139887845451520 self_thread_id = 139887845451520, last time delay.time = 8, now count = 55, i = 2
2023-01-11 18:12:00.915  75 79 I channel139887853844224 self_thread_id = 139887853844224, last time delay.time = 8, now count = 56, i = 2
2023-01-11 18:12:00.915  75 79 I channel139887853844224 self_thread_id = 139887853844224, last time delay.time = 8, now count = 56, i = 2
2023-01-11 18:12:00.915  75 79 W channel139887853844224 self_thread_id = 139887853844224, last time delay.time = 8, now count = 56, i = 2
2023-01-11 18:12:00.915  75 79 E channel139887853844224 self_thread_id = 139887853844224, last time delay.time = 8, now count = 56, i = 2
2023-01-11 18:12:01.914  75 84 I channel139887604913920 self_thread_id = 139887604913920, last time delay.time = 14, now count = 49, i = 3
2023-01-11 18:12:01.914  75 84 I channel139887604913920 self_thread_id = 139887604913920, last time delay.time = 14, now count = 49, i = 3
2023-01-11 18:12:01.914  75 83 I channel139887613306624 self_thread_id = 139887613306624, last time delay.time = 13, now count = 50, i = 3
2023-01-11 18:12:01.914  75 84 W channel139887604913920 self_thread_id = 139887604913920, last time delay.time = 14, now count = 49, i = 3
2023-01-11 18:12:01.914  75 83 I channel139887613306624 self_thread_id = 139887613306624, last time delay.time = 13, now count = 50, i = 3
2023-01-11 18:12:01.914  75 84 E channel139887604913920 self_thread_id = 139887604913920, last time delay.time = 14, now count = 49, i = 3
2023-01-11 18:12:01.914  75 83 W channel139887613306624 self_thread_id = 139887613306624, last time delay.time = 13, now count = 50, i = 3
2023-01-11 18:12:01.914  75 83 E channel139887613306624 self_thread_id = 139887613306624, last time delay.time = 13, now count = 50, i = 3
2023-01-11 18:12:01.914  75 81 I channel139887837058816 self_thread_id = 139887837058816, last time delay.time = 8, now count = 52, i = 3
2023-01-11 18:12:01.914  75 81 I channel139887837058816 self_thread_id = 139887837058816, last time delay.time = 8, now count = 52, i = 3
2023-01-11 18:12:01.914  75 81 W channel139887837058816 self_thread_id = 139887837058816, last time delay.time = 8, now count = 52, i = 3
2023-01-11 18:12:01.914  75 81 E channel139887837058816 self_thread_id = 139887837058816, last time delay.time = 8, now count = 52, i = 3
2023-01-11 18:12:01.914  75 78 I channel139887862236928 self_thread_id = 139887862236928, last time delay.time = 11, now count = 51, i = 3
2023-01-11 18:12:01.914  75 78 I channel139887862236928 self_thread_id = 139887862236928, last time delay.time = 11, now count = 51, i = 3
2023-01-11 18:12:01.914  75 78 W channel139887862236928 self_thread_id = 139887862236928, last time delay.time = 11, now count = 51, i = 3
2023-01-11 18:12:01.914  75 78 E channel139887862236928 self_thread_id = 139887862236928, last time delay.time = 11, now count = 51, i = 3
2023-01-11 18:12:01.914  75 77 I channel139887870629632 self_thread_id = 139887870629632, last time delay.time = 9, now count = 53, i = 3
2023-01-11 18:12:01.915  75 77 I channel139887870629632 self_thread_id = 139887870629632, last time delay.time = 9, now count = 53, i = 3
2023-01-11 18:12:01.915  75 77 W channel139887870629632 self_thread_id = 139887870629632, last time delay.time = 9, now count = 53, i = 3
2023-01-11 18:12:01.915  75 77 E channel139887870629632 self_thread_id = 139887870629632, last time delay.time = 9, now count = 53, i = 3
2023-01-11 18:12:01.915  75 80 I channel139887845451520 self_thread_id = 139887845451520, last time delay.time = 8, now count = 55, i = 3
2023-01-11 18:12:01.915  75 80 I channel139887845451520 self_thread_id = 139887845451520, last time delay.time = 8, now count = 55, i = 3
2023-01-11 18:12:01.915  75 80 W channel139887845451520 self_thread_id = 139887845451520, last time delay.time = 8, now count = 55, i = 3
2023-01-11 18:12:01.915  75 82 I channel139887621699328 self_thread_id = 139887621699328, last time delay.time = 10, now count = 54, i = 3
2023-01-11 18:12:01.915  75 80 E channel139887845451520 self_thread_id = 139887845451520, last time delay.time = 8, now count = 55, i = 3
2023-01-11 18:12:01.915  75 82 I channel139887621699328 self_thread_id = 139887621699328, last time delay.time = 10, now count = 54, i = 3
2023-01-11 18:12:01.915  75 82 W channel139887621699328 self_thread_id = 139887621699328, last time delay.time = 10, now count = 54, i = 3
2023-01-11 18:12:01.915  75 82 E channel139887621699328 self_thread_id = 139887621699328, last time delay.time = 10, now count = 54, i = 3
2023-01-11 18:12:01.915  75 79 I channel139887853844224 self_thread_id = 139887853844224, last time delay.time = 8, now count = 56, i = 3
2023-01-11 18:12:01.915  75 79 I channel139887853844224 self_thread_id = 139887853844224, last time delay.time = 8, now count = 56, i = 3
2023-01-11 18:12:01.915  75 79 W channel139887853844224 self_thread_id = 139887853844224, last time delay.time = 8, now count = 56, i = 3
2023-01-11 18:12:01.915  75 79 E channel139887853844224 self_thread_id = 139887853844224, last time delay.time = 8, now count = 56, i = 3
2023-01-11 18:12:02.914  75 84 I channel139887604913920 self_thread_id = 139887604913920, last time delay.time = 14, now count = 49, i = 4
2023-01-11 18:12:02.914  75 83 I channel139887613306624 self_thread_id = 139887613306624, last time delay.time = 13, now count = 50, i = 4
2023-01-11 18:12:02.914  75 84 I channel139887604913920 self_thread_id = 139887604913920, last time delay.time = 14, now count = 49, i = 4
2023-01-11 18:12:02.914  75 83 I channel139887613306624 self_thread_id = 139887613306624, last time delay.time = 13, now count = 50, i = 4
2023-01-11 18:12:02.914  75 84 W channel139887604913920 self_thread_id = 139887604913920, last time delay.time = 14, now count = 49, i = 4
2023-01-11 18:12:02.914  75 83 W channel139887613306624 self_thread_id = 139887613306624, last time delay.time = 13, now count = 50, i = 4
2023-01-11 18:12:02.914  75 84 E channel139887604913920 self_thread_id = 139887604913920, last time delay.time = 14, now count = 49, i = 4
2023-01-11 18:12:02.914  75 83 E channel139887613306624 self_thread_id = 139887613306624, last time delay.time = 13, now count = 50, i = 4
2023-01-11 18:12:02.914  75 84 I channel139887604913920 self_thread_id = 139887604913920, last time delay.time = 14, now count = 57
2023-01-11 18:12:02.914  75 83 I channel139887613306624 self_thread_id = 139887613306624, last time delay.time = 13, now count = 58
2023-01-11 18:12:02.914  75 81 I channel139887837058816 self_thread_id = 139887837058816, last time delay.time = 8, now count = 52, i = 4
2023-01-11 18:12:02.914  75 81 I channel139887837058816 self_thread_id = 139887837058816, last time delay.time = 8, now count = 52, i = 4
2023-01-11 18:12:02.914  75 81 W channel139887837058816 self_thread_id = 139887837058816, last time delay.time = 8, now count = 52, i = 4
2023-01-11 18:12:02.914  75 81 E channel139887837058816 self_thread_id = 139887837058816, last time delay.time = 8, now count = 52, i = 4
2023-01-11 18:12:02.914  75 78 I channel139887862236928 self_thread_id = 139887862236928, last time delay.time = 11, now count = 51, i = 4
2023-01-11 18:12:02.914  75 81 I channel139887837058816 self_thread_id = 139887837058816, last time delay.time = 8, now count = 59
2023-01-11 18:12:02.914  75 78 I channel139887862236928 self_thread_id = 139887862236928, last time delay.time = 11, now count = 51, i = 4
2023-01-11 18:12:02.914  75 78 W channel139887862236928 self_thread_id = 139887862236928, last time delay.time = 11, now count = 51, i = 4
2023-01-11 18:12:02.914  75 78 E channel139887862236928 self_thread_id = 139887862236928, last time delay.time = 11, now count = 51, i = 4
2023-01-11 18:12:02.914  75 78 I channel139887862236928 self_thread_id = 139887862236928, last time delay.time = 11, now count = 60
2023-01-11 18:12:02.915  75 77 I channel139887870629632 self_thread_id = 139887870629632, last time delay.time = 9, now count = 53, i = 4
2023-01-11 18:12:02.915  75 77 I channel139887870629632 self_thread_id = 139887870629632, last time delay.time = 9, now count = 53, i = 4
2023-01-11 18:12:02.915  75 77 W channel139887870629632 self_thread_id = 139887870629632, last time delay.time = 9, now count = 53, i = 4
2023-01-11 18:12:02.915  75 77 E channel139887870629632 self_thread_id = 139887870629632, last time delay.time = 9, now count = 53, i = 4
2023-01-11 18:12:02.915  75 77 I channel139887870629632 self_thread_id = 139887870629632, last time delay.time = 9, now count = 61
2023-01-11 18:12:02.915  75 80 I channel139887845451520 self_thread_id = 139887845451520, last time delay.time = 8, now count = 55, i = 4
2023-01-11 18:12:02.915  75 80 I channel139887845451520 self_thread_id = 139887845451520, last time delay.time = 8, now count = 55, i = 4
2023-01-11 18:12:02.915  75 80 W channel139887845451520 self_thread_id = 139887845451520, last time delay.time = 8, now count = 55, i = 4
2023-01-11 18:12:02.915  75 82 I channel139887621699328 self_thread_id = 139887621699328, last time delay.time = 10, now count = 54, i = 4
2023-01-11 18:12:02.915  75 80 E channel139887845451520 self_thread_id = 139887845451520, last time delay.time = 8, now count = 55, i = 4
2023-01-11 18:12:02.915  75 82 I channel139887621699328 self_thread_id = 139887621699328, last time delay.time = 10, now count = 54, i = 4
2023-01-11 18:12:02.915  75 80 I channel139887845451520 self_thread_id = 139887845451520, last time delay.time = 8, now count = 62
2023-01-11 18:12:02.915  75 82 W channel139887621699328 self_thread_id = 139887621699328, last time delay.time = 10, now count = 54, i = 4
2023-01-11 18:12:02.915  75 82 E channel139887621699328 self_thread_id = 139887621699328, last time delay.time = 10, now count = 54, i = 4
2023-01-11 18:12:02.915  75 82 I channel139887621699328 self_thread_id = 139887621699328, last time delay.time = 10, now count = 63
2023-01-11 18:12:02.915  75 79 I channel139887853844224 self_thread_id = 139887853844224, last time delay.time = 8, now count = 56, i = 4
2023-01-11 18:12:02.915  75 79 I channel139887853844224 self_thread_id = 139887853844224, last time delay.time = 8, now count = 56, i = 4
2023-01-11 18:12:02.915  75 79 W channel139887853844224 self_thread_id = 139887853844224, last time delay.time = 8, now count = 56, i = 4
2023-01-11 18:12:02.915  75 79 E channel139887853844224 self_thread_id = 139887853844224, last time delay.time = 8, now count = 56, i = 4
2023-01-11 18:12:02.915  75 79 I channel139887853844224 self_thread_id = 139887853844224, last time delay.time = 8, now count = 64
2023-01-11 18:12:03.914  75 83 I channel139887613306624 self_thread_id = 139887613306624, last time delay.time = 9, now count = 58, i = 0
2023-01-11 18:12:03.914  75 83 I channel139887613306624 self_thread_id = 139887613306624, last time delay.time = 9, now count = 58, i = 0
2023-01-11 18:12:03.914  75 83 W channel139887613306624 self_thread_id = 139887613306624, last time delay.time = 9, now count = 58, i = 0
2023-01-11 18:12:03.914  75 83 E channel139887613306624 self_thread_id = 139887613306624, last time delay.time = 9, now count = 58, i = 0
2023-01-11 18:12:03.914  75 84 I channel139887604913920 self_thread_id = 139887604913920, last time delay.time = 11, now count = 57, i = 0
2023-01-11 18:12:03.914  75 84 I channel139887604913920 self_thread_id = 139887604913920, last time delay.time = 11, now count = 57, i = 0
2023-01-11 18:12:03.915  75 84 W channel139887604913920 self_thread_id = 139887604913920, last time delay.time = 11, now count = 57, i = 0
2023-01-11 18:12:03.915  75 84 E channel139887604913920 self_thread_id = 139887604913920, last time delay.time = 11, now count = 57, i = 0
2023-01-11 18:12:03.915  75 78 I channel139887862236928 self_thread_id = 139887862236928, last time delay.time = 8, now count = 60, i = 0
2023-01-11 18:12:03.915  75 81 I channel139887837058816 self_thread_id = 139887837058816, last time delay.time = 10, now count = 59, i = 0
2023-01-11 18:12:03.915  75 78 I channel139887862236928 self_thread_id = 139887862236928, last time delay.time = 8, now count = 60, i = 0
2023-01-11 18:12:03.915  75 78 W channel139887862236928 self_thread_id = 139887862236928, last time delay.time = 8, now count = 60, i = 0
2023-01-11 18:12:03.915  75 81 I channel139887837058816 self_thread_id = 139887837058816, last time delay.time = 10, now count = 59, i = 0
2023-01-11 18:12:03.915  75 78 E channel139887862236928 self_thread_id = 139887862236928, last time delay.time = 8, now count = 60, i = 0
2023-01-11 18:12:03.915  75 81 W channel139887837058816 self_thread_id = 139887837058816, last time delay.time = 10, now count = 59, i = 0
2023-01-11 18:12:03.915  75 81 E channel139887837058816 self_thread_id = 139887837058816, last time delay.time = 10, now count = 59, i = 0
2023-01-11 18:12:03.915  75 77 I channel139887870629632 self_thread_id = 139887870629632, last time delay.time = 9, now count = 61, i = 0
2023-01-11 18:12:03.915  75 77 I channel139887870629632 self_thread_id = 139887870629632, last time delay.time = 9, now count = 61, i = 0
2023-01-11 18:12:03.915  75 77 W channel139887870629632 self_thread_id = 139887870629632, last time delay.time = 9, now count = 61, i = 0
2023-01-11 18:12:03.915  75 77 E channel139887870629632 self_thread_id = 139887870629632, last time delay.time = 9, now count = 61, i = 0
2023-01-11 18:12:03.915  75 82 I channel139887621699328 self_thread_id = 139887621699328, last time delay.time = 8, now count = 63, i = 0
2023-01-11 18:12:03.915  75 82 I channel139887621699328 self_thread_id = 139887621699328, last time delay.time = 8, now count = 63, i = 0
2023-01-11 18:12:03.915  75 82 W channel139887621699328 self_thread_id = 139887621699328, last time delay.time = 8, now count = 63, i = 0
2023-01-11 18:12:03.915  75 82 E channel139887621699328 self_thread_id = 139887621699328, last time delay.time = 8, now count = 63, i = 0
2023-01-11 18:12:03.915  75 80 I channel139887845451520 self_thread_id = 139887845451520, last time delay.time = 9, now count = 62, i = 0
2023-01-11 18:12:03.915  75 80 I channel139887845451520 self_thread_id = 139887845451520, last time delay.time = 9, now count = 62, i = 0
2023-01-11 18:12:03.915  75 80 W channel139887845451520 self_thread_id = 139887845451520, last time delay.time = 9, now count = 62, i = 0
2023-01-11 18:12:03.915  75 80 E channel139887845451520 self_thread_id = 139887845451520, last time delay.time = 9, now count = 62, i = 0
2023-01-11 18:12:03.915  75 79 I channel139887853844224 self_thread_id = 139887853844224, last time delay.time = 9, now count = 64, i = 0
2023-01-11 18:12:03.915  75 79 I channel139887853844224 self_thread_id = 139887853844224, last time delay.time = 9, now count = 64, i = 0
2023-01-11 18:12:03.915  75 79 W channel139887853844224 self_thread_id = 139887853844224, last time delay.time = 9, now count = 64, i = 0
2023-01-11 18:12:03.915  75 79 E channel139887853844224 self_thread_id = 139887853844224, last time delay.time = 9, now count = 64, i = 0
2023-01-11 18:12:04.915  75 83 I channel139887613306624 self_thread_id = 139887613306624, last time delay.time = 9, now count = 58, i = 1
2023-01-11 18:12:04.915  75 83 I channel139887613306624 self_thread_id = 139887613306624, last time delay.time = 9, now count = 58, i = 1
2023-01-11 18:12:04.915  75 83 W channel139887613306624 self_thread_id = 139887613306624, last time delay.time = 9, now count = 58, i = 1
2023-01-11 18:12:04.915  75 83 E channel139887613306624 self_thread_id = 139887613306624, last time delay.time = 9, now count = 58, i = 1
2023-01-11 18:12:04.915  75 84 I channel139887604913920 self_thread_id = 139887604913920, last time delay.time = 11, now count = 57, i = 1
2023-01-11 18:12:04.915  75 84 I channel139887604913920 self_thread_id = 139887604913920, last time delay.time = 11, now count = 57, i = 1
2023-01-11 18:12:04.915  75 84 W channel139887604913920 self_thread_id = 139887604913920, last time delay.time = 11, now count = 57, i = 1
2023-01-11 18:12:04.915  75 84 E channel139887604913920 self_thread_id = 139887604913920, last time delay.time = 11, now count = 57, i = 1
2023-01-11 18:12:04.915  75 81 I channel139887837058816 self_thread_id = 139887837058816, last time delay.time = 10, now count = 59, i = 1
2023-01-11 18:12:04.915  75 78 I channel139887862236928 self_thread_id = 139887862236928, last time delay.time = 8, now count = 60, i = 1
2023-01-11 18:12:04.915  75 81 I channel139887837058816 self_thread_id = 139887837058816, last time delay.time = 10, now count = 59, i = 1
2023-01-11 18:12:04.915  75 81 W channel139887837058816 self_thread_id = 139887837058816, last time delay.time = 10, now count = 59, i = 1
2023-01-11 18:12:04.915  75 78 I channel139887862236928 self_thread_id = 139887862236928, last time delay.time = 8, now count = 60, i = 1
2023-01-11 18:12:04.915  75 81 E channel139887837058816 self_thread_id = 139887837058816, last time delay.time = 10, now count = 59, i = 1
2023-01-11 18:12:04.915  75 78 W channel139887862236928 self_thread_id = 139887862236928, last time delay.time = 8, now count = 60, i = 1
2023-01-11 18:12:04.915  75 78 E channel139887862236928 self_thread_id = 139887862236928, last time delay.time = 8, now count = 60, i = 1
2023-01-11 18:12:04.915  75 77 I channel139887870629632 self_thread_id = 139887870629632, last time delay.time = 9, now count = 61, i = 1
2023-01-11 18:12:04.915  75 77 I channel139887870629632 self_thread_id = 139887870629632, last time delay.time = 9, now count = 61, i = 1
2023-01-11 18:12:04.915  75 77 W channel139887870629632 self_thread_id = 139887870629632, last time delay.time = 9, now count = 61, i = 1
2023-01-11 18:12:04.915  75 77 E channel139887870629632 self_thread_id = 139887870629632, last time delay.time = 9, now count = 61, i = 1
2023-01-11 18:12:04.915  75 82 I channel139887621699328 self_thread_id = 139887621699328, last time delay.time = 8, now count = 63, i = 1
2023-01-11 18:12:04.915  75 82 I channel139887621699328 self_thread_id = 139887621699328, last time delay.time = 8, now count = 63, i = 1
2023-01-11 18:12:04.915  75 82 W channel139887621699328 self_thread_id = 139887621699328, last time delay.time = 8, now count = 63, i = 1
2023-01-11 18:12:04.915  75 82 E channel139887621699328 self_thread_id = 139887621699328, last time delay.time = 8, now count = 63, i = 1
2023-01-11 18:12:04.915  75 80 I channel139887845451520 self_thread_id = 139887845451520, last time delay.time = 9, now count = 62, i = 1
2023-01-11 18:12:04.915  75 80 I channel139887845451520 self_thread_id = 139887845451520, last time delay.time = 9, now count = 62, i = 1
2023-01-11 18:12:04.915  75 80 W channel139887845451520 self_thread_id = 139887845451520, last time delay.time = 9, now count = 62, i = 1
2023-01-11 18:12:04.915  75 80 E channel139887845451520 self_thread_id = 139887845451520, last time delay.time = 9, now count = 62, i = 1
2023-01-11 18:12:04.916  75 79 I channel139887853844224 self_thread_id = 139887853844224, last time delay.time = 9, now count = 64, i = 1
2023-01-11 18:12:04.916  75 79 I channel139887853844224 self_thread_id = 139887853844224, last time delay.time = 9, now count = 64, i = 1
2023-01-11 18:12:04.916  75 79 W channel139887853844224 self_thread_id = 139887853844224, last time delay.time = 9, now count = 64, i = 1
2023-01-11 18:12:04.916  75 79 E channel139887853844224 self_thread_id = 139887853844224, last time delay.time = 9, now count = 64, i = 1
2023-01-11 18:12:05.915  75 83 I channel139887613306624 self_thread_id = 139887613306624, last time delay.time = 9, now count = 58, i = 2
2023-01-11 18:12:05.915  75 83 I channel139887613306624 self_thread_id = 139887613306624, last time delay.time = 9, now count = 58, i = 2
2023-01-11 18:12:05.915  75 83 W channel139887613306624 self_thread_id = 139887613306624, last time delay.time = 9, now count = 58, i = 2
2023-01-11 18:12:05.915  75 83 E channel139887613306624 self_thread_id = 139887613306624, last time delay.time = 9, now count = 58, i = 2
2023-01-11 18:12:05.915  75 84 I channel139887604913920 self_thread_id = 139887604913920, last time delay.time = 11, now count = 57, i = 2
2023-01-11 18:12:05.915  75 78 I channel139887862236928 self_thread_id = 139887862236928, last time delay.time = 8, now count = 60, i = 2
2023-01-11 18:12:05.915  75 84 I channel139887604913920 self_thread_id = 139887604913920, last time delay.time = 11, now count = 57, i = 2
2023-01-11 18:12:05.915  75 78 I channel139887862236928 self_thread_id = 139887862236928, last time delay.time = 8, now count = 60, i = 2
2023-01-11 18:12:05.915  75 84 W channel139887604913920 self_thread_id = 139887604913920, last time delay.time = 11, now count = 57, i = 2
2023-01-11 18:12:05.915  75 78 W channel139887862236928 self_thread_id = 139887862236928, last time delay.time = 8, now count = 60, i = 2
2023-01-11 18:12:05.915  75 84 E channel139887604913920 self_thread_id = 139887604913920, last time delay.time = 11, now count = 57, i = 2
2023-01-11 18:12:05.915  75 78 E channel139887862236928 self_thread_id = 139887862236928, last time delay.time = 8, now count = 60, i = 2
2023-01-11 18:12:05.915  75 81 I channel139887837058816 self_thread_id = 139887837058816, last time delay.time = 10, now count = 59, i = 2
2023-01-11 18:12:05.915  75 81 I channel139887837058816 self_thread_id = 139887837058816, last time delay.time = 10, now count = 59, i = 2
2023-01-11 18:12:05.915  75 81 W channel139887837058816 self_thread_id = 139887837058816, last time delay.time = 10, now count = 59, i = 2
2023-01-11 18:12:05.915  75 81 E channel139887837058816 self_thread_id = 139887837058816, last time delay.time = 10, now count = 59, i = 2
2023-01-11 18:12:05.915  75 77 I channel139887870629632 self_thread_id = 139887870629632, last time delay.time = 9, now count = 61, i = 2
2023-01-11 18:12:05.915  75 77 I channel139887870629632 self_thread_id = 139887870629632, last time delay.time = 9, now count = 61, i = 2
2023-01-11 18:12:05.915  75 77 W channel139887870629632 self_thread_id = 139887870629632, last time delay.time = 9, now count = 61, i = 2
2023-01-11 18:12:05.915  75 77 E channel139887870629632 self_thread_id = 139887870629632, last time delay.time = 9, now count = 61, i = 2
2023-01-11 18:12:05.915  75 82 I channel139887621699328 self_thread_id = 139887621699328, last time delay.time = 8, now count = 63, i = 2
2023-01-11 18:12:05.915  75 82 I channel139887621699328 self_thread_id = 139887621699328, last time delay.time = 8, now count = 63, i = 2
2023-01-11 18:12:05.915  75 82 W channel139887621699328 self_thread_id = 139887621699328, last time delay.time = 8, now count = 63, i = 2
2023-01-11 18:12:05.915  75 82 E channel139887621699328 self_thread_id = 139887621699328, last time delay.time = 8, now count = 63, i = 2
2023-01-11 18:12:05.915  75 80 I channel139887845451520 self_thread_id = 139887845451520, last time delay.time = 9, now count = 62, i = 2
2023-01-11 18:12:05.915  75 80 I channel139887845451520 self_thread_id = 139887845451520, last time delay.time = 9, now count = 62, i = 2
2023-01-11 18:12:05.916  75 80 W channel139887845451520 self_thread_id = 139887845451520, last time delay.time = 9, now count = 62, i = 2
2023-01-11 18:12:05.916  75 80 E channel139887845451520 self_thread_id = 139887845451520, last time delay.time = 9, now count = 62, i = 2
2023-01-11 18:12:05.916  75 79 I channel139887853844224 self_thread_id = 139887853844224, last time delay.time = 9, now count = 64, i = 2
2023-01-11 18:12:05.916  75 79 I channel139887853844224 self_thread_id = 139887853844224, last time delay.time = 9, now count = 64, i = 2
2023-01-11 18:12:05.916  75 79 W channel139887853844224 self_thread_id = 139887853844224, last time delay.time = 9, now count = 64, i = 2
2023-01-11 18:12:05.916  75 79 E channel139887853844224 self_thread_id = 139887853844224, last time delay.time = 9, now count = 64, i = 2
2023-01-11 18:12:06.544  75 75 I APP.tag TestComponent::Proc
2023-01-11 18:12:06.544  75 75 I APP.tag ****************test INFO begin****************
2023-01-11 18:12:06.544  75 75 I APP.tag 测试 index = 880组
2023-01-11 18:12:06.544  75 75 E APP.tag 循环计数 i = 1次
2023-01-11 18:12:06.544  75 75 I APP.tag test LOG_Trace()
2023-01-11 18:12:06.544  75 75 I vscode 循环计数 i = 1次,test LOG_Channel_Trace()
2023-01-11 18:12:06.544  75 75 E APP.tag 循环计数 i = 2次
2023-01-11 18:12:06.544  75 75 E APP.tag 循环计数 i = 3次
2023-01-11 18:12:06.544  75 75 I APP.tag test LOG_Info()
2023-01-11 18:12:06.544  75 75 I baidu 循环计数 i = 3次,test LOG_Channel_Info()
2023-01-11 18:12:06.544  75 75 E APP.tag 循环计数 i = 4次
2023-01-11 18:12:06.544  75 75 W APP.tag test LOG_Warn()
2023-01-11 18:12:06.544  75 75 W google 循环计数 i = 4次,test LOG_Channel_Warn()
2023-01-11 18:12:06.544  75 75 E APP.tag 循环计数 i = 5次
2023-01-11 18:12:06.544  75 75 E APP.tag test LOG_Error()
2023-01-11 18:12:06.544  75 75 E visio 循环计数 i = 5次,test LOG_Channel_Error()
2023-01-11 18:12:06.544  75 75 I APP.tag print coredump DataLen:2 Data[01 00]
2023-01-11 18:12:06.544  75 75 W coredump 0x0000000a 0a 00 00 00 0b 00 00 00 0c 00 00 00 0d 00 00 00 0e 00 00 00
2023-01-11 18:12:06.545  75 75 I APP.tag ****************test INFO end****************
2023-01-11 18:12:06.915  75 83 I channel139887613306624 self_thread_id = 139887613306624, last time delay.time = 9, now count = 58, i = 3
2023-01-11 18:12:06.915  75 83 I channel139887613306624 self_thread_id = 139887613306624, last time delay.time = 9, now count = 58, i = 3
2023-01-11 18:12:06.915  75 83 W channel139887613306624 self_thread_id = 139887613306624, last time delay.time = 9, now count = 58, i = 3
2023-01-11 18:12:06.915  75 83 E channel139887613306624 self_thread_id = 139887613306624, last time delay.time = 9, now count = 58, i = 3
2023-01-11 18:12:06.915  75 84 I channel139887604913920 self_thread_id = 139887604913920, last time delay.time = 11, now count = 57, i = 3
2023-01-11 18:12:06.915  75 84 I channel139887604913920 self_thread_id = 139887604913920, last time delay.time = 11, now count = 57, i = 3
2023-01-11 18:12:06.915  75 84 W channel139887604913920 self_thread_id = 139887604913920, last time delay.time = 11, now count = 57, i = 3
2023-01-11 18:12:06.915  75 78 I channel139887862236928 self_thread_id = 139887862236928, last time delay.time = 8, now count = 60, i = 3
2023-01-11 18:12:06.915  75 78 I channel139887862236928 self_thread_id = 139887862236928, last time delay.time = 8, now count = 60, i = 3
2023-01-11 18:12:06.915  75 81 I channel139887837058816 self_thread_id = 139887837058816, last time delay.time = 10, now count = 59, i = 3
2023-01-11 18:12:06.915  75 84 E channel139887604913920 self_thread_id = 139887604913920, last time delay.time = 11, now count = 57, i = 3
2023-01-11 18:12:06.915  75 78 W channel139887862236928 self_thread_id = 139887862236928, last time delay.time = 8, now count = 60, i = 3
2023-01-11 18:12:06.915  75 81 I channel139887837058816 self_thread_id = 139887837058816, last time delay.time = 10, now count = 59, i = 3
2023-01-11 18:12:06.915  75 78 E channel139887862236928 self_thread_id = 139887862236928, last time delay.time = 8, now count = 60, i = 3
2023-01-11 18:12:06.915  75 81 W channel139887837058816 self_thread_id = 139887837058816, last time delay.time = 10, now count = 59, i = 3
2023-01-11 18:12:06.915  75 81 E channel139887837058816 self_thread_id = 139887837058816, last time delay.time = 10, now count = 59, i = 3
2023-01-11 18:12:06.915  75 77 I channel139887870629632 self_thread_id = 139887870629632, last time delay.time = 9, now count = 61, i = 3
2023-01-11 18:12:06.915  75 77 I channel139887870629632 self_thread_id = 139887870629632, last time delay.time = 9, now count = 61, i = 3
2023-01-11 18:12:06.915  75 77 W channel139887870629632 self_thread_id = 139887870629632, last time delay.time = 9, now count = 61, i = 3
2023-01-11 18:12:06.915  75 77 E channel139887870629632 self_thread_id = 139887870629632, last time delay.time = 9, now count = 61, i = 3
2023-01-11 18:12:06.915  75 82 I channel139887621699328 self_thread_id = 139887621699328, last time delay.time = 8, now count = 63, i = 3
2023-01-11 18:12:06.915  75 82 I channel139887621699328 self_thread_id = 139887621699328, last time delay.time = 8, now count = 63, i = 3
2023-01-11 18:12:06.915  75 82 W channel139887621699328 self_thread_id = 139887621699328, last time delay.time = 8, now count = 63, i = 3
2023-01-11 18:12:06.915  75 82 E channel139887621699328 self_thread_id = 139887621699328, last time delay.time = 8, now count = 63, i = 3
2023-01-11 18:12:06.916  75 80 I channel139887845451520 self_thread_id = 139887845451520, last time delay.time = 9, now count = 62, i = 3
2023-01-11 18:12:06.916  75 80 I channel139887845451520 self_thread_id = 139887845451520, last time delay.time = 9, now count = 62, i = 3
2023-01-11 18:12:06.916  75 80 W channel139887845451520 self_thread_id = 139887845451520, last time delay.time = 9, now count = 62, i = 3
2023-01-11 18:12:06.916  75 80 E channel139887845451520 self_thread_id = 139887845451520, last time delay.time = 9, now count = 62, i = 3
2023-01-11 18:12:06.916  75 79 I channel139887853844224 self_thread_id = 139887853844224, last time delay.time = 9, now count = 64, i = 3
2023-01-11 18:12:06.916  75 79 I channel139887853844224 self_thread_id = 139887853844224, last time delay.time = 9, now count = 64, i = 3
2023-01-11 18:12:06.916  75 79 W channel139887853844224 self_thread_id = 139887853844224, last time delay.time = 9, now count = 64, i = 3
2023-01-11 18:12:06.916  75 79 E channel139887853844224 self_thread_id = 139887853844224, last time delay.time = 9, now count = 64, i = 3
2023-01-11 18:12:07.915  75 83 I channel139887613306624 self_thread_id = 139887613306624, last time delay.time = 9, now count = 58, i = 4
2023-01-11 18:12:07.915  75 83 I channel139887613306624 self_thread_id = 139887613306624, last time delay.time = 9, now count = 58, i = 4
2023-01-11 18:12:07.915  75 83 W channel139887613306624 self_thread_id = 139887613306624, last time delay.time = 9, now count = 58, i = 4
2023-01-11 18:12:07.915  75 83 E channel139887613306624 self_thread_id = 139887613306624, last time delay.time = 9, now count = 58, i = 4
2023-01-11 18:12:07.915  75 83 I channel139887613306624 self_thread_id = 139887613306624, last time delay.time = 9, now count = 65
2023-01-11 18:12:07.915  75 84 I channel139887604913920 self_thread_id = 139887604913920, last time delay.time = 11, now count = 57, i = 4
2023-01-11 18:12:07.915  75 84 I channel139887604913920 self_thread_id = 139887604913920, last time delay.time = 11, now count = 57, i = 4
2023-01-11 18:12:07.915  75 84 W channel139887604913920 self_thread_id = 139887604913920, last time delay.time = 11, now count = 57, i = 4
2023-01-11 18:12:07.915  75 84 E channel139887604913920 self_thread_id = 139887604913920, last time delay.time = 11, now count = 57, i = 4
2023-01-11 18:12:07.915  75 84 I channel139887604913920 self_thread_id = 139887604913920, last time delay.time = 11, now count = 66
2023-01-11 18:12:07.915  75 81 I channel139887837058816 self_thread_id = 139887837058816, last time delay.time = 10, now count = 59, i = 4
2023-01-11 18:12:07.915  75 78 I channel139887862236928 self_thread_id = 139887862236928, last time delay.time = 8, now count = 60, i = 4
2023-01-11 18:12:07.915  75 81 I channel139887837058816 self_thread_id = 139887837058816, last time delay.time = 10, now count = 59, i = 4
2023-01-11 18:12:07.915  75 81 W channel139887837058816 self_thread_id = 139887837058816, last time delay.time = 10, now count = 59, i = 4
2023-01-11 18:12:07.915  75 78 I channel139887862236928 self_thread_id = 139887862236928, last time delay.time = 8, now count = 60, i = 4
2023-01-11 18:12:07.915  75 81 E channel139887837058816 self_thread_id = 139887837058816, last time delay.time = 10, now count = 59, i = 4
2023-01-11 18:12:07.915  75 78 W channel139887862236928 self_thread_id = 139887862236928, last time delay.time = 8, now count = 60, i = 4
2023-01-11 18:12:07.915  75 81 I channel139887837058816 self_thread_id = 139887837058816, last time delay.time = 10, now count = 67
2023-01-11 18:12:07.915  75 78 E channel139887862236928 self_thread_id = 139887862236928, last time delay.time = 8, now count = 60, i = 4
2023-01-11 18:12:07.915  75 78 I channel139887862236928 self_thread_id = 139887862236928, last time delay.time = 8, now count = 68
2023-01-11 18:12:07.916  75 82 I channel139887621699328 self_thread_id = 139887621699328, last time delay.time = 8, now count = 63, i = 4
2023-01-11 18:12:07.916  75 82 I channel139887621699328 self_thread_id = 139887621699328, last time delay.time = 8, now count = 63, i = 4
2023-01-11 18:12:07.916  75 77 I channel139887870629632 self_thread_id = 139887870629632, last time delay.time = 9, now count = 61, i = 4
2023-01-11 18:12:07.916  75 82 W channel139887621699328 self_thread_id = 139887621699328, last time delay.time = 8, now count = 63, i = 4
2023-01-11 18:12:07.916  75 82 E channel139887621699328 self_thread_id = 139887621699328, last time delay.time = 8, now count = 63, i = 4
2023-01-11 18:12:07.916  75 77 I channel139887870629632 self_thread_id = 139887870629632, last time delay.time = 9, now count = 61, i = 4
2023-01-11 18:12:07.916  75 82 I channel139887621699328 self_thread_id = 139887621699328, last time delay.time = 8, now count = 69
2023-01-11 18:12:07.916  75 77 W channel139887870629632 self_thread_id = 139887870629632, last time delay.time = 9, now count = 61, i = 4
2023-01-11 18:12:07.916  75 77 E channel139887870629632 self_thread_id = 139887870629632, last time delay.time = 9, now count = 61, i = 4
2023-01-11 18:12:07.916  75 77 I channel139887870629632 self_thread_id = 139887870629632, last time delay.time = 9, now count = 70
2023-01-11 18:12:07.916  75 80 I channel139887845451520 self_thread_id = 139887845451520, last time delay.time = 9, now count = 62, i = 4
2023-01-11 18:12:07.916  75 80 I channel139887845451520 self_thread_id = 139887845451520, last time delay.time = 9, now count = 62, i = 4
2023-01-11 18:12:07.916  75 80 W channel139887845451520 self_thread_id = 139887845451520, last time delay.time = 9, now count = 62, i = 4
2023-01-11 18:12:07.916  75 80 E channel139887845451520 self_thread_id = 139887845451520, last time delay.time = 9, now count = 62, i = 4
2023-01-11 18:12:07.916  75 80 I channel139887845451520 self_thread_id = 139887845451520, last time delay.time = 9, now count = 71
2023-01-11 18:12:07.916  75 79 I channel139887853844224 self_thread_id = 139887853844224, last time delay.time = 9, now count = 64, i = 4
2023-01-11 18:12:07.916  75 79 I channel139887853844224 self_thread_id = 139887853844224, last time delay.time = 9, now count = 64, i = 4
2023-01-11 18:12:07.916  75 79 W channel139887853844224 self_thread_id = 139887853844224, last time delay.time = 9, now count = 64, i = 4
2023-01-11 18:12:07.916  75 79 E channel139887853844224 self_thread_id = 139887853844224, last time delay.time = 9, now count = 64, i = 4
2023-01-11 18:12:07.916  75 79 I channel139887853844224 self_thread_id = 139887853844224, last time delay.time = 9, now count = 72
2023-01-11 18:12:08.915  75 83 I channel139887613306624 self_thread_id = 139887613306624, last time delay.time = 8, now count = 65, i = 0
2023-01-11 18:12:08.915  75 83 I channel139887613306624 self_thread_id = 139887613306624, last time delay.time = 8, now count = 65, i = 0
2023-01-11 18:12:08.915  75 83 W channel139887613306624 self_thread_id = 139887613306624, last time delay.time = 8, now count = 65, i = 0
2023-01-11 18:12:08.915  75 83 E channel139887613306624 self_thread_id = 139887613306624, last time delay.time = 8, now count = 65, i = 0
2023-01-11 18:12:08.915  75 84 I channel139887604913920 self_thread_id = 139887604913920, last time delay.time = 8, now count = 66, i = 0
2023-01-11 18:12:08.915  75 84 I channel139887604913920 self_thread_id = 139887604913920, last time delay.time = 8, now count = 66, i = 0
2023-01-11 18:12:08.915  75 84 W channel139887604913920 self_thread_id = 139887604913920, last time delay.time = 8, now count = 66, i = 0
2023-01-11 18:12:08.915  75 84 E channel139887604913920 self_thread_id = 139887604913920, last time delay.time = 8, now count = 66, i = 0
2023-01-11 18:12:08.916  75 81 I channel139887837058816 self_thread_id = 139887837058816, last time delay.time = 9, now count = 67, i = 0
2023-01-11 18:12:08.916  75 81 I channel139887837058816 self_thread_id = 139887837058816, last time delay.time = 9, now count = 67, i = 0
2023-01-11 18:12:08.916  75 78 I channel139887862236928 self_thread_id = 139887862236928, last time delay.time = 8, now count = 68, i = 0
2023-01-11 18:12:08.916  75 81 W channel139887837058816 self_thread_id = 139887837058816, last time delay.time = 9, now count = 67, i = 0
2023-01-11 18:12:08.916  75 78 I channel139887862236928 self_thread_id = 139887862236928, last time delay.time = 8, now count = 68, i = 0
2023-01-11 18:12:08.916  75 81 E channel139887837058816 self_thread_id = 139887837058816, last time delay.time = 9, now count = 67, i = 0
2023-01-11 18:12:08.916  75 78 W channel139887862236928 self_thread_id = 139887862236928, last time delay.time = 8, now count = 68, i = 0
2023-01-11 18:12:08.916  75 78 E channel139887862236928 self_thread_id = 139887862236928, last time delay.time = 8, now count = 68, i = 0
2023-01-11 18:12:08.916  75 82 I channel139887621699328 self_thread_id = 139887621699328, last time delay.time = 9, now count = 69, i = 0
2023-01-11 18:12:08.916  75 82 I channel139887621699328 self_thread_id = 139887621699328, last time delay.time = 9, now count = 69, i = 0
2023-01-11 18:12:08.916  75 82 W channel139887621699328 self_thread_id = 139887621699328, last time delay.time = 9, now count = 69, i = 0
2023-01-11 18:12:08.916  75 77 I channel139887870629632 self_thread_id = 139887870629632, last time delay.time = 23, now count = 70, i = 0
2023-01-11 18:12:08.916  75 82 E channel139887621699328 self_thread_id = 139887621699328, last time delay.time = 9, now count = 69, i = 0
2023-01-11 18:12:08.916  75 77 I channel139887870629632 self_thread_id = 139887870629632, last time delay.time = 23, now count = 70, i = 0
2023-01-11 18:12:08.916  75 77 W channel139887870629632 self_thread_id = 139887870629632, last time delay.time = 23, now count = 70, i = 0
2023-01-11 18:12:08.916  75 77 E channel139887870629632 self_thread_id = 139887870629632, last time delay.time = 23, now count = 70, i = 0
2023-01-11 18:12:08.916  75 80 I channel139887845451520 self_thread_id = 139887845451520, last time delay.time = 8, now count = 71, i = 0
2023-01-11 18:12:08.916  75 80 I channel139887845451520 self_thread_id = 139887845451520, last time delay.time = 8, now count = 71, i = 0
2023-01-11 18:12:08.916  75 80 W channel139887845451520 self_thread_id = 139887845451520, last time delay.time = 8, now count = 71, i = 0
2023-01-11 18:12:08.916  75 80 E channel139887845451520 self_thread_id = 139887845451520, last time delay.time = 8, now count = 71, i = 0
2023-01-11 18:12:08.916  75 79 I channel139887853844224 self_thread_id = 139887853844224, last time delay.time = 8, now count = 72, i = 0
2023-01-11 18:12:08.916  75 79 I channel139887853844224 self_thread_id = 139887853844224, last time delay.time = 8, now count = 72, i = 0
2023-01-11 18:12:08.916  75 79 W channel139887853844224 self_thread_id = 139887853844224, last time delay.time = 8, now count = 72, i = 0
2023-01-11 18:12:08.916  75 79 E channel139887853844224 self_thread_id = 139887853844224, last time delay.time = 8, now count = 72, i = 0
2023-01-11 18:12:09.916  75 83 I channel139887613306624 self_thread_id = 139887613306624, last time delay.time = 8, now count = 65, i = 1
2023-01-11 18:12:09.916  75 83 I channel139887613306624 self_thread_id = 139887613306624, last time delay.time = 8, now count = 65, i = 1
2023-01-11 18:12:09.916  75 83 W channel139887613306624 self_thread_id = 139887613306624, last time delay.time = 8, now count = 65, i = 1
2023-01-11 18:12:09.916  75 83 E channel139887613306624 self_thread_id = 139887613306624, last time delay.time = 8, now count = 65, i = 1
2023-01-11 18:12:09.916  75 84 I channel139887604913920 self_thread_id = 139887604913920, last time delay.time = 8, now count = 66, i = 1
2023-01-11 18:12:09.916  75 84 I channel139887604913920 self_thread_id = 139887604913920, last time delay.time = 8, now count = 66, i = 1
2023-01-11 18:12:09.916  75 84 W channel139887604913920 self_thread_id = 139887604913920, last time delay.time = 8, now count = 66, i = 1
2023-01-11 18:12:09.916  75 84 E channel139887604913920 self_thread_id = 139887604913920, last time delay.time = 8, now count = 66, i = 1
2023-01-11 18:12:09.916  75 81 I channel139887837058816 self_thread_id = 139887837058816, last time delay.time = 9, now count = 67, i = 1
2023-01-11 18:12:09.916  75 81 I channel139887837058816 self_thread_id = 139887837058816, last time delay.time = 9, now count = 67, i = 1
2023-01-11 18:12:09.916  75 81 W channel139887837058816 self_thread_id = 139887837058816, last time delay.time = 9, now count = 67, i = 1
2023-01-11 18:12:09.916  75 81 E channel139887837058816 self_thread_id = 139887837058816, last time delay.time = 9, now count = 67, i = 1
2023-01-11 18:12:09.916  75 78 I channel139887862236928 self_thread_id = 139887862236928, last time delay.time = 8, now count = 68, i = 1
2023-01-11 18:12:09.916  75 82 I channel139887621699328 self_thread_id = 139887621699328, last time delay.time = 9, now count = 69, i = 1
2023-01-11 18:12:09.916  75 78 I channel139887862236928 self_thread_id = 139887862236928, last time delay.time = 8, now count = 68, i = 1
2023-01-11 18:12:09.916  75 78 W channel139887862236928 self_thread_id = 139887862236928, last time delay.time = 8, now count = 68, i = 1
2023-01-11 18:12:09.916  75 82 I channel139887621699328 self_thread_id = 139887621699328, last time delay.time = 9, now count = 69, i = 1
2023-01-11 18:12:09.916  75 77 I channel139887870629632 self_thread_id = 139887870629632, last time delay.time = 23, now count = 70, i = 1
