2023-01-11 18:00:22.781  75 79 I channel139887853844224 self_thread_id = 139887853844224, last time delay.time = 7, now count = 935, i = 4
2023-01-11 18:00:22.781  75 79 W channel139887853844224 self_thread_id = 139887853844224, last time delay.time = 7, now count = 935, i = 4
2023-01-11 18:00:22.781  75 79 E channel139887853844224 self_thread_id = 139887853844224, last time delay.time = 7, now count = 935, i = 4
2023-01-11 18:00:22.781  75 79 I channel139887853844224 self_thread_id = 139887853844224, last time delay.time = 7, now count = 943
2023-01-11 18:00:22.782  75 83 I channel139887613306624 self_thread_id = 139887613306624, last time delay.time = 8, now count = 936, i = 4
2023-01-11 18:00:22.782  75 83 I channel139887613306624 self_thread_id = 139887613306624, last time delay.time = 8, now count = 936, i = 4
2023-01-11 18:00:22.782  75 83 W channel139887613306624 self_thread_id = 139887613306624, last time delay.time = 8, now count = 936, i = 4
2023-01-11 18:00:22.782  75 83 E channel139887613306624 self_thread_id = 139887613306624, last time delay.time = 8, now count = 936, i = 4
2023-01-11 18:00:22.782  75 83 I channel139887613306624 self_thread_id = 139887613306624, last time delay.time = 8, now count = 944
2023-01-11 18:00:23.780  75 82 I channel139887621699328 self_thread_id = 139887621699328, last time delay.time = 8, now count = 937, i = 0
2023-01-11 18:00:23.780  75 82 I channel139887621699328 self_thread_id = 139887621699328, last time delay.time = 8, now count = 937, i = 0
2023-01-11 18:00:23.780  75 82 W channel139887621699328 self_thread_id = 139887621699328, last time delay.time = 8, now count = 937, i = 0
2023-01-11 18:00:23.780  75 82 E channel139887621699328 self_thread_id = 139887621699328, last time delay.time = 8, now count = 937, i = 0
2023-01-11 18:00:23.780  75 80 I channel139887845451520 self_thread_id = 139887845451520, last time delay.time = 10, now count = 939, i = 0
2023-01-11 18:00:23.780  75 78 I channel139887862236928 self_thread_id = 139887862236928, last time delay.time = 9, now count = 938, i = 0
2023-01-11 18:00:23.780  75 80 I channel139887845451520 self_thread_id = 139887845451520, last time delay.time = 10, now count = 939, i = 0
2023-01-11 18:00:23.780  75 80 W channel139887845451520 self_thread_id = 139887845451520, last time delay.time = 10, now count = 939, i = 0
2023-01-11 18:00:23.780  75 78 I channel139887862236928 self_thread_id = 139887862236928, last time delay.time = 9, now count = 938, i = 0
2023-01-11 18:00:23.780  75 80 E channel139887845451520 self_thread_id = 139887845451520, last time delay.time = 10, now count = 939, i = 0
2023-01-11 18:00:23.780  75 78 W channel139887862236928 self_thread_id = 139887862236928, last time delay.time = 9, now count = 938, i = 0
2023-01-11 18:00:23.780  75 78 E channel139887862236928 self_thread_id = 139887862236928, last time delay.time = 9, now count = 938, i = 0
2023-01-11 18:00:23.780  75 84 I channel139887604913920 self_thread_id = 139887604913920, last time delay.time = 8, now count = 941, i = 0
2023-01-11 18:00:23.780  75 84 I channel139887604913920 self_thread_id = 139887604913920, last time delay.time = 8, now count = 941, i = 0
2023-01-11 18:00:23.780  75 84 W channel139887604913920 self_thread_id = 139887604913920, last time delay.time = 8, now count = 941, i = 0
2023-01-11 18:00:23.780  75 84 E channel139887604913920 self_thread_id = 139887604913920, last time delay.time = 8, now count = 941, i = 0
2023-01-11 18:00:23.780  75 77 I channel139887870629632 self_thread_id = 139887870629632, last time delay.time = 11, now count = 940, i = 0
2023-01-11 18:00:23.780  75 77 I channel139887870629632 self_thread_id = 139887870629632, last time delay.time = 11, now count = 940, i = 0
2023-01-11 18:00:23.780  75 77 W channel139887870629632 self_thread_id = 139887870629632, last time delay.time = 11, now count = 940, i = 0
2023-01-11 18:00:23.780  75 81 I channel139887837058816 self_thread_id = 139887837058816, last time delay.time = 9, now count = 942, i = 0
2023-01-11 18:00:23.780  75 77 E channel139887870629632 self_thread_id = 139887870629632, last time delay.time = 11, now count = 940, i = 0
2023-01-11 18:00:23.780  75 81 I channel139887837058816 self_thread_id = 139887837058816, last time delay.time = 9, now count = 942, i = 0
2023-01-11 18:00:23.780  75 81 W channel139887837058816 self_thread_id = 139887837058816, last time delay.time = 9, now count = 942, i = 0
2023-01-11 18:00:23.780  75 81 E channel139887837058816 self_thread_id = 139887837058816, last time delay.time = 9, now count = 942, i = 0
2023-01-11 18:00:23.781  75 79 I channel139887853844224 self_thread_id = 139887853844224, last time delay.time = 8, now count = 943, i = 0
2023-01-11 18:00:23.781  75 79 I channel139887853844224 self_thread_id = 139887853844224, last time delay.time = 8, now count = 943, i = 0
2023-01-11 18:00:23.781  75 79 W channel139887853844224 self_thread_id = 139887853844224, last time delay.time = 8, now count = 943, i = 0
2023-01-11 18:00:23.781  75 79 E channel139887853844224 self_thread_id = 139887853844224, last time delay.time = 8, now count = 943, i = 0
2023-01-11 18:00:23.782  75 83 I channel139887613306624 self_thread_id = 139887613306624, last time delay.time = 8, now count = 944, i = 0
2023-01-11 18:00:23.782  75 83 I channel139887613306624 self_thread_id = 139887613306624, last time delay.time = 8, now count = 944, i = 0
2023-01-11 18:00:23.782  75 83 W channel139887613306624 self_thread_id = 139887613306624, last time delay.time = 8, now count = 944, i = 0
2023-01-11 18:00:23.782  75 83 E channel139887613306624 self_thread_id = 139887613306624, last time delay.time = 8, now count = 944, i = 0
2023-01-11 18:00:24.780  75 82 I channel139887621699328 self_thread_id = 139887621699328, last time delay.time = 8, now count = 937, i = 1
2023-01-11 18:00:24.780  75 82 I channel139887621699328 self_thread_id = 139887621699328, last time delay.time = 8, now count = 937, i = 1
2023-01-11 18:00:24.780  75 82 W channel139887621699328 self_thread_id = 139887621699328, last time delay.time = 8, now count = 937, i = 1
2023-01-11 18:00:24.780  75 82 E channel139887621699328 self_thread_id = 139887621699328, last time delay.time = 8, now count = 937, i = 1
2023-01-11 18:00:24.780  75 78 I channel139887862236928 self_thread_id = 139887862236928, last time delay.time = 9, now count = 938, i = 1
2023-01-11 18:00:24.780  75 78 I channel139887862236928 self_thread_id = 139887862236928, last time delay.time = 9, now count = 938, i = 1
2023-01-11 18:00:24.780  75 78 W channel139887862236928 self_thread_id = 139887862236928, last time delay.time = 9, now count = 938, i = 1
2023-01-11 18:00:24.780  75 80 I channel139887845451520 self_thread_id = 139887845451520, last time delay.time = 10, now count = 939, i = 1
2023-01-11 18:00:24.780  75 78 E channel139887862236928 self_thread_id = 139887862236928, last time delay.time = 9, now count = 938, i = 1
2023-01-11 18:00:24.780  75 84 I channel139887604913920 self_thread_id = 139887604913920, last time delay.time = 8, now count = 941, i = 1
2023-01-11 18:00:24.780  75 80 I channel139887845451520 self_thread_id = 139887845451520, last time delay.time = 10, now count = 939, i = 1
2023-01-11 18:00:24.780  75 80 W channel139887845451520 self_thread_id = 139887845451520, last time delay.time = 10, now count = 939, i = 1
2023-01-11 18:00:24.780  75 84 I channel139887604913920 self_thread_id = 139887604913920, last time delay.time = 8, now count = 941, i = 1
2023-01-11 18:00:24.780  75 84 W channel139887604913920 self_thread_id = 139887604913920, last time delay.time = 8, now count = 941, i = 1
2023-01-11 18:00:24.780  75 80 E channel139887845451520 self_thread_id = 139887845451520, last time delay.time = 10, now count = 939, i = 1
2023-01-11 18:00:24.780  75 84 E channel139887604913920 self_thread_id = 139887604913920, last time delay.time = 8, now count = 941, i = 1
2023-01-11 18:00:24.780  75 77 I channel139887870629632 self_thread_id = 139887870629632, last time delay.time = 11, now count = 940, i = 1
2023-01-11 18:00:24.780  75 77 I channel139887870629632 self_thread_id = 139887870629632, last time delay.time = 11, now count = 940, i = 1
2023-01-11 18:00:24.780  75 77 W channel139887870629632 self_thread_id = 139887870629632, last time delay.time = 11, now count = 940, i = 1
2023-01-11 18:00:24.780  75 81 I channel139887837058816 self_thread_id = 139887837058816, last time delay.time = 9, now count = 942, i = 1
2023-01-11 18:00:24.780  75 77 E channel139887870629632 self_thread_id = 139887870629632, last time delay.time = 11, now count = 940, i = 1
2023-01-11 18:00:24.780  75 81 I channel139887837058816 self_thread_id = 139887837058816, last time delay.time = 9, now count = 942, i = 1
2023-01-11 18:00:24.780  75 81 W channel139887837058816 self_thread_id = 139887837058816, last time delay.time = 9, now count = 942, i = 1
2023-01-11 18:00:24.780  75 81 E channel139887837058816 self_thread_id = 139887837058816, last time delay.time = 9, now count = 942, i = 1
2023-01-11 18:00:24.781  75 79 I channel139887853844224 self_thread_id = 139887853844224, last time delay.time = 8, now count = 943, i = 1
2023-01-11 18:00:24.781  75 79 I channel139887853844224 self_thread_id = 139887853844224, last time delay.time = 8, now count = 943, i = 1
2023-01-11 18:00:24.781  75 79 W channel139887853844224 self_thread_id = 139887853844224, last time delay.time = 8, now count = 943, i = 1
2023-01-11 18:00:24.781  75 79 E channel139887853844224 self_thread_id = 139887853844224, last time delay.time = 8, now count = 943, i = 1
2023-01-11 18:00:24.783  75 83 I channel139887613306624 self_thread_id = 139887613306624, last time delay.time = 8, now count = 944, i = 1
2023-01-11 18:00:24.783  75 83 I channel139887613306624 self_thread_id = 139887613306624, last time delay.time = 8, now count = 944, i = 1
2023-01-11 18:00:24.783  75 83 W channel139887613306624 self_thread_id = 139887613306624, last time delay.time = 8, now count = 944, i = 1
2023-01-11 18:00:24.783  75 83 E channel139887613306624 self_thread_id = 139887613306624, last time delay.time = 8, now count = 944, i = 1
2023-01-11 18:00:25.780  75 82 I channel139887621699328 self_thread_id = 139887621699328, last time delay.time = 8, now count = 937, i = 2
2023-01-11 18:00:25.780  75 82 I channel139887621699328 self_thread_id = 139887621699328, last time delay.time = 8, now count = 937, i = 2
2023-01-11 18:00:25.780  75 82 W channel139887621699328 self_thread_id = 139887621699328, last time delay.time = 8, now count = 937, i = 2
2023-01-11 18:00:25.780  75 82 E channel139887621699328 self_thread_id = 139887621699328, last time delay.time = 8, now count = 937, i = 2
2023-01-11 18:00:25.780  75 78 I channel139887862236928 self_thread_id = 139887862236928, last time delay.time = 9, now count = 938, i = 2
2023-01-11 18:00:25.780  75 84 I channel139887604913920 self_thread_id = 139887604913920, last time delay.time = 8, now count = 941, i = 2
2023-01-11 18:00:25.780  75 78 I channel139887862236928 self_thread_id = 139887862236928, last time delay.time = 9, now count = 938, i = 2
2023-01-11 18:00:25.780  75 78 W channel139887862236928 self_thread_id = 139887862236928, last time delay.time = 9, now count = 938, i = 2
2023-01-11 18:00:25.780  75 84 I channel139887604913920 self_thread_id = 139887604913920, last time delay.time = 8, now count = 941, i = 2
2023-01-11 18:00:25.780  75 78 E channel139887862236928 self_thread_id = 139887862236928, last time delay.time = 9, now count = 938, i = 2
2023-01-11 18:00:25.780  75 84 W channel139887604913920 self_thread_id = 139887604913920, last time delay.time = 8, now count = 941, i = 2
2023-01-11 18:00:25.780  75 84 E channel139887604913920 self_thread_id = 139887604913920, last time delay.time = 8, now count = 941, i = 2
2023-01-11 18:00:25.780  75 80 I channel139887845451520 self_thread_id = 139887845451520, last time delay.time = 10, now count = 939, i = 2
2023-01-11 18:00:25.780  75 80 I channel139887845451520 self_thread_id = 139887845451520, last time delay.time = 10, now count = 939, i = 2
2023-01-11 18:00:25.780  75 80 W channel139887845451520 self_thread_id = 139887845451520, last time delay.time = 10, now count = 939, i = 2
2023-01-11 18:00:25.780  75 77 I channel139887870629632 self_thread_id = 139887870629632, last time delay.time = 11, now count = 940, i = 2
2023-01-11 18:00:25.780  75 80 E channel139887845451520 self_thread_id = 139887845451520, last time delay.time = 10, now count = 939, i = 2
2023-01-11 18:00:25.780  75 77 I channel139887870629632 self_thread_id = 139887870629632, last time delay.time = 11, now count = 940, i = 2
2023-01-11 18:00:25.780  75 77 W channel139887870629632 self_thread_id = 139887870629632, last time delay.time = 11, now count = 940, i = 2
2023-01-11 18:00:25.780  75 77 E channel139887870629632 self_thread_id = 139887870629632, last time delay.time = 11, now count = 940, i = 2
2023-01-11 18:00:25.781  75 81 I channel139887837058816 self_thread_id = 139887837058816, last time delay.time = 9, now count = 942, i = 2
2023-01-11 18:00:25.781  75 81 I channel139887837058816 self_thread_id = 139887837058816, last time delay.time = 9, now count = 942, i = 2
2023-01-11 18:00:25.781  75 81 W channel139887837058816 self_thread_id = 139887837058816, last time delay.time = 9, now count = 942, i = 2
2023-01-11 18:00:25.781  75 81 E channel139887837058816 self_thread_id = 139887837058816, last time delay.time = 9, now count = 942, i = 2
2023-01-11 18:00:25.782  75 79 I channel139887853844224 self_thread_id = 139887853844224, last time delay.time = 8, now count = 943, i = 2
2023-01-11 18:00:25.782  75 79 I channel139887853844224 self_thread_id = 139887853844224, last time delay.time = 8, now count = 943, i = 2
2023-01-11 18:00:25.782  75 79 W channel139887853844224 self_thread_id = 139887853844224, last time delay.time = 8, now count = 943, i = 2
2023-01-11 18:00:25.782  75 79 E channel139887853844224 self_thread_id = 139887853844224, last time delay.time = 8, now count = 943, i = 2
2023-01-11 18:00:25.783  75 83 I channel139887613306624 self_thread_id = 139887613306624, last time delay.time = 8, now count = 944, i = 2
2023-01-11 18:00:25.783  75 83 I channel139887613306624 self_thread_id = 139887613306624, last time delay.time = 8, now count = 944, i = 2
2023-01-11 18:00:25.783  75 83 W channel139887613306624 self_thread_id = 139887613306624, last time delay.time = 8, now count = 944, i = 2
2023-01-11 18:00:25.783  75 83 E channel139887613306624 self_thread_id = 139887613306624, last time delay.time = 8, now count = 944, i = 2
2023-01-11 18:00:26.522  75 75 I APP.tag TestComponent::Proc
2023-01-11 18:00:26.522  75 75 I APP.tag ****************test INFO begin****************
2023-01-11 18:00:26.522  75 75 I APP.tag 测试 index = 810组
2023-01-11 18:00:26.522  75 75 E APP.tag 循环计数 i = 1次
2023-01-11 18:00:26.522  75 75 I APP.tag test LOG_Trace()
2023-01-11 18:00:26.522  75 75 I vscode 循环计数 i = 1次,test LOG_Channel_Trace()
2023-01-11 18:00:26.522  75 75 E APP.tag 循环计数 i = 2次
2023-01-11 18:00:26.522  75 75 E APP.tag 循环计数 i = 3次
2023-01-11 18:00:26.522  75 75 I APP.tag test LOG_Info()
2023-01-11 18:00:26.522  75 75 I baidu 循环计数 i = 3次,test LOG_Channel_Info()
2023-01-11 18:00:26.522  75 75 E APP.tag 循环计数 i = 4次
2023-01-11 18:00:26.522  75 75 W APP.tag test LOG_Warn()
2023-01-11 18:00:26.522  75 75 W google 循环计数 i = 4次,test LOG_Channel_Warn()
2023-01-11 18:00:26.522  75 75 E APP.tag 循环计数 i = 5次
2023-01-11 18:00:26.522  75 75 E APP.tag test LOG_Error()
2023-01-11 18:00:26.522  75 75 E visio 循环计数 i = 5次,test LOG_Channel_Error()
2023-01-11 18:00:26.522  75 75 I APP.tag print coredump DataLen:2 Data[01 00]
2023-01-11 18:00:26.522  75 75 W coredump 0x0000000a 0a 00 00 00 0b 00 00 00 0c 00 00 00 0d 00 00 00 0e 00 00 00
2023-01-11 18:00:26.522  75 75 I APP.tag ****************test INFO end****************
2023-01-11 18:00:26.780  75 82 I channel139887621699328 self_thread_id = 139887621699328, last time delay.time = 8, now count = 937, i = 3
2023-01-11 18:00:26.780  75 82 I channel139887621699328 self_thread_id = 139887621699328, last time delay.time = 8, now count = 937, i = 3
2023-01-11 18:00:26.780  75 82 W channel139887621699328 self_thread_id = 139887621699328, last time delay.time = 8, now count = 937, i = 3
2023-01-11 18:00:26.780  75 82 E channel139887621699328 self_thread_id = 139887621699328, last time delay.time = 8, now count = 937, i = 3
2023-01-11 18:00:26.781  75 84 I channel139887604913920 self_thread_id = 139887604913920, last time delay.time = 8, now count = 941, i = 3
2023-01-11 18:00:26.781  75 84 I channel139887604913920 self_thread_id = 139887604913920, last time delay.time = 8, now count = 941, i = 3
2023-01-11 18:00:26.781  75 84 W channel139887604913920 self_thread_id = 139887604913920, last time delay.time = 8, now count = 941, i = 3
2023-01-11 18:00:26.781  75 84 E channel139887604913920 self_thread_id = 139887604913920, last time delay.time = 8, now count = 941, i = 3
2023-01-11 18:00:26.781  75 78 I channel139887862236928 self_thread_id = 139887862236928, last time delay.time = 9, now count = 938, i = 3
2023-01-11 18:00:26.781  75 78 I channel139887862236928 self_thread_id = 139887862236928, last time delay.time = 9, now count = 938, i = 3
2023-01-11 18:00:26.781  75 77 I channel139887870629632 self_thread_id = 139887870629632, last time delay.time = 11, now count = 940, i = 3
2023-01-11 18:00:26.781  75 78 W channel139887862236928 self_thread_id = 139887862236928, last time delay.time = 9, now count = 938, i = 3
2023-01-11 18:00:26.781  75 78 E channel139887862236928 self_thread_id = 139887862236928, last time delay.time = 9, now count = 938, i = 3
2023-01-11 18:00:26.781  75 77 I channel139887870629632 self_thread_id = 139887870629632, last time delay.time = 11, now count = 940, i = 3
2023-01-11 18:00:26.781  75 77 W channel139887870629632 self_thread_id = 139887870629632, last time delay.time = 11, now count = 940, i = 3
2023-01-11 18:00:26.781  75 80 I channel139887845451520 self_thread_id = 139887845451520, last time delay.time = 10, now count = 939, i = 3
2023-01-11 18:00:26.781  75 77 E channel139887870629632 self_thread_id = 139887870629632, last time delay.time = 11, now count = 940, i = 3
2023-01-11 18:00:26.781  75 80 I channel139887845451520 self_thread_id = 139887845451520, last time delay.time = 10, now count = 939, i = 3
2023-01-11 18:00:26.781  75 80 W channel139887845451520 self_thread_id = 139887845451520, last time delay.time = 10, now count = 939, i = 3
2023-01-11 18:00:26.781  75 80 E channel139887845451520 self_thread_id = 139887845451520, last time delay.time = 10, now count = 939, i = 3
2023-01-11 18:00:26.781  75 81 I channel139887837058816 self_thread_id = 139887837058816, last time delay.time = 9, now count = 942, i = 3
2023-01-11 18:00:26.781  75 81 I channel139887837058816 self_thread_id = 139887837058816, last time delay.time = 9, now count = 942, i = 3
2023-01-11 18:00:26.781  75 81 W channel139887837058816 self_thread_id = 139887837058816, last time delay.time = 9, now count = 942, i = 3
2023-01-11 18:00:26.781  75 81 E channel139887837058816 self_thread_id = 139887837058816, last time delay.time = 9, now count = 942, i = 3
2023-01-11 18:00:26.782  75 79 I channel139887853844224 self_thread_id = 139887853844224, last time delay.time = 8, now count = 943, i = 3
2023-01-11 18:00:26.782  75 79 I channel139887853844224 self_thread_id = 139887853844224, last time delay.time = 8, now count = 943, i = 3
2023-01-11 18:00:26.782  75 79 W channel139887853844224 self_thread_id = 139887853844224, last time delay.time = 8, now count = 943, i = 3
2023-01-11 18:00:26.782  75 79 E channel139887853844224 self_thread_id = 139887853844224, last time delay.time = 8, now count = 943, i = 3
2023-01-11 18:00:26.783  75 83 I channel139887613306624 self_thread_id = 139887613306624, last time delay.time = 8, now count = 944, i = 3
2023-01-11 18:00:26.783  75 83 I channel139887613306624 self_thread_id = 139887613306624, last time delay.time = 8, now count = 944, i = 3
2023-01-11 18:00:26.783  75 83 W channel139887613306624 self_thread_id = 139887613306624, last time delay.time = 8, now count = 944, i = 3
2023-01-11 18:00:26.783  75 83 E channel139887613306624 self_thread_id = 139887613306624, last time delay.time = 8, now count = 944, i = 3
2023-01-11 18:00:27.781  75 82 I channel139887621699328 self_thread_id = 139887621699328, last time delay.time = 8, now count = 937, i = 4
2023-01-11 18:00:27.781  75 82 I channel139887621699328 self_thread_id = 139887621699328, last time delay.time = 8, now count = 937, i = 4
2023-01-11 18:00:27.781  75 82 W channel139887621699328 self_thread_id = 139887621699328, last time delay.time = 8, now count = 937, i = 4
2023-01-11 18:00:27.781  75 82 E channel139887621699328 self_thread_id = 139887621699328, last time delay.time = 8, now count = 937, i = 4
2023-01-11 18:00:27.781  75 82 I channel139887621699328 self_thread_id = 139887621699328, last time delay.time = 8, now count = 945
2023-01-11 18:00:27.781  75 84 I channel139887604913920 self_thread_id = 139887604913920, last time delay.time = 8, now count = 941, i = 4
2023-01-11 18:00:27.781  75 84 I channel139887604913920 self_thread_id = 139887604913920, last time delay.time = 8, now count = 941, i = 4
2023-01-11 18:00:27.781  75 84 W channel139887604913920 self_thread_id = 139887604913920, last time delay.time = 8, now count = 941, i = 4
2023-01-11 18:00:27.781  75 84 E channel139887604913920 self_thread_id = 139887604913920, last time delay.time = 8, now count = 941, i = 4
2023-01-11 18:00:27.781  75 84 I channel139887604913920 self_thread_id = 139887604913920, last time delay.time = 8, now count = 946
2023-01-11 18:00:27.781  75 77 I channel139887870629632 self_thread_id = 139887870629632, last time delay.time = 11, now count = 940, i = 4
2023-01-11 18:00:27.781  75 80 I channel139887845451520 self_thread_id = 139887845451520, last time delay.time = 10, now count = 939, i = 4
2023-01-11 18:00:27.781  75 77 I channel139887870629632 self_thread_id = 139887870629632, last time delay.time = 11, now count = 940, i = 4
2023-01-11 18:00:27.781  75 77 W channel139887870629632 self_thread_id = 139887870629632, last time delay.time = 11, now count = 940, i = 4
2023-01-11 18:00:27.781  75 77 E channel139887870629632 self_thread_id = 139887870629632, last time delay.time = 11, now count = 940, i = 4
2023-01-11 18:00:27.781  75 80 I channel139887845451520 self_thread_id = 139887845451520, last time delay.time = 10, now count = 939, i = 4
2023-01-11 18:00:27.781  75 78 I channel139887862236928 self_thread_id = 139887862236928, last time delay.time = 9, now count = 938, i = 4
2023-01-11 18:00:27.781  75 80 W channel139887845451520 self_thread_id = 139887845451520, last time delay.time = 10, now count = 939, i = 4
2023-01-11 18:00:27.781  75 77 I channel139887870629632 self_thread_id = 139887870629632, last time delay.time = 11, now count = 947
2023-01-11 18:00:27.781  75 80 E channel139887845451520 self_thread_id = 139887845451520, last time delay.time = 10, now count = 939, i = 4
2023-01-11 18:00:27.781  75 78 I channel139887862236928 self_thread_id = 139887862236928, last time delay.time = 9, now count = 938, i = 4
2023-01-11 18:00:27.781  75 80 I channel139887845451520 self_thread_id = 139887845451520, last time delay.time = 10, now count = 948
2023-01-11 18:00:27.781  75 78 W channel139887862236928 self_thread_id = 139887862236928, last time delay.time = 9, now count = 938, i = 4
2023-01-11 18:00:27.781  75 78 E channel139887862236928 self_thread_id = 139887862236928, last time delay.time = 9, now count = 938, i = 4
2023-01-11 18:00:27.781  75 78 I channel139887862236928 self_thread_id = 139887862236928, last time delay.time = 9, now count = 949
2023-01-11 18:00:27.781  75 81 I channel139887837058816 self_thread_id = 139887837058816, last time delay.time = 9, now count = 942, i = 4
2023-01-11 18:00:27.781  75 81 I channel139887837058816 self_thread_id = 139887837058816, last time delay.time = 9, now count = 942, i = 4
2023-01-11 18:00:27.781  75 81 W channel139887837058816 self_thread_id = 139887837058816, last time delay.time = 9, now count = 942, i = 4
2023-01-11 18:00:27.781  75 81 E channel139887837058816 self_thread_id = 139887837058816, last time delay.time = 9, now count = 942, i = 4
2023-01-11 18:00:27.781  75 81 I channel139887837058816 self_thread_id = 139887837058816, last time delay.time = 9, now count = 950
2023-01-11 18:00:27.782  75 79 I channel139887853844224 self_thread_id = 139887853844224, last time delay.time = 8, now count = 943, i = 4
2023-01-11 18:00:27.782  75 79 I channel139887853844224 self_thread_id = 139887853844224, last time delay.time = 8, now count = 943, i = 4
2023-01-11 18:00:27.782  75 79 W channel139887853844224 self_thread_id = 139887853844224, last time delay.time = 8, now count = 943, i = 4
2023-01-11 18:00:27.782  75 79 E channel139887853844224 self_thread_id = 139887853844224, last time delay.time = 8, now count = 943, i = 4
2023-01-11 18:00:27.782  75 79 I channel139887853844224 self_thread_id = 139887853844224, last time delay.time = 8, now count = 951
2023-01-11 18:00:27.783  75 83 I channel139887613306624 self_thread_id = 139887613306624, last time delay.time = 8, now count = 944, i = 4
2023-01-11 18:00:27.783  75 83 I channel139887613306624 self_thread_id = 139887613306624, last time delay.time = 8, now count = 944, i = 4
2023-01-11 18:00:27.783  75 83 W channel139887613306624 self_thread_id = 139887613306624, last time delay.time = 8, now count = 944, i = 4
2023-01-11 18:00:27.783  75 83 E channel139887613306624 self_thread_id = 139887613306624, last time delay.time = 8, now count = 944, i = 4
2023-01-11 18:00:27.783  75 83 I channel139887613306624 self_thread_id = 139887613306624, last time delay.time = 8, now count = 952
2023-01-11 18:00:28.781  75 82 I channel139887621699328 self_thread_id = 139887621699328, last time delay.time = 9, now count = 945, i = 0
2023-01-11 18:00:28.781  75 82 I channel139887621699328 self_thread_id = 139887621699328, last time delay.time = 9, now count = 945, i = 0
2023-01-11 18:00:28.781  75 82 W channel139887621699328 self_thread_id = 139887621699328, last time delay.time = 9, now count = 945, i = 0
2023-01-11 18:00:28.781  75 82 E channel139887621699328 self_thread_id = 139887621699328, last time delay.time = 9, now count = 945, i = 0
2023-01-11 18:00:28.781  75 84 I channel139887604913920 self_thread_id = 139887604913920, last time delay.time = 9, now count = 946, i = 0
2023-01-11 18:00:28.781  75 84 I channel139887604913920 self_thread_id = 139887604913920, last time delay.time = 9, now count = 946, i = 0
2023-01-11 18:00:28.781  75 84 W channel139887604913920 self_thread_id = 139887604913920, last time delay.time = 9, now count = 946, i = 0
2023-01-11 18:00:28.781  75 84 E channel139887604913920 self_thread_id = 139887604913920, last time delay.time = 9, now count = 946, i = 0
2023-01-11 18:00:28.781  75 77 I channel139887870629632 self_thread_id = 139887870629632, last time delay.time = 11, now count = 947, i = 0
2023-01-11 18:00:28.781  75 77 I channel139887870629632 self_thread_id = 139887870629632, last time delay.time = 11, now count = 947, i = 0
2023-01-11 18:00:28.781  75 80 I channel139887845451520 self_thread_id = 139887845451520, last time delay.time = 10, now count = 948, i = 0
2023-01-11 18:00:28.781  75 77 W channel139887870629632 self_thread_id = 139887870629632, last time delay.time = 11, now count = 947, i = 0
2023-01-11 18:00:28.781  75 78 I channel139887862236928 self_thread_id = 139887862236928, last time delay.time = 8, now count = 949, i = 0
2023-01-11 18:00:28.781  75 80 I channel139887845451520 self_thread_id = 139887845451520, last time delay.time = 10, now count = 948, i = 0
2023-01-11 18:00:28.781  75 80 W channel139887845451520 self_thread_id = 139887845451520, last time delay.time = 10, now count = 948, i = 0
2023-01-11 18:00:28.781  75 78 I channel139887862236928 self_thread_id = 139887862236928, last time delay.time = 8, now count = 949, i = 0
2023-01-11 18:00:28.781  75 80 E channel139887845451520 self_thread_id = 139887845451520, last time delay.time = 10, now count = 948, i = 0
2023-01-11 18:00:28.781  75 78 W channel139887862236928 self_thread_id = 139887862236928, last time delay.time = 8, now count = 949, i = 0
2023-01-11 18:00:28.781  75 77 E channel139887870629632 self_thread_id = 139887870629632, last time delay.time = 11, now count = 947, i = 0
2023-01-11 18:00:28.781  75 78 E channel139887862236928 self_thread_id = 139887862236928, last time delay.time = 8, now count = 949, i = 0
2023-01-11 18:00:28.781  75 81 I channel139887837058816 self_thread_id = 139887837058816, last time delay.time = 8, now count = 950, i = 0
2023-01-11 18:00:28.781  75 81 I channel139887837058816 self_thread_id = 139887837058816, last time delay.time = 8, now count = 950, i = 0
2023-01-11 18:00:28.781  75 81 W channel139887837058816 self_thread_id = 139887837058816, last time delay.time = 8, now count = 950, i = 0
2023-01-11 18:00:28.781  75 81 E channel139887837058816 self_thread_id = 139887837058816, last time delay.time = 8, now count = 950, i = 0
2023-01-11 18:00:28.782  75 79 I channel139887853844224 self_thread_id = 139887853844224, last time delay.time = 8, now count = 951, i = 0
2023-01-11 18:00:28.782  75 79 I channel139887853844224 self_thread_id = 139887853844224, last time delay.time = 8, now count = 951, i = 0
2023-01-11 18:00:28.782  75 79 W channel139887853844224 self_thread_id = 139887853844224, last time delay.time = 8, now count = 951, i = 0
2023-01-11 18:00:28.782  75 79 E channel139887853844224 self_thread_id = 139887853844224, last time delay.time = 8, now count = 951, i = 0
2023-01-11 18:00:28.783  75 83 I channel139887613306624 self_thread_id = 139887613306624, last time delay.time = 11, now count = 952, i = 0
2023-01-11 18:00:28.783  75 83 I channel139887613306624 self_thread_id = 139887613306624, last time delay.time = 11, now count = 952, i = 0
2023-01-11 18:00:28.783  75 83 W channel139887613306624 self_thread_id = 139887613306624, last time delay.time = 11, now count = 952, i = 0
2023-01-11 18:00:28.783  75 83 E channel139887613306624 self_thread_id = 139887613306624, last time delay.time = 11, now count = 952, i = 0
2023-01-11 18:00:29.781  75 82 I channel139887621699328 self_thread_id = 139887621699328, last time delay.time = 9, now count = 945, i = 1
2023-01-11 18:00:29.781  75 82 I channel139887621699328 self_thread_id = 139887621699328, last time delay.time = 9, now count = 945, i = 1
2023-01-11 18:00:29.781  75 82 W channel139887621699328 self_thread_id = 139887621699328, last time delay.time = 9, now count = 945, i = 1
2023-01-11 18:00:29.781  75 82 E channel139887621699328 self_thread_id = 139887621699328, last time delay.time = 9, now count = 945, i = 1
2023-01-11 18:00:29.781  75 84 I channel139887604913920 self_thread_id = 139887604913920, last time delay.time = 9, now count = 946, i = 1
2023-01-11 18:00:29.781  75 84 I channel139887604913920 self_thread_id = 139887604913920, last time delay.time = 9, now count = 946, i = 1
2023-01-11 18:00:29.781  75 84 W channel139887604913920 self_thread_id = 139887604913920, last time delay.time = 9, now count = 946, i = 1
2023-01-11 18:00:29.781  75 84 E channel139887604913920 self_thread_id = 139887604913920, last time delay.time = 9, now count = 946, i = 1
2023-01-11 18:00:29.781  75 77 I channel139887870629632 self_thread_id = 139887870629632, last time delay.time = 11, now count = 947, i = 1
2023-01-11 18:00:29.781  75 80 I channel139887845451520 self_thread_id = 139887845451520, last time delay.time = 10, now count = 948, i = 1
2023-01-11 18:00:29.781  75 78 I channel139887862236928 self_thread_id = 139887862236928, last time delay.time = 8, now count = 949, i = 1
2023-01-11 18:00:29.781  75 77 I channel139887870629632 self_thread_id = 139887870629632, last time delay.time = 11, now count = 947, i = 1
2023-01-11 18:00:29.781  75 80 I channel139887845451520 self_thread_id = 139887845451520, last time delay.time = 10, now count = 948, i = 1
2023-01-11 18:00:29.781  75 80 W channel139887845451520 self_thread_id = 139887845451520, last time delay.time = 10, now count = 948, i = 1
2023-01-11 18:00:29.781  75 77 W channel139887870629632 self_thread_id = 139887870629632, last time delay.time = 11, now count = 947, i = 1
2023-01-11 18:00:29.781  75 78 I channel139887862236928 self_thread_id = 139887862236928, last time delay.time = 8, now count = 949, i = 1
2023-01-11 18:00:29.781  75 80 E channel139887845451520 self_thread_id = 139887845451520, last time delay.time = 10, now count = 948, i = 1
2023-01-11 18:00:29.781  75 78 W channel139887862236928 self_thread_id = 139887862236928, last time delay.time = 8, now count = 949, i = 1
2023-01-11 18:00:29.781  75 78 E channel139887862236928 self_thread_id = 139887862236928, last time delay.time = 8, now count = 949, i = 1
2023-01-11 18:00:29.781  75 77 E channel139887870629632 self_thread_id = 139887870629632, last time delay.time = 11, now count = 947, i = 1
2023-01-11 18:00:29.781  75 81 I channel139887837058816 self_thread_id = 139887837058816, last time delay.time = 8, now count = 950, i = 1
2023-01-11 18:00:29.781  75 81 I channel139887837058816 self_thread_id = 139887837058816, last time delay.time = 8, now count = 950, i = 1
2023-01-11 18:00:29.781  75 81 W channel139887837058816 self_thread_id = 139887837058816, last time delay.time = 8, now count = 950, i = 1
2023-01-11 18:00:29.781  75 81 E channel139887837058816 self_thread_id = 139887837058816, last time delay.time = 8, now count = 950, i = 1
2023-01-11 18:00:29.782  75 79 I channel139887853844224 self_thread_id = 139887853844224, last time delay.time = 8, now count = 951, i = 1
2023-01-11 18:00:29.782  75 79 I channel139887853844224 self_thread_id = 139887853844224, last time delay.time = 8, now count = 951, i = 1
2023-01-11 18:00:29.782  75 79 W channel139887853844224 self_thread_id = 139887853844224, last time delay.time = 8, now count = 951, i = 1
2023-01-11 18:00:29.782  75 79 E channel139887853844224 self_thread_id = 139887853844224, last time delay.time = 8, now count = 951, i = 1
2023-01-11 18:00:29.783  75 83 I channel139887613306624 self_thread_id = 139887613306624, last time delay.time = 11, now count = 952, i = 1
2023-01-11 18:00:29.784  75 83 I channel139887613306624 self_thread_id = 139887613306624, last time delay.time = 11, now count = 952, i = 1
2023-01-11 18:00:29.784  75 83 W channel139887613306624 self_thread_id = 139887613306624, last time delay.time = 11, now count = 952, i = 1
2023-01-11 18:00:29.784  75 83 E channel139887613306624 self_thread_id = 139887613306624, last time delay.time = 11, now count = 952, i = 1
2023-01-11 18:00:30.781  75 82 I channel139887621699328 self_thread_id = 139887621699328, last time delay.time = 9, now count = 945, i = 2
2023-01-11 18:00:30.781  75 82 I channel139887621699328 self_thread_id = 139887621699328, last time delay.time = 9, now count = 945, i = 2
2023-01-11 18:00:30.781  75 84 I channel139887604913920 self_thread_id = 139887604913920, last time delay.time = 9, now count = 946, i = 2
2023-01-11 18:00:30.781  75 82 W channel139887621699328 self_thread_id = 139887621699328, last time delay.time = 9, now count = 945, i = 2
2023-01-11 18:00:30.781  75 82 E channel139887621699328 self_thread_id = 139887621699328, last time delay.time = 9, now count = 945, i = 2
2023-01-11 18:00:30.781  75 84 I channel139887604913920 self_thread_id = 139887604913920, last time delay.time = 9, now count = 946, i = 2
2023-01-11 18:00:30.781  75 84 W channel139887604913920 self_thread_id = 139887604913920, last time delay.time = 9, now count = 946, i = 2
2023-01-11 18:00:30.781  75 84 E channel139887604913920 self_thread_id = 139887604913920, last time delay.time = 9, now count = 946, i = 2
2023-01-11 18:00:30.781  75 77 I channel139887870629632 self_thread_id = 139887870629632, last time delay.time = 11, now count = 947, i = 2
2023-01-11 18:00:30.781  75 77 I channel139887870629632 self_thread_id = 139887870629632, last time delay.time = 11, now count = 947, i = 2
2023-01-11 18:00:30.781  75 78 I channel139887862236928 self_thread_id = 139887862236928, last time delay.time = 8, now count = 949, i = 2
2023-01-11 18:00:30.781  75 77 W channel139887870629632 self_thread_id = 139887870629632, last time delay.time = 11, now count = 947, i = 2
2023-01-11 18:00:30.781  75 80 I channel139887845451520 self_thread_id = 139887845451520, last time delay.time = 10, now count = 948, i = 2
2023-01-11 18:00:30.781  75 78 I channel139887862236928 self_thread_id = 139887862236928, last time delay.time = 8, now count = 949, i = 2
2023-01-11 18:00:30.781  75 77 E channel139887870629632 self_thread_id = 139887870629632, last time delay.time = 11, now count = 947, i = 2
2023-01-11 18:00:30.781  75 78 W channel139887862236928 self_thread_id = 139887862236928, last time delay.time = 8, now count = 949, i = 2
2023-01-11 18:00:30.781  75 80 I channel139887845451520 self_thread_id = 139887845451520, last time delay.time = 10, now count = 948, i = 2
2023-01-11 18:00:30.781  75 78 E channel139887862236928 self_thread_id = 139887862236928, last time delay.time = 8, now count = 949, i = 2
2023-01-11 18:00:30.781  75 80 W channel139887845451520 self_thread_id = 139887845451520, last time delay.time = 10, now count = 948, i = 2
2023-01-11 18:00:30.781  75 80 E channel139887845451520 self_thread_id = 139887845451520, last time delay.time = 10, now count = 948, i = 2
2023-01-11 18:00:30.781  75 81 I channel139887837058816 self_thread_id = 139887837058816, last time delay.time = 8, now count = 950, i = 2
2023-01-11 18:00:30.781  75 81 I channel139887837058816 self_thread_id = 139887837058816, last time delay.time = 8, now count = 950, i = 2
2023-01-11 18:00:30.781  75 81 W channel139887837058816 self_thread_id = 139887837058816, last time delay.time = 8, now count = 950, i = 2
2023-01-11 18:00:30.781  75 81 E channel139887837058816 self_thread_id = 139887837058816, last time delay.time = 8, now count = 950, i = 2
2023-01-11 18:00:30.782  75 79 I channel139887853844224 self_thread_id = 139887853844224, last time delay.time = 8, now count = 951, i = 2
2023-01-11 18:00:30.782  75 79 I channel139887853844224 self_thread_id = 139887853844224, last time delay.time = 8, now count = 951, i = 2
2023-01-11 18:00:30.782  75 79 W channel139887853844224 self_thread_id = 139887853844224, last time delay.time = 8, now count = 951, i = 2
2023-01-11 18:00:30.782  75 79 E channel139887853844224 self_thread_id = 139887853844224, last time delay.time = 8, now count = 951, i = 2
2023-01-11 18:00:30.784  75 83 I channel139887613306624 self_thread_id = 139887613306624, last time delay.time = 11, now count = 952, i = 2
2023-01-11 18:00:30.784  75 83 I channel139887613306624 self_thread_id = 139887613306624, last time delay.time = 11, now count = 952, i = 2
2023-01-11 18:00:30.784  75 83 W channel139887613306624 self_thread_id = 139887613306624, last time delay.time = 11, now count = 952, i = 2
2023-01-11 18:00:30.784  75 83 E channel139887613306624 self_thread_id = 139887613306624, last time delay.time = 11, now count = 952, i = 2
2023-01-11 18:00:31.781  75 84 I channel139887604913920 self_thread_id = 139887604913920, last time delay.time = 9, now count = 946, i = 3
2023-01-11 18:00:31.781  75 84 I channel139887604913920 self_thread_id = 139887604913920, last time delay.time = 9, now count = 946, i = 3
2023-01-11 18:00:31.781  75 84 W channel139887604913920 self_thread_id = 139887604913920, last time delay.time = 9, now count = 946, i = 3
2023-01-11 18:00:31.781  75 82 I channel139887621699328 self_thread_id = 139887621699328, last time delay.time = 9, now count = 945, i = 3
2023-01-11 18:00:31.781  75 84 E channel139887604913920 self_thread_id = 139887604913920, last time delay.time = 9, now count = 946, i = 3
2023-01-11 18:00:31.781  75 82 I channel139887621699328 self_thread_id = 139887621699328, last time delay.time = 9, now count = 945, i = 3
2023-01-11 18:00:31.781  75 82 W channel139887621699328 self_thread_id = 139887621699328, last time delay.time = 9, now count = 945, i = 3
2023-01-11 18:00:31.781  75 82 E channel139887621699328 self_thread_id = 139887621699328, last time delay.time = 9, now count = 945, i = 3
2023-01-11 18:00:31.781  75 77 I channel139887870629632 self_thread_id = 139887870629632, last time delay.time = 11, now count = 947, i = 3
2023-01-11 18:00:31.781  75 78 I channel139887862236928 self_thread_id = 139887862236928, last time delay.time = 8, now count = 949, i = 3
2023-01-11 18:00:31.781  75 77 I channel139887870629632 self_thread_id = 139887870629632, last time delay.time = 11, now count = 947, i = 3
2023-01-11 18:00:31.782  75 78 I channel139887862236928 self_thread_id = 139887862236928, last time delay.time = 8, now count = 949, i = 3
2023-01-11 18:00:31.782  75 77 W channel139887870629632 self_thread_id = 139887870629632, last time delay.time = 11, now count = 947, i = 3
2023-01-11 18:00:31.782  75 78 W channel139887862236928 self_thread_id = 139887862236928, last time delay.time = 8, now count = 949, i = 3
2023-01-11 18:00:31.782  75 77 E channel139887870629632 self_thread_id = 139887870629632, last time delay.time = 11, now count = 947, i = 3
2023-01-11 18:00:31.782  75 78 E channel139887862236928 self_thread_id = 139887862236928, last time delay.time = 8, now count = 949, i = 3
2023-01-11 18:00:31.782  75 80 I channel139887845451520 self_thread_id = 139887845451520, last time delay.time = 10, now count = 948, i = 3
2023-01-11 18:00:31.782  75 81 I channel139887837058816 self_thread_id = 139887837058816, last time delay.time = 8, now count = 950, i = 3
2023-01-11 18:00:31.782  75 80 I channel139887845451520 self_thread_id = 139887845451520, last time delay.time = 10, now count = 948, i = 3
2023-01-11 18:00:31.782  75 81 I channel139887837058816 self_thread_id = 139887837058816, last time delay.time = 8, now count = 950, i = 3
2023-01-11 18:00:31.782  75 80 W channel139887845451520 self_thread_id = 139887845451520, last time delay.time = 10, now count = 948, i = 3
2023-01-11 18:00:31.782  75 81 W channel139887837058816 self_thread_id = 139887837058816, last time delay.time = 8, now count = 950, i = 3
2023-01-11 18:00:31.782  75 80 E channel139887845451520 self_thread_id = 139887845451520, last time delay.time = 10, now count = 948, i = 3
2023-01-11 18:00:31.782  75 81 E channel139887837058816 self_thread_id = 139887837058816, last time delay.time = 8, now count = 950, i = 3
2023-01-11 18:00:31.783  75 79 I channel139887853844224 self_thread_id = 139887853844224, last time delay.time = 8, now count = 951, i = 3
2023-01-11 18:00:31.783  75 79 I channel139887853844224 self_thread_id = 139887853844224, last time delay.time = 8, now count = 951, i = 3
2023-01-11 18:00:31.783  75 79 W channel139887853844224 self_thread_id = 139887853844224, last time delay.time = 8, now count = 951, i = 3
2023-01-11 18:00:31.783  75 79 E channel139887853844224 self_thread_id = 139887853844224, last time delay.time = 8, now count = 951, i = 3
2023-01-11 18:00:31.784  75 83 I channel139887613306624 self_thread_id = 139887613306624, last time delay.time = 11, now count = 952, i = 3
2023-01-11 18:00:31.784  75 83 I channel139887613306624 self_thread_id = 139887613306624, last time delay.time = 11, now count = 952, i = 3
2023-01-11 18:00:31.784  75 83 W channel139887613306624 self_thread_id = 139887613306624, last time delay.time = 11, now count = 952, i = 3
2023-01-11 18:00:31.784  75 83 E channel139887613306624 self_thread_id = 139887613306624, last time delay.time = 11, now count = 952, i = 3
2023-01-11 18:00:32.781  75 84 I channel139887604913920 self_thread_id = 139887604913920, last time delay.time = 9, now count = 946, i = 4
2023-01-11 18:00:32.782  75 84 I channel139887604913920 self_thread_id = 139887604913920, last time delay.time = 9, now count = 946, i = 4
2023-01-11 18:00:32.782  75 84 W channel139887604913920 self_thread_id = 139887604913920, last time delay.time = 9, now count = 946, i = 4
2023-01-11 18:00:32.782  75 84 E channel139887604913920 self_thread_id = 139887604913920, last time delay.time = 9, now count = 946, i = 4
2023-01-11 18:00:32.782  75 84 I channel139887604913920 self_thread_id = 139887604913920, last time delay.time = 9, now count = 953
2023-01-11 18:00:32.782  75 82 I channel139887621699328 self_thread_id = 139887621699328, last time delay.time = 9, now count = 945, i = 4
2023-01-11 18:00:32.782  75 82 I channel139887621699328 self_thread_id = 139887621699328, last time delay.time = 9, now count = 945, i = 4
2023-01-11 18:00:32.782  75 82 W channel139887621699328 self_thread_id = 139887621699328, last time delay.time = 9, now count = 945, i = 4
2023-01-11 18:00:32.782  75 82 E channel139887621699328 self_thread_id = 139887621699328, last time delay.time = 9, now count = 945, i = 4
2023-01-11 18:00:32.782  75 82 I channel139887621699328 self_thread_id = 139887621699328, last time delay.time = 9, now count = 954
2023-01-11 18:00:32.782  75 77 I channel139887870629632 self_thread_id = 139887870629632, last time delay.time = 11, now count = 947, i = 4
2023-01-11 18:00:32.782  75 77 I channel139887870629632 self_thread_id = 139887870629632, last time delay.time = 11, now count = 947, i = 4
2023-01-11 18:00:32.782  75 77 W channel139887870629632 self_thread_id = 139887870629632, last time delay.time = 11, now count = 947, i = 4
2023-01-11 18:00:32.782  75 77 E channel139887870629632 self_thread_id = 139887870629632, last time delay.time = 11, now count = 947, i = 4
2023-01-11 18:00:32.782  75 77 I channel139887870629632 self_thread_id = 139887870629632, last time delay.time = 11, now count = 955
2023-01-11 18:00:32.782  75 78 I channel139887862236928 self_thread_id = 139887862236928, last time delay.time = 8, now count = 949, i = 4
2023-01-11 18:00:32.782  75 78 I channel139887862236928 self_thread_id = 139887862236928, last time delay.time = 8, now count = 949, i = 4
2023-01-11 18:00:32.782  75 78 W channel139887862236928 self_thread_id = 139887862236928, last time delay.time = 8, now count = 949, i = 4
2023-01-11 18:00:32.782  75 78 E channel139887862236928 self_thread_id = 139887862236928, last time delay.time = 8, now count = 949, i = 4
2023-01-11 18:00:32.782  75 81 I channel139887837058816 self_thread_id = 139887837058816, last time delay.time = 8, now count = 950, i = 4
2023-01-11 18:00:32.782  75 78 I channel139887862236928 self_thread_id = 139887862236928, last time delay.time = 8, now count = 956
2023-01-11 18:00:32.782  75 81 I channel139887837058816 self_thread_id = 139887837058816, last time delay.time = 8, now count = 950, i = 4
2023-01-11 18:00:32.782  75 81 W channel139887837058816 self_thread_id = 139887837058816, last time delay.time = 8, now count = 950, i = 4
2023-01-11 18:00:32.782  75 81 E channel139887837058816 self_thread_id = 139887837058816, last time delay.time = 8, now count = 950, i = 4
2023-01-11 18:00:32.782  75 80 I channel139887845451520 self_thread_id = 139887845451520, last time delay.time = 10, now count = 948, i = 4
2023-01-11 18:00:32.782  75 81 I channel139887837058816 self_thread_id = 139887837058816, last time delay.time = 8, now count = 957
2023-01-11 18:00:32.782  75 80 I channel139887845451520 self_thread_id = 139887845451520, last time delay.time = 10, now count = 948, i = 4
2023-01-11 18:00:32.782  75 80 W channel139887845451520 self_thread_id = 139887845451520, last time delay.time = 10, now count = 948, i = 4
2023-01-11 18:00:32.782  75 80 E channel139887845451520 self_thread_id = 139887845451520, last time delay.time = 10, now count = 948, i = 4
2023-01-11 18:00:32.782  75 80 I channel139887845451520 self_thread_id = 139887845451520, last time delay.time = 10, now count = 958
2023-01-11 18:00:32.783  75 79 I channel139887853844224 self_thread_id = 139887853844224, last time delay.time = 8, now count = 951, i = 4
2023-01-11 18:00:32.783  75 79 I channel139887853844224 self_thread_id = 139887853844224, last time delay.time = 8, now count = 951, i = 4
2023-01-11 18:00:32.783  75 79 W channel139887853844224 self_thread_id = 139887853844224, last time delay.time = 8, now count = 951, i = 4
2023-01-11 18:00:32.783  75 79 E channel139887853844224 self_thread_id = 139887853844224, last time delay.time = 8, now count = 951, i = 4
2023-01-11 18:00:32.783  75 79 I channel139887853844224 self_thread_id = 139887853844224, last time delay.time = 8, now count = 959
2023-01-11 18:00:32.784  75 83 I channel139887613306624 self_thread_id = 139887613306624, last time delay.time = 11, now count = 952, i = 4
2023-01-11 18:00:32.784  75 83 I channel139887613306624 self_thread_id = 139887613306624, last time delay.time = 11, now count = 952, i = 4
2023-01-11 18:00:32.784  75 83 W channel139887613306624 self_thread_id = 139887613306624, last time delay.time = 11, now count = 952, i = 4
2023-01-11 18:00:32.784  75 83 E channel139887613306624 self_thread_id = 139887613306624, last time delay.time = 11, now count = 952, i = 4
2023-01-11 18:00:32.784  75 83 I channel139887613306624 self_thread_id = 139887613306624, last time delay.time = 11, now count = 960
2023-01-11 18:00:33.782  75 84 I channel139887604913920 self_thread_id = 139887604913920, last time delay.time = 9, now count = 953, i = 0
2023-01-11 18:00:33.782  75 84 I channel139887604913920 self_thread_id = 139887604913920, last time delay.time = 9, now count = 953, i = 0
2023-01-11 18:00:33.782  75 77 I channel139887870629632 self_thread_id = 139887870629632, last time delay.time = 13, now count = 955, i = 0
2023-01-11 18:00:33.782  75 77 I channel139887870629632 self_thread_id = 139887870629632, last time delay.time = 13, now count = 955, i = 0
2023-01-11 18:00:33.782  75 77 W channel139887870629632 self_thread_id = 139887870629632, last time delay.time = 13, now count = 955, i = 0
