2023-01-11 17:53:37.703  75 81 W channel139887837058816 self_thread_id = 139887837058816, last time delay.time = 9, now count = 287, i = 4
2023-01-11 17:53:37.703  75 81 E channel139887837058816 self_thread_id = 139887837058816, last time delay.time = 9, now count = 287, i = 4
2023-01-11 17:53:37.703  75 81 I channel139887837058816 self_thread_id = 139887837058816, last time delay.time = 9, now count = 295
2023-01-11 17:53:37.703  75 77 I channel139887870629632 self_thread_id = 139887870629632, last time delay.time = 8, now count = 288, i = 4
2023-01-11 17:53:37.703  75 77 I channel139887870629632 self_thread_id = 139887870629632, last time delay.time = 8, now count = 288, i = 4
2023-01-11 17:53:37.703  75 77 W channel139887870629632 self_thread_id = 139887870629632, last time delay.time = 8, now count = 288, i = 4
2023-01-11 17:53:37.704  75 77 E channel139887870629632 self_thread_id = 139887870629632, last time delay.time = 8, now count = 288, i = 4
2023-01-11 17:53:37.704  75 77 I channel139887870629632 self_thread_id = 139887870629632, last time delay.time = 8, now count = 296
2023-01-11 17:53:38.702  75 78 I channel139887862236928 self_thread_id = 139887862236928, last time delay.time = 12, now count = 290, i = 0
2023-01-11 17:53:38.702  75 79 I channel139887853844224 self_thread_id = 139887853844224, last time delay.time = 16, now count = 289, i = 0
2023-01-11 17:53:38.702  75 78 I channel139887862236928 self_thread_id = 139887862236928, last time delay.time = 12, now count = 290, i = 0
2023-01-11 17:53:38.702  75 78 W channel139887862236928 self_thread_id = 139887862236928, last time delay.time = 12, now count = 290, i = 0
2023-01-11 17:53:38.702  75 79 I channel139887853844224 self_thread_id = 139887853844224, last time delay.time = 16, now count = 289, i = 0
2023-01-11 17:53:38.702  75 78 E channel139887862236928 self_thread_id = 139887862236928, last time delay.time = 12, now count = 290, i = 0
2023-01-11 17:53:38.702  75 79 W channel139887853844224 self_thread_id = 139887853844224, last time delay.time = 16, now count = 289, i = 0
2023-01-11 17:53:38.702  75 79 E channel139887853844224 self_thread_id = 139887853844224, last time delay.time = 16, now count = 289, i = 0
2023-01-11 17:53:38.702  75 82 I channel139887621699328 self_thread_id = 139887621699328, last time delay.time = 13, now count = 291, i = 0
2023-01-11 17:53:38.702  75 82 I channel139887621699328 self_thread_id = 139887621699328, last time delay.time = 13, now count = 291, i = 0
2023-01-11 17:53:38.702  75 82 W channel139887621699328 self_thread_id = 139887621699328, last time delay.time = 13, now count = 291, i = 0
2023-01-11 17:53:38.702  75 82 E channel139887621699328 self_thread_id = 139887621699328, last time delay.time = 13, now count = 291, i = 0
2023-01-11 17:53:38.702  75 80 I channel139887845451520 self_thread_id = 139887845451520, last time delay.time = 11, now count = 292, i = 0
2023-01-11 17:53:38.702  75 80 I channel139887845451520 self_thread_id = 139887845451520, last time delay.time = 11, now count = 292, i = 0
2023-01-11 17:53:38.702  75 80 W channel139887845451520 self_thread_id = 139887845451520, last time delay.time = 11, now count = 292, i = 0
2023-01-11 17:53:38.702  75 80 E channel139887845451520 self_thread_id = 139887845451520, last time delay.time = 11, now count = 292, i = 0
2023-01-11 17:53:38.702  75 83 I channel139887613306624 self_thread_id = 139887613306624, last time delay.time = 11, now count = 293, i = 0
2023-01-11 17:53:38.702  75 83 I channel139887613306624 self_thread_id = 139887613306624, last time delay.time = 11, now count = 293, i = 0
2023-01-11 17:53:38.702  75 83 W channel139887613306624 self_thread_id = 139887613306624, last time delay.time = 11, now count = 293, i = 0
2023-01-11 17:53:38.702  75 83 E channel139887613306624 self_thread_id = 139887613306624, last time delay.time = 11, now count = 293, i = 0
2023-01-11 17:53:38.702  75 84 I channel139887604913920 self_thread_id = 139887604913920, last time delay.time = 10, now count = 294, i = 0
2023-01-11 17:53:38.702  75 84 I channel139887604913920 self_thread_id = 139887604913920, last time delay.time = 10, now count = 294, i = 0
2023-01-11 17:53:38.702  75 84 W channel139887604913920 self_thread_id = 139887604913920, last time delay.time = 10, now count = 294, i = 0
2023-01-11 17:53:38.702  75 84 E channel139887604913920 self_thread_id = 139887604913920, last time delay.time = 10, now count = 294, i = 0
2023-01-11 17:53:38.703  75 81 I channel139887837058816 self_thread_id = 139887837058816, last time delay.time = 11, now count = 295, i = 0
2023-01-11 17:53:38.703  75 81 I channel139887837058816 self_thread_id = 139887837058816, last time delay.time = 11, now count = 295, i = 0
2023-01-11 17:53:38.703  75 81 W channel139887837058816 self_thread_id = 139887837058816, last time delay.time = 11, now count = 295, i = 0
2023-01-11 17:53:38.703  75 81 E channel139887837058816 self_thread_id = 139887837058816, last time delay.time = 11, now count = 295, i = 0
2023-01-11 17:53:38.704  75 77 I channel139887870629632 self_thread_id = 139887870629632, last time delay.time = 11, now count = 296, i = 0
2023-01-11 17:53:38.704  75 77 I channel139887870629632 self_thread_id = 139887870629632, last time delay.time = 11, now count = 296, i = 0
2023-01-11 17:53:38.704  75 77 W channel139887870629632 self_thread_id = 139887870629632, last time delay.time = 11, now count = 296, i = 0
2023-01-11 17:53:38.704  75 77 E channel139887870629632 self_thread_id = 139887870629632, last time delay.time = 11, now count = 296, i = 0
2023-01-11 17:53:39.702  75 79 I channel139887853844224 self_thread_id = 139887853844224, last time delay.time = 16, now count = 289, i = 1
2023-01-11 17:53:39.702  75 79 I channel139887853844224 self_thread_id = 139887853844224, last time delay.time = 16, now count = 289, i = 1
2023-01-11 17:53:39.702  75 79 W channel139887853844224 self_thread_id = 139887853844224, last time delay.time = 16, now count = 289, i = 1
2023-01-11 17:53:39.702  75 79 E channel139887853844224 self_thread_id = 139887853844224, last time delay.time = 16, now count = 289, i = 1
2023-01-11 17:53:39.702  75 78 I channel139887862236928 self_thread_id = 139887862236928, last time delay.time = 12, now count = 290, i = 1
2023-01-11 17:53:39.702  75 78 I channel139887862236928 self_thread_id = 139887862236928, last time delay.time = 12, now count = 290, i = 1
2023-01-11 17:53:39.702  75 78 W channel139887862236928 self_thread_id = 139887862236928, last time delay.time = 12, now count = 290, i = 1
2023-01-11 17:53:39.702  75 78 E channel139887862236928 self_thread_id = 139887862236928, last time delay.time = 12, now count = 290, i = 1
2023-01-11 17:53:39.702  75 82 I channel139887621699328 self_thread_id = 139887621699328, last time delay.time = 13, now count = 291, i = 1
2023-01-11 17:53:39.702  75 82 I channel139887621699328 self_thread_id = 139887621699328, last time delay.time = 13, now count = 291, i = 1
2023-01-11 17:53:39.702  75 82 W channel139887621699328 self_thread_id = 139887621699328, last time delay.time = 13, now count = 291, i = 1
2023-01-11 17:53:39.702  75 82 E channel139887621699328 self_thread_id = 139887621699328, last time delay.time = 13, now count = 291, i = 1
2023-01-11 17:53:39.702  75 80 I channel139887845451520 self_thread_id = 139887845451520, last time delay.time = 11, now count = 292, i = 1
2023-01-11 17:53:39.702  75 80 I channel139887845451520 self_thread_id = 139887845451520, last time delay.time = 11, now count = 292, i = 1
2023-01-11 17:53:39.702  75 80 W channel139887845451520 self_thread_id = 139887845451520, last time delay.time = 11, now count = 292, i = 1
2023-01-11 17:53:39.702  75 80 E channel139887845451520 self_thread_id = 139887845451520, last time delay.time = 11, now count = 292, i = 1
2023-01-11 17:53:39.702  75 83 I channel139887613306624 self_thread_id = 139887613306624, last time delay.time = 11, now count = 293, i = 1
2023-01-11 17:53:39.702  75 83 I channel139887613306624 self_thread_id = 139887613306624, last time delay.time = 11, now count = 293, i = 1
2023-01-11 17:53:39.702  75 83 W channel139887613306624 self_thread_id = 139887613306624, last time delay.time = 11, now count = 293, i = 1
2023-01-11 17:53:39.702  75 83 E channel139887613306624 self_thread_id = 139887613306624, last time delay.time = 11, now count = 293, i = 1
2023-01-11 17:53:39.702  75 84 I channel139887604913920 self_thread_id = 139887604913920, last time delay.time = 10, now count = 294, i = 1
2023-01-11 17:53:39.702  75 84 I channel139887604913920 self_thread_id = 139887604913920, last time delay.time = 10, now count = 294, i = 1
2023-01-11 17:53:39.702  75 84 W channel139887604913920 self_thread_id = 139887604913920, last time delay.time = 10, now count = 294, i = 1
2023-01-11 17:53:39.702  75 84 E channel139887604913920 self_thread_id = 139887604913920, last time delay.time = 10, now count = 294, i = 1
2023-01-11 17:53:39.703  75 81 I channel139887837058816 self_thread_id = 139887837058816, last time delay.time = 11, now count = 295, i = 1
2023-01-11 17:53:39.704  75 81 I channel139887837058816 self_thread_id = 139887837058816, last time delay.time = 11, now count = 295, i = 1
2023-01-11 17:53:39.704  75 81 W channel139887837058816 self_thread_id = 139887837058816, last time delay.time = 11, now count = 295, i = 1
2023-01-11 17:53:39.704  75 81 E channel139887837058816 self_thread_id = 139887837058816, last time delay.time = 11, now count = 295, i = 1
2023-01-11 17:53:39.704  75 77 I channel139887870629632 self_thread_id = 139887870629632, last time delay.time = 11, now count = 296, i = 1
2023-01-11 17:53:39.704  75 77 I channel139887870629632 self_thread_id = 139887870629632, last time delay.time = 11, now count = 296, i = 1
2023-01-11 17:53:39.704  75 77 W channel139887870629632 self_thread_id = 139887870629632, last time delay.time = 11, now count = 296, i = 1
2023-01-11 17:53:39.704  75 77 E channel139887870629632 self_thread_id = 139887870629632, last time delay.time = 11, now count = 296, i = 1
2023-01-11 17:53:40.702  75 79 I channel139887853844224 self_thread_id = 139887853844224, last time delay.time = 16, now count = 289, i = 2
2023-01-11 17:53:40.702  75 79 I channel139887853844224 self_thread_id = 139887853844224, last time delay.time = 16, now count = 289, i = 2
2023-01-11 17:53:40.702  75 79 W channel139887853844224 self_thread_id = 139887853844224, last time delay.time = 16, now count = 289, i = 2
2023-01-11 17:53:40.702  75 79 E channel139887853844224 self_thread_id = 139887853844224, last time delay.time = 16, now count = 289, i = 2
2023-01-11 17:53:40.702  75 78 I channel139887862236928 self_thread_id = 139887862236928, last time delay.time = 12, now count = 290, i = 2
2023-01-11 17:53:40.702  75 78 I channel139887862236928 self_thread_id = 139887862236928, last time delay.time = 12, now count = 290, i = 2
2023-01-11 17:53:40.702  75 78 W channel139887862236928 self_thread_id = 139887862236928, last time delay.time = 12, now count = 290, i = 2
2023-01-11 17:53:40.702  75 78 E channel139887862236928 self_thread_id = 139887862236928, last time delay.time = 12, now count = 290, i = 2
2023-01-11 17:53:40.702  75 82 I channel139887621699328 self_thread_id = 139887621699328, last time delay.time = 13, now count = 291, i = 2
2023-01-11 17:53:40.702  75 82 I channel139887621699328 self_thread_id = 139887621699328, last time delay.time = 13, now count = 291, i = 2
2023-01-11 17:53:40.702  75 82 W channel139887621699328 self_thread_id = 139887621699328, last time delay.time = 13, now count = 291, i = 2
2023-01-11 17:53:40.702  75 82 E channel139887621699328 self_thread_id = 139887621699328, last time delay.time = 13, now count = 291, i = 2
2023-01-11 17:53:40.702  75 83 I channel139887613306624 self_thread_id = 139887613306624, last time delay.time = 11, now count = 293, i = 2
2023-01-11 17:53:40.702  75 83 I channel139887613306624 self_thread_id = 139887613306624, last time delay.time = 11, now count = 293, i = 2
2023-01-11 17:53:40.702  75 80 I channel139887845451520 self_thread_id = 139887845451520, last time delay.time = 11, now count = 292, i = 2
2023-01-11 17:53:40.702  75 83 W channel139887613306624 self_thread_id = 139887613306624, last time delay.time = 11, now count = 293, i = 2
2023-01-11 17:53:40.702  75 80 I channel139887845451520 self_thread_id = 139887845451520, last time delay.time = 11, now count = 292, i = 2
2023-01-11 17:53:40.702  75 83 E channel139887613306624 self_thread_id = 139887613306624, last time delay.time = 11, now count = 293, i = 2
2023-01-11 17:53:40.702  75 80 W channel139887845451520 self_thread_id = 139887845451520, last time delay.time = 11, now count = 292, i = 2
2023-01-11 17:53:40.702  75 80 E channel139887845451520 self_thread_id = 139887845451520, last time delay.time = 11, now count = 292, i = 2
2023-01-11 17:53:40.703  75 84 I channel139887604913920 self_thread_id = 139887604913920, last time delay.time = 10, now count = 294, i = 2
2023-01-11 17:53:40.703  75 84 I channel139887604913920 self_thread_id = 139887604913920, last time delay.time = 10, now count = 294, i = 2
2023-01-11 17:53:40.703  75 84 W channel139887604913920 self_thread_id = 139887604913920, last time delay.time = 10, now count = 294, i = 2
2023-01-11 17:53:40.703  75 84 E channel139887604913920 self_thread_id = 139887604913920, last time delay.time = 10, now count = 294, i = 2
2023-01-11 17:53:40.704  75 81 I channel139887837058816 self_thread_id = 139887837058816, last time delay.time = 11, now count = 295, i = 2
2023-01-11 17:53:40.704  75 81 I channel139887837058816 self_thread_id = 139887837058816, last time delay.time = 11, now count = 295, i = 2
2023-01-11 17:53:40.704  75 81 W channel139887837058816 self_thread_id = 139887837058816, last time delay.time = 11, now count = 295, i = 2
2023-01-11 17:53:40.704  75 81 E channel139887837058816 self_thread_id = 139887837058816, last time delay.time = 11, now count = 295, i = 2
2023-01-11 17:53:40.704  75 77 I channel139887870629632 self_thread_id = 139887870629632, last time delay.time = 11, now count = 296, i = 2
2023-01-11 17:53:40.704  75 77 I channel139887870629632 self_thread_id = 139887870629632, last time delay.time = 11, now count = 296, i = 2
2023-01-11 17:53:40.704  75 77 W channel139887870629632 self_thread_id = 139887870629632, last time delay.time = 11, now count = 296, i = 2
2023-01-11 17:53:40.704  75 77 E channel139887870629632 self_thread_id = 139887870629632, last time delay.time = 11, now count = 296, i = 2
2023-01-11 17:53:41.702  75 79 I channel139887853844224 self_thread_id = 139887853844224, last time delay.time = 16, now count = 289, i = 3
2023-01-11 17:53:41.702  75 79 I channel139887853844224 self_thread_id = 139887853844224, last time delay.time = 16, now count = 289, i = 3
2023-01-11 17:53:41.702  75 79 W channel139887853844224 self_thread_id = 139887853844224, last time delay.time = 16, now count = 289, i = 3
2023-01-11 17:53:41.702  75 79 E channel139887853844224 self_thread_id = 139887853844224, last time delay.time = 16, now count = 289, i = 3
2023-01-11 17:53:41.702  75 78 I channel139887862236928 self_thread_id = 139887862236928, last time delay.time = 12, now count = 290, i = 3
2023-01-11 17:53:41.702  75 78 I channel139887862236928 self_thread_id = 139887862236928, last time delay.time = 12, now count = 290, i = 3
2023-01-11 17:53:41.702  75 78 W channel139887862236928 self_thread_id = 139887862236928, last time delay.time = 12, now count = 290, i = 3
2023-01-11 17:53:41.702  75 78 E channel139887862236928 self_thread_id = 139887862236928, last time delay.time = 12, now count = 290, i = 3
2023-01-11 17:53:41.702  75 82 I channel139887621699328 self_thread_id = 139887621699328, last time delay.time = 13, now count = 291, i = 3
2023-01-11 17:53:41.703  75 82 I channel139887621699328 self_thread_id = 139887621699328, last time delay.time = 13, now count = 291, i = 3
2023-01-11 17:53:41.703  75 82 W channel139887621699328 self_thread_id = 139887621699328, last time delay.time = 13, now count = 291, i = 3
2023-01-11 17:53:41.703  75 82 E channel139887621699328 self_thread_id = 139887621699328, last time delay.time = 13, now count = 291, i = 3
2023-01-11 17:53:41.703  75 83 I channel139887613306624 self_thread_id = 139887613306624, last time delay.time = 11, now count = 293, i = 3
2023-01-11 17:53:41.703  75 83 I channel139887613306624 self_thread_id = 139887613306624, last time delay.time = 11, now count = 293, i = 3
2023-01-11 17:53:41.703  75 80 I channel139887845451520 self_thread_id = 139887845451520, last time delay.time = 11, now count = 292, i = 3
2023-01-11 17:53:41.703  75 83 W channel139887613306624 self_thread_id = 139887613306624, last time delay.time = 11, now count = 293, i = 3
2023-01-11 17:53:41.703  75 80 I channel139887845451520 self_thread_id = 139887845451520, last time delay.time = 11, now count = 292, i = 3
2023-01-11 17:53:41.703  75 83 E channel139887613306624 self_thread_id = 139887613306624, last time delay.time = 11, now count = 293, i = 3
2023-01-11 17:53:41.703  75 80 W channel139887845451520 self_thread_id = 139887845451520, last time delay.time = 11, now count = 292, i = 3
2023-01-11 17:53:41.703  75 80 E channel139887845451520 self_thread_id = 139887845451520, last time delay.time = 11, now count = 292, i = 3
2023-01-11 17:53:41.703  75 84 I channel139887604913920 self_thread_id = 139887604913920, last time delay.time = 10, now count = 294, i = 3
2023-01-11 17:53:41.703  75 84 I channel139887604913920 self_thread_id = 139887604913920, last time delay.time = 10, now count = 294, i = 3
2023-01-11 17:53:41.703  75 84 W channel139887604913920 self_thread_id = 139887604913920, last time delay.time = 10, now count = 294, i = 3
2023-01-11 17:53:41.703  75 84 E channel139887604913920 self_thread_id = 139887604913920, last time delay.time = 10, now count = 294, i = 3
2023-01-11 17:53:41.704  75 81 I channel139887837058816 self_thread_id = 139887837058816, last time delay.time = 11, now count = 295, i = 3
2023-01-11 17:53:41.704  75 81 I channel139887837058816 self_thread_id = 139887837058816, last time delay.time = 11, now count = 295, i = 3
2023-01-11 17:53:41.704  75 81 W channel139887837058816 self_thread_id = 139887837058816, last time delay.time = 11, now count = 295, i = 3
2023-01-11 17:53:41.704  75 81 E channel139887837058816 self_thread_id = 139887837058816, last time delay.time = 11, now count = 295, i = 3
2023-01-11 17:53:41.704  75 77 I channel139887870629632 self_thread_id = 139887870629632, last time delay.time = 11, now count = 296, i = 3
2023-01-11 17:53:41.704  75 77 I channel139887870629632 self_thread_id = 139887870629632, last time delay.time = 11, now count = 296, i = 3
2023-01-11 17:53:41.704  75 77 W channel139887870629632 self_thread_id = 139887870629632, last time delay.time = 11, now count = 296, i = 3
2023-01-11 17:53:41.704  75 77 E channel139887870629632 self_thread_id = 139887870629632, last time delay.time = 11, now count = 296, i = 3
2023-01-11 17:53:42.703  75 79 I channel139887853844224 self_thread_id = 139887853844224, last time delay.time = 16, now count = 289, i = 4
2023-01-11 17:53:42.703  75 79 I channel139887853844224 self_thread_id = 139887853844224, last time delay.time = 16, now count = 289, i = 4
2023-01-11 17:53:42.703  75 79 W channel139887853844224 self_thread_id = 139887853844224, last time delay.time = 16, now count = 289, i = 4
2023-01-11 17:53:42.703  75 79 E channel139887853844224 self_thread_id = 139887853844224, last time delay.time = 16, now count = 289, i = 4
2023-01-11 17:53:42.703  75 79 I channel139887853844224 self_thread_id = 139887853844224, last time delay.time = 16, now count = 297
2023-01-11 17:53:42.703  75 82 I channel139887621699328 self_thread_id = 139887621699328, last time delay.time = 13, now count = 291, i = 4
2023-01-11 17:53:42.703  75 78 I channel139887862236928 self_thread_id = 139887862236928, last time delay.time = 12, now count = 290, i = 4
2023-01-11 17:53:42.703  75 82 I channel139887621699328 self_thread_id = 139887621699328, last time delay.time = 13, now count = 291, i = 4
2023-01-11 17:53:42.703  75 82 W channel139887621699328 self_thread_id = 139887621699328, last time delay.time = 13, now count = 291, i = 4
2023-01-11 17:53:42.703  75 78 I channel139887862236928 self_thread_id = 139887862236928, last time delay.time = 12, now count = 290, i = 4
2023-01-11 17:53:42.703  75 82 E channel139887621699328 self_thread_id = 139887621699328, last time delay.time = 13, now count = 291, i = 4
2023-01-11 17:53:42.703  75 78 W channel139887862236928 self_thread_id = 139887862236928, last time delay.time = 12, now count = 290, i = 4
2023-01-11 17:53:42.703  75 82 I channel139887621699328 self_thread_id = 139887621699328, last time delay.time = 13, now count = 298
2023-01-11 17:53:42.703  75 78 E channel139887862236928 self_thread_id = 139887862236928, last time delay.time = 12, now count = 290, i = 4
2023-01-11 17:53:42.703  75 78 I channel139887862236928 self_thread_id = 139887862236928, last time delay.time = 12, now count = 299
2023-01-11 17:53:42.703  75 83 I channel139887613306624 self_thread_id = 139887613306624, last time delay.time = 11, now count = 293, i = 4
2023-01-11 17:53:42.703  75 83 I channel139887613306624 self_thread_id = 139887613306624, last time delay.time = 11, now count = 293, i = 4
2023-01-11 17:53:42.703  75 83 W channel139887613306624 self_thread_id = 139887613306624, last time delay.time = 11, now count = 293, i = 4
2023-01-11 17:53:42.703  75 83 E channel139887613306624 self_thread_id = 139887613306624, last time delay.time = 11, now count = 293, i = 4
2023-01-11 17:53:42.703  75 83 I channel139887613306624 self_thread_id = 139887613306624, last time delay.time = 11, now count = 300
2023-01-11 17:53:42.703  75 80 I channel139887845451520 self_thread_id = 139887845451520, last time delay.time = 11, now count = 292, i = 4
2023-01-11 17:53:42.703  75 80 I channel139887845451520 self_thread_id = 139887845451520, last time delay.time = 11, now count = 292, i = 4
2023-01-11 17:53:42.703  75 80 W channel139887845451520 self_thread_id = 139887845451520, last time delay.time = 11, now count = 292, i = 4
2023-01-11 17:53:42.703  75 80 E channel139887845451520 self_thread_id = 139887845451520, last time delay.time = 11, now count = 292, i = 4
2023-01-11 17:53:42.703  75 80 I channel139887845451520 self_thread_id = 139887845451520, last time delay.time = 11, now count = 301
2023-01-11 17:53:42.703  75 84 I channel139887604913920 self_thread_id = 139887604913920, last time delay.time = 10, now count = 294, i = 4
2023-01-11 17:53:42.703  75 84 I channel139887604913920 self_thread_id = 139887604913920, last time delay.time = 10, now count = 294, i = 4
2023-01-11 17:53:42.703  75 84 W channel139887604913920 self_thread_id = 139887604913920, last time delay.time = 10, now count = 294, i = 4
2023-01-11 17:53:42.703  75 84 E channel139887604913920 self_thread_id = 139887604913920, last time delay.time = 10, now count = 294, i = 4
2023-01-11 17:53:42.703  75 84 I channel139887604913920 self_thread_id = 139887604913920, last time delay.time = 10, now count = 302
2023-01-11 17:53:42.704  75 81 I channel139887837058816 self_thread_id = 139887837058816, last time delay.time = 11, now count = 295, i = 4
2023-01-11 17:53:42.704  75 81 I channel139887837058816 self_thread_id = 139887837058816, last time delay.time = 11, now count = 295, i = 4
2023-01-11 17:53:42.704  75 81 W channel139887837058816 self_thread_id = 139887837058816, last time delay.time = 11, now count = 295, i = 4
2023-01-11 17:53:42.704  75 81 E channel139887837058816 self_thread_id = 139887837058816, last time delay.time = 11, now count = 295, i = 4
2023-01-11 17:53:42.704  75 81 I channel139887837058816 self_thread_id = 139887837058816, last time delay.time = 11, now count = 303
2023-01-11 17:53:42.704  75 77 I channel139887870629632 self_thread_id = 139887870629632, last time delay.time = 11, now count = 296, i = 4
2023-01-11 17:53:42.704  75 77 I channel139887870629632 self_thread_id = 139887870629632, last time delay.time = 11, now count = 296, i = 4
2023-01-11 17:53:42.704  75 77 W channel139887870629632 self_thread_id = 139887870629632, last time delay.time = 11, now count = 296, i = 4
2023-01-11 17:53:42.704  75 77 E channel139887870629632 self_thread_id = 139887870629632, last time delay.time = 11, now count = 296, i = 4
2023-01-11 17:53:42.704  75 77 I channel139887870629632 self_thread_id = 139887870629632, last time delay.time = 11, now count = 304
2023-01-11 17:53:43.703  75 79 I channel139887853844224 self_thread_id = 139887853844224, last time delay.time = 9, now count = 297, i = 0
2023-01-11 17:53:43.703  75 79 I channel139887853844224 self_thread_id = 139887853844224, last time delay.time = 9, now count = 297, i = 0
2023-01-11 17:53:43.703  75 79 W channel139887853844224 self_thread_id = 139887853844224, last time delay.time = 9, now count = 297, i = 0
2023-01-11 17:53:43.703  75 79 E channel139887853844224 self_thread_id = 139887853844224, last time delay.time = 9, now count = 297, i = 0
2023-01-11 17:53:43.703  75 82 I channel139887621699328 self_thread_id = 139887621699328, last time delay.time = 9, now count = 298, i = 0
2023-01-11 17:53:43.703  75 82 I channel139887621699328 self_thread_id = 139887621699328, last time delay.time = 9, now count = 298, i = 0
2023-01-11 17:53:43.703  75 82 W channel139887621699328 self_thread_id = 139887621699328, last time delay.time = 9, now count = 298, i = 0
2023-01-11 17:53:43.703  75 78 I channel139887862236928 self_thread_id = 139887862236928, last time delay.time = 9, now count = 299, i = 0
2023-01-11 17:53:43.703  75 82 E channel139887621699328 self_thread_id = 139887621699328, last time delay.time = 9, now count = 298, i = 0
2023-01-11 17:53:43.703  75 78 I channel139887862236928 self_thread_id = 139887862236928, last time delay.time = 9, now count = 299, i = 0
2023-01-11 17:53:43.703  75 78 W channel139887862236928 self_thread_id = 139887862236928, last time delay.time = 9, now count = 299, i = 0
2023-01-11 17:53:43.703  75 78 E channel139887862236928 self_thread_id = 139887862236928, last time delay.time = 9, now count = 299, i = 0
2023-01-11 17:53:43.703  75 83 I channel139887613306624 self_thread_id = 139887613306624, last time delay.time = 8, now count = 300, i = 0
2023-01-11 17:53:43.703  75 83 I channel139887613306624 self_thread_id = 139887613306624, last time delay.time = 8, now count = 300, i = 0
2023-01-11 17:53:43.703  75 83 W channel139887613306624 self_thread_id = 139887613306624, last time delay.time = 8, now count = 300, i = 0
2023-01-11 17:53:43.703  75 83 E channel139887613306624 self_thread_id = 139887613306624, last time delay.time = 8, now count = 300, i = 0
2023-01-11 17:53:43.703  75 80 I channel139887845451520 self_thread_id = 139887845451520, last time delay.time = 8, now count = 301, i = 0
2023-01-11 17:53:43.703  75 80 I channel139887845451520 self_thread_id = 139887845451520, last time delay.time = 8, now count = 301, i = 0
2023-01-11 17:53:43.703  75 80 W channel139887845451520 self_thread_id = 139887845451520, last time delay.time = 8, now count = 301, i = 0
2023-01-11 17:53:43.703  75 80 E channel139887845451520 self_thread_id = 139887845451520, last time delay.time = 8, now count = 301, i = 0
2023-01-11 17:53:43.703  75 84 I channel139887604913920 self_thread_id = 139887604913920, last time delay.time = 8, now count = 302, i = 0
2023-01-11 17:53:43.703  75 84 I channel139887604913920 self_thread_id = 139887604913920, last time delay.time = 8, now count = 302, i = 0
2023-01-11 17:53:43.703  75 84 W channel139887604913920 self_thread_id = 139887604913920, last time delay.time = 8, now count = 302, i = 0
2023-01-11 17:53:43.703  75 84 E channel139887604913920 self_thread_id = 139887604913920, last time delay.time = 8, now count = 302, i = 0
2023-01-11 17:53:43.704  75 81 I channel139887837058816 self_thread_id = 139887837058816, last time delay.time = 9, now count = 303, i = 0
2023-01-11 17:53:43.704  75 81 I channel139887837058816 self_thread_id = 139887837058816, last time delay.time = 9, now count = 303, i = 0
2023-01-11 17:53:43.704  75 81 W channel139887837058816 self_thread_id = 139887837058816, last time delay.time = 9, now count = 303, i = 0
2023-01-11 17:53:43.704  75 81 E channel139887837058816 self_thread_id = 139887837058816, last time delay.time = 9, now count = 303, i = 0
2023-01-11 17:53:43.704  75 77 I channel139887870629632 self_thread_id = 139887870629632, last time delay.time = 7, now count = 304, i = 0
2023-01-11 17:53:43.704  75 77 I channel139887870629632 self_thread_id = 139887870629632, last time delay.time = 7, now count = 304, i = 0
2023-01-11 17:53:43.704  75 77 W channel139887870629632 self_thread_id = 139887870629632, last time delay.time = 7, now count = 304, i = 0
2023-01-11 17:53:43.704  75 77 E channel139887870629632 self_thread_id = 139887870629632, last time delay.time = 7, now count = 304, i = 0
2023-01-11 17:53:44.703  75 79 I channel139887853844224 self_thread_id = 139887853844224, last time delay.time = 9, now count = 297, i = 1
2023-01-11 17:53:44.703  75 82 I channel139887621699328 self_thread_id = 139887621699328, last time delay.time = 9, now count = 298, i = 1
2023-01-11 17:53:44.703  75 79 I channel139887853844224 self_thread_id = 139887853844224, last time delay.time = 9, now count = 297, i = 1
2023-01-11 17:53:44.703  75 82 I channel139887621699328 self_thread_id = 139887621699328, last time delay.time = 9, now count = 298, i = 1
2023-01-11 17:53:44.703  75 79 W channel139887853844224 self_thread_id = 139887853844224, last time delay.time = 9, now count = 297, i = 1
2023-01-11 17:53:44.703  75 79 E channel139887853844224 self_thread_id = 139887853844224, last time delay.time = 9, now count = 297, i = 1
2023-01-11 17:53:44.703  75 82 W channel139887621699328 self_thread_id = 139887621699328, last time delay.time = 9, now count = 298, i = 1
2023-01-11 17:53:44.703  75 78 I channel139887862236928 self_thread_id = 139887862236928, last time delay.time = 9, now count = 299, i = 1
2023-01-11 17:53:44.703  75 78 I channel139887862236928 self_thread_id = 139887862236928, last time delay.time = 9, now count = 299, i = 1
2023-01-11 17:53:44.703  75 82 E channel139887621699328 self_thread_id = 139887621699328, last time delay.time = 9, now count = 298, i = 1
2023-01-11 17:53:44.703  75 78 W channel139887862236928 self_thread_id = 139887862236928, last time delay.time = 9, now count = 299, i = 1
2023-01-11 17:53:44.703  75 78 E channel139887862236928 self_thread_id = 139887862236928, last time delay.time = 9, now count = 299, i = 1
2023-01-11 17:53:44.703  75 83 I channel139887613306624 self_thread_id = 139887613306624, last time delay.time = 8, now count = 300, i = 1
2023-01-11 17:53:44.703  75 83 I channel139887613306624 self_thread_id = 139887613306624, last time delay.time = 8, now count = 300, i = 1
2023-01-11 17:53:44.703  75 83 W channel139887613306624 self_thread_id = 139887613306624, last time delay.time = 8, now count = 300, i = 1
2023-01-11 17:53:44.703  75 83 E channel139887613306624 self_thread_id = 139887613306624, last time delay.time = 8, now count = 300, i = 1
2023-01-11 17:53:44.703  75 80 I channel139887845451520 self_thread_id = 139887845451520, last time delay.time = 8, now count = 301, i = 1
2023-01-11 17:53:44.703  75 80 I channel139887845451520 self_thread_id = 139887845451520, last time delay.time = 8, now count = 301, i = 1
2023-01-11 17:53:44.703  75 80 W channel139887845451520 self_thread_id = 139887845451520, last time delay.time = 8, now count = 301, i = 1
2023-01-11 17:53:44.703  75 80 E channel139887845451520 self_thread_id = 139887845451520, last time delay.time = 8, now count = 301, i = 1
2023-01-11 17:53:44.703  75 84 I channel139887604913920 self_thread_id = 139887604913920, last time delay.time = 8, now count = 302, i = 1
2023-01-11 17:53:44.703  75 84 I channel139887604913920 self_thread_id = 139887604913920, last time delay.time = 8, now count = 302, i = 1
2023-01-11 17:53:44.703  75 84 W channel139887604913920 self_thread_id = 139887604913920, last time delay.time = 8, now count = 302, i = 1
2023-01-11 17:53:44.703  75 84 E channel139887604913920 self_thread_id = 139887604913920, last time delay.time = 8, now count = 302, i = 1
2023-01-11 17:53:44.704  75 81 I channel139887837058816 self_thread_id = 139887837058816, last time delay.time = 9, now count = 303, i = 1
2023-01-11 17:53:44.704  75 81 I channel139887837058816 self_thread_id = 139887837058816, last time delay.time = 9, now count = 303, i = 1
2023-01-11 17:53:44.704  75 81 W channel139887837058816 self_thread_id = 139887837058816, last time delay.time = 9, now count = 303, i = 1
2023-01-11 17:53:44.704  75 81 E channel139887837058816 self_thread_id = 139887837058816, last time delay.time = 9, now count = 303, i = 1
2023-01-11 17:53:44.704  75 77 I channel139887870629632 self_thread_id = 139887870629632, last time delay.time = 7, now count = 304, i = 1
2023-01-11 17:53:44.705  75 77 I channel139887870629632 self_thread_id = 139887870629632, last time delay.time = 7, now count = 304, i = 1
2023-01-11 17:53:44.705  75 77 W channel139887870629632 self_thread_id = 139887870629632, last time delay.time = 7, now count = 304, i = 1
2023-01-11 17:53:44.705  75 77 E channel139887870629632 self_thread_id = 139887870629632, last time delay.time = 7, now count = 304, i = 1
2023-01-11 17:53:45.703  75 82 I channel139887621699328 self_thread_id = 139887621699328, last time delay.time = 9, now count = 298, i = 2
2023-01-11 17:53:45.703  75 82 I channel139887621699328 self_thread_id = 139887621699328, last time delay.time = 9, now count = 298, i = 2
2023-01-11 17:53:45.703  75 79 I channel139887853844224 self_thread_id = 139887853844224, last time delay.time = 9, now count = 297, i = 2
2023-01-11 17:53:45.703  75 78 I channel139887862236928 self_thread_id = 139887862236928, last time delay.time = 9, now count = 299, i = 2
2023-01-11 17:53:45.703  75 82 W channel139887621699328 self_thread_id = 139887621699328, last time delay.time = 9, now count = 298, i = 2
2023-01-11 17:53:45.703  75 79 I channel139887853844224 self_thread_id = 139887853844224, last time delay.time = 9, now count = 297, i = 2
2023-01-11 17:53:45.703  75 78 I channel139887862236928 self_thread_id = 139887862236928, last time delay.time = 9, now count = 299, i = 2
2023-01-11 17:53:45.703  75 79 W channel139887853844224 self_thread_id = 139887853844224, last time delay.time = 9, now count = 297, i = 2
2023-01-11 17:53:45.703  75 82 E channel139887621699328 self_thread_id = 139887621699328, last time delay.time = 9, now count = 298, i = 2
2023-01-11 17:53:45.703  75 78 W channel139887862236928 self_thread_id = 139887862236928, last time delay.time = 9, now count = 299, i = 2
2023-01-11 17:53:45.703  75 79 E channel139887853844224 self_thread_id = 139887853844224, last time delay.time = 9, now count = 297, i = 2
2023-01-11 17:53:45.703  75 78 E channel139887862236928 self_thread_id = 139887862236928, last time delay.time = 9, now count = 299, i = 2
2023-01-11 17:53:45.703  75 83 I channel139887613306624 self_thread_id = 139887613306624, last time delay.time = 8, now count = 300, i = 2
2023-01-11 17:53:45.703  75 83 I channel139887613306624 self_thread_id = 139887613306624, last time delay.time = 8, now count = 300, i = 2
2023-01-11 17:53:45.703  75 83 W channel139887613306624 self_thread_id = 139887613306624, last time delay.time = 8, now count = 300, i = 2
2023-01-11 17:53:45.703  75 83 E channel139887613306624 self_thread_id = 139887613306624, last time delay.time = 8, now count = 300, i = 2
2023-01-11 17:53:45.703  75 80 I channel139887845451520 self_thread_id = 139887845451520, last time delay.time = 8, now count = 301, i = 2
2023-01-11 17:53:45.703  75 80 I channel139887845451520 self_thread_id = 139887845451520, last time delay.time = 8, now count = 301, i = 2
2023-01-11 17:53:45.703  75 80 W channel139887845451520 self_thread_id = 139887845451520, last time delay.time = 8, now count = 301, i = 2
2023-01-11 17:53:45.703  75 80 E channel139887845451520 self_thread_id = 139887845451520, last time delay.time = 8, now count = 301, i = 2
2023-01-11 17:53:45.703  75 84 I channel139887604913920 self_thread_id = 139887604913920, last time delay.time = 8, now count = 302, i = 2
2023-01-11 17:53:45.703  75 84 I channel139887604913920 self_thread_id = 139887604913920, last time delay.time = 8, now count = 302, i = 2
2023-01-11 17:53:45.703  75 84 W channel139887604913920 self_thread_id = 139887604913920, last time delay.time = 8, now count = 302, i = 2
2023-01-11 17:53:45.703  75 84 E channel139887604913920 self_thread_id = 139887604913920, last time delay.time = 8, now count = 302, i = 2
2023-01-11 17:53:45.705  75 81 I channel139887837058816 self_thread_id = 139887837058816, last time delay.time = 9, now count = 303, i = 2
2023-01-11 17:53:45.705  75 81 I channel139887837058816 self_thread_id = 139887837058816, last time delay.time = 9, now count = 303, i = 2
2023-01-11 17:53:45.705  75 81 W channel139887837058816 self_thread_id = 139887837058816, last time delay.time = 9, now count = 303, i = 2
2023-01-11 17:53:45.705  75 81 E channel139887837058816 self_thread_id = 139887837058816, last time delay.time = 9, now count = 303, i = 2
2023-01-11 17:53:45.705  75 77 I channel139887870629632 self_thread_id = 139887870629632, last time delay.time = 7, now count = 304, i = 2
2023-01-11 17:53:45.705  75 77 I channel139887870629632 self_thread_id = 139887870629632, last time delay.time = 7, now count = 304, i = 2
2023-01-11 17:53:45.705  75 77 W channel139887870629632 self_thread_id = 139887870629632, last time delay.time = 7, now count = 304, i = 2
2023-01-11 17:53:45.705  75 77 E channel139887870629632 self_thread_id = 139887870629632, last time delay.time = 7, now count = 304, i = 2
2023-01-11 17:53:46.510  75 75 I APP.tag TestComponent::Proc
2023-01-11 17:53:46.510  75 75 I APP.tag ****************test INFO begin****************
2023-01-11 17:53:46.510  75 75 I APP.tag 测试 index = 770组
2023-01-11 17:53:46.510  75 75 E APP.tag 循环计数 i = 1次
2023-01-11 17:53:46.510  75 75 I APP.tag test LOG_Trace()
2023-01-11 17:53:46.510  75 75 I vscode 循环计数 i = 1次,test LOG_Channel_Trace()
2023-01-11 17:53:46.510  75 75 E APP.tag 循环计数 i = 2次
2023-01-11 17:53:46.510  75 75 E APP.tag 循环计数 i = 3次
2023-01-11 17:53:46.510  75 75 I APP.tag test LOG_Info()
2023-01-11 17:53:46.510  75 75 I baidu 循环计数 i = 3次,test LOG_Channel_Info()
2023-01-11 17:53:46.510  75 75 E APP.tag 循环计数 i = 4次
2023-01-11 17:53:46.510  75 75 W APP.tag test LOG_Warn()
2023-01-11 17:53:46.510  75 75 W google 循环计数 i = 4次,test LOG_Channel_Warn()
2023-01-11 17:53:46.510  75 75 E APP.tag 循环计数 i = 5次
2023-01-11 17:53:46.510  75 75 E APP.tag test LOG_Error()
2023-01-11 17:53:46.510  75 75 E visio 循环计数 i = 5次,test LOG_Channel_Error()
2023-01-11 17:53:46.510  75 75 I APP.tag print coredump DataLen:2 Data[01 00]
2023-01-11 17:53:46.510  75 75 W coredump 0x0000000a 0a 00 00 00 0b 00 00 00 0c 00 00 00 0d 00 00 00 0e 00 00 00
2023-01-11 17:53:46.510  75 75 I APP.tag ****************test INFO end****************
2023-01-11 17:53:46.703  75 82 I channel139887621699328 self_thread_id = 139887621699328, last time delay.time = 9, now count = 298, i = 3
2023-01-11 17:53:46.703  75 78 I channel139887862236928 self_thread_id = 139887862236928, last time delay.time = 9, now count = 299, i = 3
2023-01-11 17:53:46.703  75 82 I channel139887621699328 self_thread_id = 139887621699328, last time delay.time = 9, now count = 298, i = 3
2023-01-11 17:53:46.703  75 78 I channel139887862236928 self_thread_id = 139887862236928, last time delay.time = 9, now count = 299, i = 3
2023-01-11 17:53:46.703  75 79 I channel139887853844224 self_thread_id = 139887853844224, last time delay.time = 9, now count = 297, i = 3
2023-01-11 17:53:46.703  75 78 W channel139887862236928 self_thread_id = 139887862236928, last time delay.time = 9, now count = 299, i = 3
2023-01-11 17:53:46.703  75 82 W channel139887621699328 self_thread_id = 139887621699328, last time delay.time = 9, now count = 298, i = 3
2023-01-11 17:53:46.703  75 82 E channel139887621699328 self_thread_id = 139887621699328, last time delay.time = 9, now count = 298, i = 3
2023-01-11 17:53:46.703  75 79 I channel139887853844224 self_thread_id = 139887853844224, last time delay.time = 9, now count = 297, i = 3
2023-01-11 17:53:46.703  75 83 I channel139887613306624 self_thread_id = 139887613306624, last time delay.time = 8, now count = 300, i = 3
2023-01-11 17:53:46.703  75 79 W channel139887853844224 self_thread_id = 139887853844224, last time delay.time = 9, now count = 297, i = 3
2023-01-11 17:53:46.703  75 78 E channel139887862236928 self_thread_id = 139887862236928, last time delay.time = 9, now count = 299, i = 3
2023-01-11 17:53:46.703  75 79 E channel139887853844224 self_thread_id = 139887853844224, last time delay.time = 9, now count = 297, i = 3
2023-01-11 17:53:46.703  75 83 I channel139887613306624 self_thread_id = 139887613306624, last time delay.time = 8, now count = 300, i = 3
2023-01-11 17:53:46.703  75 83 W channel139887613306624 self_thread_id = 139887613306624, last time delay.time = 8, now count = 300, i = 3
2023-01-11 17:53:46.703  75 83 E channel139887613306624 self_thread_id = 139887613306624, last time delay.time = 8, now count = 300, i = 3
2023-01-11 17:53:46.704  75 80 I channel139887845451520 self_thread_id = 139887845451520, last time delay.time = 8, now count = 301, i = 3
2023-01-11 17:53:46.704  75 80 I channel139887845451520 self_thread_id = 139887845451520, last time delay.time = 8, now count = 301, i = 3
2023-01-11 17:53:46.704  75 80 W channel139887845451520 self_thread_id = 139887845451520, last time delay.time = 8, now count = 301, i = 3
2023-01-11 17:53:46.704  75 80 E channel139887845451520 self_thread_id = 139887845451520, last time delay.time = 8, now count = 301, i = 3
2023-01-11 17:53:46.704  75 84 I channel139887604913920 self_thread_id = 139887604913920, last time delay.time = 8, now count = 302, i = 3
2023-01-11 17:53:46.704  75 84 I channel139887604913920 self_thread_id = 139887604913920, last time delay.time = 8, now count = 302, i = 3
2023-01-11 17:53:46.704  75 84 W channel139887604913920 self_thread_id = 139887604913920, last time delay.time = 8, now count = 302, i = 3
2023-01-11 17:53:46.704  75 84 E channel139887604913920 self_thread_id = 139887604913920, last time delay.time = 8, now count = 302, i = 3
2023-01-11 17:53:46.705  75 81 I channel139887837058816 self_thread_id = 139887837058816, last time delay.time = 9, now count = 303, i = 3
2023-01-11 17:53:46.705  75 77 I channel139887870629632 self_thread_id = 139887870629632, last time delay.time = 7, now count = 304, i = 3
2023-01-11 17:53:46.705  75 81 I channel139887837058816 self_thread_id = 139887837058816, last time delay.time = 9, now count = 303, i = 3
2023-01-11 17:53:46.705  75 77 I channel139887870629632 self_thread_id = 139887870629632, last time delay.time = 7, now count = 304, i = 3
2023-01-11 17:53:46.705  75 81 W channel139887837058816 self_thread_id = 139887837058816, last time delay.time = 9, now count = 303, i = 3
2023-01-11 17:53:46.705  75 77 W channel139887870629632 self_thread_id = 139887870629632, last time delay.time = 7, now count = 304, i = 3
2023-01-11 17:53:46.705  75 81 E channel139887837058816 self_thread_id = 139887837058816, last time delay.time = 9, now count = 303, i = 3
2023-01-11 17:53:46.705  75 77 E channel139887870629632 self_thread_id = 139887870629632, last time delay.time = 7, now count = 304, i = 3
2023-01-11 17:53:47.704  75 82 I channel139887621699328 self_thread_id = 139887621699328, last time delay.time = 9, now count = 298, i = 4
2023-01-11 17:53:47.704  75 79 I channel139887853844224 self_thread_id = 139887853844224, last time delay.time = 9, now count = 297, i = 4
2023-01-11 17:53:47.704  75 79 I channel139887853844224 self_thread_id = 139887853844224, last time delay.time = 9, now count = 297, i = 4
2023-01-11 17:53:47.704  75 78 I channel139887862236928 self_thread_id = 139887862236928, last time delay.time = 9, now count = 299, i = 4
2023-01-11 17:53:47.704  75 79 W channel139887853844224 self_thread_id = 139887853844224, last time delay.time = 9, now count = 297, i = 4
2023-01-11 17:53:47.704  75 79 E channel139887853844224 self_thread_id = 139887853844224, last time delay.time = 9, now count = 297, i = 4
2023-01-11 17:53:47.704  75 83 I channel139887613306624 self_thread_id = 139887613306624, last time delay.time = 8, now count = 300, i = 4
2023-01-11 17:53:47.704  75 82 I channel139887621699328 self_thread_id = 139887621699328, last time delay.time = 9, now count = 298, i = 4
2023-01-11 17:53:47.704  75 82 W channel139887621699328 self_thread_id = 139887621699328, last time delay.time = 9, now count = 298, i = 4
2023-01-11 17:53:47.704  75 79 I channel139887853844224 self_thread_id = 139887853844224, last time delay.time = 9, now count = 305
2023-01-11 17:53:47.704  75 78 I channel139887862236928 self_thread_id = 139887862236928, last time delay.time = 9, now count = 299, i = 4
2023-01-11 17:53:47.704  75 83 I channel139887613306624 self_thread_id = 139887613306624, last time delay.time = 8, now count = 300, i = 4
2023-01-11 17:53:47.704  75 82 E channel139887621699328 self_thread_id = 139887621699328, last time delay.time = 9, now count = 298, i = 4
2023-01-11 17:53:47.704  75 83 W channel139887613306624 self_thread_id = 139887613306624, last time delay.time = 8, now count = 300, i = 4
2023-01-11 17:53:47.704  75 78 W channel139887862236928 self_thread_id = 139887862236928, last time delay.time = 9, now count = 299, i = 4
2023-01-11 17:53:47.704  75 78 E channel139887862236928 self_thread_id = 139887862236928, last time delay.time = 9, now count = 299, i = 4
2023-01-11 17:53:47.704  75 83 E channel139887613306624 self_thread_id = 139887613306624, last time delay.time = 8, now count = 300, i = 4
2023-01-11 17:53:47.704  75 83 I channel139887613306624 self_thread_id = 139887613306624, last time delay.time = 8, now count = 308
2023-01-11 17:53:47.704  75 82 I channel139887621699328 self_thread_id = 139887621699328, last time delay.time = 9, now count = 306
2023-01-11 17:53:47.704  75 78 I channel139887862236928 self_thread_id = 139887862236928, last time delay.time = 9, now count = 307
2023-01-11 17:53:47.704  75 80 I channel139887845451520 self_thread_id = 139887845451520, last time delay.time = 8, now count = 301, i = 4
2023-01-11 17:53:47.704  75 80 I channel139887845451520 self_thread_id = 139887845451520, last time delay.time = 8, now count = 301, i = 4
2023-01-11 17:53:47.704  75 80 W channel139887845451520 self_thread_id = 139887845451520, last time delay.time = 8, now count = 301, i = 4
2023-01-11 17:53:47.704  75 80 E channel139887845451520 self_thread_id = 139887845451520, last time delay.time = 8, now count = 301, i = 4
2023-01-11 17:53:47.704  75 84 I channel139887604913920 self_thread_id = 139887604913920, last time delay.time = 8, now count = 302, i = 4
2023-01-11 17:53:47.704  75 80 I channel139887845451520 self_thread_id = 139887845451520, last time delay.time = 8, now count = 309
2023-01-11 17:53:47.704  75 84 I channel139887604913920 self_thread_id = 139887604913920, last time delay.time = 8, now count = 302, i = 4
2023-01-11 17:53:47.704  75 84 W channel139887604913920 self_thread_id = 139887604913920, last time delay.time = 8, now count = 302, i = 4
2023-01-11 17:53:47.704  75 84 E channel139887604913920 self_thread_id = 139887604913920, last time delay.time = 8, now count = 302, i = 4
2023-01-11 17:53:47.704  75 84 I channel139887604913920 self_thread_id = 139887604913920, last time delay.time = 8, now count = 310
2023-01-11 17:53:47.705  75 77 I channel139887870629632 self_thread_id = 139887870629632, last time delay.time = 7, now count = 304, i = 4
2023-01-11 17:53:47.705  75 77 I channel139887870629632 self_thread_id = 139887870629632, last time delay.time = 7, now count = 304, i = 4
2023-01-11 17:53:47.705  75 77 W channel139887870629632 self_thread_id = 139887870629632, last time delay.time = 7, now count = 304, i = 4
2023-01-11 17:53:47.705  75 77 E channel139887870629632 self_thread_id = 139887870629632, last time delay.time = 7, now count = 304, i = 4
2023-01-11 17:53:47.705  75 77 I channel139887870629632 self_thread_id = 139887870629632, last time delay.time = 7, now count = 311
2023-01-11 17:53:47.705  75 81 I channel139887837058816 self_thread_id = 139887837058816, last time delay.time = 9, now count = 303, i = 4
2023-01-11 17:53:47.705  75 81 I channel139887837058816 self_thread_id = 139887837058816, last time delay.time = 9, now count = 303, i = 4
2023-01-11 17:53:47.705  75 81 W channel139887837058816 self_thread_id = 139887837058816, last time delay.time = 9, now count = 303, i = 4
2023-01-11 17:53:47.705  75 81 E channel139887837058816 self_thread_id = 139887837058816, last time delay.time = 9, now count = 303, i = 4
2023-01-11 17:53:47.705  75 81 I channel139887837058816 self_thread_id = 139887837058816, last time delay.time = 9, now count = 312
2023-01-11 17:53:48.704  75 82 I channel139887621699328 self_thread_id = 139887621699328, last time delay.time = 11, now count = 306, i = 0
2023-01-11 17:53:48.704  75 78 I channel139887862236928 self_thread_id = 139887862236928, last time delay.time = 8, now count = 307, i = 0
2023-01-11 17:53:48.704  75 82 I channel139887621699328 self_thread_id = 139887621699328, last time delay.time = 11, now count = 306, i = 0
2023-01-11 17:53:48.704  75 79 I channel139887853844224 self_thread_id = 139887853844224, last time delay.time = 10, now count = 305, i = 0
2023-01-11 17:53:48.704  75 82 W channel139887621699328 self_thread_id = 139887621699328, last time delay.time = 11, now count = 306, i = 0
2023-01-11 17:53:48.704  75 82 E channel139887621699328 self_thread_id = 139887621699328, last time delay.time = 11, now count = 306, i = 0
