2023-01-11 17:53:17.698  75 82 I channel139887621699328 self_thread_id = 139887621699328, last time delay.time = 11, now count = 249, i = 4
2023-01-11 17:53:17.698  75 78 E channel139887862236928 self_thread_id = 139887862236928, last time delay.time = 10, now count = 250, i = 4
2023-01-11 17:53:17.698  75 82 W channel139887621699328 self_thread_id = 139887621699328, last time delay.time = 11, now count = 249, i = 4
2023-01-11 17:53:17.698  75 78 I channel139887862236928 self_thread_id = 139887862236928, last time delay.time = 10, now count = 257
2023-01-11 17:53:17.698  75 82 E channel139887621699328 self_thread_id = 139887621699328, last time delay.time = 11, now count = 249, i = 4
2023-01-11 17:53:17.698  75 82 I channel139887621699328 self_thread_id = 139887621699328, last time delay.time = 11, now count = 258
2023-01-11 17:53:17.698  75 79 I channel139887853844224 self_thread_id = 139887853844224, last time delay.time = 11, now count = 251, i = 4
2023-01-11 17:53:17.698  75 79 I channel139887853844224 self_thread_id = 139887853844224, last time delay.time = 11, now count = 251, i = 4
2023-01-11 17:53:17.698  75 79 W channel139887853844224 self_thread_id = 139887853844224, last time delay.time = 11, now count = 251, i = 4
2023-01-11 17:53:17.698  75 79 E channel139887853844224 self_thread_id = 139887853844224, last time delay.time = 11, now count = 251, i = 4
2023-01-11 17:53:17.698  75 79 I channel139887853844224 self_thread_id = 139887853844224, last time delay.time = 11, now count = 259
2023-01-11 17:53:17.698  75 80 I channel139887845451520 self_thread_id = 139887845451520, last time delay.time = 9, now count = 252, i = 4
2023-01-11 17:53:17.698  75 80 I channel139887845451520 self_thread_id = 139887845451520, last time delay.time = 9, now count = 252, i = 4
2023-01-11 17:53:17.698  75 80 W channel139887845451520 self_thread_id = 139887845451520, last time delay.time = 9, now count = 252, i = 4
2023-01-11 17:53:17.698  75 80 E channel139887845451520 self_thread_id = 139887845451520, last time delay.time = 9, now count = 252, i = 4
2023-01-11 17:53:17.698  75 84 I channel139887604913920 self_thread_id = 139887604913920, last time delay.time = 8, now count = 253, i = 4
2023-01-11 17:53:17.698  75 80 I channel139887845451520 self_thread_id = 139887845451520, last time delay.time = 9, now count = 260
2023-01-11 17:53:17.698  75 84 I channel139887604913920 self_thread_id = 139887604913920, last time delay.time = 8, now count = 253, i = 4
2023-01-11 17:53:17.698  75 84 W channel139887604913920 self_thread_id = 139887604913920, last time delay.time = 8, now count = 253, i = 4
2023-01-11 17:53:17.698  75 84 E channel139887604913920 self_thread_id = 139887604913920, last time delay.time = 8, now count = 253, i = 4
2023-01-11 17:53:17.698  75 84 I channel139887604913920 self_thread_id = 139887604913920, last time delay.time = 8, now count = 261
2023-01-11 17:53:17.698  75 83 I channel139887613306624 self_thread_id = 139887613306624, last time delay.time = 9, now count = 254, i = 4
2023-01-11 17:53:17.698  75 83 I channel139887613306624 self_thread_id = 139887613306624, last time delay.time = 9, now count = 254, i = 4
2023-01-11 17:53:17.698  75 83 W channel139887613306624 self_thread_id = 139887613306624, last time delay.time = 9, now count = 254, i = 4
2023-01-11 17:53:17.698  75 83 E channel139887613306624 self_thread_id = 139887613306624, last time delay.time = 9, now count = 254, i = 4
2023-01-11 17:53:17.698  75 83 I channel139887613306624 self_thread_id = 139887613306624, last time delay.time = 9, now count = 262
2023-01-11 17:53:17.700  75 81 I channel139887837058816 self_thread_id = 139887837058816, last time delay.time = 9, now count = 255, i = 4
2023-01-11 17:53:17.700  75 81 I channel139887837058816 self_thread_id = 139887837058816, last time delay.time = 9, now count = 255, i = 4
2023-01-11 17:53:17.700  75 81 W channel139887837058816 self_thread_id = 139887837058816, last time delay.time = 9, now count = 255, i = 4
2023-01-11 17:53:17.700  75 81 E channel139887837058816 self_thread_id = 139887837058816, last time delay.time = 9, now count = 255, i = 4
2023-01-11 17:53:17.700  75 81 I channel139887837058816 self_thread_id = 139887837058816, last time delay.time = 9, now count = 263
2023-01-11 17:53:17.700  75 77 I channel139887870629632 self_thread_id = 139887870629632, last time delay.time = 8, now count = 256, i = 4
2023-01-11 17:53:17.700  75 77 I channel139887870629632 self_thread_id = 139887870629632, last time delay.time = 8, now count = 256, i = 4
2023-01-11 17:53:17.700  75 77 W channel139887870629632 self_thread_id = 139887870629632, last time delay.time = 8, now count = 256, i = 4
2023-01-11 17:53:17.700  75 77 E channel139887870629632 self_thread_id = 139887870629632, last time delay.time = 8, now count = 256, i = 4
2023-01-11 17:53:17.700  75 77 I channel139887870629632 self_thread_id = 139887870629632, last time delay.time = 8, now count = 264
2023-01-11 17:53:18.698  75 78 I channel139887862236928 self_thread_id = 139887862236928, last time delay.time = 11, now count = 257, i = 0
2023-01-11 17:53:18.698  75 78 I channel139887862236928 self_thread_id = 139887862236928, last time delay.time = 11, now count = 257, i = 0
2023-01-11 17:53:18.698  75 82 I channel139887621699328 self_thread_id = 139887621699328, last time delay.time = 9, now count = 258, i = 0
2023-01-11 17:53:18.698  75 78 W channel139887862236928 self_thread_id = 139887862236928, last time delay.time = 11, now count = 257, i = 0
2023-01-11 17:53:18.698  75 78 E channel139887862236928 self_thread_id = 139887862236928, last time delay.time = 11, now count = 257, i = 0
2023-01-11 17:53:18.698  75 82 I channel139887621699328 self_thread_id = 139887621699328, last time delay.time = 9, now count = 258, i = 0
2023-01-11 17:53:18.698  75 82 W channel139887621699328 self_thread_id = 139887621699328, last time delay.time = 9, now count = 258, i = 0
2023-01-11 17:53:18.698  75 82 E channel139887621699328 self_thread_id = 139887621699328, last time delay.time = 9, now count = 258, i = 0
2023-01-11 17:53:18.698  75 79 I channel139887853844224 self_thread_id = 139887853844224, last time delay.time = 11, now count = 259, i = 0
2023-01-11 17:53:18.698  75 79 I channel139887853844224 self_thread_id = 139887853844224, last time delay.time = 11, now count = 259, i = 0
2023-01-11 17:53:18.698  75 79 W channel139887853844224 self_thread_id = 139887853844224, last time delay.time = 11, now count = 259, i = 0
2023-01-11 17:53:18.698  75 79 E channel139887853844224 self_thread_id = 139887853844224, last time delay.time = 11, now count = 259, i = 0
2023-01-11 17:53:18.698  75 80 I channel139887845451520 self_thread_id = 139887845451520, last time delay.time = 14, now count = 260, i = 0
2023-01-11 17:53:18.698  75 80 I channel139887845451520 self_thread_id = 139887845451520, last time delay.time = 14, now count = 260, i = 0
2023-01-11 17:53:18.698  75 80 W channel139887845451520 self_thread_id = 139887845451520, last time delay.time = 14, now count = 260, i = 0
2023-01-11 17:53:18.698  75 80 E channel139887845451520 self_thread_id = 139887845451520, last time delay.time = 14, now count = 260, i = 0
2023-01-11 17:53:18.698  75 84 I channel139887604913920 self_thread_id = 139887604913920, last time delay.time = 8, now count = 261, i = 0
2023-01-11 17:53:18.698  75 84 I channel139887604913920 self_thread_id = 139887604913920, last time delay.time = 8, now count = 261, i = 0
2023-01-11 17:53:18.698  75 84 W channel139887604913920 self_thread_id = 139887604913920, last time delay.time = 8, now count = 261, i = 0
2023-01-11 17:53:18.698  75 84 E channel139887604913920 self_thread_id = 139887604913920, last time delay.time = 8, now count = 261, i = 0
2023-01-11 17:53:18.699  75 83 I channel139887613306624 self_thread_id = 139887613306624, last time delay.time = 9, now count = 262, i = 0
2023-01-11 17:53:18.699  75 83 I channel139887613306624 self_thread_id = 139887613306624, last time delay.time = 9, now count = 262, i = 0
2023-01-11 17:53:18.699  75 83 W channel139887613306624 self_thread_id = 139887613306624, last time delay.time = 9, now count = 262, i = 0
2023-01-11 17:53:18.699  75 83 E channel139887613306624 self_thread_id = 139887613306624, last time delay.time = 9, now count = 262, i = 0
2023-01-11 17:53:18.700  75 81 I channel139887837058816 self_thread_id = 139887837058816, last time delay.time = 8, now count = 263, i = 0
2023-01-11 17:53:18.700  75 81 I channel139887837058816 self_thread_id = 139887837058816, last time delay.time = 8, now count = 263, i = 0
2023-01-11 17:53:18.700  75 81 W channel139887837058816 self_thread_id = 139887837058816, last time delay.time = 8, now count = 263, i = 0
2023-01-11 17:53:18.700  75 81 E channel139887837058816 self_thread_id = 139887837058816, last time delay.time = 8, now count = 263, i = 0
2023-01-11 17:53:18.700  75 77 I channel139887870629632 self_thread_id = 139887870629632, last time delay.time = 8, now count = 264, i = 0
2023-01-11 17:53:18.700  75 77 I channel139887870629632 self_thread_id = 139887870629632, last time delay.time = 8, now count = 264, i = 0
2023-01-11 17:53:18.700  75 77 W channel139887870629632 self_thread_id = 139887870629632, last time delay.time = 8, now count = 264, i = 0
2023-01-11 17:53:18.700  75 77 E channel139887870629632 self_thread_id = 139887870629632, last time delay.time = 8, now count = 264, i = 0
2023-01-11 17:53:19.698  75 78 I channel139887862236928 self_thread_id = 139887862236928, last time delay.time = 11, now count = 257, i = 1
2023-01-11 17:53:19.698  75 78 I channel139887862236928 self_thread_id = 139887862236928, last time delay.time = 11, now count = 257, i = 1
2023-01-11 17:53:19.698  75 78 W channel139887862236928 self_thread_id = 139887862236928, last time delay.time = 11, now count = 257, i = 1
2023-01-11 17:53:19.698  75 78 E channel139887862236928 self_thread_id = 139887862236928, last time delay.time = 11, now count = 257, i = 1
2023-01-11 17:53:19.698  75 82 I channel139887621699328 self_thread_id = 139887621699328, last time delay.time = 9, now count = 258, i = 1
2023-01-11 17:53:19.698  75 82 I channel139887621699328 self_thread_id = 139887621699328, last time delay.time = 9, now count = 258, i = 1
2023-01-11 17:53:19.698  75 82 W channel139887621699328 self_thread_id = 139887621699328, last time delay.time = 9, now count = 258, i = 1
2023-01-11 17:53:19.698  75 82 E channel139887621699328 self_thread_id = 139887621699328, last time delay.time = 9, now count = 258, i = 1
2023-01-11 17:53:19.698  75 79 I channel139887853844224 self_thread_id = 139887853844224, last time delay.time = 11, now count = 259, i = 1
2023-01-11 17:53:19.698  75 79 I channel139887853844224 self_thread_id = 139887853844224, last time delay.time = 11, now count = 259, i = 1
2023-01-11 17:53:19.698  75 79 W channel139887853844224 self_thread_id = 139887853844224, last time delay.time = 11, now count = 259, i = 1
2023-01-11 17:53:19.698  75 79 E channel139887853844224 self_thread_id = 139887853844224, last time delay.time = 11, now count = 259, i = 1
2023-01-11 17:53:19.699  75 80 I channel139887845451520 self_thread_id = 139887845451520, last time delay.time = 14, now count = 260, i = 1
2023-01-11 17:53:19.699  75 80 I channel139887845451520 self_thread_id = 139887845451520, last time delay.time = 14, now count = 260, i = 1
2023-01-11 17:53:19.699  75 80 W channel139887845451520 self_thread_id = 139887845451520, last time delay.time = 14, now count = 260, i = 1
2023-01-11 17:53:19.699  75 80 E channel139887845451520 self_thread_id = 139887845451520, last time delay.time = 14, now count = 260, i = 1
2023-01-11 17:53:19.699  75 84 I channel139887604913920 self_thread_id = 139887604913920, last time delay.time = 8, now count = 261, i = 1
2023-01-11 17:53:19.699  75 84 I channel139887604913920 self_thread_id = 139887604913920, last time delay.time = 8, now count = 261, i = 1
2023-01-11 17:53:19.699  75 84 W channel139887604913920 self_thread_id = 139887604913920, last time delay.time = 8, now count = 261, i = 1
2023-01-11 17:53:19.699  75 84 E channel139887604913920 self_thread_id = 139887604913920, last time delay.time = 8, now count = 261, i = 1
2023-01-11 17:53:19.699  75 83 I channel139887613306624 self_thread_id = 139887613306624, last time delay.time = 9, now count = 262, i = 1
2023-01-11 17:53:19.699  75 83 I channel139887613306624 self_thread_id = 139887613306624, last time delay.time = 9, now count = 262, i = 1
2023-01-11 17:53:19.699  75 83 W channel139887613306624 self_thread_id = 139887613306624, last time delay.time = 9, now count = 262, i = 1
2023-01-11 17:53:19.699  75 83 E channel139887613306624 self_thread_id = 139887613306624, last time delay.time = 9, now count = 262, i = 1
2023-01-11 17:53:19.700  75 81 I channel139887837058816 self_thread_id = 139887837058816, last time delay.time = 8, now count = 263, i = 1
2023-01-11 17:53:19.700  75 81 I channel139887837058816 self_thread_id = 139887837058816, last time delay.time = 8, now count = 263, i = 1
2023-01-11 17:53:19.700  75 81 W channel139887837058816 self_thread_id = 139887837058816, last time delay.time = 8, now count = 263, i = 1
2023-01-11 17:53:19.700  75 81 E channel139887837058816 self_thread_id = 139887837058816, last time delay.time = 8, now count = 263, i = 1
2023-01-11 17:53:19.700  75 77 I channel139887870629632 self_thread_id = 139887870629632, last time delay.time = 8, now count = 264, i = 1
2023-01-11 17:53:19.700  75 77 I channel139887870629632 self_thread_id = 139887870629632, last time delay.time = 8, now count = 264, i = 1
2023-01-11 17:53:19.700  75 77 W channel139887870629632 self_thread_id = 139887870629632, last time delay.time = 8, now count = 264, i = 1
2023-01-11 17:53:19.700  75 77 E channel139887870629632 self_thread_id = 139887870629632, last time delay.time = 8, now count = 264, i = 1
2023-01-11 17:53:20.698  75 78 I channel139887862236928 self_thread_id = 139887862236928, last time delay.time = 11, now count = 257, i = 2
2023-01-11 17:53:20.698  75 78 I channel139887862236928 self_thread_id = 139887862236928, last time delay.time = 11, now count = 257, i = 2
2023-01-11 17:53:20.698  75 82 I channel139887621699328 self_thread_id = 139887621699328, last time delay.time = 9, now count = 258, i = 2
2023-01-11 17:53:20.698  75 78 W channel139887862236928 self_thread_id = 139887862236928, last time delay.time = 11, now count = 257, i = 2
2023-01-11 17:53:20.698  75 82 I channel139887621699328 self_thread_id = 139887621699328, last time delay.time = 9, now count = 258, i = 2
2023-01-11 17:53:20.698  75 78 E channel139887862236928 self_thread_id = 139887862236928, last time delay.time = 11, now count = 257, i = 2
2023-01-11 17:53:20.698  75 82 W channel139887621699328 self_thread_id = 139887621699328, last time delay.time = 9, now count = 258, i = 2
2023-01-11 17:53:20.698  75 82 E channel139887621699328 self_thread_id = 139887621699328, last time delay.time = 9, now count = 258, i = 2
2023-01-11 17:53:20.699  75 79 I channel139887853844224 self_thread_id = 139887853844224, last time delay.time = 11, now count = 259, i = 2
2023-01-11 17:53:20.699  75 79 I channel139887853844224 self_thread_id = 139887853844224, last time delay.time = 11, now count = 259, i = 2
2023-01-11 17:53:20.699  75 79 W channel139887853844224 self_thread_id = 139887853844224, last time delay.time = 11, now count = 259, i = 2
2023-01-11 17:53:20.699  75 79 E channel139887853844224 self_thread_id = 139887853844224, last time delay.time = 11, now count = 259, i = 2
2023-01-11 17:53:20.699  75 80 I channel139887845451520 self_thread_id = 139887845451520, last time delay.time = 14, now count = 260, i = 2
2023-01-11 17:53:20.699  75 80 I channel139887845451520 self_thread_id = 139887845451520, last time delay.time = 14, now count = 260, i = 2
2023-01-11 17:53:20.699  75 80 W channel139887845451520 self_thread_id = 139887845451520, last time delay.time = 14, now count = 260, i = 2
2023-01-11 17:53:20.699  75 80 E channel139887845451520 self_thread_id = 139887845451520, last time delay.time = 14, now count = 260, i = 2
2023-01-11 17:53:20.699  75 84 I channel139887604913920 self_thread_id = 139887604913920, last time delay.time = 8, now count = 261, i = 2
2023-01-11 17:53:20.699  75 84 I channel139887604913920 self_thread_id = 139887604913920, last time delay.time = 8, now count = 261, i = 2
2023-01-11 17:53:20.699  75 84 W channel139887604913920 self_thread_id = 139887604913920, last time delay.time = 8, now count = 261, i = 2
2023-01-11 17:53:20.699  75 84 E channel139887604913920 self_thread_id = 139887604913920, last time delay.time = 8, now count = 261, i = 2
2023-01-11 17:53:20.699  75 83 I channel139887613306624 self_thread_id = 139887613306624, last time delay.time = 9, now count = 262, i = 2
2023-01-11 17:53:20.699  75 83 I channel139887613306624 self_thread_id = 139887613306624, last time delay.time = 9, now count = 262, i = 2
2023-01-11 17:53:20.699  75 83 W channel139887613306624 self_thread_id = 139887613306624, last time delay.time = 9, now count = 262, i = 2
2023-01-11 17:53:20.699  75 83 E channel139887613306624 self_thread_id = 139887613306624, last time delay.time = 9, now count = 262, i = 2
2023-01-11 17:53:20.700  75 81 I channel139887837058816 self_thread_id = 139887837058816, last time delay.time = 8, now count = 263, i = 2
2023-01-11 17:53:20.700  75 81 I channel139887837058816 self_thread_id = 139887837058816, last time delay.time = 8, now count = 263, i = 2
2023-01-11 17:53:20.700  75 81 W channel139887837058816 self_thread_id = 139887837058816, last time delay.time = 8, now count = 263, i = 2
2023-01-11 17:53:20.700  75 81 E channel139887837058816 self_thread_id = 139887837058816, last time delay.time = 8, now count = 263, i = 2
2023-01-11 17:53:20.700  75 77 I channel139887870629632 self_thread_id = 139887870629632, last time delay.time = 8, now count = 264, i = 2
2023-01-11 17:53:20.700  75 77 I channel139887870629632 self_thread_id = 139887870629632, last time delay.time = 8, now count = 264, i = 2
2023-01-11 17:53:20.700  75 77 W channel139887870629632 self_thread_id = 139887870629632, last time delay.time = 8, now count = 264, i = 2
2023-01-11 17:53:20.700  75 77 E channel139887870629632 self_thread_id = 139887870629632, last time delay.time = 8, now count = 264, i = 2
2023-01-11 17:53:21.699  75 78 I channel139887862236928 self_thread_id = 139887862236928, last time delay.time = 11, now count = 257, i = 3
2023-01-11 17:53:21.699  75 82 I channel139887621699328 self_thread_id = 139887621699328, last time delay.time = 9, now count = 258, i = 3
2023-01-11 17:53:21.699  75 78 I channel139887862236928 self_thread_id = 139887862236928, last time delay.time = 11, now count = 257, i = 3
2023-01-11 17:53:21.699  75 78 W channel139887862236928 self_thread_id = 139887862236928, last time delay.time = 11, now count = 257, i = 3
2023-01-11 17:53:21.699  75 82 I channel139887621699328 self_thread_id = 139887621699328, last time delay.time = 9, now count = 258, i = 3
2023-01-11 17:53:21.699  75 82 W channel139887621699328 self_thread_id = 139887621699328, last time delay.time = 9, now count = 258, i = 3
2023-01-11 17:53:21.699  75 82 E channel139887621699328 self_thread_id = 139887621699328, last time delay.time = 9, now count = 258, i = 3
2023-01-11 17:53:21.699  75 78 E channel139887862236928 self_thread_id = 139887862236928, last time delay.time = 11, now count = 257, i = 3
2023-01-11 17:53:21.699  75 79 I channel139887853844224 self_thread_id = 139887853844224, last time delay.time = 11, now count = 259, i = 3
2023-01-11 17:53:21.699  75 79 I channel139887853844224 self_thread_id = 139887853844224, last time delay.time = 11, now count = 259, i = 3
2023-01-11 17:53:21.699  75 79 W channel139887853844224 self_thread_id = 139887853844224, last time delay.time = 11, now count = 259, i = 3
2023-01-11 17:53:21.699  75 79 E channel139887853844224 self_thread_id = 139887853844224, last time delay.time = 11, now count = 259, i = 3
2023-01-11 17:53:21.699  75 80 I channel139887845451520 self_thread_id = 139887845451520, last time delay.time = 14, now count = 260, i = 3
2023-01-11 17:53:21.699  75 80 I channel139887845451520 self_thread_id = 139887845451520, last time delay.time = 14, now count = 260, i = 3
2023-01-11 17:53:21.699  75 80 W channel139887845451520 self_thread_id = 139887845451520, last time delay.time = 14, now count = 260, i = 3
2023-01-11 17:53:21.699  75 80 E channel139887845451520 self_thread_id = 139887845451520, last time delay.time = 14, now count = 260, i = 3
2023-01-11 17:53:21.699  75 84 I channel139887604913920 self_thread_id = 139887604913920, last time delay.time = 8, now count = 261, i = 3
2023-01-11 17:53:21.699  75 84 I channel139887604913920 self_thread_id = 139887604913920, last time delay.time = 8, now count = 261, i = 3
2023-01-11 17:53:21.699  75 84 W channel139887604913920 self_thread_id = 139887604913920, last time delay.time = 8, now count = 261, i = 3
2023-01-11 17:53:21.699  75 84 E channel139887604913920 self_thread_id = 139887604913920, last time delay.time = 8, now count = 261, i = 3
2023-01-11 17:53:21.699  75 83 I channel139887613306624 self_thread_id = 139887613306624, last time delay.time = 9, now count = 262, i = 3
2023-01-11 17:53:21.699  75 83 I channel139887613306624 self_thread_id = 139887613306624, last time delay.time = 9, now count = 262, i = 3
2023-01-11 17:53:21.699  75 83 W channel139887613306624 self_thread_id = 139887613306624, last time delay.time = 9, now count = 262, i = 3
2023-01-11 17:53:21.699  75 83 E channel139887613306624 self_thread_id = 139887613306624, last time delay.time = 9, now count = 262, i = 3
2023-01-11 17:53:21.700  75 81 I channel139887837058816 self_thread_id = 139887837058816, last time delay.time = 8, now count = 263, i = 3
2023-01-11 17:53:21.700  75 81 I channel139887837058816 self_thread_id = 139887837058816, last time delay.time = 8, now count = 263, i = 3
2023-01-11 17:53:21.700  75 81 W channel139887837058816 self_thread_id = 139887837058816, last time delay.time = 8, now count = 263, i = 3
2023-01-11 17:53:21.700  75 81 E channel139887837058816 self_thread_id = 139887837058816, last time delay.time = 8, now count = 263, i = 3
2023-01-11 17:53:21.701  75 77 I channel139887870629632 self_thread_id = 139887870629632, last time delay.time = 8, now count = 264, i = 3
2023-01-11 17:53:21.701  75 77 I channel139887870629632 self_thread_id = 139887870629632, last time delay.time = 8, now count = 264, i = 3
2023-01-11 17:53:21.701  75 77 W channel139887870629632 self_thread_id = 139887870629632, last time delay.time = 8, now count = 264, i = 3
2023-01-11 17:53:21.701  75 77 E channel139887870629632 self_thread_id = 139887870629632, last time delay.time = 8, now count = 264, i = 3
2023-01-11 17:53:22.699  75 78 I channel139887862236928 self_thread_id = 139887862236928, last time delay.time = 11, now count = 257, i = 4
2023-01-11 17:53:22.699  75 78 I channel139887862236928 self_thread_id = 139887862236928, last time delay.time = 11, now count = 257, i = 4
2023-01-11 17:53:22.699  75 82 I channel139887621699328 self_thread_id = 139887621699328, last time delay.time = 9, now count = 258, i = 4
2023-01-11 17:53:22.699  75 78 W channel139887862236928 self_thread_id = 139887862236928, last time delay.time = 11, now count = 257, i = 4
2023-01-11 17:53:22.699  75 82 I channel139887621699328 self_thread_id = 139887621699328, last time delay.time = 9, now count = 258, i = 4
2023-01-11 17:53:22.699  75 82 W channel139887621699328 self_thread_id = 139887621699328, last time delay.time = 9, now count = 258, i = 4
2023-01-11 17:53:22.699  75 82 E channel139887621699328 self_thread_id = 139887621699328, last time delay.time = 9, now count = 258, i = 4
2023-01-11 17:53:22.699  75 78 E channel139887862236928 self_thread_id = 139887862236928, last time delay.time = 11, now count = 257, i = 4
2023-01-11 17:53:22.699  75 82 I channel139887621699328 self_thread_id = 139887621699328, last time delay.time = 9, now count = 266
2023-01-11 17:53:22.699  75 78 I channel139887862236928 self_thread_id = 139887862236928, last time delay.time = 11, now count = 265
2023-01-11 17:53:22.699  75 79 I channel139887853844224 self_thread_id = 139887853844224, last time delay.time = 11, now count = 259, i = 4
2023-01-11 17:53:22.699  75 79 I channel139887853844224 self_thread_id = 139887853844224, last time delay.time = 11, now count = 259, i = 4
2023-01-11 17:53:22.699  75 79 W channel139887853844224 self_thread_id = 139887853844224, last time delay.time = 11, now count = 259, i = 4
2023-01-11 17:53:22.699  75 79 E channel139887853844224 self_thread_id = 139887853844224, last time delay.time = 11, now count = 259, i = 4
2023-01-11 17:53:22.699  75 79 I channel139887853844224 self_thread_id = 139887853844224, last time delay.time = 11, now count = 267
2023-01-11 17:53:22.699  75 80 I channel139887845451520 self_thread_id = 139887845451520, last time delay.time = 14, now count = 260, i = 4
2023-01-11 17:53:22.699  75 80 I channel139887845451520 self_thread_id = 139887845451520, last time delay.time = 14, now count = 260, i = 4
2023-01-11 17:53:22.699  75 80 W channel139887845451520 self_thread_id = 139887845451520, last time delay.time = 14, now count = 260, i = 4
2023-01-11 17:53:22.699  75 80 E channel139887845451520 self_thread_id = 139887845451520, last time delay.time = 14, now count = 260, i = 4
2023-01-11 17:53:22.699  75 80 I channel139887845451520 self_thread_id = 139887845451520, last time delay.time = 14, now count = 268
2023-01-11 17:53:22.699  75 84 I channel139887604913920 self_thread_id = 139887604913920, last time delay.time = 8, now count = 261, i = 4
2023-01-11 17:53:22.699  75 84 I channel139887604913920 self_thread_id = 139887604913920, last time delay.time = 8, now count = 261, i = 4
2023-01-11 17:53:22.699  75 84 W channel139887604913920 self_thread_id = 139887604913920, last time delay.time = 8, now count = 261, i = 4
2023-01-11 17:53:22.699  75 84 E channel139887604913920 self_thread_id = 139887604913920, last time delay.time = 8, now count = 261, i = 4
2023-01-11 17:53:22.699  75 84 I channel139887604913920 self_thread_id = 139887604913920, last time delay.time = 8, now count = 269
2023-01-11 17:53:22.699  75 83 I channel139887613306624 self_thread_id = 139887613306624, last time delay.time = 9, now count = 262, i = 4
2023-01-11 17:53:22.699  75 83 I channel139887613306624 self_thread_id = 139887613306624, last time delay.time = 9, now count = 262, i = 4
2023-01-11 17:53:22.699  75 83 W channel139887613306624 self_thread_id = 139887613306624, last time delay.time = 9, now count = 262, i = 4
2023-01-11 17:53:22.699  75 83 E channel139887613306624 self_thread_id = 139887613306624, last time delay.time = 9, now count = 262, i = 4
2023-01-11 17:53:22.699  75 83 I channel139887613306624 self_thread_id = 139887613306624, last time delay.time = 9, now count = 270
2023-01-11 17:53:22.701  75 81 I channel139887837058816 self_thread_id = 139887837058816, last time delay.time = 8, now count = 263, i = 4
2023-01-11 17:53:22.701  75 81 I channel139887837058816 self_thread_id = 139887837058816, last time delay.time = 8, now count = 263, i = 4
2023-01-11 17:53:22.701  75 81 W channel139887837058816 self_thread_id = 139887837058816, last time delay.time = 8, now count = 263, i = 4
2023-01-11 17:53:22.701  75 81 E channel139887837058816 self_thread_id = 139887837058816, last time delay.time = 8, now count = 263, i = 4
2023-01-11 17:53:22.701  75 81 I channel139887837058816 self_thread_id = 139887837058816, last time delay.time = 8, now count = 271
2023-01-11 17:53:22.701  75 77 I channel139887870629632 self_thread_id = 139887870629632, last time delay.time = 8, now count = 264, i = 4
2023-01-11 17:53:22.701  75 77 I channel139887870629632 self_thread_id = 139887870629632, last time delay.time = 8, now count = 264, i = 4
2023-01-11 17:53:22.701  75 77 W channel139887870629632 self_thread_id = 139887870629632, last time delay.time = 8, now count = 264, i = 4
2023-01-11 17:53:22.701  75 77 E channel139887870629632 self_thread_id = 139887870629632, last time delay.time = 8, now count = 264, i = 4
2023-01-11 17:53:22.701  75 77 I channel139887870629632 self_thread_id = 139887870629632, last time delay.time = 8, now count = 272
2023-01-11 17:53:23.699  75 82 I channel139887621699328 self_thread_id = 139887621699328, last time delay.time = 8, now count = 266, i = 0
2023-01-11 17:53:23.699  75 82 I channel139887621699328 self_thread_id = 139887621699328, last time delay.time = 8, now count = 266, i = 0
2023-01-11 17:53:23.699  75 78 I channel139887862236928 self_thread_id = 139887862236928, last time delay.time = 5, now count = 265, i = 0
2023-01-11 17:53:23.699  75 82 W channel139887621699328 self_thread_id = 139887621699328, last time delay.time = 8, now count = 266, i = 0
2023-01-11 17:53:23.699  75 78 I channel139887862236928 self_thread_id = 139887862236928, last time delay.time = 5, now count = 265, i = 0
2023-01-11 17:53:23.699  75 82 E channel139887621699328 self_thread_id = 139887621699328, last time delay.time = 8, now count = 266, i = 0
2023-01-11 17:53:23.699  75 78 W channel139887862236928 self_thread_id = 139887862236928, last time delay.time = 5, now count = 265, i = 0
2023-01-11 17:53:23.699  75 78 E channel139887862236928 self_thread_id = 139887862236928, last time delay.time = 5, now count = 265, i = 0
2023-01-11 17:53:23.699  75 79 I channel139887853844224 self_thread_id = 139887853844224, last time delay.time = 9, now count = 267, i = 0
2023-01-11 17:53:23.699  75 79 I channel139887853844224 self_thread_id = 139887853844224, last time delay.time = 9, now count = 267, i = 0
2023-01-11 17:53:23.699  75 79 W channel139887853844224 self_thread_id = 139887853844224, last time delay.time = 9, now count = 267, i = 0
2023-01-11 17:53:23.699  75 79 E channel139887853844224 self_thread_id = 139887853844224, last time delay.time = 9, now count = 267, i = 0
2023-01-11 17:53:23.699  75 80 I channel139887845451520 self_thread_id = 139887845451520, last time delay.time = 8, now count = 268, i = 0
2023-01-11 17:53:23.699  75 80 I channel139887845451520 self_thread_id = 139887845451520, last time delay.time = 8, now count = 268, i = 0
2023-01-11 17:53:23.699  75 80 W channel139887845451520 self_thread_id = 139887845451520, last time delay.time = 8, now count = 268, i = 0
2023-01-11 17:53:23.699  75 80 E channel139887845451520 self_thread_id = 139887845451520, last time delay.time = 8, now count = 268, i = 0
2023-01-11 17:53:23.699  75 84 I channel139887604913920 self_thread_id = 139887604913920, last time delay.time = 8, now count = 269, i = 0
2023-01-11 17:53:23.699  75 84 I channel139887604913920 self_thread_id = 139887604913920, last time delay.time = 8, now count = 269, i = 0
2023-01-11 17:53:23.699  75 84 W channel139887604913920 self_thread_id = 139887604913920, last time delay.time = 8, now count = 269, i = 0
2023-01-11 17:53:23.699  75 84 E channel139887604913920 self_thread_id = 139887604913920, last time delay.time = 8, now count = 269, i = 0
2023-01-11 17:53:23.700  75 83 I channel139887613306624 self_thread_id = 139887613306624, last time delay.time = 9, now count = 270, i = 0
2023-01-11 17:53:23.700  75 83 I channel139887613306624 self_thread_id = 139887613306624, last time delay.time = 9, now count = 270, i = 0
2023-01-11 17:53:23.700  75 83 W channel139887613306624 self_thread_id = 139887613306624, last time delay.time = 9, now count = 270, i = 0
2023-01-11 17:53:23.700  75 83 E channel139887613306624 self_thread_id = 139887613306624, last time delay.time = 9, now count = 270, i = 0
2023-01-11 17:53:23.701  75 81 I channel139887837058816 self_thread_id = 139887837058816, last time delay.time = 9, now count = 271, i = 0
2023-01-11 17:53:23.701  75 81 I channel139887837058816 self_thread_id = 139887837058816, last time delay.time = 9, now count = 271, i = 0
2023-01-11 17:53:23.701  75 81 W channel139887837058816 self_thread_id = 139887837058816, last time delay.time = 9, now count = 271, i = 0
2023-01-11 17:53:23.701  75 81 E channel139887837058816 self_thread_id = 139887837058816, last time delay.time = 9, now count = 271, i = 0
2023-01-11 17:53:23.701  75 77 I channel139887870629632 self_thread_id = 139887870629632, last time delay.time = 8, now count = 272, i = 0
2023-01-11 17:53:23.701  75 77 I channel139887870629632 self_thread_id = 139887870629632, last time delay.time = 8, now count = 272, i = 0
2023-01-11 17:53:23.701  75 77 W channel139887870629632 self_thread_id = 139887870629632, last time delay.time = 8, now count = 272, i = 0
2023-01-11 17:53:23.701  75 77 E channel139887870629632 self_thread_id = 139887870629632, last time delay.time = 8, now count = 272, i = 0
2023-01-11 17:53:24.699  75 82 I channel139887621699328 self_thread_id = 139887621699328, last time delay.time = 8, now count = 266, i = 1
2023-01-11 17:53:24.699  75 78 I channel139887862236928 self_thread_id = 139887862236928, last time delay.time = 5, now count = 265, i = 1
2023-01-11 17:53:24.699  75 82 I channel139887621699328 self_thread_id = 139887621699328, last time delay.time = 8, now count = 266, i = 1
2023-01-11 17:53:24.699  75 82 W channel139887621699328 self_thread_id = 139887621699328, last time delay.time = 8, now count = 266, i = 1
2023-01-11 17:53:24.699  75 78 I channel139887862236928 self_thread_id = 139887862236928, last time delay.time = 5, now count = 265, i = 1
2023-01-11 17:53:24.699  75 82 E channel139887621699328 self_thread_id = 139887621699328, last time delay.time = 8, now count = 266, i = 1
2023-01-11 17:53:24.699  75 78 W channel139887862236928 self_thread_id = 139887862236928, last time delay.time = 5, now count = 265, i = 1
2023-01-11 17:53:24.699  75 78 E channel139887862236928 self_thread_id = 139887862236928, last time delay.time = 5, now count = 265, i = 1
2023-01-11 17:53:24.699  75 79 I channel139887853844224 self_thread_id = 139887853844224, last time delay.time = 9, now count = 267, i = 1
2023-01-11 17:53:24.699  75 79 I channel139887853844224 self_thread_id = 139887853844224, last time delay.time = 9, now count = 267, i = 1
2023-01-11 17:53:24.699  75 79 W channel139887853844224 self_thread_id = 139887853844224, last time delay.time = 9, now count = 267, i = 1
2023-01-11 17:53:24.699  75 79 E channel139887853844224 self_thread_id = 139887853844224, last time delay.time = 9, now count = 267, i = 1
2023-01-11 17:53:24.699  75 80 I channel139887845451520 self_thread_id = 139887845451520, last time delay.time = 8, now count = 268, i = 1
2023-01-11 17:53:24.699  75 80 I channel139887845451520 self_thread_id = 139887845451520, last time delay.time = 8, now count = 268, i = 1
2023-01-11 17:53:24.699  75 80 W channel139887845451520 self_thread_id = 139887845451520, last time delay.time = 8, now count = 268, i = 1
2023-01-11 17:53:24.699  75 80 E channel139887845451520 self_thread_id = 139887845451520, last time delay.time = 8, now count = 268, i = 1
2023-01-11 17:53:24.700  75 84 I channel139887604913920 self_thread_id = 139887604913920, last time delay.time = 8, now count = 269, i = 1
2023-01-11 17:53:24.700  75 84 I channel139887604913920 self_thread_id = 139887604913920, last time delay.time = 8, now count = 269, i = 1
2023-01-11 17:53:24.700  75 84 W channel139887604913920 self_thread_id = 139887604913920, last time delay.time = 8, now count = 269, i = 1
2023-01-11 17:53:24.700  75 84 E channel139887604913920 self_thread_id = 139887604913920, last time delay.time = 8, now count = 269, i = 1
2023-01-11 17:53:24.700  75 83 I channel139887613306624 self_thread_id = 139887613306624, last time delay.time = 9, now count = 270, i = 1
2023-01-11 17:53:24.700  75 83 I channel139887613306624 self_thread_id = 139887613306624, last time delay.time = 9, now count = 270, i = 1
2023-01-11 17:53:24.700  75 83 W channel139887613306624 self_thread_id = 139887613306624, last time delay.time = 9, now count = 270, i = 1
2023-01-11 17:53:24.700  75 83 E channel139887613306624 self_thread_id = 139887613306624, last time delay.time = 9, now count = 270, i = 1
2023-01-11 17:53:24.701  75 81 I channel139887837058816 self_thread_id = 139887837058816, last time delay.time = 9, now count = 271, i = 1
2023-01-11 17:53:24.701  75 81 I channel139887837058816 self_thread_id = 139887837058816, last time delay.time = 9, now count = 271, i = 1
2023-01-11 17:53:24.701  75 81 W channel139887837058816 self_thread_id = 139887837058816, last time delay.time = 9, now count = 271, i = 1
2023-01-11 17:53:24.701  75 81 E channel139887837058816 self_thread_id = 139887837058816, last time delay.time = 9, now count = 271, i = 1
2023-01-11 17:53:24.701  75 77 I channel139887870629632 self_thread_id = 139887870629632, last time delay.time = 8, now count = 272, i = 1
2023-01-11 17:53:24.701  75 77 I channel139887870629632 self_thread_id = 139887870629632, last time delay.time = 8, now count = 272, i = 1
2023-01-11 17:53:24.701  75 77 W channel139887870629632 self_thread_id = 139887870629632, last time delay.time = 8, now count = 272, i = 1
2023-01-11 17:53:24.701  75 77 E channel139887870629632 self_thread_id = 139887870629632, last time delay.time = 8, now count = 272, i = 1
2023-01-11 17:53:25.699  75 78 I channel139887862236928 self_thread_id = 139887862236928, last time delay.time = 5, now count = 265, i = 2
2023-01-11 17:53:25.699  75 78 I channel139887862236928 self_thread_id = 139887862236928, last time delay.time = 5, now count = 265, i = 2
2023-01-11 17:53:25.699  75 78 W channel139887862236928 self_thread_id = 139887862236928, last time delay.time = 5, now count = 265, i = 2
2023-01-11 17:53:25.699  75 82 I channel139887621699328 self_thread_id = 139887621699328, last time delay.time = 8, now count = 266, i = 2
2023-01-11 17:53:25.699  75 82 I channel139887621699328 self_thread_id = 139887621699328, last time delay.time = 8, now count = 266, i = 2
2023-01-11 17:53:25.699  75 78 E channel139887862236928 self_thread_id = 139887862236928, last time delay.time = 5, now count = 265, i = 2
2023-01-11 17:53:25.699  75 82 W channel139887621699328 self_thread_id = 139887621699328, last time delay.time = 8, now count = 266, i = 2
2023-01-11 17:53:25.699  75 82 E channel139887621699328 self_thread_id = 139887621699328, last time delay.time = 8, now count = 266, i = 2
2023-01-11 17:53:25.699  75 79 I channel139887853844224 self_thread_id = 139887853844224, last time delay.time = 9, now count = 267, i = 2
2023-01-11 17:53:25.699  75 79 I channel139887853844224 self_thread_id = 139887853844224, last time delay.time = 9, now count = 267, i = 2
2023-01-11 17:53:25.699  75 79 W channel139887853844224 self_thread_id = 139887853844224, last time delay.time = 9, now count = 267, i = 2
2023-01-11 17:53:25.699  75 79 E channel139887853844224 self_thread_id = 139887853844224, last time delay.time = 9, now count = 267, i = 2
2023-01-11 17:53:25.700  75 80 I channel139887845451520 self_thread_id = 139887845451520, last time delay.time = 8, now count = 268, i = 2
2023-01-11 17:53:25.700  75 80 I channel139887845451520 self_thread_id = 139887845451520, last time delay.time = 8, now count = 268, i = 2
2023-01-11 17:53:25.700  75 80 W channel139887845451520 self_thread_id = 139887845451520, last time delay.time = 8, now count = 268, i = 2
2023-01-11 17:53:25.700  75 80 E channel139887845451520 self_thread_id = 139887845451520, last time delay.time = 8, now count = 268, i = 2
2023-01-11 17:53:25.700  75 84 I channel139887604913920 self_thread_id = 139887604913920, last time delay.time = 8, now count = 269, i = 2
2023-01-11 17:53:25.700  75 84 I channel139887604913920 self_thread_id = 139887604913920, last time delay.time = 8, now count = 269, i = 2
2023-01-11 17:53:25.700  75 84 W channel139887604913920 self_thread_id = 139887604913920, last time delay.time = 8, now count = 269, i = 2
2023-01-11 17:53:25.700  75 84 E channel139887604913920 self_thread_id = 139887604913920, last time delay.time = 8, now count = 269, i = 2
2023-01-11 17:53:25.700  75 83 I channel139887613306624 self_thread_id = 139887613306624, last time delay.time = 9, now count = 270, i = 2
2023-01-11 17:53:25.700  75 83 I channel139887613306624 self_thread_id = 139887613306624, last time delay.time = 9, now count = 270, i = 2
2023-01-11 17:53:25.700  75 83 W channel139887613306624 self_thread_id = 139887613306624, last time delay.time = 9, now count = 270, i = 2
2023-01-11 17:53:25.700  75 83 E channel139887613306624 self_thread_id = 139887613306624, last time delay.time = 9, now count = 270, i = 2
2023-01-11 17:53:25.701  75 81 I channel139887837058816 self_thread_id = 139887837058816, last time delay.time = 9, now count = 271, i = 2
2023-01-11 17:53:25.701  75 81 I channel139887837058816 self_thread_id = 139887837058816, last time delay.time = 9, now count = 271, i = 2
2023-01-11 17:53:25.701  75 81 W channel139887837058816 self_thread_id = 139887837058816, last time delay.time = 9, now count = 271, i = 2
2023-01-11 17:53:25.701  75 81 E channel139887837058816 self_thread_id = 139887837058816, last time delay.time = 9, now count = 271, i = 2
2023-01-11 17:53:25.701  75 77 I channel139887870629632 self_thread_id = 139887870629632, last time delay.time = 8, now count = 272, i = 2
2023-01-11 17:53:25.701  75 77 I channel139887870629632 self_thread_id = 139887870629632, last time delay.time = 8, now count = 272, i = 2
2023-01-11 17:53:25.701  75 77 W channel139887870629632 self_thread_id = 139887870629632, last time delay.time = 8, now count = 272, i = 2
2023-01-11 17:53:25.701  75 77 E channel139887870629632 self_thread_id = 139887870629632, last time delay.time = 8, now count = 272, i = 2
2023-01-11 17:53:26.509  75 75 I APP.tag TestComponent::Proc
2023-01-11 17:53:26.509  75 75 I APP.tag ****************test INFO begin****************
2023-01-11 17:53:26.509  75 75 I APP.tag 测试 index = 768组
2023-01-11 17:53:26.509  75 75 E APP.tag 循环计数 i = 1次
2023-01-11 17:53:26.509  75 75 I APP.tag test LOG_Trace()
2023-01-11 17:53:26.509  75 75 I vscode 循环计数 i = 1次,test LOG_Channel_Trace()
2023-01-11 17:53:26.509  75 75 E APP.tag 循环计数 i = 2次
2023-01-11 17:53:26.509  75 75 E APP.tag 循环计数 i = 3次
2023-01-11 17:53:26.509  75 75 I APP.tag test LOG_Info()
2023-01-11 17:53:26.509  75 75 I baidu 循环计数 i = 3次,test LOG_Channel_Info()
2023-01-11 17:53:26.509  75 75 E APP.tag 循环计数 i = 4次
2023-01-11 17:53:26.509  75 75 W APP.tag test LOG_Warn()
2023-01-11 17:53:26.509  75 75 W google 循环计数 i = 4次,test LOG_Channel_Warn()
2023-01-11 17:53:26.509  75 75 E APP.tag 循环计数 i = 5次
2023-01-11 17:53:26.509  75 75 E APP.tag test LOG_Error()
2023-01-11 17:53:26.509  75 75 E visio 循环计数 i = 5次,test LOG_Channel_Error()
2023-01-11 17:53:26.509  75 75 I APP.tag print coredump DataLen:2 Data[01 00]
2023-01-11 17:53:26.509  75 75 W coredump 0x0000000a 0a 00 00 00 0b 00 00 00 0c 00 00 00 0d 00 00 00 0e 00 00 00
2023-01-11 17:53:26.509  75 75 I APP.tag ****************test INFO end****************
2023-01-11 17:53:26.699  75 78 I channel139887862236928 self_thread_id = 139887862236928, last time delay.time = 5, now count = 265, i = 3
2023-01-11 17:53:26.699  75 78 I channel139887862236928 self_thread_id = 139887862236928, last time delay.time = 5, now count = 265, i = 3
2023-01-11 17:53:26.699  75 78 W channel139887862236928 self_thread_id = 139887862236928, last time delay.time = 5, now count = 265, i = 3
2023-01-11 17:53:26.699  75 78 E channel139887862236928 self_thread_id = 139887862236928, last time delay.time = 5, now count = 265, i = 3
2023-01-11 17:53:26.700  75 82 I channel139887621699328 self_thread_id = 139887621699328, last time delay.time = 8, now count = 266, i = 3
2023-01-11 17:53:26.700  75 82 I channel139887621699328 self_thread_id = 139887621699328, last time delay.time = 8, now count = 266, i = 3
2023-01-11 17:53:26.700  75 82 W channel139887621699328 self_thread_id = 139887621699328, last time delay.time = 8, now count = 266, i = 3
2023-01-11 17:53:26.700  75 82 E channel139887621699328 self_thread_id = 139887621699328, last time delay.time = 8, now count = 266, i = 3
2023-01-11 17:53:26.700  75 79 I channel139887853844224 self_thread_id = 139887853844224, last time delay.time = 9, now count = 267, i = 3
2023-01-11 17:53:26.700  75 79 I channel139887853844224 self_thread_id = 139887853844224, last time delay.time = 9, now count = 267, i = 3
2023-01-11 17:53:26.700  75 79 W channel139887853844224 self_thread_id = 139887853844224, last time delay.time = 9, now count = 267, i = 3
2023-01-11 17:53:26.700  75 79 E channel139887853844224 self_thread_id = 139887853844224, last time delay.time = 9, now count = 267, i = 3
2023-01-11 17:53:26.700  75 80 I channel139887845451520 self_thread_id = 139887845451520, last time delay.time = 8, now count = 268, i = 3
2023-01-11 17:53:26.700  75 80 I channel139887845451520 self_thread_id = 139887845451520, last time delay.time = 8, now count = 268, i = 3
2023-01-11 17:53:26.700  75 80 W channel139887845451520 self_thread_id = 139887845451520, last time delay.time = 8, now count = 268, i = 3
2023-01-11 17:53:26.700  75 80 E channel139887845451520 self_thread_id = 139887845451520, last time delay.time = 8, now count = 268, i = 3
2023-01-11 17:53:26.700  75 84 I channel139887604913920 self_thread_id = 139887604913920, last time delay.time = 8, now count = 269, i = 3
2023-01-11 17:53:26.700  75 84 I channel139887604913920 self_thread_id = 139887604913920, last time delay.time = 8, now count = 269, i = 3
2023-01-11 17:53:26.700  75 84 W channel139887604913920 self_thread_id = 139887604913920, last time delay.time = 8, now count = 269, i = 3
2023-01-11 17:53:26.700  75 83 I channel139887613306624 self_thread_id = 139887613306624, last time delay.time = 9, now count = 270, i = 3
2023-01-11 17:53:26.700  75 84 E channel139887604913920 self_thread_id = 139887604913920, last time delay.time = 8, now count = 269, i = 3
2023-01-11 17:53:26.700  75 83 I channel139887613306624 self_thread_id = 139887613306624, last time delay.time = 9, now count = 270, i = 3
2023-01-11 17:53:26.700  75 83 W channel139887613306624 self_thread_id = 139887613306624, last time delay.time = 9, now count = 270, i = 3
2023-01-11 17:53:26.700  75 83 E channel139887613306624 self_thread_id = 139887613306624, last time delay.time = 9, now count = 270, i = 3
2023-01-11 17:53:26.701  75 81 I channel139887837058816 self_thread_id = 139887837058816, last time delay.time = 9, now count = 271, i = 3
2023-01-11 17:53:26.701  75 81 I channel139887837058816 self_thread_id = 139887837058816, last time delay.time = 9, now count = 271, i = 3
2023-01-11 17:53:26.701  75 81 W channel139887837058816 self_thread_id = 139887837058816, last time delay.time = 9, now count = 271, i = 3
2023-01-11 17:53:26.701  75 81 E channel139887837058816 self_thread_id = 139887837058816, last time delay.time = 9, now count = 271, i = 3
2023-01-11 17:53:26.701  75 77 I channel139887870629632 self_thread_id = 139887870629632, last time delay.time = 8, now count = 272, i = 3
2023-01-11 17:53:26.701  75 77 I channel139887870629632 self_thread_id = 139887870629632, last time delay.time = 8, now count = 272, i = 3
2023-01-11 17:53:26.701  75 77 W channel139887870629632 self_thread_id = 139887870629632, last time delay.time = 8, now count = 272, i = 3
2023-01-11 17:53:26.701  75 77 E channel139887870629632 self_thread_id = 139887870629632, last time delay.time = 8, now count = 272, i = 3
2023-01-11 17:53:27.700  75 78 I channel139887862236928 self_thread_id = 139887862236928, last time delay.time = 5, now count = 265, i = 4
2023-01-11 17:53:27.700  75 78 I channel139887862236928 self_thread_id = 139887862236928, last time delay.time = 5, now count = 265, i = 4
2023-01-11 17:53:27.700  75 82 I channel139887621699328 self_thread_id = 139887621699328, last time delay.time = 8, now count = 266, i = 4
2023-01-11 17:53:27.700  75 78 W channel139887862236928 self_thread_id = 139887862236928, last time delay.time = 5, now count = 265, i = 4
2023-01-11 17:53:27.700  75 78 E channel139887862236928 self_thread_id = 139887862236928, last time delay.time = 5, now count = 265, i = 4
2023-01-11 17:53:27.700  75 82 I channel139887621699328 self_thread_id = 139887621699328, last time delay.time = 8, now count = 266, i = 4
2023-01-11 17:53:27.700  75 82 W channel139887621699328 self_thread_id = 139887621699328, last time delay.time = 8, now count = 266, i = 4
2023-01-11 17:53:27.700  75 78 I channel139887862236928 self_thread_id = 139887862236928, last time delay.time = 5, now count = 273
2023-01-11 17:53:27.700  75 82 E channel139887621699328 self_thread_id = 139887621699328, last time delay.time = 8, now count = 266, i = 4
2023-01-11 17:53:27.700  75 82 I channel139887621699328 self_thread_id = 139887621699328, last time delay.time = 8, now count = 274
2023-01-11 17:53:27.700  75 79 I channel139887853844224 self_thread_id = 139887853844224, last time delay.time = 9, now count = 267, i = 4
2023-01-11 17:53:27.700  75 79 I channel139887853844224 self_thread_id = 139887853844224, last time delay.time = 9, now count = 267, i = 4
2023-01-11 17:53:27.700  75 79 W channel139887853844224 self_thread_id = 139887853844224, last time delay.time = 9, now count = 267, i = 4
2023-01-11 17:53:27.700  75 79 E channel139887853844224 self_thread_id = 139887853844224, last time delay.time = 9, now count = 267, i = 4
2023-01-11 17:53:27.700  75 79 I channel139887853844224 self_thread_id = 139887853844224, last time delay.time = 9, now count = 275
2023-01-11 17:53:27.700  75 80 I channel139887845451520 self_thread_id = 139887845451520, last time delay.time = 8, now count = 268, i = 4
2023-01-11 17:53:27.700  75 80 I channel139887845451520 self_thread_id = 139887845451520, last time delay.time = 8, now count = 268, i = 4
2023-01-11 17:53:27.700  75 80 W channel139887845451520 self_thread_id = 139887845451520, last time delay.time = 8, now count = 268, i = 4
