2023-01-11 17:53:27.700  75 80 E channel139887845451520 self_thread_id = 139887845451520, last time delay.time = 8, now count = 268, i = 4
2023-01-11 17:53:27.700  75 80 I channel139887845451520 self_thread_id = 139887845451520, last time delay.time = 8, now count = 276
2023-01-11 17:53:27.700  75 84 I channel139887604913920 self_thread_id = 139887604913920, last time delay.time = 8, now count = 269, i = 4
2023-01-11 17:53:27.700  75 84 I channel139887604913920 self_thread_id = 139887604913920, last time delay.time = 8, now count = 269, i = 4
2023-01-11 17:53:27.700  75 83 I channel139887613306624 self_thread_id = 139887613306624, last time delay.time = 9, now count = 270, i = 4
2023-01-11 17:53:27.700  75 84 W channel139887604913920 self_thread_id = 139887604913920, last time delay.time = 8, now count = 269, i = 4
2023-01-11 17:53:27.700  75 83 I channel139887613306624 self_thread_id = 139887613306624, last time delay.time = 9, now count = 270, i = 4
2023-01-11 17:53:27.700  75 84 E channel139887604913920 self_thread_id = 139887604913920, last time delay.time = 8, now count = 269, i = 4
2023-01-11 17:53:27.700  75 83 W channel139887613306624 self_thread_id = 139887613306624, last time delay.time = 9, now count = 270, i = 4
2023-01-11 17:53:27.700  75 84 I channel139887604913920 self_thread_id = 139887604913920, last time delay.time = 8, now count = 277
2023-01-11 17:53:27.700  75 83 E channel139887613306624 self_thread_id = 139887613306624, last time delay.time = 9, now count = 270, i = 4
2023-01-11 17:53:27.700  75 83 I channel139887613306624 self_thread_id = 139887613306624, last time delay.time = 9, now count = 278
2023-01-11 17:53:27.701  75 81 I channel139887837058816 self_thread_id = 139887837058816, last time delay.time = 9, now count = 271, i = 4
2023-01-11 17:53:27.701  75 81 I channel139887837058816 self_thread_id = 139887837058816, last time delay.time = 9, now count = 271, i = 4
2023-01-11 17:53:27.701  75 81 W channel139887837058816 self_thread_id = 139887837058816, last time delay.time = 9, now count = 271, i = 4
2023-01-11 17:53:27.701  75 81 E channel139887837058816 self_thread_id = 139887837058816, last time delay.time = 9, now count = 271, i = 4
2023-01-11 17:53:27.701  75 81 I channel139887837058816 self_thread_id = 139887837058816, last time delay.time = 9, now count = 279
2023-01-11 17:53:27.702  75 77 I channel139887870629632 self_thread_id = 139887870629632, last time delay.time = 8, now count = 272, i = 4
2023-01-11 17:53:27.702  75 77 I channel139887870629632 self_thread_id = 139887870629632, last time delay.time = 8, now count = 272, i = 4
2023-01-11 17:53:27.702  75 77 W channel139887870629632 self_thread_id = 139887870629632, last time delay.time = 8, now count = 272, i = 4
2023-01-11 17:53:27.702  75 77 E channel139887870629632 self_thread_id = 139887870629632, last time delay.time = 8, now count = 272, i = 4
2023-01-11 17:53:27.702  75 77 I channel139887870629632 self_thread_id = 139887870629632, last time delay.time = 8, now count = 280
2023-01-11 17:53:28.700  75 78 I channel139887862236928 self_thread_id = 139887862236928, last time delay.time = 10, now count = 273, i = 0
2023-01-11 17:53:28.700  75 78 I channel139887862236928 self_thread_id = 139887862236928, last time delay.time = 10, now count = 273, i = 0
2023-01-11 17:53:28.700  75 79 I channel139887853844224 self_thread_id = 139887853844224, last time delay.time = 8, now count = 275, i = 0
2023-01-11 17:53:28.700  75 82 I channel139887621699328 self_thread_id = 139887621699328, last time delay.time = 9, now count = 274, i = 0
2023-01-11 17:53:28.700  75 79 I channel139887853844224 self_thread_id = 139887853844224, last time delay.time = 8, now count = 275, i = 0
2023-01-11 17:53:28.700  75 78 W channel139887862236928 self_thread_id = 139887862236928, last time delay.time = 10, now count = 273, i = 0
2023-01-11 17:53:28.700  75 79 W channel139887853844224 self_thread_id = 139887853844224, last time delay.time = 8, now count = 275, i = 0
2023-01-11 17:53:28.700  75 78 E channel139887862236928 self_thread_id = 139887862236928, last time delay.time = 10, now count = 273, i = 0
2023-01-11 17:53:28.700  75 82 I channel139887621699328 self_thread_id = 139887621699328, last time delay.time = 9, now count = 274, i = 0
2023-01-11 17:53:28.700  75 79 E channel139887853844224 self_thread_id = 139887853844224, last time delay.time = 8, now count = 275, i = 0
2023-01-11 17:53:28.700  75 82 W channel139887621699328 self_thread_id = 139887621699328, last time delay.time = 9, now count = 274, i = 0
2023-01-11 17:53:28.700  75 82 E channel139887621699328 self_thread_id = 139887621699328, last time delay.time = 9, now count = 274, i = 0
2023-01-11 17:53:28.700  75 80 I channel139887845451520 self_thread_id = 139887845451520, last time delay.time = 8, now count = 276, i = 0
2023-01-11 17:53:28.700  75 80 I channel139887845451520 self_thread_id = 139887845451520, last time delay.time = 8, now count = 276, i = 0
2023-01-11 17:53:28.700  75 80 W channel139887845451520 self_thread_id = 139887845451520, last time delay.time = 8, now count = 276, i = 0
2023-01-11 17:53:28.700  75 80 E channel139887845451520 self_thread_id = 139887845451520, last time delay.time = 8, now count = 276, i = 0
2023-01-11 17:53:28.700  75 84 I channel139887604913920 self_thread_id = 139887604913920, last time delay.time = 9, now count = 277, i = 0
2023-01-11 17:53:28.700  75 84 I channel139887604913920 self_thread_id = 139887604913920, last time delay.time = 9, now count = 277, i = 0
2023-01-11 17:53:28.700  75 83 I channel139887613306624 self_thread_id = 139887613306624, last time delay.time = 9, now count = 278, i = 0
2023-01-11 17:53:28.700  75 84 W channel139887604913920 self_thread_id = 139887604913920, last time delay.time = 9, now count = 277, i = 0
2023-01-11 17:53:28.700  75 84 E channel139887604913920 self_thread_id = 139887604913920, last time delay.time = 9, now count = 277, i = 0
2023-01-11 17:53:28.700  75 83 I channel139887613306624 self_thread_id = 139887613306624, last time delay.time = 9, now count = 278, i = 0
2023-01-11 17:53:28.700  75 83 W channel139887613306624 self_thread_id = 139887613306624, last time delay.time = 9, now count = 278, i = 0
2023-01-11 17:53:28.700  75 83 E channel139887613306624 self_thread_id = 139887613306624, last time delay.time = 9, now count = 278, i = 0
2023-01-11 17:53:28.702  75 81 I channel139887837058816 self_thread_id = 139887837058816, last time delay.time = 8, now count = 279, i = 0
2023-01-11 17:53:28.702  75 81 I channel139887837058816 self_thread_id = 139887837058816, last time delay.time = 8, now count = 279, i = 0
2023-01-11 17:53:28.702  75 81 W channel139887837058816 self_thread_id = 139887837058816, last time delay.time = 8, now count = 279, i = 0
2023-01-11 17:53:28.702  75 81 E channel139887837058816 self_thread_id = 139887837058816, last time delay.time = 8, now count = 279, i = 0
2023-01-11 17:53:28.702  75 77 I channel139887870629632 self_thread_id = 139887870629632, last time delay.time = 8, now count = 280, i = 0
2023-01-11 17:53:28.702  75 77 I channel139887870629632 self_thread_id = 139887870629632, last time delay.time = 8, now count = 280, i = 0
2023-01-11 17:53:28.702  75 77 W channel139887870629632 self_thread_id = 139887870629632, last time delay.time = 8, now count = 280, i = 0
2023-01-11 17:53:28.702  75 77 E channel139887870629632 self_thread_id = 139887870629632, last time delay.time = 8, now count = 280, i = 0
2023-01-11 17:53:29.700  75 79 I channel139887853844224 self_thread_id = 139887853844224, last time delay.time = 8, now count = 275, i = 1
2023-01-11 17:53:29.700  75 79 I channel139887853844224 self_thread_id = 139887853844224, last time delay.time = 8, now count = 275, i = 1
2023-01-11 17:53:29.700  75 78 I channel139887862236928 self_thread_id = 139887862236928, last time delay.time = 10, now count = 273, i = 1
2023-01-11 17:53:29.700  75 79 W channel139887853844224 self_thread_id = 139887853844224, last time delay.time = 8, now count = 275, i = 1
2023-01-11 17:53:29.700  75 79 E channel139887853844224 self_thread_id = 139887853844224, last time delay.time = 8, now count = 275, i = 1
2023-01-11 17:53:29.700  75 78 I channel139887862236928 self_thread_id = 139887862236928, last time delay.time = 10, now count = 273, i = 1
2023-01-11 17:53:29.700  75 78 W channel139887862236928 self_thread_id = 139887862236928, last time delay.time = 10, now count = 273, i = 1
2023-01-11 17:53:29.700  75 82 I channel139887621699328 self_thread_id = 139887621699328, last time delay.time = 9, now count = 274, i = 1
2023-01-11 17:53:29.700  75 78 E channel139887862236928 self_thread_id = 139887862236928, last time delay.time = 10, now count = 273, i = 1
2023-01-11 17:53:29.700  75 82 I channel139887621699328 self_thread_id = 139887621699328, last time delay.time = 9, now count = 274, i = 1
2023-01-11 17:53:29.700  75 82 W channel139887621699328 self_thread_id = 139887621699328, last time delay.time = 9, now count = 274, i = 1
2023-01-11 17:53:29.700  75 82 E channel139887621699328 self_thread_id = 139887621699328, last time delay.time = 9, now count = 274, i = 1
2023-01-11 17:53:29.700  75 80 I channel139887845451520 self_thread_id = 139887845451520, last time delay.time = 8, now count = 276, i = 1
2023-01-11 17:53:29.700  75 80 I channel139887845451520 self_thread_id = 139887845451520, last time delay.time = 8, now count = 276, i = 1
2023-01-11 17:53:29.700  75 80 W channel139887845451520 self_thread_id = 139887845451520, last time delay.time = 8, now count = 276, i = 1
2023-01-11 17:53:29.700  75 80 E channel139887845451520 self_thread_id = 139887845451520, last time delay.time = 8, now count = 276, i = 1
2023-01-11 17:53:29.701  75 83 I channel139887613306624 self_thread_id = 139887613306624, last time delay.time = 9, now count = 278, i = 1
2023-01-11 17:53:29.701  75 83 I channel139887613306624 self_thread_id = 139887613306624, last time delay.time = 9, now count = 278, i = 1
2023-01-11 17:53:29.701  75 83 W channel139887613306624 self_thread_id = 139887613306624, last time delay.time = 9, now count = 278, i = 1
2023-01-11 17:53:29.701  75 83 E channel139887613306624 self_thread_id = 139887613306624, last time delay.time = 9, now count = 278, i = 1
2023-01-11 17:53:29.701  75 84 I channel139887604913920 self_thread_id = 139887604913920, last time delay.time = 9, now count = 277, i = 1
2023-01-11 17:53:29.701  75 84 I channel139887604913920 self_thread_id = 139887604913920, last time delay.time = 9, now count = 277, i = 1
2023-01-11 17:53:29.701  75 84 W channel139887604913920 self_thread_id = 139887604913920, last time delay.time = 9, now count = 277, i = 1
2023-01-11 17:53:29.701  75 84 E channel139887604913920 self_thread_id = 139887604913920, last time delay.time = 9, now count = 277, i = 1
2023-01-11 17:53:29.702  75 81 I channel139887837058816 self_thread_id = 139887837058816, last time delay.time = 8, now count = 279, i = 1
2023-01-11 17:53:29.702  75 81 I channel139887837058816 self_thread_id = 139887837058816, last time delay.time = 8, now count = 279, i = 1
2023-01-11 17:53:29.702  75 81 W channel139887837058816 self_thread_id = 139887837058816, last time delay.time = 8, now count = 279, i = 1
2023-01-11 17:53:29.702  75 81 E channel139887837058816 self_thread_id = 139887837058816, last time delay.time = 8, now count = 279, i = 1
2023-01-11 17:53:29.702  75 77 I channel139887870629632 self_thread_id = 139887870629632, last time delay.time = 8, now count = 280, i = 1
2023-01-11 17:53:29.702  75 77 I channel139887870629632 self_thread_id = 139887870629632, last time delay.time = 8, now count = 280, i = 1
2023-01-11 17:53:29.702  75 77 W channel139887870629632 self_thread_id = 139887870629632, last time delay.time = 8, now count = 280, i = 1
2023-01-11 17:53:29.702  75 77 E channel139887870629632 self_thread_id = 139887870629632, last time delay.time = 8, now count = 280, i = 1
2023-01-11 17:53:30.700  75 78 I channel139887862236928 self_thread_id = 139887862236928, last time delay.time = 10, now count = 273, i = 2
2023-01-11 17:53:30.700  75 78 I channel139887862236928 self_thread_id = 139887862236928, last time delay.time = 10, now count = 273, i = 2
2023-01-11 17:53:30.700  75 78 W channel139887862236928 self_thread_id = 139887862236928, last time delay.time = 10, now count = 273, i = 2
2023-01-11 17:53:30.700  75 82 I channel139887621699328 self_thread_id = 139887621699328, last time delay.time = 9, now count = 274, i = 2
2023-01-11 17:53:30.700  75 79 I channel139887853844224 self_thread_id = 139887853844224, last time delay.time = 8, now count = 275, i = 2
2023-01-11 17:53:30.700  75 78 E channel139887862236928 self_thread_id = 139887862236928, last time delay.time = 10, now count = 273, i = 2
2023-01-11 17:53:30.700  75 82 I channel139887621699328 self_thread_id = 139887621699328, last time delay.time = 9, now count = 274, i = 2
2023-01-11 17:53:30.700  75 79 I channel139887853844224 self_thread_id = 139887853844224, last time delay.time = 8, now count = 275, i = 2
2023-01-11 17:53:30.700  75 82 W channel139887621699328 self_thread_id = 139887621699328, last time delay.time = 9, now count = 274, i = 2
2023-01-11 17:53:30.700  75 79 W channel139887853844224 self_thread_id = 139887853844224, last time delay.time = 8, now count = 275, i = 2
2023-01-11 17:53:30.700  75 82 E channel139887621699328 self_thread_id = 139887621699328, last time delay.time = 9, now count = 274, i = 2
2023-01-11 17:53:30.700  75 79 E channel139887853844224 self_thread_id = 139887853844224, last time delay.time = 8, now count = 275, i = 2
2023-01-11 17:53:30.700  75 80 I channel139887845451520 self_thread_id = 139887845451520, last time delay.time = 8, now count = 276, i = 2
2023-01-11 17:53:30.700  75 80 I channel139887845451520 self_thread_id = 139887845451520, last time delay.time = 8, now count = 276, i = 2
2023-01-11 17:53:30.700  75 80 W channel139887845451520 self_thread_id = 139887845451520, last time delay.time = 8, now count = 276, i = 2
2023-01-11 17:53:30.700  75 80 E channel139887845451520 self_thread_id = 139887845451520, last time delay.time = 8, now count = 276, i = 2
2023-01-11 17:53:30.701  75 83 I channel139887613306624 self_thread_id = 139887613306624, last time delay.time = 9, now count = 278, i = 2
2023-01-11 17:53:30.701  75 83 I channel139887613306624 self_thread_id = 139887613306624, last time delay.time = 9, now count = 278, i = 2
2023-01-11 17:53:30.701  75 83 W channel139887613306624 self_thread_id = 139887613306624, last time delay.time = 9, now count = 278, i = 2
2023-01-11 17:53:30.701  75 83 E channel139887613306624 self_thread_id = 139887613306624, last time delay.time = 9, now count = 278, i = 2
2023-01-11 17:53:30.701  75 84 I channel139887604913920 self_thread_id = 139887604913920, last time delay.time = 9, now count = 277, i = 2
2023-01-11 17:53:30.701  75 84 I channel139887604913920 self_thread_id = 139887604913920, last time delay.time = 9, now count = 277, i = 2
2023-01-11 17:53:30.701  75 84 W channel139887604913920 self_thread_id = 139887604913920, last time delay.time = 9, now count = 277, i = 2
2023-01-11 17:53:30.701  75 84 E channel139887604913920 self_thread_id = 139887604913920, last time delay.time = 9, now count = 277, i = 2
2023-01-11 17:53:30.702  75 81 I channel139887837058816 self_thread_id = 139887837058816, last time delay.time = 8, now count = 279, i = 2
2023-01-11 17:53:30.702  75 81 I channel139887837058816 self_thread_id = 139887837058816, last time delay.time = 8, now count = 279, i = 2
2023-01-11 17:53:30.702  75 81 W channel139887837058816 self_thread_id = 139887837058816, last time delay.time = 8, now count = 279, i = 2
2023-01-11 17:53:30.702  75 81 E channel139887837058816 self_thread_id = 139887837058816, last time delay.time = 8, now count = 279, i = 2
2023-01-11 17:53:30.702  75 77 I channel139887870629632 self_thread_id = 139887870629632, last time delay.time = 8, now count = 280, i = 2
2023-01-11 17:53:30.702  75 77 I channel139887870629632 self_thread_id = 139887870629632, last time delay.time = 8, now count = 280, i = 2
2023-01-11 17:53:30.702  75 77 W channel139887870629632 self_thread_id = 139887870629632, last time delay.time = 8, now count = 280, i = 2
2023-01-11 17:53:30.702  75 77 E channel139887870629632 self_thread_id = 139887870629632, last time delay.time = 8, now count = 280, i = 2
2023-01-11 17:53:31.700  75 82 I channel139887621699328 self_thread_id = 139887621699328, last time delay.time = 9, now count = 274, i = 3
2023-01-11 17:53:31.700  75 78 I channel139887862236928 self_thread_id = 139887862236928, last time delay.time = 10, now count = 273, i = 3
2023-01-11 17:53:31.701  75 79 I channel139887853844224 self_thread_id = 139887853844224, last time delay.time = 8, now count = 275, i = 3
2023-01-11 17:53:31.701  75 82 I channel139887621699328 self_thread_id = 139887621699328, last time delay.time = 9, now count = 274, i = 3
2023-01-11 17:53:31.701  75 78 I channel139887862236928 self_thread_id = 139887862236928, last time delay.time = 10, now count = 273, i = 3
2023-01-11 17:53:31.701  75 82 W channel139887621699328 self_thread_id = 139887621699328, last time delay.time = 9, now count = 274, i = 3
2023-01-11 17:53:31.701  75 79 I channel139887853844224 self_thread_id = 139887853844224, last time delay.time = 8, now count = 275, i = 3
2023-01-11 17:53:31.701  75 82 E channel139887621699328 self_thread_id = 139887621699328, last time delay.time = 9, now count = 274, i = 3
2023-01-11 17:53:31.701  75 78 W channel139887862236928 self_thread_id = 139887862236928, last time delay.time = 10, now count = 273, i = 3
2023-01-11 17:53:31.701  75 79 W channel139887853844224 self_thread_id = 139887853844224, last time delay.time = 8, now count = 275, i = 3
2023-01-11 17:53:31.701  75 79 E channel139887853844224 self_thread_id = 139887853844224, last time delay.time = 8, now count = 275, i = 3
2023-01-11 17:53:31.701  75 78 E channel139887862236928 self_thread_id = 139887862236928, last time delay.time = 10, now count = 273, i = 3
2023-01-11 17:53:31.701  75 80 I channel139887845451520 self_thread_id = 139887845451520, last time delay.time = 8, now count = 276, i = 3
2023-01-11 17:53:31.701  75 80 I channel139887845451520 self_thread_id = 139887845451520, last time delay.time = 8, now count = 276, i = 3
2023-01-11 17:53:31.701  75 80 W channel139887845451520 self_thread_id = 139887845451520, last time delay.time = 8, now count = 276, i = 3
2023-01-11 17:53:31.701  75 80 E channel139887845451520 self_thread_id = 139887845451520, last time delay.time = 8, now count = 276, i = 3
2023-01-11 17:53:31.701  75 83 I channel139887613306624 self_thread_id = 139887613306624, last time delay.time = 9, now count = 278, i = 3
2023-01-11 17:53:31.701  75 83 I channel139887613306624 self_thread_id = 139887613306624, last time delay.time = 9, now count = 278, i = 3
2023-01-11 17:53:31.701  75 84 I channel139887604913920 self_thread_id = 139887604913920, last time delay.time = 9, now count = 277, i = 3
2023-01-11 17:53:31.701  75 83 W channel139887613306624 self_thread_id = 139887613306624, last time delay.time = 9, now count = 278, i = 3
2023-01-11 17:53:31.701  75 83 E channel139887613306624 self_thread_id = 139887613306624, last time delay.time = 9, now count = 278, i = 3
2023-01-11 17:53:31.701  75 84 I channel139887604913920 self_thread_id = 139887604913920, last time delay.time = 9, now count = 277, i = 3
2023-01-11 17:53:31.701  75 84 W channel139887604913920 self_thread_id = 139887604913920, last time delay.time = 9, now count = 277, i = 3
2023-01-11 17:53:31.701  75 84 E channel139887604913920 self_thread_id = 139887604913920, last time delay.time = 9, now count = 277, i = 3
2023-01-11 17:53:31.702  75 81 I channel139887837058816 self_thread_id = 139887837058816, last time delay.time = 8, now count = 279, i = 3
2023-01-11 17:53:31.702  75 81 I channel139887837058816 self_thread_id = 139887837058816, last time delay.time = 8, now count = 279, i = 3
2023-01-11 17:53:31.702  75 81 W channel139887837058816 self_thread_id = 139887837058816, last time delay.time = 8, now count = 279, i = 3
2023-01-11 17:53:31.702  75 81 E channel139887837058816 self_thread_id = 139887837058816, last time delay.time = 8, now count = 279, i = 3
2023-01-11 17:53:31.702  75 77 I channel139887870629632 self_thread_id = 139887870629632, last time delay.time = 8, now count = 280, i = 3
2023-01-11 17:53:31.702  75 77 I channel139887870629632 self_thread_id = 139887870629632, last time delay.time = 8, now count = 280, i = 3
2023-01-11 17:53:31.702  75 77 W channel139887870629632 self_thread_id = 139887870629632, last time delay.time = 8, now count = 280, i = 3
2023-01-11 17:53:31.702  75 77 E channel139887870629632 self_thread_id = 139887870629632, last time delay.time = 8, now count = 280, i = 3
2023-01-11 17:53:32.701  75 82 I channel139887621699328 self_thread_id = 139887621699328, last time delay.time = 9, now count = 274, i = 4
2023-01-11 17:53:32.701  75 82 I channel139887621699328 self_thread_id = 139887621699328, last time delay.time = 9, now count = 274, i = 4
2023-01-11 17:53:32.701  75 82 W channel139887621699328 self_thread_id = 139887621699328, last time delay.time = 9, now count = 274, i = 4
2023-01-11 17:53:32.701  75 78 I channel139887862236928 self_thread_id = 139887862236928, last time delay.time = 10, now count = 273, i = 4
2023-01-11 17:53:32.701  75 78 I channel139887862236928 self_thread_id = 139887862236928, last time delay.time = 10, now count = 273, i = 4
2023-01-11 17:53:32.701  75 78 W channel139887862236928 self_thread_id = 139887862236928, last time delay.time = 10, now count = 273, i = 4
2023-01-11 17:53:32.701  75 78 E channel139887862236928 self_thread_id = 139887862236928, last time delay.time = 10, now count = 273, i = 4
2023-01-11 17:53:32.701  75 82 E channel139887621699328 self_thread_id = 139887621699328, last time delay.time = 9, now count = 274, i = 4
2023-01-11 17:53:32.701  75 79 I channel139887853844224 self_thread_id = 139887853844224, last time delay.time = 8, now count = 275, i = 4
2023-01-11 17:53:32.701  75 82 I channel139887621699328 self_thread_id = 139887621699328, last time delay.time = 9, now count = 282
2023-01-11 17:53:32.701  75 79 I channel139887853844224 self_thread_id = 139887853844224, last time delay.time = 8, now count = 275, i = 4
2023-01-11 17:53:32.701  75 79 W channel139887853844224 self_thread_id = 139887853844224, last time delay.time = 8, now count = 275, i = 4
2023-01-11 17:53:32.701  75 78 I channel139887862236928 self_thread_id = 139887862236928, last time delay.time = 10, now count = 281
2023-01-11 17:53:32.701  75 79 E channel139887853844224 self_thread_id = 139887853844224, last time delay.time = 8, now count = 275, i = 4
2023-01-11 17:53:32.701  75 79 I channel139887853844224 self_thread_id = 139887853844224, last time delay.time = 8, now count = 283
2023-01-11 17:53:32.701  75 80 I channel139887845451520 self_thread_id = 139887845451520, last time delay.time = 8, now count = 276, i = 4
2023-01-11 17:53:32.701  75 80 I channel139887845451520 self_thread_id = 139887845451520, last time delay.time = 8, now count = 276, i = 4
2023-01-11 17:53:32.701  75 80 W channel139887845451520 self_thread_id = 139887845451520, last time delay.time = 8, now count = 276, i = 4
2023-01-11 17:53:32.701  75 80 E channel139887845451520 self_thread_id = 139887845451520, last time delay.time = 8, now count = 276, i = 4
2023-01-11 17:53:32.701  75 80 I channel139887845451520 self_thread_id = 139887845451520, last time delay.time = 8, now count = 284
2023-01-11 17:53:32.701  75 83 I channel139887613306624 self_thread_id = 139887613306624, last time delay.time = 9, now count = 278, i = 4
2023-01-11 17:53:32.701  75 83 I channel139887613306624 self_thread_id = 139887613306624, last time delay.time = 9, now count = 278, i = 4
2023-01-11 17:53:32.701  75 84 I channel139887604913920 self_thread_id = 139887604913920, last time delay.time = 9, now count = 277, i = 4
2023-01-11 17:53:32.701  75 83 W channel139887613306624 self_thread_id = 139887613306624, last time delay.time = 9, now count = 278, i = 4
2023-01-11 17:53:32.701  75 83 E channel139887613306624 self_thread_id = 139887613306624, last time delay.time = 9, now count = 278, i = 4
2023-01-11 17:53:32.701  75 84 I channel139887604913920 self_thread_id = 139887604913920, last time delay.time = 9, now count = 277, i = 4
2023-01-11 17:53:32.701  75 83 I channel139887613306624 self_thread_id = 139887613306624, last time delay.time = 9, now count = 285
2023-01-11 17:53:32.701  75 84 W channel139887604913920 self_thread_id = 139887604913920, last time delay.time = 9, now count = 277, i = 4
2023-01-11 17:53:32.701  75 84 E channel139887604913920 self_thread_id = 139887604913920, last time delay.time = 9, now count = 277, i = 4
2023-01-11 17:53:32.701  75 84 I channel139887604913920 self_thread_id = 139887604913920, last time delay.time = 9, now count = 286
2023-01-11 17:53:32.702  75 81 I channel139887837058816 self_thread_id = 139887837058816, last time delay.time = 8, now count = 279, i = 4
2023-01-11 17:53:32.702  75 81 I channel139887837058816 self_thread_id = 139887837058816, last time delay.time = 8, now count = 279, i = 4
2023-01-11 17:53:32.702  75 81 W channel139887837058816 self_thread_id = 139887837058816, last time delay.time = 8, now count = 279, i = 4
2023-01-11 17:53:32.702  75 81 E channel139887837058816 self_thread_id = 139887837058816, last time delay.time = 8, now count = 279, i = 4
2023-01-11 17:53:32.702  75 81 I channel139887837058816 self_thread_id = 139887837058816, last time delay.time = 8, now count = 287
2023-01-11 17:53:32.703  75 77 I channel139887870629632 self_thread_id = 139887870629632, last time delay.time = 8, now count = 280, i = 4
2023-01-11 17:53:32.703  75 77 I channel139887870629632 self_thread_id = 139887870629632, last time delay.time = 8, now count = 280, i = 4
2023-01-11 17:53:32.703  75 77 W channel139887870629632 self_thread_id = 139887870629632, last time delay.time = 8, now count = 280, i = 4
2023-01-11 17:53:32.703  75 77 E channel139887870629632 self_thread_id = 139887870629632, last time delay.time = 8, now count = 280, i = 4
2023-01-11 17:53:32.703  75 77 I channel139887870629632 self_thread_id = 139887870629632, last time delay.time = 8, now count = 288
2023-01-11 17:53:33.701  75 78 I channel139887862236928 self_thread_id = 139887862236928, last time delay.time = 10, now count = 281, i = 0
2023-01-11 17:53:33.701  75 79 I channel139887853844224 self_thread_id = 139887853844224, last time delay.time = 8, now count = 283, i = 0
2023-01-11 17:53:33.701  75 78 I channel139887862236928 self_thread_id = 139887862236928, last time delay.time = 10, now count = 281, i = 0
2023-01-11 17:53:33.701  75 82 I channel139887621699328 self_thread_id = 139887621699328, last time delay.time = 10, now count = 282, i = 0
2023-01-11 17:53:33.701  75 78 W channel139887862236928 self_thread_id = 139887862236928, last time delay.time = 10, now count = 281, i = 0
2023-01-11 17:53:33.701  75 79 I channel139887853844224 self_thread_id = 139887853844224, last time delay.time = 8, now count = 283, i = 0
2023-01-11 17:53:33.701  75 82 I channel139887621699328 self_thread_id = 139887621699328, last time delay.time = 10, now count = 282, i = 0
2023-01-11 17:53:33.701  75 79 W channel139887853844224 self_thread_id = 139887853844224, last time delay.time = 8, now count = 283, i = 0
2023-01-11 17:53:33.701  75 82 W channel139887621699328 self_thread_id = 139887621699328, last time delay.time = 10, now count = 282, i = 0
2023-01-11 17:53:33.701  75 79 E channel139887853844224 self_thread_id = 139887853844224, last time delay.time = 8, now count = 283, i = 0
2023-01-11 17:53:33.701  75 82 E channel139887621699328 self_thread_id = 139887621699328, last time delay.time = 10, now count = 282, i = 0
2023-01-11 17:53:33.701  75 78 E channel139887862236928 self_thread_id = 139887862236928, last time delay.time = 10, now count = 281, i = 0
2023-01-11 17:53:33.701  75 80 I channel139887845451520 self_thread_id = 139887845451520, last time delay.time = 8, now count = 284, i = 0
2023-01-11 17:53:33.701  75 80 I channel139887845451520 self_thread_id = 139887845451520, last time delay.time = 8, now count = 284, i = 0
2023-01-11 17:53:33.701  75 80 W channel139887845451520 self_thread_id = 139887845451520, last time delay.time = 8, now count = 284, i = 0
2023-01-11 17:53:33.701  75 80 E channel139887845451520 self_thread_id = 139887845451520, last time delay.time = 8, now count = 284, i = 0
2023-01-11 17:53:33.701  75 84 I channel139887604913920 self_thread_id = 139887604913920, last time delay.time = 8, now count = 286, i = 0
2023-01-11 17:53:33.701  75 83 I channel139887613306624 self_thread_id = 139887613306624, last time delay.time = 12, now count = 285, i = 0
2023-01-11 17:53:33.701  75 84 I channel139887604913920 self_thread_id = 139887604913920, last time delay.time = 8, now count = 286, i = 0
2023-01-11 17:53:33.701  75 84 W channel139887604913920 self_thread_id = 139887604913920, last time delay.time = 8, now count = 286, i = 0
2023-01-11 17:53:33.701  75 83 I channel139887613306624 self_thread_id = 139887613306624, last time delay.time = 12, now count = 285, i = 0
2023-01-11 17:53:33.701  75 84 E channel139887604913920 self_thread_id = 139887604913920, last time delay.time = 8, now count = 286, i = 0
2023-01-11 17:53:33.701  75 83 W channel139887613306624 self_thread_id = 139887613306624, last time delay.time = 12, now count = 285, i = 0
2023-01-11 17:53:33.701  75 83 E channel139887613306624 self_thread_id = 139887613306624, last time delay.time = 12, now count = 285, i = 0
2023-01-11 17:53:33.703  75 81 I channel139887837058816 self_thread_id = 139887837058816, last time delay.time = 9, now count = 287, i = 0
2023-01-11 17:53:33.703  75 81 I channel139887837058816 self_thread_id = 139887837058816, last time delay.time = 9, now count = 287, i = 0
2023-01-11 17:53:33.703  75 81 W channel139887837058816 self_thread_id = 139887837058816, last time delay.time = 9, now count = 287, i = 0
2023-01-11 17:53:33.703  75 81 E channel139887837058816 self_thread_id = 139887837058816, last time delay.time = 9, now count = 287, i = 0
2023-01-11 17:53:33.703  75 77 I channel139887870629632 self_thread_id = 139887870629632, last time delay.time = 8, now count = 288, i = 0
2023-01-11 17:53:33.703  75 77 I channel139887870629632 self_thread_id = 139887870629632, last time delay.time = 8, now count = 288, i = 0
2023-01-11 17:53:33.703  75 77 W channel139887870629632 self_thread_id = 139887870629632, last time delay.time = 8, now count = 288, i = 0
2023-01-11 17:53:33.703  75 77 E channel139887870629632 self_thread_id = 139887870629632, last time delay.time = 8, now count = 288, i = 0
2023-01-11 17:53:34.701  75 78 I channel139887862236928 self_thread_id = 139887862236928, last time delay.time = 10, now count = 281, i = 1
2023-01-11 17:53:34.701  75 79 I channel139887853844224 self_thread_id = 139887853844224, last time delay.time = 8, now count = 283, i = 1
2023-01-11 17:53:34.701  75 79 I channel139887853844224 self_thread_id = 139887853844224, last time delay.time = 8, now count = 283, i = 1
2023-01-11 17:53:34.701  75 78 I channel139887862236928 self_thread_id = 139887862236928, last time delay.time = 10, now count = 281, i = 1
2023-01-11 17:53:34.701  75 79 W channel139887853844224 self_thread_id = 139887853844224, last time delay.time = 8, now count = 283, i = 1
2023-01-11 17:53:34.701  75 78 W channel139887862236928 self_thread_id = 139887862236928, last time delay.time = 10, now count = 281, i = 1
2023-01-11 17:53:34.701  75 79 E channel139887853844224 self_thread_id = 139887853844224, last time delay.time = 8, now count = 283, i = 1
2023-01-11 17:53:34.701  75 78 E channel139887862236928 self_thread_id = 139887862236928, last time delay.time = 10, now count = 281, i = 1
2023-01-11 17:53:34.701  75 82 I channel139887621699328 self_thread_id = 139887621699328, last time delay.time = 10, now count = 282, i = 1
2023-01-11 17:53:34.701  75 82 I channel139887621699328 self_thread_id = 139887621699328, last time delay.time = 10, now count = 282, i = 1
2023-01-11 17:53:34.701  75 82 W channel139887621699328 self_thread_id = 139887621699328, last time delay.time = 10, now count = 282, i = 1
2023-01-11 17:53:34.701  75 82 E channel139887621699328 self_thread_id = 139887621699328, last time delay.time = 10, now count = 282, i = 1
2023-01-11 17:53:34.701  75 80 I channel139887845451520 self_thread_id = 139887845451520, last time delay.time = 8, now count = 284, i = 1
2023-01-11 17:53:34.701  75 80 I channel139887845451520 self_thread_id = 139887845451520, last time delay.time = 8, now count = 284, i = 1
2023-01-11 17:53:34.701  75 80 W channel139887845451520 self_thread_id = 139887845451520, last time delay.time = 8, now count = 284, i = 1
2023-01-11 17:53:34.701  75 80 E channel139887845451520 self_thread_id = 139887845451520, last time delay.time = 8, now count = 284, i = 1
2023-01-11 17:53:34.701  75 84 I channel139887604913920 self_thread_id = 139887604913920, last time delay.time = 8, now count = 286, i = 1
2023-01-11 17:53:34.701  75 83 I channel139887613306624 self_thread_id = 139887613306624, last time delay.time = 12, now count = 285, i = 1
2023-01-11 17:53:34.701  75 84 I channel139887604913920 self_thread_id = 139887604913920, last time delay.time = 8, now count = 286, i = 1
2023-01-11 17:53:34.701  75 83 I channel139887613306624 self_thread_id = 139887613306624, last time delay.time = 12, now count = 285, i = 1
2023-01-11 17:53:34.701  75 84 W channel139887604913920 self_thread_id = 139887604913920, last time delay.time = 8, now count = 286, i = 1
2023-01-11 17:53:34.701  75 83 W channel139887613306624 self_thread_id = 139887613306624, last time delay.time = 12, now count = 285, i = 1
2023-01-11 17:53:34.701  75 84 E channel139887604913920 self_thread_id = 139887604913920, last time delay.time = 8, now count = 286, i = 1
2023-01-11 17:53:34.702  75 83 E channel139887613306624 self_thread_id = 139887613306624, last time delay.time = 12, now count = 285, i = 1
2023-01-11 17:53:34.703  75 81 I channel139887837058816 self_thread_id = 139887837058816, last time delay.time = 9, now count = 287, i = 1
2023-01-11 17:53:34.703  75 81 I channel139887837058816 self_thread_id = 139887837058816, last time delay.time = 9, now count = 287, i = 1
2023-01-11 17:53:34.703  75 81 W channel139887837058816 self_thread_id = 139887837058816, last time delay.time = 9, now count = 287, i = 1
2023-01-11 17:53:34.703  75 81 E channel139887837058816 self_thread_id = 139887837058816, last time delay.time = 9, now count = 287, i = 1
2023-01-11 17:53:34.703  75 77 I channel139887870629632 self_thread_id = 139887870629632, last time delay.time = 8, now count = 288, i = 1
2023-01-11 17:53:34.703  75 77 I channel139887870629632 self_thread_id = 139887870629632, last time delay.time = 8, now count = 288, i = 1
2023-01-11 17:53:34.703  75 77 W channel139887870629632 self_thread_id = 139887870629632, last time delay.time = 8, now count = 288, i = 1
2023-01-11 17:53:34.703  75 77 E channel139887870629632 self_thread_id = 139887870629632, last time delay.time = 8, now count = 288, i = 1
2023-01-11 17:53:35.701  75 78 I channel139887862236928 self_thread_id = 139887862236928, last time delay.time = 10, now count = 281, i = 2
2023-01-11 17:53:35.701  75 79 I channel139887853844224 self_thread_id = 139887853844224, last time delay.time = 8, now count = 283, i = 2
2023-01-11 17:53:35.701  75 78 I channel139887862236928 self_thread_id = 139887862236928, last time delay.time = 10, now count = 281, i = 2
2023-01-11 17:53:35.701  75 78 W channel139887862236928 self_thread_id = 139887862236928, last time delay.time = 10, now count = 281, i = 2
2023-01-11 17:53:35.701  75 79 I channel139887853844224 self_thread_id = 139887853844224, last time delay.time = 8, now count = 283, i = 2
2023-01-11 17:53:35.701  75 79 W channel139887853844224 self_thread_id = 139887853844224, last time delay.time = 8, now count = 283, i = 2
2023-01-11 17:53:35.701  75 82 I channel139887621699328 self_thread_id = 139887621699328, last time delay.time = 10, now count = 282, i = 2
2023-01-11 17:53:35.701  75 78 E channel139887862236928 self_thread_id = 139887862236928, last time delay.time = 10, now count = 281, i = 2
2023-01-11 17:53:35.701  75 79 E channel139887853844224 self_thread_id = 139887853844224, last time delay.time = 8, now count = 283, i = 2
2023-01-11 17:53:35.701  75 82 I channel139887621699328 self_thread_id = 139887621699328, last time delay.time = 10, now count = 282, i = 2
2023-01-11 17:53:35.701  75 82 W channel139887621699328 self_thread_id = 139887621699328, last time delay.time = 10, now count = 282, i = 2
2023-01-11 17:53:35.701  75 82 E channel139887621699328 self_thread_id = 139887621699328, last time delay.time = 10, now count = 282, i = 2
2023-01-11 17:53:35.701  75 80 I channel139887845451520 self_thread_id = 139887845451520, last time delay.time = 8, now count = 284, i = 2
2023-01-11 17:53:35.701  75 80 I channel139887845451520 self_thread_id = 139887845451520, last time delay.time = 8, now count = 284, i = 2
2023-01-11 17:53:35.701  75 80 W channel139887845451520 self_thread_id = 139887845451520, last time delay.time = 8, now count = 284, i = 2
2023-01-11 17:53:35.701  75 80 E channel139887845451520 self_thread_id = 139887845451520, last time delay.time = 8, now count = 284, i = 2
2023-01-11 17:53:35.702  75 84 I channel139887604913920 self_thread_id = 139887604913920, last time delay.time = 8, now count = 286, i = 2
2023-01-11 17:53:35.702  75 84 I channel139887604913920 self_thread_id = 139887604913920, last time delay.time = 8, now count = 286, i = 2
2023-01-11 17:53:35.702  75 84 W channel139887604913920 self_thread_id = 139887604913920, last time delay.time = 8, now count = 286, i = 2
2023-01-11 17:53:35.702  75 84 E channel139887604913920 self_thread_id = 139887604913920, last time delay.time = 8, now count = 286, i = 2
2023-01-11 17:53:35.702  75 83 I channel139887613306624 self_thread_id = 139887613306624, last time delay.time = 12, now count = 285, i = 2
2023-01-11 17:53:35.702  75 83 I channel139887613306624 self_thread_id = 139887613306624, last time delay.time = 12, now count = 285, i = 2
2023-01-11 17:53:35.702  75 83 W channel139887613306624 self_thread_id = 139887613306624, last time delay.time = 12, now count = 285, i = 2
2023-01-11 17:53:35.702  75 83 E channel139887613306624 self_thread_id = 139887613306624, last time delay.time = 12, now count = 285, i = 2
2023-01-11 17:53:35.703  75 81 I channel139887837058816 self_thread_id = 139887837058816, last time delay.time = 9, now count = 287, i = 2
2023-01-11 17:53:35.703  75 81 I channel139887837058816 self_thread_id = 139887837058816, last time delay.time = 9, now count = 287, i = 2
2023-01-11 17:53:35.703  75 81 W channel139887837058816 self_thread_id = 139887837058816, last time delay.time = 9, now count = 287, i = 2
2023-01-11 17:53:35.703  75 81 E channel139887837058816 self_thread_id = 139887837058816, last time delay.time = 9, now count = 287, i = 2
2023-01-11 17:53:35.703  75 77 I channel139887870629632 self_thread_id = 139887870629632, last time delay.time = 8, now count = 288, i = 2
2023-01-11 17:53:35.703  75 77 I channel139887870629632 self_thread_id = 139887870629632, last time delay.time = 8, now count = 288, i = 2
2023-01-11 17:53:35.703  75 77 W channel139887870629632 self_thread_id = 139887870629632, last time delay.time = 8, now count = 288, i = 2
2023-01-11 17:53:35.703  75 77 E channel139887870629632 self_thread_id = 139887870629632, last time delay.time = 8, now count = 288, i = 2
2023-01-11 17:53:36.509  75 75 I APP.tag TestComponent::Proc
2023-01-11 17:53:36.509  75 75 I APP.tag ****************test INFO begin****************
2023-01-11 17:53:36.509  75 75 I APP.tag 测试 index = 769组
2023-01-11 17:53:36.509  75 75 E APP.tag 循环计数 i = 1次
2023-01-11 17:53:36.509  75 75 I APP.tag test LOG_Trace()
2023-01-11 17:53:36.509  75 75 I vscode 循环计数 i = 1次,test LOG_Channel_Trace()
2023-01-11 17:53:36.509  75 75 E APP.tag 循环计数 i = 2次
2023-01-11 17:53:36.509  75 75 E APP.tag 循环计数 i = 3次
2023-01-11 17:53:36.509  75 75 I APP.tag test LOG_Info()
2023-01-11 17:53:36.509  75 75 I baidu 循环计数 i = 3次,test LOG_Channel_Info()
2023-01-11 17:53:36.509  75 75 E APP.tag 循环计数 i = 4次
2023-01-11 17:53:36.509  75 75 W APP.tag test LOG_Warn()
2023-01-11 17:53:36.509  75 75 W google 循环计数 i = 4次,test LOG_Channel_Warn()
2023-01-11 17:53:36.509  75 75 E APP.tag 循环计数 i = 5次
2023-01-11 17:53:36.509  75 75 E APP.tag test LOG_Error()
2023-01-11 17:53:36.509  75 75 E visio 循环计数 i = 5次,test LOG_Channel_Error()
2023-01-11 17:53:36.509  75 75 I APP.tag print coredump DataLen:2 Data[01 00]
2023-01-11 17:53:36.509  75 75 W coredump 0x0000000a 0a 00 00 00 0b 00 00 00 0c 00 00 00 0d 00 00 00 0e 00 00 00
2023-01-11 17:53:36.509  75 75 I APP.tag ****************test INFO end****************
2023-01-11 17:53:36.701  75 79 I channel139887853844224 self_thread_id = 139887853844224, last time delay.time = 8, now count = 283, i = 3
2023-01-11 17:53:36.701  75 79 I channel139887853844224 self_thread_id = 139887853844224, last time delay.time = 8, now count = 283, i = 3
2023-01-11 17:53:36.701  75 78 I channel139887862236928 self_thread_id = 139887862236928, last time delay.time = 10, now count = 281, i = 3
2023-01-11 17:53:36.701  75 79 W channel139887853844224 self_thread_id = 139887853844224, last time delay.time = 8, now count = 283, i = 3
2023-01-11 17:53:36.701  75 82 I channel139887621699328 self_thread_id = 139887621699328, last time delay.time = 10, now count = 282, i = 3
2023-01-11 17:53:36.701  75 79 E channel139887853844224 self_thread_id = 139887853844224, last time delay.time = 8, now count = 283, i = 3
2023-01-11 17:53:36.701  75 78 I channel139887862236928 self_thread_id = 139887862236928, last time delay.time = 10, now count = 281, i = 3
2023-01-11 17:53:36.701  75 78 W channel139887862236928 self_thread_id = 139887862236928, last time delay.time = 10, now count = 281, i = 3
2023-01-11 17:53:36.701  75 82 I channel139887621699328 self_thread_id = 139887621699328, last time delay.time = 10, now count = 282, i = 3
2023-01-11 17:53:36.701  75 78 E channel139887862236928 self_thread_id = 139887862236928, last time delay.time = 10, now count = 281, i = 3
2023-01-11 17:53:36.701  75 82 W channel139887621699328 self_thread_id = 139887621699328, last time delay.time = 10, now count = 282, i = 3
2023-01-11 17:53:36.702  75 82 E channel139887621699328 self_thread_id = 139887621699328, last time delay.time = 10, now count = 282, i = 3
2023-01-11 17:53:36.702  75 80 I channel139887845451520 self_thread_id = 139887845451520, last time delay.time = 8, now count = 284, i = 3
2023-01-11 17:53:36.702  75 80 I channel139887845451520 self_thread_id = 139887845451520, last time delay.time = 8, now count = 284, i = 3
2023-01-11 17:53:36.702  75 80 W channel139887845451520 self_thread_id = 139887845451520, last time delay.time = 8, now count = 284, i = 3
2023-01-11 17:53:36.702  75 80 E channel139887845451520 self_thread_id = 139887845451520, last time delay.time = 8, now count = 284, i = 3
2023-01-11 17:53:36.702  75 83 I channel139887613306624 self_thread_id = 139887613306624, last time delay.time = 12, now count = 285, i = 3
2023-01-11 17:53:36.702  75 84 I channel139887604913920 self_thread_id = 139887604913920, last time delay.time = 8, now count = 286, i = 3
2023-01-11 17:53:36.702  75 83 I channel139887613306624 self_thread_id = 139887613306624, last time delay.time = 12, now count = 285, i = 3
2023-01-11 17:53:36.702  75 83 W channel139887613306624 self_thread_id = 139887613306624, last time delay.time = 12, now count = 285, i = 3
2023-01-11 17:53:36.702  75 84 I channel139887604913920 self_thread_id = 139887604913920, last time delay.time = 8, now count = 286, i = 3
2023-01-11 17:53:36.702  75 83 E channel139887613306624 self_thread_id = 139887613306624, last time delay.time = 12, now count = 285, i = 3
2023-01-11 17:53:36.702  75 84 W channel139887604913920 self_thread_id = 139887604913920, last time delay.time = 8, now count = 286, i = 3
2023-01-11 17:53:36.702  75 84 E channel139887604913920 self_thread_id = 139887604913920, last time delay.time = 8, now count = 286, i = 3
2023-01-11 17:53:36.703  75 81 I channel139887837058816 self_thread_id = 139887837058816, last time delay.time = 9, now count = 287, i = 3
2023-01-11 17:53:36.703  75 81 I channel139887837058816 self_thread_id = 139887837058816, last time delay.time = 9, now count = 287, i = 3
2023-01-11 17:53:36.703  75 81 W channel139887837058816 self_thread_id = 139887837058816, last time delay.time = 9, now count = 287, i = 3
2023-01-11 17:53:36.703  75 81 E channel139887837058816 self_thread_id = 139887837058816, last time delay.time = 9, now count = 287, i = 3
2023-01-11 17:53:36.703  75 77 I channel139887870629632 self_thread_id = 139887870629632, last time delay.time = 8, now count = 288, i = 3
2023-01-11 17:53:36.703  75 77 I channel139887870629632 self_thread_id = 139887870629632, last time delay.time = 8, now count = 288, i = 3
2023-01-11 17:53:36.703  75 77 W channel139887870629632 self_thread_id = 139887870629632, last time delay.time = 8, now count = 288, i = 3
2023-01-11 17:53:36.703  75 77 E channel139887870629632 self_thread_id = 139887870629632, last time delay.time = 8, now count = 288, i = 3
2023-01-11 17:53:37.702  75 79 I channel139887853844224 self_thread_id = 139887853844224, last time delay.time = 8, now count = 283, i = 4
2023-01-11 17:53:37.702  75 79 I channel139887853844224 self_thread_id = 139887853844224, last time delay.time = 8, now count = 283, i = 4
2023-01-11 17:53:37.702  75 79 W channel139887853844224 self_thread_id = 139887853844224, last time delay.time = 8, now count = 283, i = 4
2023-01-11 17:53:37.702  75 78 I channel139887862236928 self_thread_id = 139887862236928, last time delay.time = 10, now count = 281, i = 4
2023-01-11 17:53:37.702  75 79 E channel139887853844224 self_thread_id = 139887853844224, last time delay.time = 8, now count = 283, i = 4
2023-01-11 17:53:37.702  75 78 I channel139887862236928 self_thread_id = 139887862236928, last time delay.time = 10, now count = 281, i = 4
2023-01-11 17:53:37.702  75 79 I channel139887853844224 self_thread_id = 139887853844224, last time delay.time = 8, now count = 289
2023-01-11 17:53:37.702  75 78 W channel139887862236928 self_thread_id = 139887862236928, last time delay.time = 10, now count = 281, i = 4
2023-01-11 17:53:37.702  75 82 I channel139887621699328 self_thread_id = 139887621699328, last time delay.time = 10, now count = 282, i = 4
2023-01-11 17:53:37.702  75 78 E channel139887862236928 self_thread_id = 139887862236928, last time delay.time = 10, now count = 281, i = 4
2023-01-11 17:53:37.702  75 82 I channel139887621699328 self_thread_id = 139887621699328, last time delay.time = 10, now count = 282, i = 4
2023-01-11 17:53:37.702  75 78 I channel139887862236928 self_thread_id = 139887862236928, last time delay.time = 10, now count = 290
2023-01-11 17:53:37.702  75 82 W channel139887621699328 self_thread_id = 139887621699328, last time delay.time = 10, now count = 282, i = 4
2023-01-11 17:53:37.702  75 82 E channel139887621699328 self_thread_id = 139887621699328, last time delay.time = 10, now count = 282, i = 4
2023-01-11 17:53:37.702  75 82 I channel139887621699328 self_thread_id = 139887621699328, last time delay.time = 10, now count = 291
2023-01-11 17:53:37.702  75 80 I channel139887845451520 self_thread_id = 139887845451520, last time delay.time = 8, now count = 284, i = 4
2023-01-11 17:53:37.702  75 80 I channel139887845451520 self_thread_id = 139887845451520, last time delay.time = 8, now count = 284, i = 4
2023-01-11 17:53:37.702  75 80 W channel139887845451520 self_thread_id = 139887845451520, last time delay.time = 8, now count = 284, i = 4
2023-01-11 17:53:37.702  75 80 E channel139887845451520 self_thread_id = 139887845451520, last time delay.time = 8, now count = 284, i = 4
2023-01-11 17:53:37.702  75 80 I channel139887845451520 self_thread_id = 139887845451520, last time delay.time = 8, now count = 292
2023-01-11 17:53:37.702  75 83 I channel139887613306624 self_thread_id = 139887613306624, last time delay.time = 12, now count = 285, i = 4
2023-01-11 17:53:37.702  75 83 I channel139887613306624 self_thread_id = 139887613306624, last time delay.time = 12, now count = 285, i = 4
2023-01-11 17:53:37.702  75 83 W channel139887613306624 self_thread_id = 139887613306624, last time delay.time = 12, now count = 285, i = 4
2023-01-11 17:53:37.702  75 83 E channel139887613306624 self_thread_id = 139887613306624, last time delay.time = 12, now count = 285, i = 4
2023-01-11 17:53:37.702  75 83 I channel139887613306624 self_thread_id = 139887613306624, last time delay.time = 12, now count = 293
2023-01-11 17:53:37.702  75 84 I channel139887604913920 self_thread_id = 139887604913920, last time delay.time = 8, now count = 286, i = 4
2023-01-11 17:53:37.702  75 84 I channel139887604913920 self_thread_id = 139887604913920, last time delay.time = 8, now count = 286, i = 4
2023-01-11 17:53:37.702  75 84 W channel139887604913920 self_thread_id = 139887604913920, last time delay.time = 8, now count = 286, i = 4
2023-01-11 17:53:37.702  75 84 E channel139887604913920 self_thread_id = 139887604913920, last time delay.time = 8, now count = 286, i = 4
2023-01-11 17:53:37.702  75 84 I channel139887604913920 self_thread_id = 139887604913920, last time delay.time = 8, now count = 294
2023-01-11 17:53:37.703  75 81 I channel139887837058816 self_thread_id = 139887837058816, last time delay.time = 9, now count = 287, i = 4
2023-01-11 17:53:37.703  75 81 I channel139887837058816 self_thread_id = 139887837058816, last time delay.time = 9, now count = 287, i = 4
