2023-01-11 17:54:09.707  75 82 W channel139887621699328 self_thread_id = 139887621699328, last time delay.time = 8, now count = 337, i = 1
2023-01-11 17:54:09.707  75 82 E channel139887621699328 self_thread_id = 139887621699328, last time delay.time = 8, now count = 337, i = 1
2023-01-11 17:54:09.708  75 79 I channel139887853844224 self_thread_id = 139887853844224, last time delay.time = 10, now count = 339, i = 1
2023-01-11 17:54:09.708  75 79 I channel139887853844224 self_thread_id = 139887853844224, last time delay.time = 10, now count = 339, i = 1
2023-01-11 17:54:09.708  75 78 I channel139887862236928 self_thread_id = 139887862236928, last time delay.time = 8, now count = 338, i = 1
2023-01-11 17:54:09.708  75 79 W channel139887853844224 self_thread_id = 139887853844224, last time delay.time = 10, now count = 339, i = 1
2023-01-11 17:54:09.708  75 78 I channel139887862236928 self_thread_id = 139887862236928, last time delay.time = 8, now count = 338, i = 1
2023-01-11 17:54:09.708  75 79 E channel139887853844224 self_thread_id = 139887853844224, last time delay.time = 10, now count = 339, i = 1
2023-01-11 17:54:09.708  75 78 W channel139887862236928 self_thread_id = 139887862236928, last time delay.time = 8, now count = 338, i = 1
2023-01-11 17:54:09.708  75 78 E channel139887862236928 self_thread_id = 139887862236928, last time delay.time = 8, now count = 338, i = 1
2023-01-11 17:54:09.708  75 83 I channel139887613306624 self_thread_id = 139887613306624, last time delay.time = 9, now count = 340, i = 1
2023-01-11 17:54:09.708  75 83 I channel139887613306624 self_thread_id = 139887613306624, last time delay.time = 9, now count = 340, i = 1
2023-01-11 17:54:09.708  75 83 W channel139887613306624 self_thread_id = 139887613306624, last time delay.time = 9, now count = 340, i = 1
2023-01-11 17:54:09.708  75 83 E channel139887613306624 self_thread_id = 139887613306624, last time delay.time = 9, now count = 340, i = 1
2023-01-11 17:54:09.708  75 80 I channel139887845451520 self_thread_id = 139887845451520, last time delay.time = 9, now count = 341, i = 1
2023-01-11 17:54:09.708  75 80 I channel139887845451520 self_thread_id = 139887845451520, last time delay.time = 9, now count = 341, i = 1
2023-01-11 17:54:09.708  75 80 W channel139887845451520 self_thread_id = 139887845451520, last time delay.time = 9, now count = 341, i = 1
2023-01-11 17:54:09.708  75 80 E channel139887845451520 self_thread_id = 139887845451520, last time delay.time = 9, now count = 341, i = 1
2023-01-11 17:54:09.708  75 84 I channel139887604913920 self_thread_id = 139887604913920, last time delay.time = 8, now count = 342, i = 1
2023-01-11 17:54:09.708  75 84 I channel139887604913920 self_thread_id = 139887604913920, last time delay.time = 8, now count = 342, i = 1
2023-01-11 17:54:09.708  75 84 W channel139887604913920 self_thread_id = 139887604913920, last time delay.time = 8, now count = 342, i = 1
2023-01-11 17:54:09.708  75 84 E channel139887604913920 self_thread_id = 139887604913920, last time delay.time = 8, now count = 342, i = 1
2023-01-11 17:54:09.709  75 77 I channel139887870629632 self_thread_id = 139887870629632, last time delay.time = 8, now count = 343, i = 1
2023-01-11 17:54:09.709  75 77 I channel139887870629632 self_thread_id = 139887870629632, last time delay.time = 8, now count = 343, i = 1
2023-01-11 17:54:09.709  75 77 W channel139887870629632 self_thread_id = 139887870629632, last time delay.time = 8, now count = 343, i = 1
2023-01-11 17:54:09.709  75 77 E channel139887870629632 self_thread_id = 139887870629632, last time delay.time = 8, now count = 343, i = 1
2023-01-11 17:54:09.709  75 81 I channel139887837058816 self_thread_id = 139887837058816, last time delay.time = 8, now count = 344, i = 1
2023-01-11 17:54:09.709  75 81 I channel139887837058816 self_thread_id = 139887837058816, last time delay.time = 8, now count = 344, i = 1
2023-01-11 17:54:09.709  75 81 W channel139887837058816 self_thread_id = 139887837058816, last time delay.time = 8, now count = 344, i = 1
2023-01-11 17:54:09.709  75 81 E channel139887837058816 self_thread_id = 139887837058816, last time delay.time = 8, now count = 344, i = 1
2023-01-11 17:54:10.707  75 82 I channel139887621699328 self_thread_id = 139887621699328, last time delay.time = 8, now count = 337, i = 2
2023-01-11 17:54:10.707  75 82 I channel139887621699328 self_thread_id = 139887621699328, last time delay.time = 8, now count = 337, i = 2
2023-01-11 17:54:10.707  75 82 W channel139887621699328 self_thread_id = 139887621699328, last time delay.time = 8, now count = 337, i = 2
2023-01-11 17:54:10.708  75 82 E channel139887621699328 self_thread_id = 139887621699328, last time delay.time = 8, now count = 337, i = 2
2023-01-11 17:54:10.708  75 79 I channel139887853844224 self_thread_id = 139887853844224, last time delay.time = 10, now count = 339, i = 2
2023-01-11 17:54:10.708  75 78 I channel139887862236928 self_thread_id = 139887862236928, last time delay.time = 8, now count = 338, i = 2
2023-01-11 17:54:10.708  75 79 I channel139887853844224 self_thread_id = 139887853844224, last time delay.time = 10, now count = 339, i = 2
2023-01-11 17:54:10.708  75 79 W channel139887853844224 self_thread_id = 139887853844224, last time delay.time = 10, now count = 339, i = 2
2023-01-11 17:54:10.708  75 79 E channel139887853844224 self_thread_id = 139887853844224, last time delay.time = 10, now count = 339, i = 2
2023-01-11 17:54:10.708  75 78 I channel139887862236928 self_thread_id = 139887862236928, last time delay.time = 8, now count = 338, i = 2
2023-01-11 17:54:10.708  75 78 W channel139887862236928 self_thread_id = 139887862236928, last time delay.time = 8, now count = 338, i = 2
2023-01-11 17:54:10.708  75 78 E channel139887862236928 self_thread_id = 139887862236928, last time delay.time = 8, now count = 338, i = 2
2023-01-11 17:54:10.708  75 83 I channel139887613306624 self_thread_id = 139887613306624, last time delay.time = 9, now count = 340, i = 2
2023-01-11 17:54:10.708  75 83 I channel139887613306624 self_thread_id = 139887613306624, last time delay.time = 9, now count = 340, i = 2
2023-01-11 17:54:10.708  75 83 W channel139887613306624 self_thread_id = 139887613306624, last time delay.time = 9, now count = 340, i = 2
2023-01-11 17:54:10.708  75 83 E channel139887613306624 self_thread_id = 139887613306624, last time delay.time = 9, now count = 340, i = 2
2023-01-11 17:54:10.708  75 80 I channel139887845451520 self_thread_id = 139887845451520, last time delay.time = 9, now count = 341, i = 2
2023-01-11 17:54:10.708  75 80 I channel139887845451520 self_thread_id = 139887845451520, last time delay.time = 9, now count = 341, i = 2
2023-01-11 17:54:10.708  75 80 W channel139887845451520 self_thread_id = 139887845451520, last time delay.time = 9, now count = 341, i = 2
2023-01-11 17:54:10.708  75 80 E channel139887845451520 self_thread_id = 139887845451520, last time delay.time = 9, now count = 341, i = 2
2023-01-11 17:54:10.708  75 84 I channel139887604913920 self_thread_id = 139887604913920, last time delay.time = 8, now count = 342, i = 2
2023-01-11 17:54:10.708  75 84 I channel139887604913920 self_thread_id = 139887604913920, last time delay.time = 8, now count = 342, i = 2
2023-01-11 17:54:10.708  75 84 W channel139887604913920 self_thread_id = 139887604913920, last time delay.time = 8, now count = 342, i = 2
2023-01-11 17:54:10.708  75 84 E channel139887604913920 self_thread_id = 139887604913920, last time delay.time = 8, now count = 342, i = 2
2023-01-11 17:54:10.709  75 77 I channel139887870629632 self_thread_id = 139887870629632, last time delay.time = 8, now count = 343, i = 2
2023-01-11 17:54:10.709  75 77 I channel139887870629632 self_thread_id = 139887870629632, last time delay.time = 8, now count = 343, i = 2
2023-01-11 17:54:10.709  75 77 W channel139887870629632 self_thread_id = 139887870629632, last time delay.time = 8, now count = 343, i = 2
2023-01-11 17:54:10.709  75 77 E channel139887870629632 self_thread_id = 139887870629632, last time delay.time = 8, now count = 343, i = 2
2023-01-11 17:54:10.709  75 81 I channel139887837058816 self_thread_id = 139887837058816, last time delay.time = 8, now count = 344, i = 2
2023-01-11 17:54:10.709  75 81 I channel139887837058816 self_thread_id = 139887837058816, last time delay.time = 8, now count = 344, i = 2
2023-01-11 17:54:10.709  75 81 W channel139887837058816 self_thread_id = 139887837058816, last time delay.time = 8, now count = 344, i = 2
2023-01-11 17:54:10.709  75 81 E channel139887837058816 self_thread_id = 139887837058816, last time delay.time = 8, now count = 344, i = 2
2023-01-11 17:54:11.708  75 82 I channel139887621699328 self_thread_id = 139887621699328, last time delay.time = 8, now count = 337, i = 3
2023-01-11 17:54:11.708  75 82 I channel139887621699328 self_thread_id = 139887621699328, last time delay.time = 8, now count = 337, i = 3
2023-01-11 17:54:11.708  75 82 W channel139887621699328 self_thread_id = 139887621699328, last time delay.time = 8, now count = 337, i = 3
2023-01-11 17:54:11.708  75 82 E channel139887621699328 self_thread_id = 139887621699328, last time delay.time = 8, now count = 337, i = 3
2023-01-11 17:54:11.708  75 79 I channel139887853844224 self_thread_id = 139887853844224, last time delay.time = 10, now count = 339, i = 3
2023-01-11 17:54:11.708  75 78 I channel139887862236928 self_thread_id = 139887862236928, last time delay.time = 8, now count = 338, i = 3
2023-01-11 17:54:11.708  75 79 I channel139887853844224 self_thread_id = 139887853844224, last time delay.time = 10, now count = 339, i = 3
2023-01-11 17:54:11.708  75 79 W channel139887853844224 self_thread_id = 139887853844224, last time delay.time = 10, now count = 339, i = 3
2023-01-11 17:54:11.708  75 78 I channel139887862236928 self_thread_id = 139887862236928, last time delay.time = 8, now count = 338, i = 3
2023-01-11 17:54:11.708  75 78 W channel139887862236928 self_thread_id = 139887862236928, last time delay.time = 8, now count = 338, i = 3
2023-01-11 17:54:11.708  75 79 E channel139887853844224 self_thread_id = 139887853844224, last time delay.time = 10, now count = 339, i = 3
2023-01-11 17:54:11.708  75 78 E channel139887862236928 self_thread_id = 139887862236928, last time delay.time = 8, now count = 338, i = 3
2023-01-11 17:54:11.708  75 83 I channel139887613306624 self_thread_id = 139887613306624, last time delay.time = 9, now count = 340, i = 3
2023-01-11 17:54:11.708  75 80 I channel139887845451520 self_thread_id = 139887845451520, last time delay.time = 9, now count = 341, i = 3
2023-01-11 17:54:11.708  75 83 I channel139887613306624 self_thread_id = 139887613306624, last time delay.time = 9, now count = 340, i = 3
2023-01-11 17:54:11.708  75 83 W channel139887613306624 self_thread_id = 139887613306624, last time delay.time = 9, now count = 340, i = 3
2023-01-11 17:54:11.708  75 80 I channel139887845451520 self_thread_id = 139887845451520, last time delay.time = 9, now count = 341, i = 3
2023-01-11 17:54:11.708  75 83 E channel139887613306624 self_thread_id = 139887613306624, last time delay.time = 9, now count = 340, i = 3
2023-01-11 17:54:11.708  75 80 W channel139887845451520 self_thread_id = 139887845451520, last time delay.time = 9, now count = 341, i = 3
2023-01-11 17:54:11.708  75 80 E channel139887845451520 self_thread_id = 139887845451520, last time delay.time = 9, now count = 341, i = 3
2023-01-11 17:54:11.709  75 84 I channel139887604913920 self_thread_id = 139887604913920, last time delay.time = 8, now count = 342, i = 3
2023-01-11 17:54:11.709  75 84 I channel139887604913920 self_thread_id = 139887604913920, last time delay.time = 8, now count = 342, i = 3
2023-01-11 17:54:11.709  75 84 W channel139887604913920 self_thread_id = 139887604913920, last time delay.time = 8, now count = 342, i = 3
2023-01-11 17:54:11.709  75 84 E channel139887604913920 self_thread_id = 139887604913920, last time delay.time = 8, now count = 342, i = 3
2023-01-11 17:54:11.709  75 77 I channel139887870629632 self_thread_id = 139887870629632, last time delay.time = 8, now count = 343, i = 3
2023-01-11 17:54:11.709  75 77 I channel139887870629632 self_thread_id = 139887870629632, last time delay.time = 8, now count = 343, i = 3
2023-01-11 17:54:11.709  75 77 W channel139887870629632 self_thread_id = 139887870629632, last time delay.time = 8, now count = 343, i = 3
2023-01-11 17:54:11.709  75 77 E channel139887870629632 self_thread_id = 139887870629632, last time delay.time = 8, now count = 343, i = 3
2023-01-11 17:54:11.709  75 81 I channel139887837058816 self_thread_id = 139887837058816, last time delay.time = 8, now count = 344, i = 3
2023-01-11 17:54:11.709  75 81 I channel139887837058816 self_thread_id = 139887837058816, last time delay.time = 8, now count = 344, i = 3
2023-01-11 17:54:11.709  75 81 W channel139887837058816 self_thread_id = 139887837058816, last time delay.time = 8, now count = 344, i = 3
2023-01-11 17:54:11.709  75 81 E channel139887837058816 self_thread_id = 139887837058816, last time delay.time = 8, now count = 344, i = 3
2023-01-11 17:54:12.708  75 82 I channel139887621699328 self_thread_id = 139887621699328, last time delay.time = 8, now count = 337, i = 4
2023-01-11 17:54:12.708  75 82 I channel139887621699328 self_thread_id = 139887621699328, last time delay.time = 8, now count = 337, i = 4
2023-01-11 17:54:12.708  75 82 W channel139887621699328 self_thread_id = 139887621699328, last time delay.time = 8, now count = 337, i = 4
2023-01-11 17:54:12.708  75 82 E channel139887621699328 self_thread_id = 139887621699328, last time delay.time = 8, now count = 337, i = 4
2023-01-11 17:54:12.708  75 82 I channel139887621699328 self_thread_id = 139887621699328, last time delay.time = 8, now count = 345
2023-01-11 17:54:12.708  75 79 I channel139887853844224 self_thread_id = 139887853844224, last time delay.time = 10, now count = 339, i = 4
2023-01-11 17:54:12.708  75 78 I channel139887862236928 self_thread_id = 139887862236928, last time delay.time = 8, now count = 338, i = 4
2023-01-11 17:54:12.708  75 79 I channel139887853844224 self_thread_id = 139887853844224, last time delay.time = 10, now count = 339, i = 4
2023-01-11 17:54:12.708  75 78 I channel139887862236928 self_thread_id = 139887862236928, last time delay.time = 8, now count = 338, i = 4
2023-01-11 17:54:12.708  75 79 W channel139887853844224 self_thread_id = 139887853844224, last time delay.time = 10, now count = 339, i = 4
2023-01-11 17:54:12.708  75 78 W channel139887862236928 self_thread_id = 139887862236928, last time delay.time = 8, now count = 338, i = 4
2023-01-11 17:54:12.708  75 79 E channel139887853844224 self_thread_id = 139887853844224, last time delay.time = 10, now count = 339, i = 4
2023-01-11 17:54:12.708  75 79 I channel139887853844224 self_thread_id = 139887853844224, last time delay.time = 10, now count = 346
2023-01-11 17:54:12.708  75 78 E channel139887862236928 self_thread_id = 139887862236928, last time delay.time = 8, now count = 338, i = 4
2023-01-11 17:54:12.708  75 80 I channel139887845451520 self_thread_id = 139887845451520, last time delay.time = 9, now count = 341, i = 4
2023-01-11 17:54:12.708  75 78 I channel139887862236928 self_thread_id = 139887862236928, last time delay.time = 8, now count = 347
2023-01-11 17:54:12.708  75 80 I channel139887845451520 self_thread_id = 139887845451520, last time delay.time = 9, now count = 341, i = 4
2023-01-11 17:54:12.708  75 83 I channel139887613306624 self_thread_id = 139887613306624, last time delay.time = 9, now count = 340, i = 4
2023-01-11 17:54:12.708  75 80 W channel139887845451520 self_thread_id = 139887845451520, last time delay.time = 9, now count = 341, i = 4
2023-01-11 17:54:12.708  75 80 E channel139887845451520 self_thread_id = 139887845451520, last time delay.time = 9, now count = 341, i = 4
2023-01-11 17:54:12.708  75 83 I channel139887613306624 self_thread_id = 139887613306624, last time delay.time = 9, now count = 340, i = 4
2023-01-11 17:54:12.708  75 80 I channel139887845451520 self_thread_id = 139887845451520, last time delay.time = 9, now count = 348
2023-01-11 17:54:12.709  75 83 W channel139887613306624 self_thread_id = 139887613306624, last time delay.time = 9, now count = 340, i = 4
2023-01-11 17:54:12.709  75 83 E channel139887613306624 self_thread_id = 139887613306624, last time delay.time = 9, now count = 340, i = 4
2023-01-11 17:54:12.709  75 83 I channel139887613306624 self_thread_id = 139887613306624, last time delay.time = 9, now count = 349
2023-01-11 17:54:12.709  75 84 I channel139887604913920 self_thread_id = 139887604913920, last time delay.time = 8, now count = 342, i = 4
2023-01-11 17:54:12.709  75 84 I channel139887604913920 self_thread_id = 139887604913920, last time delay.time = 8, now count = 342, i = 4
2023-01-11 17:54:12.709  75 84 W channel139887604913920 self_thread_id = 139887604913920, last time delay.time = 8, now count = 342, i = 4
2023-01-11 17:54:12.709  75 84 E channel139887604913920 self_thread_id = 139887604913920, last time delay.time = 8, now count = 342, i = 4
2023-01-11 17:54:12.709  75 84 I channel139887604913920 self_thread_id = 139887604913920, last time delay.time = 8, now count = 350
2023-01-11 17:54:12.709  75 77 I channel139887870629632 self_thread_id = 139887870629632, last time delay.time = 8, now count = 343, i = 4
2023-01-11 17:54:12.709  75 77 I channel139887870629632 self_thread_id = 139887870629632, last time delay.time = 8, now count = 343, i = 4
2023-01-11 17:54:12.709  75 77 W channel139887870629632 self_thread_id = 139887870629632, last time delay.time = 8, now count = 343, i = 4
2023-01-11 17:54:12.709  75 77 E channel139887870629632 self_thread_id = 139887870629632, last time delay.time = 8, now count = 343, i = 4
2023-01-11 17:54:12.709  75 77 I channel139887870629632 self_thread_id = 139887870629632, last time delay.time = 8, now count = 351
2023-01-11 17:54:12.710  75 81 I channel139887837058816 self_thread_id = 139887837058816, last time delay.time = 8, now count = 344, i = 4
2023-01-11 17:54:12.710  75 81 I channel139887837058816 self_thread_id = 139887837058816, last time delay.time = 8, now count = 344, i = 4
2023-01-11 17:54:12.710  75 81 W channel139887837058816 self_thread_id = 139887837058816, last time delay.time = 8, now count = 344, i = 4
2023-01-11 17:54:12.710  75 81 E channel139887837058816 self_thread_id = 139887837058816, last time delay.time = 8, now count = 344, i = 4
2023-01-11 17:54:12.710  75 81 I channel139887837058816 self_thread_id = 139887837058816, last time delay.time = 8, now count = 352
2023-01-11 17:54:13.708  75 82 I channel139887621699328 self_thread_id = 139887621699328, last time delay.time = 8, now count = 345, i = 0
2023-01-11 17:54:13.708  75 82 I channel139887621699328 self_thread_id = 139887621699328, last time delay.time = 8, now count = 345, i = 0
2023-01-11 17:54:13.708  75 82 W channel139887621699328 self_thread_id = 139887621699328, last time delay.time = 8, now count = 345, i = 0
2023-01-11 17:54:13.708  75 82 E channel139887621699328 self_thread_id = 139887621699328, last time delay.time = 8, now count = 345, i = 0
2023-01-11 17:54:13.709  75 79 I channel139887853844224 self_thread_id = 139887853844224, last time delay.time = 10, now count = 346, i = 0
2023-01-11 17:54:13.709  75 79 I channel139887853844224 self_thread_id = 139887853844224, last time delay.time = 10, now count = 346, i = 0
2023-01-11 17:54:13.709  75 78 I channel139887862236928 self_thread_id = 139887862236928, last time delay.time = 27, now count = 347, i = 0
2023-01-11 17:54:13.709  75 79 W channel139887853844224 self_thread_id = 139887853844224, last time delay.time = 10, now count = 346, i = 0
2023-01-11 17:54:13.709  75 78 I channel139887862236928 self_thread_id = 139887862236928, last time delay.time = 27, now count = 347, i = 0
2023-01-11 17:54:13.709  75 79 E channel139887853844224 self_thread_id = 139887853844224, last time delay.time = 10, now count = 346, i = 0
2023-01-11 17:54:13.709  75 78 W channel139887862236928 self_thread_id = 139887862236928, last time delay.time = 27, now count = 347, i = 0
2023-01-11 17:54:13.709  75 78 E channel139887862236928 self_thread_id = 139887862236928, last time delay.time = 27, now count = 347, i = 0
2023-01-11 17:54:13.709  75 83 I channel139887613306624 self_thread_id = 139887613306624, last time delay.time = 8, now count = 349, i = 0
2023-01-11 17:54:13.709  75 83 I channel139887613306624 self_thread_id = 139887613306624, last time delay.time = 8, now count = 349, i = 0
2023-01-11 17:54:13.709  75 83 W channel139887613306624 self_thread_id = 139887613306624, last time delay.time = 8, now count = 349, i = 0
2023-01-11 17:54:13.709  75 80 I channel139887845451520 self_thread_id = 139887845451520, last time delay.time = 10, now count = 348, i = 0
2023-01-11 17:54:13.709  75 83 E channel139887613306624 self_thread_id = 139887613306624, last time delay.time = 8, now count = 349, i = 0
2023-01-11 17:54:13.709  75 80 I channel139887845451520 self_thread_id = 139887845451520, last time delay.time = 10, now count = 348, i = 0
2023-01-11 17:54:13.709  75 80 W channel139887845451520 self_thread_id = 139887845451520, last time delay.time = 10, now count = 348, i = 0
2023-01-11 17:54:13.709  75 80 E channel139887845451520 self_thread_id = 139887845451520, last time delay.time = 10, now count = 348, i = 0
2023-01-11 17:54:13.709  75 84 I channel139887604913920 self_thread_id = 139887604913920, last time delay.time = 8, now count = 350, i = 0
2023-01-11 17:54:13.709  75 84 I channel139887604913920 self_thread_id = 139887604913920, last time delay.time = 8, now count = 350, i = 0
2023-01-11 17:54:13.709  75 84 W channel139887604913920 self_thread_id = 139887604913920, last time delay.time = 8, now count = 350, i = 0
2023-01-11 17:54:13.709  75 84 E channel139887604913920 self_thread_id = 139887604913920, last time delay.time = 8, now count = 350, i = 0
2023-01-11 17:54:13.709  75 77 I channel139887870629632 self_thread_id = 139887870629632, last time delay.time = 8, now count = 351, i = 0
2023-01-11 17:54:13.709  75 77 I channel139887870629632 self_thread_id = 139887870629632, last time delay.time = 8, now count = 351, i = 0
2023-01-11 17:54:13.709  75 77 W channel139887870629632 self_thread_id = 139887870629632, last time delay.time = 8, now count = 351, i = 0
2023-01-11 17:54:13.709  75 77 E channel139887870629632 self_thread_id = 139887870629632, last time delay.time = 8, now count = 351, i = 0
2023-01-11 17:54:13.710  75 81 I channel139887837058816 self_thread_id = 139887837058816, last time delay.time = 8, now count = 352, i = 0
2023-01-11 17:54:13.710  75 81 I channel139887837058816 self_thread_id = 139887837058816, last time delay.time = 8, now count = 352, i = 0
2023-01-11 17:54:13.710  75 81 W channel139887837058816 self_thread_id = 139887837058816, last time delay.time = 8, now count = 352, i = 0
2023-01-11 17:54:13.710  75 81 E channel139887837058816 self_thread_id = 139887837058816, last time delay.time = 8, now count = 352, i = 0
2023-01-11 17:54:14.708  75 82 I channel139887621699328 self_thread_id = 139887621699328, last time delay.time = 8, now count = 345, i = 1
2023-01-11 17:54:14.708  75 82 I channel139887621699328 self_thread_id = 139887621699328, last time delay.time = 8, now count = 345, i = 1
2023-01-11 17:54:14.708  75 82 W channel139887621699328 self_thread_id = 139887621699328, last time delay.time = 8, now count = 345, i = 1
2023-01-11 17:54:14.708  75 82 E channel139887621699328 self_thread_id = 139887621699328, last time delay.time = 8, now count = 345, i = 1
2023-01-11 17:54:14.709  75 79 I channel139887853844224 self_thread_id = 139887853844224, last time delay.time = 10, now count = 346, i = 1
2023-01-11 17:54:14.709  75 78 I channel139887862236928 self_thread_id = 139887862236928, last time delay.time = 27, now count = 347, i = 1
2023-01-11 17:54:14.709  75 79 I channel139887853844224 self_thread_id = 139887853844224, last time delay.time = 10, now count = 346, i = 1
2023-01-11 17:54:14.709  75 78 I channel139887862236928 self_thread_id = 139887862236928, last time delay.time = 27, now count = 347, i = 1
2023-01-11 17:54:14.709  75 79 W channel139887853844224 self_thread_id = 139887853844224, last time delay.time = 10, now count = 346, i = 1
2023-01-11 17:54:14.709  75 78 W channel139887862236928 self_thread_id = 139887862236928, last time delay.time = 27, now count = 347, i = 1
2023-01-11 17:54:14.709  75 79 E channel139887853844224 self_thread_id = 139887853844224, last time delay.time = 10, now count = 346, i = 1
2023-01-11 17:54:14.709  75 78 E channel139887862236928 self_thread_id = 139887862236928, last time delay.time = 27, now count = 347, i = 1
2023-01-11 17:54:14.709  75 83 I channel139887613306624 self_thread_id = 139887613306624, last time delay.time = 8, now count = 349, i = 1
2023-01-11 17:54:14.709  75 83 I channel139887613306624 self_thread_id = 139887613306624, last time delay.time = 8, now count = 349, i = 1
2023-01-11 17:54:14.709  75 83 W channel139887613306624 self_thread_id = 139887613306624, last time delay.time = 8, now count = 349, i = 1
2023-01-11 17:54:14.709  75 83 E channel139887613306624 self_thread_id = 139887613306624, last time delay.time = 8, now count = 349, i = 1
2023-01-11 17:54:14.709  75 80 I channel139887845451520 self_thread_id = 139887845451520, last time delay.time = 10, now count = 348, i = 1
2023-01-11 17:54:14.709  75 80 I channel139887845451520 self_thread_id = 139887845451520, last time delay.time = 10, now count = 348, i = 1
2023-01-11 17:54:14.709  75 80 W channel139887845451520 self_thread_id = 139887845451520, last time delay.time = 10, now count = 348, i = 1
2023-01-11 17:54:14.709  75 80 E channel139887845451520 self_thread_id = 139887845451520, last time delay.time = 10, now count = 348, i = 1
2023-01-11 17:54:14.709  75 84 I channel139887604913920 self_thread_id = 139887604913920, last time delay.time = 8, now count = 350, i = 1
2023-01-11 17:54:14.709  75 84 I channel139887604913920 self_thread_id = 139887604913920, last time delay.time = 8, now count = 350, i = 1
2023-01-11 17:54:14.709  75 84 W channel139887604913920 self_thread_id = 139887604913920, last time delay.time = 8, now count = 350, i = 1
2023-01-11 17:54:14.709  75 84 E channel139887604913920 self_thread_id = 139887604913920, last time delay.time = 8, now count = 350, i = 1
2023-01-11 17:54:14.709  75 77 I channel139887870629632 self_thread_id = 139887870629632, last time delay.time = 8, now count = 351, i = 1
2023-01-11 17:54:14.709  75 77 I channel139887870629632 self_thread_id = 139887870629632, last time delay.time = 8, now count = 351, i = 1
2023-01-11 17:54:14.709  75 77 W channel139887870629632 self_thread_id = 139887870629632, last time delay.time = 8, now count = 351, i = 1
2023-01-11 17:54:14.709  75 77 E channel139887870629632 self_thread_id = 139887870629632, last time delay.time = 8, now count = 351, i = 1
2023-01-11 17:54:14.710  75 81 I channel139887837058816 self_thread_id = 139887837058816, last time delay.time = 8, now count = 352, i = 1
2023-01-11 17:54:14.710  75 81 I channel139887837058816 self_thread_id = 139887837058816, last time delay.time = 8, now count = 352, i = 1
2023-01-11 17:54:14.710  75 81 W channel139887837058816 self_thread_id = 139887837058816, last time delay.time = 8, now count = 352, i = 1
2023-01-11 17:54:14.710  75 81 E channel139887837058816 self_thread_id = 139887837058816, last time delay.time = 8, now count = 352, i = 1
2023-01-11 17:54:15.708  75 82 I channel139887621699328 self_thread_id = 139887621699328, last time delay.time = 8, now count = 345, i = 2
2023-01-11 17:54:15.708  75 82 I channel139887621699328 self_thread_id = 139887621699328, last time delay.time = 8, now count = 345, i = 2
2023-01-11 17:54:15.708  75 82 W channel139887621699328 self_thread_id = 139887621699328, last time delay.time = 8, now count = 345, i = 2
2023-01-11 17:54:15.708  75 82 E channel139887621699328 self_thread_id = 139887621699328, last time delay.time = 8, now count = 345, i = 2
2023-01-11 17:54:15.709  75 79 I channel139887853844224 self_thread_id = 139887853844224, last time delay.time = 10, now count = 346, i = 2
2023-01-11 17:54:15.709  75 79 I channel139887853844224 self_thread_id = 139887853844224, last time delay.time = 10, now count = 346, i = 2
2023-01-11 17:54:15.709  75 79 W channel139887853844224 self_thread_id = 139887853844224, last time delay.time = 10, now count = 346, i = 2
2023-01-11 17:54:15.709  75 78 I channel139887862236928 self_thread_id = 139887862236928, last time delay.time = 27, now count = 347, i = 2
2023-01-11 17:54:15.709  75 79 E channel139887853844224 self_thread_id = 139887853844224, last time delay.time = 10, now count = 346, i = 2
2023-01-11 17:54:15.709  75 78 I channel139887862236928 self_thread_id = 139887862236928, last time delay.time = 27, now count = 347, i = 2
2023-01-11 17:54:15.709  75 78 W channel139887862236928 self_thread_id = 139887862236928, last time delay.time = 27, now count = 347, i = 2
2023-01-11 17:54:15.709  75 78 E channel139887862236928 self_thread_id = 139887862236928, last time delay.time = 27, now count = 347, i = 2
2023-01-11 17:54:15.709  75 83 I channel139887613306624 self_thread_id = 139887613306624, last time delay.time = 8, now count = 349, i = 2
2023-01-11 17:54:15.709  75 83 I channel139887613306624 self_thread_id = 139887613306624, last time delay.time = 8, now count = 349, i = 2
2023-01-11 17:54:15.709  75 83 W channel139887613306624 self_thread_id = 139887613306624, last time delay.time = 8, now count = 349, i = 2
2023-01-11 17:54:15.709  75 83 E channel139887613306624 self_thread_id = 139887613306624, last time delay.time = 8, now count = 349, i = 2
2023-01-11 17:54:15.709  75 80 I channel139887845451520 self_thread_id = 139887845451520, last time delay.time = 10, now count = 348, i = 2
2023-01-11 17:54:15.709  75 80 I channel139887845451520 self_thread_id = 139887845451520, last time delay.time = 10, now count = 348, i = 2
2023-01-11 17:54:15.709  75 80 W channel139887845451520 self_thread_id = 139887845451520, last time delay.time = 10, now count = 348, i = 2
2023-01-11 17:54:15.709  75 80 E channel139887845451520 self_thread_id = 139887845451520, last time delay.time = 10, now count = 348, i = 2
2023-01-11 17:54:15.709  75 84 I channel139887604913920 self_thread_id = 139887604913920, last time delay.time = 8, now count = 350, i = 2
2023-01-11 17:54:15.709  75 84 I channel139887604913920 self_thread_id = 139887604913920, last time delay.time = 8, now count = 350, i = 2
2023-01-11 17:54:15.709  75 84 W channel139887604913920 self_thread_id = 139887604913920, last time delay.time = 8, now count = 350, i = 2
2023-01-11 17:54:15.709  75 84 E channel139887604913920 self_thread_id = 139887604913920, last time delay.time = 8, now count = 350, i = 2
2023-01-11 17:54:15.710  75 77 I channel139887870629632 self_thread_id = 139887870629632, last time delay.time = 8, now count = 351, i = 2
2023-01-11 17:54:15.710  75 77 I channel139887870629632 self_thread_id = 139887870629632, last time delay.time = 8, now count = 351, i = 2
2023-01-11 17:54:15.710  75 77 W channel139887870629632 self_thread_id = 139887870629632, last time delay.time = 8, now count = 351, i = 2
2023-01-11 17:54:15.710  75 77 E channel139887870629632 self_thread_id = 139887870629632, last time delay.time = 8, now count = 351, i = 2
2023-01-11 17:54:15.710  75 81 I channel139887837058816 self_thread_id = 139887837058816, last time delay.time = 8, now count = 352, i = 2
2023-01-11 17:54:15.710  75 81 I channel139887837058816 self_thread_id = 139887837058816, last time delay.time = 8, now count = 352, i = 2
2023-01-11 17:54:15.710  75 81 W channel139887837058816 self_thread_id = 139887837058816, last time delay.time = 8, now count = 352, i = 2
2023-01-11 17:54:15.710  75 81 E channel139887837058816 self_thread_id = 139887837058816, last time delay.time = 8, now count = 352, i = 2
2023-01-11 17:54:16.510  75 75 I APP.tag TestComponent::Proc
2023-01-11 17:54:16.510  75 75 I APP.tag ****************test INFO begin****************
2023-01-11 17:54:16.510  75 75 I APP.tag 测试 index = 773组
2023-01-11 17:54:16.510  75 75 E APP.tag 循环计数 i = 1次
2023-01-11 17:54:16.510  75 75 I APP.tag test LOG_Trace()
2023-01-11 17:54:16.511  75 75 I vscode 循环计数 i = 1次,test LOG_Channel_Trace()
2023-01-11 17:54:16.511  75 75 E APP.tag 循环计数 i = 2次
2023-01-11 17:54:16.511  75 75 E APP.tag 循环计数 i = 3次
2023-01-11 17:54:16.511  75 75 I APP.tag test LOG_Info()
2023-01-11 17:54:16.511  75 75 I baidu 循环计数 i = 3次,test LOG_Channel_Info()
2023-01-11 17:54:16.511  75 75 E APP.tag 循环计数 i = 4次
2023-01-11 17:54:16.511  75 75 W APP.tag test LOG_Warn()
2023-01-11 17:54:16.511  75 75 W google 循环计数 i = 4次,test LOG_Channel_Warn()
2023-01-11 17:54:16.511  75 75 E APP.tag 循环计数 i = 5次
2023-01-11 17:54:16.511  75 75 E APP.tag test LOG_Error()
2023-01-11 17:54:16.511  75 75 E visio 循环计数 i = 5次,test LOG_Channel_Error()
2023-01-11 17:54:16.511  75 75 I APP.tag print coredump DataLen:2 Data[01 00]
2023-01-11 17:54:16.511  75 75 W coredump 0x0000000a 0a 00 00 00 0b 00 00 00 0c 00 00 00 0d 00 00 00 0e 00 00 00
2023-01-11 17:54:16.511  75 75 I APP.tag ****************test INFO end****************
2023-01-11 17:54:16.709  75 82 I channel139887621699328 self_thread_id = 139887621699328, last time delay.time = 8, now count = 345, i = 3
2023-01-11 17:54:16.709  75 82 I channel139887621699328 self_thread_id = 139887621699328, last time delay.time = 8, now count = 345, i = 3
2023-01-11 17:54:16.709  75 82 W channel139887621699328 self_thread_id = 139887621699328, last time delay.time = 8, now count = 345, i = 3
2023-01-11 17:54:16.709  75 82 E channel139887621699328 self_thread_id = 139887621699328, last time delay.time = 8, now count = 345, i = 3
2023-01-11 17:54:16.709  75 79 I channel139887853844224 self_thread_id = 139887853844224, last time delay.time = 10, now count = 346, i = 3
2023-01-11 17:54:16.709  75 79 I channel139887853844224 self_thread_id = 139887853844224, last time delay.time = 10, now count = 346, i = 3
2023-01-11 17:54:16.709  75 78 I channel139887862236928 self_thread_id = 139887862236928, last time delay.time = 27, now count = 347, i = 3
2023-01-11 17:54:16.709  75 79 W channel139887853844224 self_thread_id = 139887853844224, last time delay.time = 10, now count = 346, i = 3
2023-01-11 17:54:16.709  75 79 E channel139887853844224 self_thread_id = 139887853844224, last time delay.time = 10, now count = 346, i = 3
2023-01-11 17:54:16.709  75 78 I channel139887862236928 self_thread_id = 139887862236928, last time delay.time = 27, now count = 347, i = 3
2023-01-11 17:54:16.709  75 78 W channel139887862236928 self_thread_id = 139887862236928, last time delay.time = 27, now count = 347, i = 3
2023-01-11 17:54:16.709  75 78 E channel139887862236928 self_thread_id = 139887862236928, last time delay.time = 27, now count = 347, i = 3
2023-01-11 17:54:16.709  75 83 I channel139887613306624 self_thread_id = 139887613306624, last time delay.time = 8, now count = 349, i = 3
2023-01-11 17:54:16.709  75 83 I channel139887613306624 self_thread_id = 139887613306624, last time delay.time = 8, now count = 349, i = 3
2023-01-11 17:54:16.709  75 83 W channel139887613306624 self_thread_id = 139887613306624, last time delay.time = 8, now count = 349, i = 3
2023-01-11 17:54:16.709  75 83 E channel139887613306624 self_thread_id = 139887613306624, last time delay.time = 8, now count = 349, i = 3
2023-01-11 17:54:16.709  75 80 I channel139887845451520 self_thread_id = 139887845451520, last time delay.time = 10, now count = 348, i = 3
2023-01-11 17:54:16.709  75 80 I channel139887845451520 self_thread_id = 139887845451520, last time delay.time = 10, now count = 348, i = 3
2023-01-11 17:54:16.709  75 80 W channel139887845451520 self_thread_id = 139887845451520, last time delay.time = 10, now count = 348, i = 3
2023-01-11 17:54:16.709  75 80 E channel139887845451520 self_thread_id = 139887845451520, last time delay.time = 10, now count = 348, i = 3
2023-01-11 17:54:16.709  75 84 I channel139887604913920 self_thread_id = 139887604913920, last time delay.time = 8, now count = 350, i = 3
2023-01-11 17:54:16.709  75 84 I channel139887604913920 self_thread_id = 139887604913920, last time delay.time = 8, now count = 350, i = 3
2023-01-11 17:54:16.709  75 84 W channel139887604913920 self_thread_id = 139887604913920, last time delay.time = 8, now count = 350, i = 3
2023-01-11 17:54:16.709  75 84 E channel139887604913920 self_thread_id = 139887604913920, last time delay.time = 8, now count = 350, i = 3
2023-01-11 17:54:16.710  75 77 I channel139887870629632 self_thread_id = 139887870629632, last time delay.time = 8, now count = 351, i = 3
2023-01-11 17:54:16.710  75 77 I channel139887870629632 self_thread_id = 139887870629632, last time delay.time = 8, now count = 351, i = 3
2023-01-11 17:54:16.710  75 77 W channel139887870629632 self_thread_id = 139887870629632, last time delay.time = 8, now count = 351, i = 3
2023-01-11 17:54:16.710  75 77 E channel139887870629632 self_thread_id = 139887870629632, last time delay.time = 8, now count = 351, i = 3
2023-01-11 17:54:16.710  75 81 I channel139887837058816 self_thread_id = 139887837058816, last time delay.time = 8, now count = 352, i = 3
2023-01-11 17:54:16.710  75 81 I channel139887837058816 self_thread_id = 139887837058816, last time delay.time = 8, now count = 352, i = 3
2023-01-11 17:54:16.710  75 81 W channel139887837058816 self_thread_id = 139887837058816, last time delay.time = 8, now count = 352, i = 3
2023-01-11 17:54:16.710  75 81 E channel139887837058816 self_thread_id = 139887837058816, last time delay.time = 8, now count = 352, i = 3
2023-01-11 17:54:17.709  75 82 I channel139887621699328 self_thread_id = 139887621699328, last time delay.time = 8, now count = 345, i = 4
2023-01-11 17:54:17.709  75 82 I channel139887621699328 self_thread_id = 139887621699328, last time delay.time = 8, now count = 345, i = 4
2023-01-11 17:54:17.709  75 82 W channel139887621699328 self_thread_id = 139887621699328, last time delay.time = 8, now count = 345, i = 4
2023-01-11 17:54:17.709  75 82 E channel139887621699328 self_thread_id = 139887621699328, last time delay.time = 8, now count = 345, i = 4
2023-01-11 17:54:17.709  75 82 I channel139887621699328 self_thread_id = 139887621699328, last time delay.time = 8, now count = 353
2023-01-11 17:54:17.709  75 78 I channel139887862236928 self_thread_id = 139887862236928, last time delay.time = 27, now count = 347, i = 4
2023-01-11 17:54:17.709  75 79 I channel139887853844224 self_thread_id = 139887853844224, last time delay.time = 10, now count = 346, i = 4
2023-01-11 17:54:17.709  75 78 I channel139887862236928 self_thread_id = 139887862236928, last time delay.time = 27, now count = 347, i = 4
2023-01-11 17:54:17.709  75 79 I channel139887853844224 self_thread_id = 139887853844224, last time delay.time = 10, now count = 346, i = 4
2023-01-11 17:54:17.709  75 78 W channel139887862236928 self_thread_id = 139887862236928, last time delay.time = 27, now count = 347, i = 4
2023-01-11 17:54:17.709  75 79 W channel139887853844224 self_thread_id = 139887853844224, last time delay.time = 10, now count = 346, i = 4
2023-01-11 17:54:17.709  75 79 E channel139887853844224 self_thread_id = 139887853844224, last time delay.time = 10, now count = 346, i = 4
2023-01-11 17:54:17.709  75 78 E channel139887862236928 self_thread_id = 139887862236928, last time delay.time = 27, now count = 347, i = 4
2023-01-11 17:54:17.709  75 79 I channel139887853844224 self_thread_id = 139887853844224, last time delay.time = 10, now count = 355
2023-01-11 17:54:17.709  75 78 I channel139887862236928 self_thread_id = 139887862236928, last time delay.time = 27, now count = 354
2023-01-11 17:54:17.709  75 83 I channel139887613306624 self_thread_id = 139887613306624, last time delay.time = 8, now count = 349, i = 4
2023-01-11 17:54:17.709  75 83 I channel139887613306624 self_thread_id = 139887613306624, last time delay.time = 8, now count = 349, i = 4
2023-01-11 17:54:17.709  75 83 W channel139887613306624 self_thread_id = 139887613306624, last time delay.time = 8, now count = 349, i = 4
2023-01-11 17:54:17.709  75 83 E channel139887613306624 self_thread_id = 139887613306624, last time delay.time = 8, now count = 349, i = 4
2023-01-11 17:54:17.709  75 83 I channel139887613306624 self_thread_id = 139887613306624, last time delay.time = 8, now count = 356
2023-01-11 17:54:17.709  75 80 I channel139887845451520 self_thread_id = 139887845451520, last time delay.time = 10, now count = 348, i = 4
2023-01-11 17:54:17.709  75 80 I channel139887845451520 self_thread_id = 139887845451520, last time delay.time = 10, now count = 348, i = 4
2023-01-11 17:54:17.710  75 80 W channel139887845451520 self_thread_id = 139887845451520, last time delay.time = 10, now count = 348, i = 4
2023-01-11 17:54:17.710  75 80 E channel139887845451520 self_thread_id = 139887845451520, last time delay.time = 10, now count = 348, i = 4
2023-01-11 17:54:17.710  75 80 I channel139887845451520 self_thread_id = 139887845451520, last time delay.time = 10, now count = 357
2023-01-11 17:54:17.710  75 84 I channel139887604913920 self_thread_id = 139887604913920, last time delay.time = 8, now count = 350, i = 4
2023-01-11 17:54:17.710  75 84 I channel139887604913920 self_thread_id = 139887604913920, last time delay.time = 8, now count = 350, i = 4
2023-01-11 17:54:17.710  75 84 W channel139887604913920 self_thread_id = 139887604913920, last time delay.time = 8, now count = 350, i = 4
2023-01-11 17:54:17.710  75 84 E channel139887604913920 self_thread_id = 139887604913920, last time delay.time = 8, now count = 350, i = 4
2023-01-11 17:54:17.710  75 84 I channel139887604913920 self_thread_id = 139887604913920, last time delay.time = 8, now count = 358
2023-01-11 17:54:17.710  75 77 I channel139887870629632 self_thread_id = 139887870629632, last time delay.time = 8, now count = 351, i = 4
2023-01-11 17:54:17.710  75 77 I channel139887870629632 self_thread_id = 139887870629632, last time delay.time = 8, now count = 351, i = 4
2023-01-11 17:54:17.710  75 77 W channel139887870629632 self_thread_id = 139887870629632, last time delay.time = 8, now count = 351, i = 4
2023-01-11 17:54:17.710  75 77 E channel139887870629632 self_thread_id = 139887870629632, last time delay.time = 8, now count = 351, i = 4
2023-01-11 17:54:17.710  75 77 I channel139887870629632 self_thread_id = 139887870629632, last time delay.time = 8, now count = 359
2023-01-11 17:54:17.710  75 81 I channel139887837058816 self_thread_id = 139887837058816, last time delay.time = 8, now count = 352, i = 4
2023-01-11 17:54:17.710  75 81 I channel139887837058816 self_thread_id = 139887837058816, last time delay.time = 8, now count = 352, i = 4
2023-01-11 17:54:17.710  75 81 W channel139887837058816 self_thread_id = 139887837058816, last time delay.time = 8, now count = 352, i = 4
2023-01-11 17:54:17.710  75 81 E channel139887837058816 self_thread_id = 139887837058816, last time delay.time = 8, now count = 352, i = 4
2023-01-11 17:54:17.710  75 81 I channel139887837058816 self_thread_id = 139887837058816, last time delay.time = 8, now count = 360
2023-01-11 17:54:18.709  75 82 I channel139887621699328 self_thread_id = 139887621699328, last time delay.time = 8, now count = 353, i = 0
2023-01-11 17:54:18.709  75 82 I channel139887621699328 self_thread_id = 139887621699328, last time delay.time = 8, now count = 353, i = 0
2023-01-11 17:54:18.709  75 82 W channel139887621699328 self_thread_id = 139887621699328, last time delay.time = 8, now count = 353, i = 0
2023-01-11 17:54:18.709  75 82 E channel139887621699328 self_thread_id = 139887621699328, last time delay.time = 8, now count = 353, i = 0
2023-01-11 17:54:18.709  75 78 I channel139887862236928 self_thread_id = 139887862236928, last time delay.time = 11, now count = 354, i = 0
2023-01-11 17:54:18.710  75 78 I channel139887862236928 self_thread_id = 139887862236928, last time delay.time = 11, now count = 354, i = 0
2023-01-11 17:54:18.709  75 79 I channel139887853844224 self_thread_id = 139887853844224, last time delay.time = 13, now count = 355, i = 0
2023-01-11 17:54:18.710  75 78 W channel139887862236928 self_thread_id = 139887862236928, last time delay.time = 11, now count = 354, i = 0
2023-01-11 17:54:18.710  75 79 I channel139887853844224 self_thread_id = 139887853844224, last time delay.time = 13, now count = 355, i = 0
2023-01-11 17:54:18.710  75 78 E channel139887862236928 self_thread_id = 139887862236928, last time delay.time = 11, now count = 354, i = 0
2023-01-11 17:54:18.710  75 79 W channel139887853844224 self_thread_id = 139887853844224, last time delay.time = 13, now count = 355, i = 0
2023-01-11 17:54:18.710  75 79 E channel139887853844224 self_thread_id = 139887853844224, last time delay.time = 13, now count = 355, i = 0
2023-01-11 17:54:18.710  75 83 I channel139887613306624 self_thread_id = 139887613306624, last time delay.time = 9, now count = 356, i = 0
2023-01-11 17:54:18.710  75 83 I channel139887613306624 self_thread_id = 139887613306624, last time delay.time = 9, now count = 356, i = 0
2023-01-11 17:54:18.710  75 83 W channel139887613306624 self_thread_id = 139887613306624, last time delay.time = 9, now count = 356, i = 0
2023-01-11 17:54:18.710  75 83 E channel139887613306624 self_thread_id = 139887613306624, last time delay.time = 9, now count = 356, i = 0
2023-01-11 17:54:18.710  75 80 I channel139887845451520 self_thread_id = 139887845451520, last time delay.time = 9, now count = 357, i = 0
2023-01-11 17:54:18.710  75 80 I channel139887845451520 self_thread_id = 139887845451520, last time delay.time = 9, now count = 357, i = 0
2023-01-11 17:54:18.710  75 80 W channel139887845451520 self_thread_id = 139887845451520, last time delay.time = 9, now count = 357, i = 0
2023-01-11 17:54:18.710  75 80 E channel139887845451520 self_thread_id = 139887845451520, last time delay.time = 9, now count = 357, i = 0
2023-01-11 17:54:18.710  75 84 I channel139887604913920 self_thread_id = 139887604913920, last time delay.time = 8, now count = 358, i = 0
2023-01-11 17:54:18.710  75 84 I channel139887604913920 self_thread_id = 139887604913920, last time delay.time = 8, now count = 358, i = 0
2023-01-11 17:54:18.710  75 84 W channel139887604913920 self_thread_id = 139887604913920, last time delay.time = 8, now count = 358, i = 0
2023-01-11 17:54:18.710  75 84 E channel139887604913920 self_thread_id = 139887604913920, last time delay.time = 8, now count = 358, i = 0
2023-01-11 17:54:18.710  75 77 I channel139887870629632 self_thread_id = 139887870629632, last time delay.time = 8, now count = 359, i = 0
2023-01-11 17:54:18.710  75 77 I channel139887870629632 self_thread_id = 139887870629632, last time delay.time = 8, now count = 359, i = 0
2023-01-11 17:54:18.710  75 77 W channel139887870629632 self_thread_id = 139887870629632, last time delay.time = 8, now count = 359, i = 0
2023-01-11 17:54:18.710  75 77 E channel139887870629632 self_thread_id = 139887870629632, last time delay.time = 8, now count = 359, i = 0
2023-01-11 17:54:18.710  75 81 I channel139887837058816 self_thread_id = 139887837058816, last time delay.time = 7, now count = 360, i = 0
2023-01-11 17:54:18.710  75 81 I channel139887837058816 self_thread_id = 139887837058816, last time delay.time = 7, now count = 360, i = 0
2023-01-11 17:54:18.710  75 81 W channel139887837058816 self_thread_id = 139887837058816, last time delay.time = 7, now count = 360, i = 0
2023-01-11 17:54:18.710  75 81 E channel139887837058816 self_thread_id = 139887837058816, last time delay.time = 7, now count = 360, i = 0
2023-01-11 17:54:19.709  75 82 I channel139887621699328 self_thread_id = 139887621699328, last time delay.time = 8, now count = 353, i = 1
2023-01-11 17:54:19.709  75 82 I channel139887621699328 self_thread_id = 139887621699328, last time delay.time = 8, now count = 353, i = 1
2023-01-11 17:54:19.709  75 82 W channel139887621699328 self_thread_id = 139887621699328, last time delay.time = 8, now count = 353, i = 1
2023-01-11 17:54:19.709  75 82 E channel139887621699328 self_thread_id = 139887621699328, last time delay.time = 8, now count = 353, i = 1
2023-01-11 17:54:19.710  75 78 I channel139887862236928 self_thread_id = 139887862236928, last time delay.time = 11, now count = 354, i = 1
2023-01-11 17:54:19.710  75 79 I channel139887853844224 self_thread_id = 139887853844224, last time delay.time = 13, now count = 355, i = 1
2023-01-11 17:54:19.710  75 78 I channel139887862236928 self_thread_id = 139887862236928, last time delay.time = 11, now count = 354, i = 1
2023-01-11 17:54:19.710  75 79 I channel139887853844224 self_thread_id = 139887853844224, last time delay.time = 13, now count = 355, i = 1
2023-01-11 17:54:19.710  75 78 W channel139887862236928 self_thread_id = 139887862236928, last time delay.time = 11, now count = 354, i = 1
2023-01-11 17:54:19.710  75 79 W channel139887853844224 self_thread_id = 139887853844224, last time delay.time = 13, now count = 355, i = 1
2023-01-11 17:54:19.710  75 83 I channel139887613306624 self_thread_id = 139887613306624, last time delay.time = 9, now count = 356, i = 1
2023-01-11 17:54:19.710  75 79 E channel139887853844224 self_thread_id = 139887853844224, last time delay.time = 13, now count = 355, i = 1
2023-01-11 17:54:19.710  75 78 E channel139887862236928 self_thread_id = 139887862236928, last time delay.time = 11, now count = 354, i = 1
2023-01-11 17:54:19.710  75 83 I channel139887613306624 self_thread_id = 139887613306624, last time delay.time = 9, now count = 356, i = 1
2023-01-11 17:54:19.710  75 83 W channel139887613306624 self_thread_id = 139887613306624, last time delay.time = 9, now count = 356, i = 1
2023-01-11 17:54:19.710  75 83 E channel139887613306624 self_thread_id = 139887613306624, last time delay.time = 9, now count = 356, i = 1
