2023-01-11 18:04:42.832  75 81 I channel139887837058816 self_thread_id = 139887837058816, last time delay.time = 4, now count = 351, i = 4
2023-01-11 18:04:42.832  75 81 I channel139887837058816 self_thread_id = 139887837058816, last time delay.time = 4, now count = 351, i = 4
2023-01-11 18:04:42.832  75 84 I channel139887604913920 self_thread_id = 139887604913920, last time delay.time = 8, now count = 352, i = 4
2023-01-11 18:04:42.832  75 81 W channel139887837058816 self_thread_id = 139887837058816, last time delay.time = 4, now count = 351, i = 4
2023-01-11 18:04:42.832  75 81 E channel139887837058816 self_thread_id = 139887837058816, last time delay.time = 4, now count = 351, i = 4
2023-01-11 18:04:42.832  75 84 I channel139887604913920 self_thread_id = 139887604913920, last time delay.time = 8, now count = 352, i = 4
2023-01-11 18:04:42.832  75 81 I channel139887837058816 self_thread_id = 139887837058816, last time delay.time = 4, now count = 359
2023-01-11 18:04:42.832  75 84 W channel139887604913920 self_thread_id = 139887604913920, last time delay.time = 8, now count = 352, i = 4
2023-01-11 18:04:42.832  75 84 E channel139887604913920 self_thread_id = 139887604913920, last time delay.time = 8, now count = 352, i = 4
2023-01-11 18:04:42.832  75 84 I channel139887604913920 self_thread_id = 139887604913920, last time delay.time = 8, now count = 360
2023-01-11 18:04:43.831  75 80 I channel139887845451520 self_thread_id = 139887845451520, last time delay.time = 10, now count = 355, i = 0
2023-01-11 18:04:43.831  75 80 I channel139887845451520 self_thread_id = 139887845451520, last time delay.time = 10, now count = 355, i = 0
2023-01-11 18:04:43.831  75 79 I channel139887853844224 self_thread_id = 139887853844224, last time delay.time = 16, now count = 354, i = 0
2023-01-11 18:04:43.831  75 83 I channel139887613306624 self_thread_id = 139887613306624, last time delay.time = 34, now count = 353, i = 0
2023-01-11 18:04:43.831  75 79 I channel139887853844224 self_thread_id = 139887853844224, last time delay.time = 16, now count = 354, i = 0
2023-01-11 18:04:43.831  75 80 W channel139887845451520 self_thread_id = 139887845451520, last time delay.time = 10, now count = 355, i = 0
2023-01-11 18:04:43.831  75 83 I channel139887613306624 self_thread_id = 139887613306624, last time delay.time = 34, now count = 353, i = 0
2023-01-11 18:04:43.831  75 80 E channel139887845451520 self_thread_id = 139887845451520, last time delay.time = 10, now count = 355, i = 0
2023-01-11 18:04:43.831  75 79 W channel139887853844224 self_thread_id = 139887853844224, last time delay.time = 16, now count = 354, i = 0
2023-01-11 18:04:43.831  75 83 W channel139887613306624 self_thread_id = 139887613306624, last time delay.time = 34, now count = 353, i = 0
2023-01-11 18:04:43.831  75 79 E channel139887853844224 self_thread_id = 139887853844224, last time delay.time = 16, now count = 354, i = 0
2023-01-11 18:04:43.831  75 83 E channel139887613306624 self_thread_id = 139887613306624, last time delay.time = 34, now count = 353, i = 0
2023-01-11 18:04:43.831  75 78 I channel139887862236928 self_thread_id = 139887862236928, last time delay.time = 8, now count = 356, i = 0
2023-01-11 18:04:43.831  75 78 I channel139887862236928 self_thread_id = 139887862236928, last time delay.time = 8, now count = 356, i = 0
2023-01-11 18:04:43.831  75 78 W channel139887862236928 self_thread_id = 139887862236928, last time delay.time = 8, now count = 356, i = 0
2023-01-11 18:04:43.831  75 78 E channel139887862236928 self_thread_id = 139887862236928, last time delay.time = 8, now count = 356, i = 0
2023-01-11 18:04:43.831  75 82 I channel139887621699328 self_thread_id = 139887621699328, last time delay.time = 7, now count = 358, i = 0
2023-01-11 18:04:43.831  75 82 I channel139887621699328 self_thread_id = 139887621699328, last time delay.time = 7, now count = 358, i = 0
2023-01-11 18:04:43.832  75 82 W channel139887621699328 self_thread_id = 139887621699328, last time delay.time = 7, now count = 358, i = 0
2023-01-11 18:04:43.832  75 82 E channel139887621699328 self_thread_id = 139887621699328, last time delay.time = 7, now count = 358, i = 0
2023-01-11 18:04:43.832  75 77 I channel139887870629632 self_thread_id = 139887870629632, last time delay.time = 9, now count = 357, i = 0
2023-01-11 18:04:43.832  75 77 I channel139887870629632 self_thread_id = 139887870629632, last time delay.time = 9, now count = 357, i = 0
2023-01-11 18:04:43.832  75 77 W channel139887870629632 self_thread_id = 139887870629632, last time delay.time = 9, now count = 357, i = 0
2023-01-11 18:04:43.832  75 77 E channel139887870629632 self_thread_id = 139887870629632, last time delay.time = 9, now count = 357, i = 0
2023-01-11 18:04:43.832  75 81 I channel139887837058816 self_thread_id = 139887837058816, last time delay.time = 10, now count = 359, i = 0
2023-01-11 18:04:43.832  75 84 I channel139887604913920 self_thread_id = 139887604913920, last time delay.time = 8, now count = 360, i = 0
2023-01-11 18:04:43.832  75 81 I channel139887837058816 self_thread_id = 139887837058816, last time delay.time = 10, now count = 359, i = 0
2023-01-11 18:04:43.832  75 84 I channel139887604913920 self_thread_id = 139887604913920, last time delay.time = 8, now count = 360, i = 0
2023-01-11 18:04:43.832  75 81 W channel139887837058816 self_thread_id = 139887837058816, last time delay.time = 10, now count = 359, i = 0
2023-01-11 18:04:43.832  75 84 W channel139887604913920 self_thread_id = 139887604913920, last time delay.time = 8, now count = 360, i = 0
2023-01-11 18:04:43.832  75 81 E channel139887837058816 self_thread_id = 139887837058816, last time delay.time = 10, now count = 359, i = 0
2023-01-11 18:04:43.832  75 84 E channel139887604913920 self_thread_id = 139887604913920, last time delay.time = 8, now count = 360, i = 0
2023-01-11 18:04:44.831  75 80 I channel139887845451520 self_thread_id = 139887845451520, last time delay.time = 10, now count = 355, i = 1
2023-01-11 18:04:44.831  75 80 I channel139887845451520 self_thread_id = 139887845451520, last time delay.time = 10, now count = 355, i = 1
2023-01-11 18:04:44.831  75 83 I channel139887613306624 self_thread_id = 139887613306624, last time delay.time = 34, now count = 353, i = 1
2023-01-11 18:04:44.832  75 80 W channel139887845451520 self_thread_id = 139887845451520, last time delay.time = 10, now count = 355, i = 1
2023-01-11 18:04:44.832  75 80 E channel139887845451520 self_thread_id = 139887845451520, last time delay.time = 10, now count = 355, i = 1
2023-01-11 18:04:44.831  75 79 I channel139887853844224 self_thread_id = 139887853844224, last time delay.time = 16, now count = 354, i = 1
2023-01-11 18:04:44.832  75 79 I channel139887853844224 self_thread_id = 139887853844224, last time delay.time = 16, now count = 354, i = 1
2023-01-11 18:04:44.832  75 83 I channel139887613306624 self_thread_id = 139887613306624, last time delay.time = 34, now count = 353, i = 1
2023-01-11 18:04:44.832  75 79 W channel139887853844224 self_thread_id = 139887853844224, last time delay.time = 16, now count = 354, i = 1
2023-01-11 18:04:44.832  75 79 E channel139887853844224 self_thread_id = 139887853844224, last time delay.time = 16, now count = 354, i = 1
2023-01-11 18:04:44.832  75 78 I channel139887862236928 self_thread_id = 139887862236928, last time delay.time = 8, now count = 356, i = 1
2023-01-11 18:04:44.832  75 83 W channel139887613306624 self_thread_id = 139887613306624, last time delay.time = 34, now count = 353, i = 1
2023-01-11 18:04:44.832  75 78 I channel139887862236928 self_thread_id = 139887862236928, last time delay.time = 8, now count = 356, i = 1
2023-01-11 18:04:44.832  75 78 W channel139887862236928 self_thread_id = 139887862236928, last time delay.time = 8, now count = 356, i = 1
2023-01-11 18:04:44.832  75 83 E channel139887613306624 self_thread_id = 139887613306624, last time delay.time = 34, now count = 353, i = 1
2023-01-11 18:04:44.832  75 82 I channel139887621699328 self_thread_id = 139887621699328, last time delay.time = 7, now count = 358, i = 1
2023-01-11 18:04:44.832  75 78 E channel139887862236928 self_thread_id = 139887862236928, last time delay.time = 8, now count = 356, i = 1
2023-01-11 18:04:44.832  75 82 I channel139887621699328 self_thread_id = 139887621699328, last time delay.time = 7, now count = 358, i = 1
2023-01-11 18:04:44.832  75 82 W channel139887621699328 self_thread_id = 139887621699328, last time delay.time = 7, now count = 358, i = 1
2023-01-11 18:04:44.832  75 77 I channel139887870629632 self_thread_id = 139887870629632, last time delay.time = 9, now count = 357, i = 1
2023-01-11 18:04:44.832  75 82 E channel139887621699328 self_thread_id = 139887621699328, last time delay.time = 7, now count = 358, i = 1
2023-01-11 18:04:44.832  75 77 I channel139887870629632 self_thread_id = 139887870629632, last time delay.time = 9, now count = 357, i = 1
2023-01-11 18:04:44.832  75 77 W channel139887870629632 self_thread_id = 139887870629632, last time delay.time = 9, now count = 357, i = 1
2023-01-11 18:04:44.832  75 77 E channel139887870629632 self_thread_id = 139887870629632, last time delay.time = 9, now count = 357, i = 1
2023-01-11 18:04:44.833  75 81 I channel139887837058816 self_thread_id = 139887837058816, last time delay.time = 10, now count = 359, i = 1
2023-01-11 18:04:44.833  75 84 I channel139887604913920 self_thread_id = 139887604913920, last time delay.time = 8, now count = 360, i = 1
2023-01-11 18:04:44.833  75 81 I channel139887837058816 self_thread_id = 139887837058816, last time delay.time = 10, now count = 359, i = 1
2023-01-11 18:04:44.833  75 84 I channel139887604913920 self_thread_id = 139887604913920, last time delay.time = 8, now count = 360, i = 1
2023-01-11 18:04:44.833  75 81 W channel139887837058816 self_thread_id = 139887837058816, last time delay.time = 10, now count = 359, i = 1
2023-01-11 18:04:44.833  75 84 W channel139887604913920 self_thread_id = 139887604913920, last time delay.time = 8, now count = 360, i = 1
2023-01-11 18:04:44.833  75 81 E channel139887837058816 self_thread_id = 139887837058816, last time delay.time = 10, now count = 359, i = 1
2023-01-11 18:04:44.833  75 84 E channel139887604913920 self_thread_id = 139887604913920, last time delay.time = 8, now count = 360, i = 1
2023-01-11 18:04:45.832  75 80 I channel139887845451520 self_thread_id = 139887845451520, last time delay.time = 10, now count = 355, i = 2
2023-01-11 18:04:45.832  75 79 I channel139887853844224 self_thread_id = 139887853844224, last time delay.time = 16, now count = 354, i = 2
2023-01-11 18:04:45.832  75 80 I channel139887845451520 self_thread_id = 139887845451520, last time delay.time = 10, now count = 355, i = 2
2023-01-11 18:04:45.832  75 83 I channel139887613306624 self_thread_id = 139887613306624, last time delay.time = 34, now count = 353, i = 2
2023-01-11 18:04:45.832  75 79 I channel139887853844224 self_thread_id = 139887853844224, last time delay.time = 16, now count = 354, i = 2
2023-01-11 18:04:45.832  75 79 W channel139887853844224 self_thread_id = 139887853844224, last time delay.time = 16, now count = 354, i = 2
2023-01-11 18:04:45.832  75 83 I channel139887613306624 self_thread_id = 139887613306624, last time delay.time = 34, now count = 353, i = 2
2023-01-11 18:04:45.832  75 82 I channel139887621699328 self_thread_id = 139887621699328, last time delay.time = 7, now count = 358, i = 2
2023-01-11 18:04:45.832  75 80 W channel139887845451520 self_thread_id = 139887845451520, last time delay.time = 10, now count = 355, i = 2
2023-01-11 18:04:45.832  75 79 E channel139887853844224 self_thread_id = 139887853844224, last time delay.time = 16, now count = 354, i = 2
2023-01-11 18:04:45.832  75 83 W channel139887613306624 self_thread_id = 139887613306624, last time delay.time = 34, now count = 353, i = 2
2023-01-11 18:04:45.832  75 82 I channel139887621699328 self_thread_id = 139887621699328, last time delay.time = 7, now count = 358, i = 2
2023-01-11 18:04:45.832  75 80 E channel139887845451520 self_thread_id = 139887845451520, last time delay.time = 10, now count = 355, i = 2
2023-01-11 18:04:45.832  75 82 W channel139887621699328 self_thread_id = 139887621699328, last time delay.time = 7, now count = 358, i = 2
2023-01-11 18:04:45.832  75 82 E channel139887621699328 self_thread_id = 139887621699328, last time delay.time = 7, now count = 358, i = 2
2023-01-11 18:04:45.832  75 78 I channel139887862236928 self_thread_id = 139887862236928, last time delay.time = 8, now count = 356, i = 2
2023-01-11 18:04:45.832  75 83 E channel139887613306624 self_thread_id = 139887613306624, last time delay.time = 34, now count = 353, i = 2
2023-01-11 18:04:45.832  75 78 I channel139887862236928 self_thread_id = 139887862236928, last time delay.time = 8, now count = 356, i = 2
2023-01-11 18:04:45.832  75 78 W channel139887862236928 self_thread_id = 139887862236928, last time delay.time = 8, now count = 356, i = 2
2023-01-11 18:04:45.832  75 77 I channel139887870629632 self_thread_id = 139887870629632, last time delay.time = 9, now count = 357, i = 2
2023-01-11 18:04:45.832  75 78 E channel139887862236928 self_thread_id = 139887862236928, last time delay.time = 8, now count = 356, i = 2
2023-01-11 18:04:45.832  75 77 I channel139887870629632 self_thread_id = 139887870629632, last time delay.time = 9, now count = 357, i = 2
2023-01-11 18:04:45.832  75 77 W channel139887870629632 self_thread_id = 139887870629632, last time delay.time = 9, now count = 357, i = 2
2023-01-11 18:04:45.832  75 77 E channel139887870629632 self_thread_id = 139887870629632, last time delay.time = 9, now count = 357, i = 2
2023-01-11 18:04:45.833  75 84 I channel139887604913920 self_thread_id = 139887604913920, last time delay.time = 8, now count = 360, i = 2
2023-01-11 18:04:45.833  75 81 I channel139887837058816 self_thread_id = 139887837058816, last time delay.time = 10, now count = 359, i = 2
2023-01-11 18:04:45.833  75 84 I channel139887604913920 self_thread_id = 139887604913920, last time delay.time = 8, now count = 360, i = 2
2023-01-11 18:04:45.833  75 84 W channel139887604913920 self_thread_id = 139887604913920, last time delay.time = 8, now count = 360, i = 2
2023-01-11 18:04:45.833  75 81 I channel139887837058816 self_thread_id = 139887837058816, last time delay.time = 10, now count = 359, i = 2
2023-01-11 18:04:45.833  75 84 E channel139887604913920 self_thread_id = 139887604913920, last time delay.time = 8, now count = 360, i = 2
2023-01-11 18:04:45.833  75 81 W channel139887837058816 self_thread_id = 139887837058816, last time delay.time = 10, now count = 359, i = 2
2023-01-11 18:04:45.833  75 81 E channel139887837058816 self_thread_id = 139887837058816, last time delay.time = 10, now count = 359, i = 2
2023-01-11 18:04:46.531  75 75 I APP.tag TestComponent::Proc
2023-01-11 18:04:46.531  75 75 I APP.tag ****************test INFO begin****************
2023-01-11 18:04:46.531  75 75 I APP.tag 测试 index = 836组
2023-01-11 18:04:46.531  75 75 E APP.tag 循环计数 i = 1次
2023-01-11 18:04:46.531  75 75 I APP.tag test LOG_Trace()
2023-01-11 18:04:46.531  75 75 I vscode 循环计数 i = 1次,test LOG_Channel_Trace()
2023-01-11 18:04:46.531  75 75 E APP.tag 循环计数 i = 2次
2023-01-11 18:04:46.531  75 75 E APP.tag 循环计数 i = 3次
2023-01-11 18:04:46.531  75 75 I APP.tag test LOG_Info()
2023-01-11 18:04:46.531  75 75 I baidu 循环计数 i = 3次,test LOG_Channel_Info()
2023-01-11 18:04:46.531  75 75 E APP.tag 循环计数 i = 4次
2023-01-11 18:04:46.531  75 75 W APP.tag test LOG_Warn()
2023-01-11 18:04:46.531  75 75 W google 循环计数 i = 4次,test LOG_Channel_Warn()
2023-01-11 18:04:46.531  75 75 E APP.tag 循环计数 i = 5次
2023-01-11 18:04:46.531  75 75 E APP.tag test LOG_Error()
2023-01-11 18:04:46.531  75 75 E visio 循环计数 i = 5次,test LOG_Channel_Error()
2023-01-11 18:04:46.531  75 75 I APP.tag print coredump DataLen:2 Data[01 00]
2023-01-11 18:04:46.531  75 75 W coredump 0x0000000a 0a 00 00 00 0b 00 00 00 0c 00 00 00 0d 00 00 00 0e 00 00 00
2023-01-11 18:04:46.531  75 75 I APP.tag ****************test INFO end****************
2023-01-11 18:04:46.832  75 80 I channel139887845451520 self_thread_id = 139887845451520, last time delay.time = 10, now count = 355, i = 3
2023-01-11 18:04:46.832  75 82 I channel139887621699328 self_thread_id = 139887621699328, last time delay.time = 7, now count = 358, i = 3
2023-01-11 18:04:46.832  75 80 I channel139887845451520 self_thread_id = 139887845451520, last time delay.time = 10, now count = 355, i = 3
2023-01-11 18:04:46.832  75 83 I channel139887613306624 self_thread_id = 139887613306624, last time delay.time = 34, now count = 353, i = 3
2023-01-11 18:04:46.832  75 82 I channel139887621699328 self_thread_id = 139887621699328, last time delay.time = 7, now count = 358, i = 3
2023-01-11 18:04:46.832  75 80 W channel139887845451520 self_thread_id = 139887845451520, last time delay.time = 10, now count = 355, i = 3
2023-01-11 18:04:46.832  75 80 E channel139887845451520 self_thread_id = 139887845451520, last time delay.time = 10, now count = 355, i = 3
2023-01-11 18:04:46.832  75 83 I channel139887613306624 self_thread_id = 139887613306624, last time delay.time = 34, now count = 353, i = 3
2023-01-11 18:04:46.832  75 82 W channel139887621699328 self_thread_id = 139887621699328, last time delay.time = 7, now count = 358, i = 3
2023-01-11 18:04:46.832  75 79 I channel139887853844224 self_thread_id = 139887853844224, last time delay.time = 16, now count = 354, i = 3
2023-01-11 18:04:46.832  75 83 W channel139887613306624 self_thread_id = 139887613306624, last time delay.time = 34, now count = 353, i = 3
2023-01-11 18:04:46.832  75 83 E channel139887613306624 self_thread_id = 139887613306624, last time delay.time = 34, now count = 353, i = 3
2023-01-11 18:04:46.832  75 82 E channel139887621699328 self_thread_id = 139887621699328, last time delay.time = 7, now count = 358, i = 3
2023-01-11 18:04:46.832  75 79 I channel139887853844224 self_thread_id = 139887853844224, last time delay.time = 16, now count = 354, i = 3
2023-01-11 18:04:46.832  75 78 I channel139887862236928 self_thread_id = 139887862236928, last time delay.time = 8, now count = 356, i = 3
2023-01-11 18:04:46.832  75 79 W channel139887853844224 self_thread_id = 139887853844224, last time delay.time = 16, now count = 354, i = 3
2023-01-11 18:04:46.832  75 79 E channel139887853844224 self_thread_id = 139887853844224, last time delay.time = 16, now count = 354, i = 3
2023-01-11 18:04:46.832  75 78 I channel139887862236928 self_thread_id = 139887862236928, last time delay.time = 8, now count = 356, i = 3
2023-01-11 18:04:46.832  75 78 W channel139887862236928 self_thread_id = 139887862236928, last time delay.time = 8, now count = 356, i = 3
2023-01-11 18:04:46.832  75 78 E channel139887862236928 self_thread_id = 139887862236928, last time delay.time = 8, now count = 356, i = 3
2023-01-11 18:04:46.832  75 77 I channel139887870629632 self_thread_id = 139887870629632, last time delay.time = 9, now count = 357, i = 3
2023-01-11 18:04:46.832  75 77 I channel139887870629632 self_thread_id = 139887870629632, last time delay.time = 9, now count = 357, i = 3
2023-01-11 18:04:46.832  75 77 W channel139887870629632 self_thread_id = 139887870629632, last time delay.time = 9, now count = 357, i = 3
2023-01-11 18:04:46.832  75 77 E channel139887870629632 self_thread_id = 139887870629632, last time delay.time = 9, now count = 357, i = 3
2023-01-11 18:04:46.833  75 84 I channel139887604913920 self_thread_id = 139887604913920, last time delay.time = 8, now count = 360, i = 3
2023-01-11 18:04:46.833  75 84 I channel139887604913920 self_thread_id = 139887604913920, last time delay.time = 8, now count = 360, i = 3
2023-01-11 18:04:46.833  75 84 W channel139887604913920 self_thread_id = 139887604913920, last time delay.time = 8, now count = 360, i = 3
2023-01-11 18:04:46.833  75 84 E channel139887604913920 self_thread_id = 139887604913920, last time delay.time = 8, now count = 360, i = 3
2023-01-11 18:04:46.833  75 81 I channel139887837058816 self_thread_id = 139887837058816, last time delay.time = 10, now count = 359, i = 3
2023-01-11 18:04:46.833  75 81 I channel139887837058816 self_thread_id = 139887837058816, last time delay.time = 10, now count = 359, i = 3
2023-01-11 18:04:46.833  75 81 W channel139887837058816 self_thread_id = 139887837058816, last time delay.time = 10, now count = 359, i = 3
2023-01-11 18:04:46.833  75 81 E channel139887837058816 self_thread_id = 139887837058816, last time delay.time = 10, now count = 359, i = 3
2023-01-11 18:04:47.832  75 83 I channel139887613306624 self_thread_id = 139887613306624, last time delay.time = 34, now count = 353, i = 4
2023-01-11 18:04:47.832  75 83 I channel139887613306624 self_thread_id = 139887613306624, last time delay.time = 34, now count = 353, i = 4
2023-01-11 18:04:47.832  75 79 I channel139887853844224 self_thread_id = 139887853844224, last time delay.time = 16, now count = 354, i = 4
2023-01-11 18:04:47.832  75 83 W channel139887613306624 self_thread_id = 139887613306624, last time delay.time = 34, now count = 353, i = 4
2023-01-11 18:04:47.832  75 80 I channel139887845451520 self_thread_id = 139887845451520, last time delay.time = 10, now count = 355, i = 4
2023-01-11 18:04:47.832  75 79 I channel139887853844224 self_thread_id = 139887853844224, last time delay.time = 16, now count = 354, i = 4
2023-01-11 18:04:47.832  75 83 E channel139887613306624 self_thread_id = 139887613306624, last time delay.time = 34, now count = 353, i = 4
2023-01-11 18:04:47.832  75 82 I channel139887621699328 self_thread_id = 139887621699328, last time delay.time = 7, now count = 358, i = 4
2023-01-11 18:04:47.832  75 83 I channel139887613306624 self_thread_id = 139887613306624, last time delay.time = 34, now count = 361
2023-01-11 18:04:47.832  75 80 I channel139887845451520 self_thread_id = 139887845451520, last time delay.time = 10, now count = 355, i = 4
2023-01-11 18:04:47.832  75 79 W channel139887853844224 self_thread_id = 139887853844224, last time delay.time = 16, now count = 354, i = 4
2023-01-11 18:04:47.832  75 82 I channel139887621699328 self_thread_id = 139887621699328, last time delay.time = 7, now count = 358, i = 4
2023-01-11 18:04:47.832  75 80 W channel139887845451520 self_thread_id = 139887845451520, last time delay.time = 10, now count = 355, i = 4
2023-01-11 18:04:47.832  75 82 W channel139887621699328 self_thread_id = 139887621699328, last time delay.time = 7, now count = 358, i = 4
2023-01-11 18:04:47.832  75 80 E channel139887845451520 self_thread_id = 139887845451520, last time delay.time = 10, now count = 355, i = 4
2023-01-11 18:04:47.832  75 79 E channel139887853844224 self_thread_id = 139887853844224, last time delay.time = 16, now count = 354, i = 4
2023-01-11 18:04:47.832  75 82 E channel139887621699328 self_thread_id = 139887621699328, last time delay.time = 7, now count = 358, i = 4
2023-01-11 18:04:47.832  75 80 I channel139887845451520 self_thread_id = 139887845451520, last time delay.time = 10, now count = 363
2023-01-11 18:04:47.832  75 82 I channel139887621699328 self_thread_id = 139887621699328, last time delay.time = 7, now count = 364
2023-01-11 18:04:47.832  75 79 I channel139887853844224 self_thread_id = 139887853844224, last time delay.time = 16, now count = 362
2023-01-11 18:04:47.832  75 78 I channel139887862236928 self_thread_id = 139887862236928, last time delay.time = 8, now count = 356, i = 4
2023-01-11 18:04:47.832  75 78 I channel139887862236928 self_thread_id = 139887862236928, last time delay.time = 8, now count = 356, i = 4
2023-01-11 18:04:47.832  75 77 I channel139887870629632 self_thread_id = 139887870629632, last time delay.time = 9, now count = 357, i = 4
2023-01-11 18:04:47.832  75 78 W channel139887862236928 self_thread_id = 139887862236928, last time delay.time = 8, now count = 356, i = 4
2023-01-11 18:04:47.832  75 77 I channel139887870629632 self_thread_id = 139887870629632, last time delay.time = 9, now count = 357, i = 4
2023-01-11 18:04:47.832  75 78 E channel139887862236928 self_thread_id = 139887862236928, last time delay.time = 8, now count = 356, i = 4
2023-01-11 18:04:47.832  75 77 W channel139887870629632 self_thread_id = 139887870629632, last time delay.time = 9, now count = 357, i = 4
2023-01-11 18:04:47.832  75 78 I channel139887862236928 self_thread_id = 139887862236928, last time delay.time = 8, now count = 365
2023-01-11 18:04:47.832  75 77 E channel139887870629632 self_thread_id = 139887870629632, last time delay.time = 9, now count = 357, i = 4
2023-01-11 18:04:47.832  75 77 I channel139887870629632 self_thread_id = 139887870629632, last time delay.time = 9, now count = 366
2023-01-11 18:04:47.833  75 84 I channel139887604913920 self_thread_id = 139887604913920, last time delay.time = 8, now count = 360, i = 4
2023-01-11 18:04:47.833  75 84 I channel139887604913920 self_thread_id = 139887604913920, last time delay.time = 8, now count = 360, i = 4
2023-01-11 18:04:47.833  75 84 W channel139887604913920 self_thread_id = 139887604913920, last time delay.time = 8, now count = 360, i = 4
2023-01-11 18:04:47.833  75 84 E channel139887604913920 self_thread_id = 139887604913920, last time delay.time = 8, now count = 360, i = 4
2023-01-11 18:04:47.833  75 84 I channel139887604913920 self_thread_id = 139887604913920, last time delay.time = 8, now count = 367
2023-01-11 18:04:47.833  75 81 I channel139887837058816 self_thread_id = 139887837058816, last time delay.time = 10, now count = 359, i = 4
2023-01-11 18:04:47.833  75 81 I channel139887837058816 self_thread_id = 139887837058816, last time delay.time = 10, now count = 359, i = 4
2023-01-11 18:04:47.833  75 81 W channel139887837058816 self_thread_id = 139887837058816, last time delay.time = 10, now count = 359, i = 4
2023-01-11 18:04:47.833  75 81 E channel139887837058816 self_thread_id = 139887837058816, last time delay.time = 10, now count = 359, i = 4
2023-01-11 18:04:47.833  75 81 I channel139887837058816 self_thread_id = 139887837058816, last time delay.time = 10, now count = 368
2023-01-11 18:04:48.832  75 83 I channel139887613306624 self_thread_id = 139887613306624, last time delay.time = 14, now count = 361, i = 0
2023-01-11 18:04:48.832  75 83 I channel139887613306624 self_thread_id = 139887613306624, last time delay.time = 14, now count = 361, i = 0
2023-01-11 18:04:48.832  75 83 W channel139887613306624 self_thread_id = 139887613306624, last time delay.time = 14, now count = 361, i = 0
2023-01-11 18:04:48.832  75 79 I channel139887853844224 self_thread_id = 139887853844224, last time delay.time = 12, now count = 362, i = 0
2023-01-11 18:04:48.832  75 83 E channel139887613306624 self_thread_id = 139887613306624, last time delay.time = 14, now count = 361, i = 0
2023-01-11 18:04:48.832  75 78 I channel139887862236928 self_thread_id = 139887862236928, last time delay.time = 10, now count = 365, i = 0
2023-01-11 18:04:48.832  75 79 I channel139887853844224 self_thread_id = 139887853844224, last time delay.time = 12, now count = 362, i = 0
2023-01-11 18:04:48.832  75 79 W channel139887853844224 self_thread_id = 139887853844224, last time delay.time = 12, now count = 362, i = 0
2023-01-11 18:04:48.832  75 78 I channel139887862236928 self_thread_id = 139887862236928, last time delay.time = 10, now count = 365, i = 0
2023-01-11 18:04:48.832  75 79 E channel139887853844224 self_thread_id = 139887853844224, last time delay.time = 12, now count = 362, i = 0
2023-01-11 18:04:48.832  75 78 W channel139887862236928 self_thread_id = 139887862236928, last time delay.time = 10, now count = 365, i = 0
2023-01-11 18:04:48.832  75 82 I channel139887621699328 self_thread_id = 139887621699328, last time delay.time = 9, now count = 364, i = 0
2023-01-11 18:04:48.832  75 80 I channel139887845451520 self_thread_id = 139887845451520, last time delay.time = 10, now count = 363, i = 0
2023-01-11 18:04:48.832  75 82 I channel139887621699328 self_thread_id = 139887621699328, last time delay.time = 9, now count = 364, i = 0
2023-01-11 18:04:48.832  75 78 E channel139887862236928 self_thread_id = 139887862236928, last time delay.time = 10, now count = 365, i = 0
2023-01-11 18:04:48.832  75 82 W channel139887621699328 self_thread_id = 139887621699328, last time delay.time = 9, now count = 364, i = 0
2023-01-11 18:04:48.832  75 80 I channel139887845451520 self_thread_id = 139887845451520, last time delay.time = 10, now count = 363, i = 0
2023-01-11 18:04:48.832  75 82 E channel139887621699328 self_thread_id = 139887621699328, last time delay.time = 9, now count = 364, i = 0
2023-01-11 18:04:48.832  75 80 W channel139887845451520 self_thread_id = 139887845451520, last time delay.time = 10, now count = 363, i = 0
2023-01-11 18:04:48.832  75 80 E channel139887845451520 self_thread_id = 139887845451520, last time delay.time = 10, now count = 363, i = 0
2023-01-11 18:04:48.832  75 77 I channel139887870629632 self_thread_id = 139887870629632, last time delay.time = 7, now count = 366, i = 0
2023-01-11 18:04:48.832  75 77 I channel139887870629632 self_thread_id = 139887870629632, last time delay.time = 7, now count = 366, i = 0
2023-01-11 18:04:48.832  75 77 W channel139887870629632 self_thread_id = 139887870629632, last time delay.time = 7, now count = 366, i = 0
2023-01-11 18:04:48.833  75 77 E channel139887870629632 self_thread_id = 139887870629632, last time delay.time = 7, now count = 366, i = 0
2023-01-11 18:04:48.833  75 84 I channel139887604913920 self_thread_id = 139887604913920, last time delay.time = 8, now count = 367, i = 0
2023-01-11 18:04:48.833  75 84 I channel139887604913920 self_thread_id = 139887604913920, last time delay.time = 8, now count = 367, i = 0
2023-01-11 18:04:48.833  75 84 W channel139887604913920 self_thread_id = 139887604913920, last time delay.time = 8, now count = 367, i = 0
2023-01-11 18:04:48.833  75 84 E channel139887604913920 self_thread_id = 139887604913920, last time delay.time = 8, now count = 367, i = 0
2023-01-11 18:04:48.833  75 81 I channel139887837058816 self_thread_id = 139887837058816, last time delay.time = 9, now count = 368, i = 0
2023-01-11 18:04:48.833  75 81 I channel139887837058816 self_thread_id = 139887837058816, last time delay.time = 9, now count = 368, i = 0
2023-01-11 18:04:48.833  75 81 W channel139887837058816 self_thread_id = 139887837058816, last time delay.time = 9, now count = 368, i = 0
2023-01-11 18:04:48.833  75 81 E channel139887837058816 self_thread_id = 139887837058816, last time delay.time = 9, now count = 368, i = 0
2023-01-11 18:04:49.832  75 83 I channel139887613306624 self_thread_id = 139887613306624, last time delay.time = 14, now count = 361, i = 1
2023-01-11 18:04:49.832  75 83 I channel139887613306624 self_thread_id = 139887613306624, last time delay.time = 14, now count = 361, i = 1
2023-01-11 18:04:49.832  75 83 W channel139887613306624 self_thread_id = 139887613306624, last time delay.time = 14, now count = 361, i = 1
2023-01-11 18:04:49.832  75 83 E channel139887613306624 self_thread_id = 139887613306624, last time delay.time = 14, now count = 361, i = 1
2023-01-11 18:04:49.832  75 79 I channel139887853844224 self_thread_id = 139887853844224, last time delay.time = 12, now count = 362, i = 1
2023-01-11 18:04:49.832  75 79 I channel139887853844224 self_thread_id = 139887853844224, last time delay.time = 12, now count = 362, i = 1
2023-01-11 18:04:49.833  75 79 W channel139887853844224 self_thread_id = 139887853844224, last time delay.time = 12, now count = 362, i = 1
2023-01-11 18:04:49.832  75 78 I channel139887862236928 self_thread_id = 139887862236928, last time delay.time = 10, now count = 365, i = 1
2023-01-11 18:04:49.833  75 79 E channel139887853844224 self_thread_id = 139887853844224, last time delay.time = 12, now count = 362, i = 1
2023-01-11 18:04:49.833  75 82 I channel139887621699328 self_thread_id = 139887621699328, last time delay.time = 9, now count = 364, i = 1
2023-01-11 18:04:49.833  75 80 I channel139887845451520 self_thread_id = 139887845451520, last time delay.time = 10, now count = 363, i = 1
2023-01-11 18:04:49.833  75 82 I channel139887621699328 self_thread_id = 139887621699328, last time delay.time = 9, now count = 364, i = 1
2023-01-11 18:04:49.833  75 78 I channel139887862236928 self_thread_id = 139887862236928, last time delay.time = 10, now count = 365, i = 1
2023-01-11 18:04:49.833  75 82 W channel139887621699328 self_thread_id = 139887621699328, last time delay.time = 9, now count = 364, i = 1
2023-01-11 18:04:49.833  75 78 W channel139887862236928 self_thread_id = 139887862236928, last time delay.time = 10, now count = 365, i = 1
2023-01-11 18:04:49.833  75 80 I channel139887845451520 self_thread_id = 139887845451520, last time delay.time = 10, now count = 363, i = 1
2023-01-11 18:04:49.833  75 82 E channel139887621699328 self_thread_id = 139887621699328, last time delay.time = 9, now count = 364, i = 1
2023-01-11 18:04:49.833  75 80 W channel139887845451520 self_thread_id = 139887845451520, last time delay.time = 10, now count = 363, i = 1
2023-01-11 18:04:49.833  75 80 E channel139887845451520 self_thread_id = 139887845451520, last time delay.time = 10, now count = 363, i = 1
2023-01-11 18:04:49.833  75 78 E channel139887862236928 self_thread_id = 139887862236928, last time delay.time = 10, now count = 365, i = 1
2023-01-11 18:04:49.833  75 77 I channel139887870629632 self_thread_id = 139887870629632, last time delay.time = 7, now count = 366, i = 1
2023-01-11 18:04:49.833  75 77 I channel139887870629632 self_thread_id = 139887870629632, last time delay.time = 7, now count = 366, i = 1
2023-01-11 18:04:49.833  75 77 W channel139887870629632 self_thread_id = 139887870629632, last time delay.time = 7, now count = 366, i = 1
2023-01-11 18:04:49.833  75 77 E channel139887870629632 self_thread_id = 139887870629632, last time delay.time = 7, now count = 366, i = 1
2023-01-11 18:04:49.833  75 84 I channel139887604913920 self_thread_id = 139887604913920, last time delay.time = 8, now count = 367, i = 1
2023-01-11 18:04:49.833  75 84 I channel139887604913920 self_thread_id = 139887604913920, last time delay.time = 8, now count = 367, i = 1
2023-01-11 18:04:49.833  75 84 W channel139887604913920 self_thread_id = 139887604913920, last time delay.time = 8, now count = 367, i = 1
2023-01-11 18:04:49.833  75 84 E channel139887604913920 self_thread_id = 139887604913920, last time delay.time = 8, now count = 367, i = 1
2023-01-11 18:04:49.833  75 81 I channel139887837058816 self_thread_id = 139887837058816, last time delay.time = 9, now count = 368, i = 1
2023-01-11 18:04:49.833  75 81 I channel139887837058816 self_thread_id = 139887837058816, last time delay.time = 9, now count = 368, i = 1
2023-01-11 18:04:49.833  75 81 W channel139887837058816 self_thread_id = 139887837058816, last time delay.time = 9, now count = 368, i = 1
2023-01-11 18:04:49.833  75 81 E channel139887837058816 self_thread_id = 139887837058816, last time delay.time = 9, now count = 368, i = 1
2023-01-11 18:04:50.833  75 83 I channel139887613306624 self_thread_id = 139887613306624, last time delay.time = 14, now count = 361, i = 2
2023-01-11 18:04:50.833  75 83 I channel139887613306624 self_thread_id = 139887613306624, last time delay.time = 14, now count = 361, i = 2
2023-01-11 18:04:50.833  75 79 I channel139887853844224 self_thread_id = 139887853844224, last time delay.time = 12, now count = 362, i = 2
2023-01-11 18:04:50.833  75 83 W channel139887613306624 self_thread_id = 139887613306624, last time delay.time = 14, now count = 361, i = 2
2023-01-11 18:04:50.833  75 79 I channel139887853844224 self_thread_id = 139887853844224, last time delay.time = 12, now count = 362, i = 2
2023-01-11 18:04:50.833  75 83 E channel139887613306624 self_thread_id = 139887613306624, last time delay.time = 14, now count = 361, i = 2
2023-01-11 18:04:50.833  75 79 W channel139887853844224 self_thread_id = 139887853844224, last time delay.time = 12, now count = 362, i = 2
2023-01-11 18:04:50.833  75 79 E channel139887853844224 self_thread_id = 139887853844224, last time delay.time = 12, now count = 362, i = 2
2023-01-11 18:04:50.833  75 78 I channel139887862236928 self_thread_id = 139887862236928, last time delay.time = 10, now count = 365, i = 2
2023-01-11 18:04:50.833  75 77 I channel139887870629632 self_thread_id = 139887870629632, last time delay.time = 7, now count = 366, i = 2
2023-01-11 18:04:50.833  75 78 I channel139887862236928 self_thread_id = 139887862236928, last time delay.time = 10, now count = 365, i = 2
2023-01-11 18:04:50.833  75 78 W channel139887862236928 self_thread_id = 139887862236928, last time delay.time = 10, now count = 365, i = 2
2023-01-11 18:04:50.833  75 78 E channel139887862236928 self_thread_id = 139887862236928, last time delay.time = 10, now count = 365, i = 2
2023-01-11 18:04:50.833  75 77 I channel139887870629632 self_thread_id = 139887870629632, last time delay.time = 7, now count = 366, i = 2
2023-01-11 18:04:50.833  75 82 I channel139887621699328 self_thread_id = 139887621699328, last time delay.time = 9, now count = 364, i = 2
2023-01-11 18:04:50.833  75 77 W channel139887870629632 self_thread_id = 139887870629632, last time delay.time = 7, now count = 366, i = 2
2023-01-11 18:04:50.833  75 80 I channel139887845451520 self_thread_id = 139887845451520, last time delay.time = 10, now count = 363, i = 2
2023-01-11 18:04:50.833  75 82 I channel139887621699328 self_thread_id = 139887621699328, last time delay.time = 9, now count = 364, i = 2
2023-01-11 18:04:50.833  75 77 E channel139887870629632 self_thread_id = 139887870629632, last time delay.time = 7, now count = 366, i = 2
2023-01-11 18:04:50.833  75 82 W channel139887621699328 self_thread_id = 139887621699328, last time delay.time = 9, now count = 364, i = 2
2023-01-11 18:04:50.833  75 80 I channel139887845451520 self_thread_id = 139887845451520, last time delay.time = 10, now count = 363, i = 2
2023-01-11 18:04:50.833  75 82 E channel139887621699328 self_thread_id = 139887621699328, last time delay.time = 9, now count = 364, i = 2
2023-01-11 18:04:50.833  75 80 W channel139887845451520 self_thread_id = 139887845451520, last time delay.time = 10, now count = 363, i = 2
2023-01-11 18:04:50.833  75 80 E channel139887845451520 self_thread_id = 139887845451520, last time delay.time = 10, now count = 363, i = 2
2023-01-11 18:04:50.834  75 84 I channel139887604913920 self_thread_id = 139887604913920, last time delay.time = 8, now count = 367, i = 2
2023-01-11 18:04:50.834  75 84 I channel139887604913920 self_thread_id = 139887604913920, last time delay.time = 8, now count = 367, i = 2
2023-01-11 18:04:50.834  75 84 W channel139887604913920 self_thread_id = 139887604913920, last time delay.time = 8, now count = 367, i = 2
2023-01-11 18:04:50.834  75 81 I channel139887837058816 self_thread_id = 139887837058816, last time delay.time = 9, now count = 368, i = 2
2023-01-11 18:04:50.834  75 84 E channel139887604913920 self_thread_id = 139887604913920, last time delay.time = 8, now count = 367, i = 2
2023-01-11 18:04:50.834  75 81 I channel139887837058816 self_thread_id = 139887837058816, last time delay.time = 9, now count = 368, i = 2
2023-01-11 18:04:50.834  75 81 W channel139887837058816 self_thread_id = 139887837058816, last time delay.time = 9, now count = 368, i = 2
2023-01-11 18:04:50.834  75 81 E channel139887837058816 self_thread_id = 139887837058816, last time delay.time = 9, now count = 368, i = 2
2023-01-11 18:04:51.833  75 83 I channel139887613306624 self_thread_id = 139887613306624, last time delay.time = 14, now count = 361, i = 3
2023-01-11 18:04:51.833  75 83 I channel139887613306624 self_thread_id = 139887613306624, last time delay.time = 14, now count = 361, i = 3
2023-01-11 18:04:51.833  75 83 W channel139887613306624 self_thread_id = 139887613306624, last time delay.time = 14, now count = 361, i = 3
2023-01-11 18:04:51.833  75 83 E channel139887613306624 self_thread_id = 139887613306624, last time delay.time = 14, now count = 361, i = 3
2023-01-11 18:04:51.833  75 79 I channel139887853844224 self_thread_id = 139887853844224, last time delay.time = 12, now count = 362, i = 3
2023-01-11 18:04:51.833  75 79 I channel139887853844224 self_thread_id = 139887853844224, last time delay.time = 12, now count = 362, i = 3
2023-01-11 18:04:51.833  75 79 W channel139887853844224 self_thread_id = 139887853844224, last time delay.time = 12, now count = 362, i = 3
2023-01-11 18:04:51.833  75 78 I channel139887862236928 self_thread_id = 139887862236928, last time delay.time = 10, now count = 365, i = 3
2023-01-11 18:04:51.833  75 79 E channel139887853844224 self_thread_id = 139887853844224, last time delay.time = 12, now count = 362, i = 3
2023-01-11 18:04:51.833  75 77 I channel139887870629632 self_thread_id = 139887870629632, last time delay.time = 7, now count = 366, i = 3
2023-01-11 18:04:51.833  75 82 I channel139887621699328 self_thread_id = 139887621699328, last time delay.time = 9, now count = 364, i = 3
2023-01-11 18:04:51.833  75 78 I channel139887862236928 self_thread_id = 139887862236928, last time delay.time = 10, now count = 365, i = 3
2023-01-11 18:04:51.833  75 77 I channel139887870629632 self_thread_id = 139887870629632, last time delay.time = 7, now count = 366, i = 3
2023-01-11 18:04:51.833  75 82 I channel139887621699328 self_thread_id = 139887621699328, last time delay.time = 9, now count = 364, i = 3
2023-01-11 18:04:51.833  75 80 I channel139887845451520 self_thread_id = 139887845451520, last time delay.time = 10, now count = 363, i = 3
2023-01-11 18:04:51.833  75 82 W channel139887621699328 self_thread_id = 139887621699328, last time delay.time = 9, now count = 364, i = 3
2023-01-11 18:04:51.833  75 78 W channel139887862236928 self_thread_id = 139887862236928, last time delay.time = 10, now count = 365, i = 3
2023-01-11 18:04:51.833  75 77 W channel139887870629632 self_thread_id = 139887870629632, last time delay.time = 7, now count = 366, i = 3
2023-01-11 18:04:51.833  75 78 E channel139887862236928 self_thread_id = 139887862236928, last time delay.time = 10, now count = 365, i = 3
2023-01-11 18:04:51.833  75 80 I channel139887845451520 self_thread_id = 139887845451520, last time delay.time = 10, now count = 363, i = 3
2023-01-11 18:04:51.833  75 77 E channel139887870629632 self_thread_id = 139887870629632, last time delay.time = 7, now count = 366, i = 3
2023-01-11 18:04:51.833  75 82 E channel139887621699328 self_thread_id = 139887621699328, last time delay.time = 9, now count = 364, i = 3
2023-01-11 18:04:51.833  75 80 W channel139887845451520 self_thread_id = 139887845451520, last time delay.time = 10, now count = 363, i = 3
2023-01-11 18:04:51.833  75 80 E channel139887845451520 self_thread_id = 139887845451520, last time delay.time = 10, now count = 363, i = 3
2023-01-11 18:04:51.834  75 84 I channel139887604913920 self_thread_id = 139887604913920, last time delay.time = 8, now count = 367, i = 3
2023-01-11 18:04:51.834  75 84 I channel139887604913920 self_thread_id = 139887604913920, last time delay.time = 8, now count = 367, i = 3
2023-01-11 18:04:51.834  75 84 W channel139887604913920 self_thread_id = 139887604913920, last time delay.time = 8, now count = 367, i = 3
2023-01-11 18:04:51.834  75 81 I channel139887837058816 self_thread_id = 139887837058816, last time delay.time = 9, now count = 368, i = 3
2023-01-11 18:04:51.834  75 84 E channel139887604913920 self_thread_id = 139887604913920, last time delay.time = 8, now count = 367, i = 3
2023-01-11 18:04:51.834  75 81 I channel139887837058816 self_thread_id = 139887837058816, last time delay.time = 9, now count = 368, i = 3
2023-01-11 18:04:51.834  75 81 W channel139887837058816 self_thread_id = 139887837058816, last time delay.time = 9, now count = 368, i = 3
2023-01-11 18:04:51.834  75 81 E channel139887837058816 self_thread_id = 139887837058816, last time delay.time = 9, now count = 368, i = 3
2023-01-11 18:04:52.833  75 83 I channel139887613306624 self_thread_id = 139887613306624, last time delay.time = 14, now count = 361, i = 4
2023-01-11 18:04:52.833  75 83 I channel139887613306624 self_thread_id = 139887613306624, last time delay.time = 14, now count = 361, i = 4
2023-01-11 18:04:52.833  75 83 W channel139887613306624 self_thread_id = 139887613306624, last time delay.time = 14, now count = 361, i = 4
2023-01-11 18:04:52.833  75 83 E channel139887613306624 self_thread_id = 139887613306624, last time delay.time = 14, now count = 361, i = 4
2023-01-11 18:04:52.833  75 83 I channel139887613306624 self_thread_id = 139887613306624, last time delay.time = 14, now count = 369
2023-01-11 18:04:52.833  75 79 I channel139887853844224 self_thread_id = 139887853844224, last time delay.time = 12, now count = 362, i = 4
2023-01-11 18:04:52.833  75 79 I channel139887853844224 self_thread_id = 139887853844224, last time delay.time = 12, now count = 362, i = 4
2023-01-11 18:04:52.833  75 79 W channel139887853844224 self_thread_id = 139887853844224, last time delay.time = 12, now count = 362, i = 4
2023-01-11 18:04:52.833  75 79 E channel139887853844224 self_thread_id = 139887853844224, last time delay.time = 12, now count = 362, i = 4
2023-01-11 18:04:52.833  75 79 I channel139887853844224 self_thread_id = 139887853844224, last time delay.time = 12, now count = 370
2023-01-11 18:04:52.833  75 80 I channel139887845451520 self_thread_id = 139887845451520, last time delay.time = 10, now count = 363, i = 4
2023-01-11 18:04:52.833  75 77 I channel139887870629632 self_thread_id = 139887870629632, last time delay.time = 7, now count = 366, i = 4
2023-01-11 18:04:52.833  75 80 I channel139887845451520 self_thread_id = 139887845451520, last time delay.time = 10, now count = 363, i = 4
2023-01-11 18:04:52.833  75 80 W channel139887845451520 self_thread_id = 139887845451520, last time delay.time = 10, now count = 363, i = 4
2023-01-11 18:04:52.833  75 77 I channel139887870629632 self_thread_id = 139887870629632, last time delay.time = 7, now count = 366, i = 4
2023-01-11 18:04:52.833  75 80 E channel139887845451520 self_thread_id = 139887845451520, last time delay.time = 10, now count = 363, i = 4
2023-01-11 18:04:52.833  75 77 W channel139887870629632 self_thread_id = 139887870629632, last time delay.time = 7, now count = 366, i = 4
2023-01-11 18:04:52.833  75 77 E channel139887870629632 self_thread_id = 139887870629632, last time delay.time = 7, now count = 366, i = 4
2023-01-11 18:04:52.833  75 82 I channel139887621699328 self_thread_id = 139887621699328, last time delay.time = 9, now count = 364, i = 4
2023-01-11 18:04:52.833  75 77 I channel139887870629632 self_thread_id = 139887870629632, last time delay.time = 7, now count = 372
2023-01-11 18:04:52.833  75 78 I channel139887862236928 self_thread_id = 139887862236928, last time delay.time = 10, now count = 365, i = 4
2023-01-11 18:04:52.833  75 80 I channel139887845451520 self_thread_id = 139887845451520, last time delay.time = 10, now count = 371
2023-01-11 18:04:52.833  75 82 I channel139887621699328 self_thread_id = 139887621699328, last time delay.time = 9, now count = 364, i = 4
2023-01-11 18:04:52.833  75 78 I channel139887862236928 self_thread_id = 139887862236928, last time delay.time = 10, now count = 365, i = 4
2023-01-11 18:04:52.833  75 82 W channel139887621699328 self_thread_id = 139887621699328, last time delay.time = 9, now count = 364, i = 4
2023-01-11 18:04:52.833  75 78 W channel139887862236928 self_thread_id = 139887862236928, last time delay.time = 10, now count = 365, i = 4
2023-01-11 18:04:52.833  75 82 E channel139887621699328 self_thread_id = 139887621699328, last time delay.time = 9, now count = 364, i = 4
2023-01-11 18:04:52.833  75 78 E channel139887862236928 self_thread_id = 139887862236928, last time delay.time = 10, now count = 365, i = 4
2023-01-11 18:04:52.833  75 82 I channel139887621699328 self_thread_id = 139887621699328, last time delay.time = 9, now count = 373
2023-01-11 18:04:52.833  75 78 I channel139887862236928 self_thread_id = 139887862236928, last time delay.time = 10, now count = 374
2023-01-11 18:04:52.834  75 81 I channel139887837058816 self_thread_id = 139887837058816, last time delay.time = 9, now count = 368, i = 4
2023-01-11 18:04:52.834  75 81 I channel139887837058816 self_thread_id = 139887837058816, last time delay.time = 9, now count = 368, i = 4
2023-01-11 18:04:52.834  75 81 W channel139887837058816 self_thread_id = 139887837058816, last time delay.time = 9, now count = 368, i = 4
2023-01-11 18:04:52.834  75 81 E channel139887837058816 self_thread_id = 139887837058816, last time delay.time = 9, now count = 368, i = 4
2023-01-11 18:04:52.834  75 81 I channel139887837058816 self_thread_id = 139887837058816, last time delay.time = 9, now count = 375
2023-01-11 18:04:52.834  75 84 I channel139887604913920 self_thread_id = 139887604913920, last time delay.time = 8, now count = 367, i = 4
2023-01-11 18:04:52.834  75 84 I channel139887604913920 self_thread_id = 139887604913920, last time delay.time = 8, now count = 367, i = 4
2023-01-11 18:04:52.834  75 84 W channel139887604913920 self_thread_id = 139887604913920, last time delay.time = 8, now count = 367, i = 4
2023-01-11 18:04:52.834  75 84 E channel139887604913920 self_thread_id = 139887604913920, last time delay.time = 8, now count = 367, i = 4
2023-01-11 18:04:52.834  75 84 I channel139887604913920 self_thread_id = 139887604913920, last time delay.time = 8, now count = 376
2023-01-11 18:04:53.833  75 83 I channel139887613306624 self_thread_id = 139887613306624, last time delay.time = 4, now count = 369, i = 0
2023-01-11 18:04:53.833  75 83 I channel139887613306624 self_thread_id = 139887613306624, last time delay.time = 4, now count = 369, i = 0
2023-01-11 18:04:53.833  75 83 W channel139887613306624 self_thread_id = 139887613306624, last time delay.time = 4, now count = 369, i = 0
2023-01-11 18:04:53.833  75 83 E channel139887613306624 self_thread_id = 139887613306624, last time delay.time = 4, now count = 369, i = 0
