2023-01-11 18:11:17.906  75 78 W channel139887862236928 self_thread_id = 139887862236928, last time delay.time = 9, now count = 978, i = 4
2023-01-11 18:11:17.906  75 78 E channel139887862236928 self_thread_id = 139887862236928, last time delay.time = 9, now count = 978, i = 4
2023-01-11 18:11:17.906  75 78 I channel139887862236928 self_thread_id = 139887862236928, last time delay.time = 9, now count = 986
2023-01-11 18:11:17.906  75 80 I channel139887845451520 self_thread_id = 139887845451520, last time delay.time = 11, now count = 980, i = 4
2023-01-11 18:11:17.906  75 80 I channel139887845451520 self_thread_id = 139887845451520, last time delay.time = 11, now count = 980, i = 4
2023-01-11 18:11:17.906  75 80 W channel139887845451520 self_thread_id = 139887845451520, last time delay.time = 11, now count = 980, i = 4
2023-01-11 18:11:17.906  75 80 E channel139887845451520 self_thread_id = 139887845451520, last time delay.time = 11, now count = 980, i = 4
2023-01-11 18:11:17.906  75 79 I channel139887853844224 self_thread_id = 139887853844224, last time delay.time = 10, now count = 981, i = 4
2023-01-11 18:11:17.906  75 80 I channel139887845451520 self_thread_id = 139887845451520, last time delay.time = 11, now count = 987
2023-01-11 18:11:17.906  75 79 I channel139887853844224 self_thread_id = 139887853844224, last time delay.time = 10, now count = 981, i = 4
2023-01-11 18:11:17.906  75 79 W channel139887853844224 self_thread_id = 139887853844224, last time delay.time = 10, now count = 981, i = 4
2023-01-11 18:11:17.906  75 79 E channel139887853844224 self_thread_id = 139887853844224, last time delay.time = 10, now count = 981, i = 4
2023-01-11 18:11:17.906  75 79 I channel139887853844224 self_thread_id = 139887853844224, last time delay.time = 10, now count = 988
2023-01-11 18:11:17.906  75 84 I channel139887604913920 self_thread_id = 139887604913920, last time delay.time = 8, now count = 983, i = 4
2023-01-11 18:11:17.906  75 81 I channel139887837058816 self_thread_id = 139887837058816, last time delay.time = 8, now count = 984, i = 4
2023-01-11 18:11:17.906  75 77 I channel139887870629632 self_thread_id = 139887870629632, last time delay.time = 8, now count = 982, i = 4
2023-01-11 18:11:17.906  75 81 I channel139887837058816 self_thread_id = 139887837058816, last time delay.time = 8, now count = 984, i = 4
2023-01-11 18:11:17.906  75 77 I channel139887870629632 self_thread_id = 139887870629632, last time delay.time = 8, now count = 982, i = 4
2023-01-11 18:11:17.906  75 77 W channel139887870629632 self_thread_id = 139887870629632, last time delay.time = 8, now count = 982, i = 4
2023-01-11 18:11:17.906  75 84 I channel139887604913920 self_thread_id = 139887604913920, last time delay.time = 8, now count = 983, i = 4
2023-01-11 18:11:17.906  75 81 W channel139887837058816 self_thread_id = 139887837058816, last time delay.time = 8, now count = 984, i = 4
2023-01-11 18:11:17.906  75 77 E channel139887870629632 self_thread_id = 139887870629632, last time delay.time = 8, now count = 982, i = 4
2023-01-11 18:11:17.906  75 77 I channel139887870629632 self_thread_id = 139887870629632, last time delay.time = 8, now count = 989
2023-01-11 18:11:17.906  75 81 E channel139887837058816 self_thread_id = 139887837058816, last time delay.time = 8, now count = 984, i = 4
2023-01-11 18:11:17.906  75 84 W channel139887604913920 self_thread_id = 139887604913920, last time delay.time = 8, now count = 983, i = 4
2023-01-11 18:11:17.906  75 81 I channel139887837058816 self_thread_id = 139887837058816, last time delay.time = 8, now count = 990
2023-01-11 18:11:17.906  75 84 E channel139887604913920 self_thread_id = 139887604913920, last time delay.time = 8, now count = 983, i = 4
2023-01-11 18:11:17.906  75 84 I channel139887604913920 self_thread_id = 139887604913920, last time delay.time = 8, now count = 991
2023-01-11 18:11:17.907  75 82 I channel139887621699328 self_thread_id = 139887621699328, last time delay.time = 11, now count = 979, i = 4
2023-01-11 18:11:17.907  75 82 I channel139887621699328 self_thread_id = 139887621699328, last time delay.time = 11, now count = 979, i = 4
2023-01-11 18:11:17.907  75 82 W channel139887621699328 self_thread_id = 139887621699328, last time delay.time = 11, now count = 979, i = 4
2023-01-11 18:11:17.907  75 82 E channel139887621699328 self_thread_id = 139887621699328, last time delay.time = 11, now count = 979, i = 4
2023-01-11 18:11:17.907  75 82 I channel139887621699328 self_thread_id = 139887621699328, last time delay.time = 11, now count = 992
2023-01-11 18:11:18.906  75 83 I channel139887613306624 self_thread_id = 139887613306624, last time delay.time = 7, now count = 985, i = 0
2023-01-11 18:11:18.906  75 83 I channel139887613306624 self_thread_id = 139887613306624, last time delay.time = 7, now count = 985, i = 0
2023-01-11 18:11:18.906  75 83 W channel139887613306624 self_thread_id = 139887613306624, last time delay.time = 7, now count = 985, i = 0
2023-01-11 18:11:18.906  75 83 E channel139887613306624 self_thread_id = 139887613306624, last time delay.time = 7, now count = 985, i = 0
2023-01-11 18:11:18.906  75 78 I channel139887862236928 self_thread_id = 139887862236928, last time delay.time = 8, now count = 986, i = 0
2023-01-11 18:11:18.906  75 78 I channel139887862236928 self_thread_id = 139887862236928, last time delay.time = 8, now count = 986, i = 0
2023-01-11 18:11:18.906  75 78 W channel139887862236928 self_thread_id = 139887862236928, last time delay.time = 8, now count = 986, i = 0
2023-01-11 18:11:18.906  75 78 E channel139887862236928 self_thread_id = 139887862236928, last time delay.time = 8, now count = 986, i = 0
2023-01-11 18:11:18.906  75 80 I channel139887845451520 self_thread_id = 139887845451520, last time delay.time = 37, now count = 987, i = 0
2023-01-11 18:11:18.906  75 80 I channel139887845451520 self_thread_id = 139887845451520, last time delay.time = 37, now count = 987, i = 0
2023-01-11 18:11:18.906  75 80 W channel139887845451520 self_thread_id = 139887845451520, last time delay.time = 37, now count = 987, i = 0
2023-01-11 18:11:18.906  75 80 E channel139887845451520 self_thread_id = 139887845451520, last time delay.time = 37, now count = 987, i = 0
2023-01-11 18:11:18.906  75 79 I channel139887853844224 self_thread_id = 139887853844224, last time delay.time = 14, now count = 988, i = 0
2023-01-11 18:11:18.906  75 79 I channel139887853844224 self_thread_id = 139887853844224, last time delay.time = 14, now count = 988, i = 0
2023-01-11 18:11:18.906  75 79 W channel139887853844224 self_thread_id = 139887853844224, last time delay.time = 14, now count = 988, i = 0
2023-01-11 18:11:18.906  75 79 E channel139887853844224 self_thread_id = 139887853844224, last time delay.time = 14, now count = 988, i = 0
2023-01-11 18:11:18.907  75 77 I channel139887870629632 self_thread_id = 139887870629632, last time delay.time = 12, now count = 989, i = 0
2023-01-11 18:11:18.907  75 77 I channel139887870629632 self_thread_id = 139887870629632, last time delay.time = 12, now count = 989, i = 0
2023-01-11 18:11:18.907  75 84 I channel139887604913920 self_thread_id = 139887604913920, last time delay.time = 12, now count = 991, i = 0
2023-01-11 18:11:18.907  75 77 W channel139887870629632 self_thread_id = 139887870629632, last time delay.time = 12, now count = 989, i = 0
2023-01-11 18:11:18.907  75 84 I channel139887604913920 self_thread_id = 139887604913920, last time delay.time = 12, now count = 991, i = 0
2023-01-11 18:11:18.907  75 81 I channel139887837058816 self_thread_id = 139887837058816, last time delay.time = 15, now count = 990, i = 0
2023-01-11 18:11:18.907  75 77 E channel139887870629632 self_thread_id = 139887870629632, last time delay.time = 12, now count = 989, i = 0
2023-01-11 18:11:18.907  75 84 W channel139887604913920 self_thread_id = 139887604913920, last time delay.time = 12, now count = 991, i = 0
2023-01-11 18:11:18.907  75 81 I channel139887837058816 self_thread_id = 139887837058816, last time delay.time = 15, now count = 990, i = 0
2023-01-11 18:11:18.907  75 84 E channel139887604913920 self_thread_id = 139887604913920, last time delay.time = 12, now count = 991, i = 0
2023-01-11 18:11:18.907  75 81 W channel139887837058816 self_thread_id = 139887837058816, last time delay.time = 15, now count = 990, i = 0
2023-01-11 18:11:18.907  75 82 I channel139887621699328 self_thread_id = 139887621699328, last time delay.time = 7, now count = 992, i = 0
2023-01-11 18:11:18.907  75 81 E channel139887837058816 self_thread_id = 139887837058816, last time delay.time = 15, now count = 990, i = 0
2023-01-11 18:11:18.907  75 82 I channel139887621699328 self_thread_id = 139887621699328, last time delay.time = 7, now count = 992, i = 0
2023-01-11 18:11:18.907  75 82 W channel139887621699328 self_thread_id = 139887621699328, last time delay.time = 7, now count = 992, i = 0
2023-01-11 18:11:18.907  75 82 E channel139887621699328 self_thread_id = 139887621699328, last time delay.time = 7, now count = 992, i = 0
2023-01-11 18:11:19.906  75 83 I channel139887613306624 self_thread_id = 139887613306624, last time delay.time = 7, now count = 985, i = 1
2023-01-11 18:11:19.906  75 83 I channel139887613306624 self_thread_id = 139887613306624, last time delay.time = 7, now count = 985, i = 1
2023-01-11 18:11:19.906  75 83 W channel139887613306624 self_thread_id = 139887613306624, last time delay.time = 7, now count = 985, i = 1
2023-01-11 18:11:19.906  75 83 E channel139887613306624 self_thread_id = 139887613306624, last time delay.time = 7, now count = 985, i = 1
2023-01-11 18:11:19.906  75 78 I channel139887862236928 self_thread_id = 139887862236928, last time delay.time = 8, now count = 986, i = 1
2023-01-11 18:11:19.906  75 78 I channel139887862236928 self_thread_id = 139887862236928, last time delay.time = 8, now count = 986, i = 1
2023-01-11 18:11:19.906  75 78 W channel139887862236928 self_thread_id = 139887862236928, last time delay.time = 8, now count = 986, i = 1
2023-01-11 18:11:19.906  75 78 E channel139887862236928 self_thread_id = 139887862236928, last time delay.time = 8, now count = 986, i = 1
2023-01-11 18:11:19.907  75 80 I channel139887845451520 self_thread_id = 139887845451520, last time delay.time = 37, now count = 987, i = 1
2023-01-11 18:11:19.907  75 80 I channel139887845451520 self_thread_id = 139887845451520, last time delay.time = 37, now count = 987, i = 1
2023-01-11 18:11:19.907  75 80 W channel139887845451520 self_thread_id = 139887845451520, last time delay.time = 37, now count = 987, i = 1
2023-01-11 18:11:19.907  75 80 E channel139887845451520 self_thread_id = 139887845451520, last time delay.time = 37, now count = 987, i = 1
2023-01-11 18:11:19.907  75 79 I channel139887853844224 self_thread_id = 139887853844224, last time delay.time = 14, now count = 988, i = 1
2023-01-11 18:11:19.907  75 79 I channel139887853844224 self_thread_id = 139887853844224, last time delay.time = 14, now count = 988, i = 1
2023-01-11 18:11:19.907  75 79 W channel139887853844224 self_thread_id = 139887853844224, last time delay.time = 14, now count = 988, i = 1
2023-01-11 18:11:19.907  75 79 E channel139887853844224 self_thread_id = 139887853844224, last time delay.time = 14, now count = 988, i = 1
2023-01-11 18:11:19.907  75 84 I channel139887604913920 self_thread_id = 139887604913920, last time delay.time = 12, now count = 991, i = 1
2023-01-11 18:11:19.907  75 77 I channel139887870629632 self_thread_id = 139887870629632, last time delay.time = 12, now count = 989, i = 1
2023-01-11 18:11:19.907  75 84 I channel139887604913920 self_thread_id = 139887604913920, last time delay.time = 12, now count = 991, i = 1
2023-01-11 18:11:19.907  75 77 I channel139887870629632 self_thread_id = 139887870629632, last time delay.time = 12, now count = 989, i = 1
2023-01-11 18:11:19.907  75 84 W channel139887604913920 self_thread_id = 139887604913920, last time delay.time = 12, now count = 991, i = 1
2023-01-11 18:11:19.907  75 77 W channel139887870629632 self_thread_id = 139887870629632, last time delay.time = 12, now count = 989, i = 1
2023-01-11 18:11:19.907  75 77 E channel139887870629632 self_thread_id = 139887870629632, last time delay.time = 12, now count = 989, i = 1
2023-01-11 18:11:19.907  75 84 E channel139887604913920 self_thread_id = 139887604913920, last time delay.time = 12, now count = 991, i = 1
2023-01-11 18:11:19.907  75 82 I channel139887621699328 self_thread_id = 139887621699328, last time delay.time = 7, now count = 992, i = 1
2023-01-11 18:11:19.907  75 82 I channel139887621699328 self_thread_id = 139887621699328, last time delay.time = 7, now count = 992, i = 1
2023-01-11 18:11:19.907  75 81 I channel139887837058816 self_thread_id = 139887837058816, last time delay.time = 15, now count = 990, i = 1
2023-01-11 18:11:19.907  75 82 W channel139887621699328 self_thread_id = 139887621699328, last time delay.time = 7, now count = 992, i = 1
2023-01-11 18:11:19.907  75 82 E channel139887621699328 self_thread_id = 139887621699328, last time delay.time = 7, now count = 992, i = 1
2023-01-11 18:11:19.907  75 81 I channel139887837058816 self_thread_id = 139887837058816, last time delay.time = 15, now count = 990, i = 1
2023-01-11 18:11:19.907  75 81 W channel139887837058816 self_thread_id = 139887837058816, last time delay.time = 15, now count = 990, i = 1
2023-01-11 18:11:19.907  75 81 E channel139887837058816 self_thread_id = 139887837058816, last time delay.time = 15, now count = 990, i = 1
2023-01-11 18:11:20.906  75 83 I channel139887613306624 self_thread_id = 139887613306624, last time delay.time = 7, now count = 985, i = 2
2023-01-11 18:11:20.906  75 83 I channel139887613306624 self_thread_id = 139887613306624, last time delay.time = 7, now count = 985, i = 2
2023-01-11 18:11:20.906  75 83 W channel139887613306624 self_thread_id = 139887613306624, last time delay.time = 7, now count = 985, i = 2
2023-01-11 18:11:20.906  75 83 E channel139887613306624 self_thread_id = 139887613306624, last time delay.time = 7, now count = 985, i = 2
2023-01-11 18:11:20.907  75 78 I channel139887862236928 self_thread_id = 139887862236928, last time delay.time = 8, now count = 986, i = 2
2023-01-11 18:11:20.907  75 78 I channel139887862236928 self_thread_id = 139887862236928, last time delay.time = 8, now count = 986, i = 2
2023-01-11 18:11:20.907  75 78 W channel139887862236928 self_thread_id = 139887862236928, last time delay.time = 8, now count = 986, i = 2
2023-01-11 18:11:20.907  75 78 E channel139887862236928 self_thread_id = 139887862236928, last time delay.time = 8, now count = 986, i = 2
2023-01-11 18:11:20.907  75 80 I channel139887845451520 self_thread_id = 139887845451520, last time delay.time = 37, now count = 987, i = 2
2023-01-11 18:11:20.907  75 80 I channel139887845451520 self_thread_id = 139887845451520, last time delay.time = 37, now count = 987, i = 2
2023-01-11 18:11:20.907  75 80 W channel139887845451520 self_thread_id = 139887845451520, last time delay.time = 37, now count = 987, i = 2
2023-01-11 18:11:20.907  75 80 E channel139887845451520 self_thread_id = 139887845451520, last time delay.time = 37, now count = 987, i = 2
2023-01-11 18:11:20.907  75 79 I channel139887853844224 self_thread_id = 139887853844224, last time delay.time = 14, now count = 988, i = 2
2023-01-11 18:11:20.907  75 79 I channel139887853844224 self_thread_id = 139887853844224, last time delay.time = 14, now count = 988, i = 2
2023-01-11 18:11:20.907  75 79 W channel139887853844224 self_thread_id = 139887853844224, last time delay.time = 14, now count = 988, i = 2
2023-01-11 18:11:20.907  75 79 E channel139887853844224 self_thread_id = 139887853844224, last time delay.time = 14, now count = 988, i = 2
2023-01-11 18:11:20.907  75 77 I channel139887870629632 self_thread_id = 139887870629632, last time delay.time = 12, now count = 989, i = 2
2023-01-11 18:11:20.907  75 77 I channel139887870629632 self_thread_id = 139887870629632, last time delay.time = 12, now count = 989, i = 2
2023-01-11 18:11:20.907  75 77 W channel139887870629632 self_thread_id = 139887870629632, last time delay.time = 12, now count = 989, i = 2
2023-01-11 18:11:20.907  75 77 E channel139887870629632 self_thread_id = 139887870629632, last time delay.time = 12, now count = 989, i = 2
2023-01-11 18:11:20.907  75 84 I channel139887604913920 self_thread_id = 139887604913920, last time delay.time = 12, now count = 991, i = 2
2023-01-11 18:11:20.907  75 84 I channel139887604913920 self_thread_id = 139887604913920, last time delay.time = 12, now count = 991, i = 2
2023-01-11 18:11:20.907  75 84 W channel139887604913920 self_thread_id = 139887604913920, last time delay.time = 12, now count = 991, i = 2
2023-01-11 18:11:20.907  75 84 E channel139887604913920 self_thread_id = 139887604913920, last time delay.time = 12, now count = 991, i = 2
2023-01-11 18:11:20.907  75 82 I channel139887621699328 self_thread_id = 139887621699328, last time delay.time = 7, now count = 992, i = 2
2023-01-11 18:11:20.907  75 81 I channel139887837058816 self_thread_id = 139887837058816, last time delay.time = 15, now count = 990, i = 2
2023-01-11 18:11:20.907  75 82 I channel139887621699328 self_thread_id = 139887621699328, last time delay.time = 7, now count = 992, i = 2
2023-01-11 18:11:20.907  75 82 W channel139887621699328 self_thread_id = 139887621699328, last time delay.time = 7, now count = 992, i = 2
2023-01-11 18:11:20.907  75 81 I channel139887837058816 self_thread_id = 139887837058816, last time delay.time = 15, now count = 990, i = 2
2023-01-11 18:11:20.907  75 82 E channel139887621699328 self_thread_id = 139887621699328, last time delay.time = 7, now count = 992, i = 2
2023-01-11 18:11:20.907  75 81 W channel139887837058816 self_thread_id = 139887837058816, last time delay.time = 15, now count = 990, i = 2
2023-01-11 18:11:20.907  75 81 E channel139887837058816 self_thread_id = 139887837058816, last time delay.time = 15, now count = 990, i = 2
2023-01-11 18:11:21.906  75 83 I channel139887613306624 self_thread_id = 139887613306624, last time delay.time = 7, now count = 985, i = 3
2023-01-11 18:11:21.906  75 83 I channel139887613306624 self_thread_id = 139887613306624, last time delay.time = 7, now count = 985, i = 3
2023-01-11 18:11:21.906  75 83 W channel139887613306624 self_thread_id = 139887613306624, last time delay.time = 7, now count = 985, i = 3
2023-01-11 18:11:21.906  75 83 E channel139887613306624 self_thread_id = 139887613306624, last time delay.time = 7, now count = 985, i = 3
2023-01-11 18:11:21.907  75 78 I channel139887862236928 self_thread_id = 139887862236928, last time delay.time = 8, now count = 986, i = 3
2023-01-11 18:11:21.907  75 78 I channel139887862236928 self_thread_id = 139887862236928, last time delay.time = 8, now count = 986, i = 3
2023-01-11 18:11:21.907  75 78 W channel139887862236928 self_thread_id = 139887862236928, last time delay.time = 8, now count = 986, i = 3
2023-01-11 18:11:21.907  75 78 E channel139887862236928 self_thread_id = 139887862236928, last time delay.time = 8, now count = 986, i = 3
2023-01-11 18:11:21.907  75 79 I channel139887853844224 self_thread_id = 139887853844224, last time delay.time = 14, now count = 988, i = 3
2023-01-11 18:11:21.907  75 79 I channel139887853844224 self_thread_id = 139887853844224, last time delay.time = 14, now count = 988, i = 3
2023-01-11 18:11:21.907  75 79 W channel139887853844224 self_thread_id = 139887853844224, last time delay.time = 14, now count = 988, i = 3
2023-01-11 18:11:21.907  75 80 I channel139887845451520 self_thread_id = 139887845451520, last time delay.time = 37, now count = 987, i = 3
2023-01-11 18:11:21.907  75 79 E channel139887853844224 self_thread_id = 139887853844224, last time delay.time = 14, now count = 988, i = 3
2023-01-11 18:11:21.907  75 80 I channel139887845451520 self_thread_id = 139887845451520, last time delay.time = 37, now count = 987, i = 3
2023-01-11 18:11:21.907  75 80 W channel139887845451520 self_thread_id = 139887845451520, last time delay.time = 37, now count = 987, i = 3
2023-01-11 18:11:21.907  75 80 E channel139887845451520 self_thread_id = 139887845451520, last time delay.time = 37, now count = 987, i = 3
2023-01-11 18:11:21.907  75 77 I channel139887870629632 self_thread_id = 139887870629632, last time delay.time = 12, now count = 989, i = 3
2023-01-11 18:11:21.907  75 77 I channel139887870629632 self_thread_id = 139887870629632, last time delay.time = 12, now count = 989, i = 3
2023-01-11 18:11:21.907  75 77 W channel139887870629632 self_thread_id = 139887870629632, last time delay.time = 12, now count = 989, i = 3
2023-01-11 18:11:21.907  75 77 E channel139887870629632 self_thread_id = 139887870629632, last time delay.time = 12, now count = 989, i = 3
2023-01-11 18:11:21.907  75 84 I channel139887604913920 self_thread_id = 139887604913920, last time delay.time = 12, now count = 991, i = 3
2023-01-11 18:11:21.907  75 84 I channel139887604913920 self_thread_id = 139887604913920, last time delay.time = 12, now count = 991, i = 3
2023-01-11 18:11:21.907  75 84 W channel139887604913920 self_thread_id = 139887604913920, last time delay.time = 12, now count = 991, i = 3
2023-01-11 18:11:21.907  75 84 E channel139887604913920 self_thread_id = 139887604913920, last time delay.time = 12, now count = 991, i = 3
2023-01-11 18:11:21.907  75 81 I channel139887837058816 self_thread_id = 139887837058816, last time delay.time = 15, now count = 990, i = 3
2023-01-11 18:11:21.907  75 81 I channel139887837058816 self_thread_id = 139887837058816, last time delay.time = 15, now count = 990, i = 3
2023-01-11 18:11:21.907  75 81 W channel139887837058816 self_thread_id = 139887837058816, last time delay.time = 15, now count = 990, i = 3
2023-01-11 18:11:21.907  75 82 I channel139887621699328 self_thread_id = 139887621699328, last time delay.time = 7, now count = 992, i = 3
2023-01-11 18:11:21.907  75 81 E channel139887837058816 self_thread_id = 139887837058816, last time delay.time = 15, now count = 990, i = 3
2023-01-11 18:11:21.907  75 82 I channel139887621699328 self_thread_id = 139887621699328, last time delay.time = 7, now count = 992, i = 3
2023-01-11 18:11:21.907  75 82 W channel139887621699328 self_thread_id = 139887621699328, last time delay.time = 7, now count = 992, i = 3
2023-01-11 18:11:21.907  75 82 E channel139887621699328 self_thread_id = 139887621699328, last time delay.time = 7, now count = 992, i = 3
2023-01-11 18:11:22.907  75 83 I channel139887613306624 self_thread_id = 139887613306624, last time delay.time = 7, now count = 985, i = 4
2023-01-11 18:11:22.907  75 83 I channel139887613306624 self_thread_id = 139887613306624, last time delay.time = 7, now count = 985, i = 4
2023-01-11 18:11:22.907  75 83 W channel139887613306624 self_thread_id = 139887613306624, last time delay.time = 7, now count = 985, i = 4
2023-01-11 18:11:22.907  75 83 E channel139887613306624 self_thread_id = 139887613306624, last time delay.time = 7, now count = 985, i = 4
2023-01-11 18:11:22.907  75 83 I channel139887613306624 self_thread_id = 139887613306624, last time delay.time = 7, now count = 993
2023-01-11 18:11:22.907  75 78 I channel139887862236928 self_thread_id = 139887862236928, last time delay.time = 8, now count = 986, i = 4
2023-01-11 18:11:22.907  75 78 I channel139887862236928 self_thread_id = 139887862236928, last time delay.time = 8, now count = 986, i = 4
2023-01-11 18:11:22.907  75 78 W channel139887862236928 self_thread_id = 139887862236928, last time delay.time = 8, now count = 986, i = 4
2023-01-11 18:11:22.907  75 78 E channel139887862236928 self_thread_id = 139887862236928, last time delay.time = 8, now count = 986, i = 4
2023-01-11 18:11:22.907  75 78 I channel139887862236928 self_thread_id = 139887862236928, last time delay.time = 8, now count = 994
2023-01-11 18:11:22.907  75 79 I channel139887853844224 self_thread_id = 139887853844224, last time delay.time = 14, now count = 988, i = 4
2023-01-11 18:11:22.907  75 80 I channel139887845451520 self_thread_id = 139887845451520, last time delay.time = 37, now count = 987, i = 4
2023-01-11 18:11:22.907  75 79 I channel139887853844224 self_thread_id = 139887853844224, last time delay.time = 14, now count = 988, i = 4
2023-01-11 18:11:22.907  75 80 I channel139887845451520 self_thread_id = 139887845451520, last time delay.time = 37, now count = 987, i = 4
2023-01-11 18:11:22.907  75 79 W channel139887853844224 self_thread_id = 139887853844224, last time delay.time = 14, now count = 988, i = 4
2023-01-11 18:11:22.907  75 80 W channel139887845451520 self_thread_id = 139887845451520, last time delay.time = 37, now count = 987, i = 4
2023-01-11 18:11:22.907  75 79 E channel139887853844224 self_thread_id = 139887853844224, last time delay.time = 14, now count = 988, i = 4
2023-01-11 18:11:22.907  75 80 E channel139887845451520 self_thread_id = 139887845451520, last time delay.time = 37, now count = 987, i = 4
2023-01-11 18:11:22.907  75 79 I channel139887853844224 self_thread_id = 139887853844224, last time delay.time = 14, now count = 995
2023-01-11 18:11:22.907  75 80 I channel139887845451520 self_thread_id = 139887845451520, last time delay.time = 37, now count = 996
2023-01-11 18:11:22.907  75 77 I channel139887870629632 self_thread_id = 139887870629632, last time delay.time = 12, now count = 989, i = 4
2023-01-11 18:11:22.907  75 77 I channel139887870629632 self_thread_id = 139887870629632, last time delay.time = 12, now count = 989, i = 4
2023-01-11 18:11:22.907  75 77 W channel139887870629632 self_thread_id = 139887870629632, last time delay.time = 12, now count = 989, i = 4
2023-01-11 18:11:22.907  75 84 I channel139887604913920 self_thread_id = 139887604913920, last time delay.time = 12, now count = 991, i = 4
2023-01-11 18:11:22.907  75 77 E channel139887870629632 self_thread_id = 139887870629632, last time delay.time = 12, now count = 989, i = 4
2023-01-11 18:11:22.907  75 77 I channel139887870629632 self_thread_id = 139887870629632, last time delay.time = 12, now count = 997
2023-01-11 18:11:22.907  75 84 I channel139887604913920 self_thread_id = 139887604913920, last time delay.time = 12, now count = 991, i = 4
2023-01-11 18:11:22.907  75 84 W channel139887604913920 self_thread_id = 139887604913920, last time delay.time = 12, now count = 991, i = 4
2023-01-11 18:11:22.907  75 84 E channel139887604913920 self_thread_id = 139887604913920, last time delay.time = 12, now count = 991, i = 4
2023-01-11 18:11:22.907  75 84 I channel139887604913920 self_thread_id = 139887604913920, last time delay.time = 12, now count = 998
2023-01-11 18:11:22.907  75 81 I channel139887837058816 self_thread_id = 139887837058816, last time delay.time = 15, now count = 990, i = 4
2023-01-11 18:11:22.907  75 81 I channel139887837058816 self_thread_id = 139887837058816, last time delay.time = 15, now count = 990, i = 4
2023-01-11 18:11:22.907  75 81 W channel139887837058816 self_thread_id = 139887837058816, last time delay.time = 15, now count = 990, i = 4
2023-01-11 18:11:22.907  75 81 E channel139887837058816 self_thread_id = 139887837058816, last time delay.time = 15, now count = 990, i = 4
2023-01-11 18:11:22.907  75 82 I channel139887621699328 self_thread_id = 139887621699328, last time delay.time = 7, now count = 992, i = 4
2023-01-11 18:11:22.907  75 81 I channel139887837058816 self_thread_id = 139887837058816, last time delay.time = 15, now count = 999
2023-01-11 18:11:22.908  75 82 I channel139887621699328 self_thread_id = 139887621699328, last time delay.time = 7, now count = 992, i = 4
2023-01-11 18:11:22.908  75 82 W channel139887621699328 self_thread_id = 139887621699328, last time delay.time = 7, now count = 992, i = 4
2023-01-11 18:11:22.908  75 82 E channel139887621699328 self_thread_id = 139887621699328, last time delay.time = 7, now count = 992, i = 4
2023-01-11 18:11:22.908  75 82 I channel139887621699328 self_thread_id = 139887621699328, last time delay.time = 7, now count = 0
2023-01-11 18:11:23.907  75 83 I channel139887613306624 self_thread_id = 139887613306624, last time delay.time = 8, now count = 993, i = 0
2023-01-11 18:11:23.907  75 83 I channel139887613306624 self_thread_id = 139887613306624, last time delay.time = 8, now count = 993, i = 0
2023-01-11 18:11:23.907  75 83 W channel139887613306624 self_thread_id = 139887613306624, last time delay.time = 8, now count = 993, i = 0
2023-01-11 18:11:23.907  75 83 E channel139887613306624 self_thread_id = 139887613306624, last time delay.time = 8, now count = 993, i = 0
2023-01-11 18:11:23.907  75 78 I channel139887862236928 self_thread_id = 139887862236928, last time delay.time = 8, now count = 994, i = 0
2023-01-11 18:11:23.907  75 78 I channel139887862236928 self_thread_id = 139887862236928, last time delay.time = 8, now count = 994, i = 0
2023-01-11 18:11:23.907  75 78 W channel139887862236928 self_thread_id = 139887862236928, last time delay.time = 8, now count = 994, i = 0
2023-01-11 18:11:23.907  75 78 E channel139887862236928 self_thread_id = 139887862236928, last time delay.time = 8, now count = 994, i = 0
2023-01-11 18:11:23.907  75 79 I channel139887853844224 self_thread_id = 139887853844224, last time delay.time = 9, now count = 995, i = 0
2023-01-11 18:11:23.907  75 79 I channel139887853844224 self_thread_id = 139887853844224, last time delay.time = 9, now count = 995, i = 0
2023-01-11 18:11:23.907  75 80 I channel139887845451520 self_thread_id = 139887845451520, last time delay.time = 10, now count = 996, i = 0
2023-01-11 18:11:23.907  75 79 W channel139887853844224 self_thread_id = 139887853844224, last time delay.time = 9, now count = 995, i = 0
2023-01-11 18:11:23.907  75 80 I channel139887845451520 self_thread_id = 139887845451520, last time delay.time = 10, now count = 996, i = 0
2023-01-11 18:11:23.907  75 79 E channel139887853844224 self_thread_id = 139887853844224, last time delay.time = 9, now count = 995, i = 0
2023-01-11 18:11:23.907  75 80 W channel139887845451520 self_thread_id = 139887845451520, last time delay.time = 10, now count = 996, i = 0
2023-01-11 18:11:23.907  75 80 E channel139887845451520 self_thread_id = 139887845451520, last time delay.time = 10, now count = 996, i = 0
2023-01-11 18:11:23.908  75 77 I channel139887870629632 self_thread_id = 139887870629632, last time delay.time = 10, now count = 997, i = 0
2023-01-11 18:11:23.908  75 77 I channel139887870629632 self_thread_id = 139887870629632, last time delay.time = 10, now count = 997, i = 0
2023-01-11 18:11:23.908  75 84 I channel139887604913920 self_thread_id = 139887604913920, last time delay.time = 9, now count = 998, i = 0
2023-01-11 18:11:23.908  75 77 W channel139887870629632 self_thread_id = 139887870629632, last time delay.time = 10, now count = 997, i = 0
2023-01-11 18:11:23.908  75 77 E channel139887870629632 self_thread_id = 139887870629632, last time delay.time = 10, now count = 997, i = 0
2023-01-11 18:11:23.908  75 84 I channel139887604913920 self_thread_id = 139887604913920, last time delay.time = 9, now count = 998, i = 0
2023-01-11 18:11:23.908  75 84 W channel139887604913920 self_thread_id = 139887604913920, last time delay.time = 9, now count = 998, i = 0
2023-01-11 18:11:23.908  75 81 I channel139887837058816 self_thread_id = 139887837058816, last time delay.time = 10, now count = 999, i = 0
2023-01-11 18:11:23.908  75 84 E channel139887604913920 self_thread_id = 139887604913920, last time delay.time = 9, now count = 998, i = 0
2023-01-11 18:11:23.908  75 81 I channel139887837058816 self_thread_id = 139887837058816, last time delay.time = 10, now count = 999, i = 0
2023-01-11 18:11:23.908  75 81 W channel139887837058816 self_thread_id = 139887837058816, last time delay.time = 10, now count = 999, i = 0
2023-01-11 18:11:23.908  75 81 E channel139887837058816 self_thread_id = 139887837058816, last time delay.time = 10, now count = 999, i = 0
2023-01-11 18:11:23.908  75 82 I channel139887621699328 self_thread_id = 139887621699328, last time delay.time = 8, now count = 0, i = 0
2023-01-11 18:11:23.908  75 82 I channel139887621699328 self_thread_id = 139887621699328, last time delay.time = 8, now count = 0, i = 0
2023-01-11 18:11:23.908  75 82 W channel139887621699328 self_thread_id = 139887621699328, last time delay.time = 8, now count = 0, i = 0
2023-01-11 18:11:23.908  75 82 E channel139887621699328 self_thread_id = 139887621699328, last time delay.time = 8, now count = 0, i = 0
2023-01-11 18:11:24.907  75 83 I channel139887613306624 self_thread_id = 139887613306624, last time delay.time = 8, now count = 993, i = 1
2023-01-11 18:11:24.907  75 83 I channel139887613306624 self_thread_id = 139887613306624, last time delay.time = 8, now count = 993, i = 1
2023-01-11 18:11:24.907  75 83 W channel139887613306624 self_thread_id = 139887613306624, last time delay.time = 8, now count = 993, i = 1
2023-01-11 18:11:24.907  75 83 E channel139887613306624 self_thread_id = 139887613306624, last time delay.time = 8, now count = 993, i = 1
2023-01-11 18:11:24.907  75 78 I channel139887862236928 self_thread_id = 139887862236928, last time delay.time = 8, now count = 994, i = 1
2023-01-11 18:11:24.907  75 78 I channel139887862236928 self_thread_id = 139887862236928, last time delay.time = 8, now count = 994, i = 1
2023-01-11 18:11:24.907  75 78 W channel139887862236928 self_thread_id = 139887862236928, last time delay.time = 8, now count = 994, i = 1
2023-01-11 18:11:24.907  75 78 E channel139887862236928 self_thread_id = 139887862236928, last time delay.time = 8, now count = 994, i = 1
2023-01-11 18:11:24.908  75 79 I channel139887853844224 self_thread_id = 139887853844224, last time delay.time = 9, now count = 995, i = 1
2023-01-11 18:11:24.908  75 79 I channel139887853844224 self_thread_id = 139887853844224, last time delay.time = 9, now count = 995, i = 1
2023-01-11 18:11:24.908  75 79 W channel139887853844224 self_thread_id = 139887853844224, last time delay.time = 9, now count = 995, i = 1
2023-01-11 18:11:24.908  75 79 E channel139887853844224 self_thread_id = 139887853844224, last time delay.time = 9, now count = 995, i = 1
2023-01-11 18:11:24.908  75 80 I channel139887845451520 self_thread_id = 139887845451520, last time delay.time = 10, now count = 996, i = 1
2023-01-11 18:11:24.908  75 80 I channel139887845451520 self_thread_id = 139887845451520, last time delay.time = 10, now count = 996, i = 1
2023-01-11 18:11:24.908  75 80 W channel139887845451520 self_thread_id = 139887845451520, last time delay.time = 10, now count = 996, i = 1
2023-01-11 18:11:24.908  75 80 E channel139887845451520 self_thread_id = 139887845451520, last time delay.time = 10, now count = 996, i = 1
2023-01-11 18:11:24.908  75 77 I channel139887870629632 self_thread_id = 139887870629632, last time delay.time = 10, now count = 997, i = 1
2023-01-11 18:11:24.908  75 77 I channel139887870629632 self_thread_id = 139887870629632, last time delay.time = 10, now count = 997, i = 1
2023-01-11 18:11:24.908  75 77 W channel139887870629632 self_thread_id = 139887870629632, last time delay.time = 10, now count = 997, i = 1
2023-01-11 18:11:24.908  75 77 E channel139887870629632 self_thread_id = 139887870629632, last time delay.time = 10, now count = 997, i = 1
2023-01-11 18:11:24.908  75 84 I channel139887604913920 self_thread_id = 139887604913920, last time delay.time = 9, now count = 998, i = 1
2023-01-11 18:11:24.908  75 84 I channel139887604913920 self_thread_id = 139887604913920, last time delay.time = 9, now count = 998, i = 1
2023-01-11 18:11:24.908  75 84 W channel139887604913920 self_thread_id = 139887604913920, last time delay.time = 9, now count = 998, i = 1
2023-01-11 18:11:24.908  75 81 I channel139887837058816 self_thread_id = 139887837058816, last time delay.time = 10, now count = 999, i = 1
2023-01-11 18:11:24.908  75 84 E channel139887604913920 self_thread_id = 139887604913920, last time delay.time = 9, now count = 998, i = 1
2023-01-11 18:11:24.908  75 81 I channel139887837058816 self_thread_id = 139887837058816, last time delay.time = 10, now count = 999, i = 1
2023-01-11 18:11:24.908  75 81 W channel139887837058816 self_thread_id = 139887837058816, last time delay.time = 10, now count = 999, i = 1
2023-01-11 18:11:24.908  75 81 E channel139887837058816 self_thread_id = 139887837058816, last time delay.time = 10, now count = 999, i = 1
2023-01-11 18:11:24.908  75 82 I channel139887621699328 self_thread_id = 139887621699328, last time delay.time = 8, now count = 0, i = 1
2023-01-11 18:11:24.908  75 82 I channel139887621699328 self_thread_id = 139887621699328, last time delay.time = 8, now count = 0, i = 1
2023-01-11 18:11:24.908  75 82 W channel139887621699328 self_thread_id = 139887621699328, last time delay.time = 8, now count = 0, i = 1
2023-01-11 18:11:24.908  75 82 E channel139887621699328 self_thread_id = 139887621699328, last time delay.time = 8, now count = 0, i = 1
2023-01-11 18:11:25.907  75 83 I channel139887613306624 self_thread_id = 139887613306624, last time delay.time = 8, now count = 993, i = 2
2023-01-11 18:11:25.907  75 83 I channel139887613306624 self_thread_id = 139887613306624, last time delay.time = 8, now count = 993, i = 2
2023-01-11 18:11:25.907  75 83 W channel139887613306624 self_thread_id = 139887613306624, last time delay.time = 8, now count = 993, i = 2
2023-01-11 18:11:25.907  75 83 E channel139887613306624 self_thread_id = 139887613306624, last time delay.time = 8, now count = 993, i = 2
2023-01-11 18:11:25.907  75 78 I channel139887862236928 self_thread_id = 139887862236928, last time delay.time = 8, now count = 994, i = 2
2023-01-11 18:11:25.908  75 78 I channel139887862236928 self_thread_id = 139887862236928, last time delay.time = 8, now count = 994, i = 2
2023-01-11 18:11:25.908  75 78 W channel139887862236928 self_thread_id = 139887862236928, last time delay.time = 8, now count = 994, i = 2
2023-01-11 18:11:25.908  75 78 E channel139887862236928 self_thread_id = 139887862236928, last time delay.time = 8, now count = 994, i = 2
2023-01-11 18:11:25.908  75 79 I channel139887853844224 self_thread_id = 139887853844224, last time delay.time = 9, now count = 995, i = 2
2023-01-11 18:11:25.908  75 79 I channel139887853844224 self_thread_id = 139887853844224, last time delay.time = 9, now count = 995, i = 2
2023-01-11 18:11:25.908  75 79 W channel139887853844224 self_thread_id = 139887853844224, last time delay.time = 9, now count = 995, i = 2
2023-01-11 18:11:25.908  75 79 E channel139887853844224 self_thread_id = 139887853844224, last time delay.time = 9, now count = 995, i = 2
2023-01-11 18:11:25.908  75 80 I channel139887845451520 self_thread_id = 139887845451520, last time delay.time = 10, now count = 996, i = 2
2023-01-11 18:11:25.908  75 80 I channel139887845451520 self_thread_id = 139887845451520, last time delay.time = 10, now count = 996, i = 2
2023-01-11 18:11:25.908  75 80 W channel139887845451520 self_thread_id = 139887845451520, last time delay.time = 10, now count = 996, i = 2
2023-01-11 18:11:25.908  75 80 E channel139887845451520 self_thread_id = 139887845451520, last time delay.time = 10, now count = 996, i = 2
2023-01-11 18:11:25.908  75 84 I channel139887604913920 self_thread_id = 139887604913920, last time delay.time = 9, now count = 998, i = 2
2023-01-11 18:11:25.908  75 77 I channel139887870629632 self_thread_id = 139887870629632, last time delay.time = 10, now count = 997, i = 2
2023-01-11 18:11:25.908  75 84 I channel139887604913920 self_thread_id = 139887604913920, last time delay.time = 9, now count = 998, i = 2
2023-01-11 18:11:25.908  75 77 I channel139887870629632 self_thread_id = 139887870629632, last time delay.time = 10, now count = 997, i = 2
2023-01-11 18:11:25.908  75 84 W channel139887604913920 self_thread_id = 139887604913920, last time delay.time = 9, now count = 998, i = 2
2023-01-11 18:11:25.908  75 77 W channel139887870629632 self_thread_id = 139887870629632, last time delay.time = 10, now count = 997, i = 2
2023-01-11 18:11:25.908  75 84 E channel139887604913920 self_thread_id = 139887604913920, last time delay.time = 9, now count = 998, i = 2
2023-01-11 18:11:25.908  75 77 E channel139887870629632 self_thread_id = 139887870629632, last time delay.time = 10, now count = 997, i = 2
2023-01-11 18:11:25.908  75 82 I channel139887621699328 self_thread_id = 139887621699328, last time delay.time = 8, now count = 0, i = 2
2023-01-11 18:11:25.908  75 81 I channel139887837058816 self_thread_id = 139887837058816, last time delay.time = 10, now count = 999, i = 2
2023-01-11 18:11:25.908  75 82 I channel139887621699328 self_thread_id = 139887621699328, last time delay.time = 8, now count = 0, i = 2
2023-01-11 18:11:25.908  75 82 W channel139887621699328 self_thread_id = 139887621699328, last time delay.time = 8, now count = 0, i = 2
2023-01-11 18:11:25.908  75 81 I channel139887837058816 self_thread_id = 139887837058816, last time delay.time = 10, now count = 999, i = 2
2023-01-11 18:11:25.908  75 82 E channel139887621699328 self_thread_id = 139887621699328, last time delay.time = 8, now count = 0, i = 2
2023-01-11 18:11:25.908  75 81 W channel139887837058816 self_thread_id = 139887837058816, last time delay.time = 10, now count = 999, i = 2
2023-01-11 18:11:25.908  75 81 E channel139887837058816 self_thread_id = 139887837058816, last time delay.time = 10, now count = 999, i = 2
2023-01-11 18:11:26.543  75 75 I APP.tag TestComponent::Proc
2023-01-11 18:11:26.543  75 75 I APP.tag ****************test INFO begin****************
2023-01-11 18:11:26.543  75 75 I APP.tag 测试 index = 876组
2023-01-11 18:11:26.543  75 75 E APP.tag 循环计数 i = 1次
2023-01-11 18:11:26.543  75 75 I APP.tag test LOG_Trace()
2023-01-11 18:11:26.543  75 75 I vscode 循环计数 i = 1次,test LOG_Channel_Trace()
2023-01-11 18:11:26.543  75 75 E APP.tag 循环计数 i = 2次
2023-01-11 18:11:26.543  75 75 E APP.tag 循环计数 i = 3次
2023-01-11 18:11:26.543  75 75 I APP.tag test LOG_Info()
2023-01-11 18:11:26.543  75 75 I baidu 循环计数 i = 3次,test LOG_Channel_Info()
2023-01-11 18:11:26.543  75 75 E APP.tag 循环计数 i = 4次
2023-01-11 18:11:26.543  75 75 W APP.tag test LOG_Warn()
2023-01-11 18:11:26.543  75 75 W google 循环计数 i = 4次,test LOG_Channel_Warn()
2023-01-11 18:11:26.543  75 75 E APP.tag 循环计数 i = 5次
2023-01-11 18:11:26.543  75 75 E APP.tag test LOG_Error()
2023-01-11 18:11:26.543  75 75 E visio 循环计数 i = 5次,test LOG_Channel_Error()
2023-01-11 18:11:26.543  75 75 I APP.tag print coredump DataLen:2 Data[01 00]
2023-01-11 18:11:26.543  75 75 W coredump 0x0000000a 0a 00 00 00 0b 00 00 00 0c 00 00 00 0d 00 00 00 0e 00 00 00
2023-01-11 18:11:26.543  75 75 I APP.tag ****************test INFO end****************
2023-01-11 18:11:26.907  75 83 I channel139887613306624 self_thread_id = 139887613306624, last time delay.time = 8, now count = 993, i = 3
2023-01-11 18:11:26.907  75 83 I channel139887613306624 self_thread_id = 139887613306624, last time delay.time = 8, now count = 993, i = 3
2023-01-11 18:11:26.907  75 83 W channel139887613306624 self_thread_id = 139887613306624, last time delay.time = 8, now count = 993, i = 3
2023-01-11 18:11:26.907  75 83 E channel139887613306624 self_thread_id = 139887613306624, last time delay.time = 8, now count = 993, i = 3
2023-01-11 18:11:26.908  75 78 I channel139887862236928 self_thread_id = 139887862236928, last time delay.time = 8, now count = 994, i = 3
2023-01-11 18:11:26.908  75 78 I channel139887862236928 self_thread_id = 139887862236928, last time delay.time = 8, now count = 994, i = 3
2023-01-11 18:11:26.908  75 78 W channel139887862236928 self_thread_id = 139887862236928, last time delay.time = 8, now count = 994, i = 3
2023-01-11 18:11:26.908  75 78 E channel139887862236928 self_thread_id = 139887862236928, last time delay.time = 8, now count = 994, i = 3
2023-01-11 18:11:26.908  75 79 I channel139887853844224 self_thread_id = 139887853844224, last time delay.time = 9, now count = 995, i = 3
2023-01-11 18:11:26.908  75 79 I channel139887853844224 self_thread_id = 139887853844224, last time delay.time = 9, now count = 995, i = 3
2023-01-11 18:11:26.908  75 79 W channel139887853844224 self_thread_id = 139887853844224, last time delay.time = 9, now count = 995, i = 3
2023-01-11 18:11:26.908  75 79 E channel139887853844224 self_thread_id = 139887853844224, last time delay.time = 9, now count = 995, i = 3
2023-01-11 18:11:26.908  75 80 I channel139887845451520 self_thread_id = 139887845451520, last time delay.time = 10, now count = 996, i = 3
2023-01-11 18:11:26.908  75 80 I channel139887845451520 self_thread_id = 139887845451520, last time delay.time = 10, now count = 996, i = 3
2023-01-11 18:11:26.908  75 80 W channel139887845451520 self_thread_id = 139887845451520, last time delay.time = 10, now count = 996, i = 3
2023-01-11 18:11:26.908  75 80 E channel139887845451520 self_thread_id = 139887845451520, last time delay.time = 10, now count = 996, i = 3
2023-01-11 18:11:26.908  75 84 I channel139887604913920 self_thread_id = 139887604913920, last time delay.time = 9, now count = 998, i = 3
2023-01-11 18:11:26.908  75 77 I channel139887870629632 self_thread_id = 139887870629632, last time delay.time = 10, now count = 997, i = 3
2023-01-11 18:11:26.908  75 84 I channel139887604913920 self_thread_id = 139887604913920, last time delay.time = 9, now count = 998, i = 3
2023-01-11 18:11:26.908  75 77 I channel139887870629632 self_thread_id = 139887870629632, last time delay.time = 10, now count = 997, i = 3
2023-01-11 18:11:26.908  75 84 W channel139887604913920 self_thread_id = 139887604913920, last time delay.time = 9, now count = 998, i = 3
2023-01-11 18:11:26.908  75 77 W channel139887870629632 self_thread_id = 139887870629632, last time delay.time = 10, now count = 997, i = 3
2023-01-11 18:11:26.908  75 84 E channel139887604913920 self_thread_id = 139887604913920, last time delay.time = 9, now count = 998, i = 3
2023-01-11 18:11:26.908  75 77 E channel139887870629632 self_thread_id = 139887870629632, last time delay.time = 10, now count = 997, i = 3
2023-01-11 18:11:26.908  75 82 I channel139887621699328 self_thread_id = 139887621699328, last time delay.time = 8, now count = 0, i = 3
2023-01-11 18:11:26.908  75 82 I channel139887621699328 self_thread_id = 139887621699328, last time delay.time = 8, now count = 0, i = 3
2023-01-11 18:11:26.908  75 82 W channel139887621699328 self_thread_id = 139887621699328, last time delay.time = 8, now count = 0, i = 3
2023-01-11 18:11:26.908  75 82 E channel139887621699328 self_thread_id = 139887621699328, last time delay.time = 8, now count = 0, i = 3
2023-01-11 18:11:26.908  75 81 I channel139887837058816 self_thread_id = 139887837058816, last time delay.time = 10, now count = 999, i = 3
2023-01-11 18:11:26.908  75 81 I channel139887837058816 self_thread_id = 139887837058816, last time delay.time = 10, now count = 999, i = 3
2023-01-11 18:11:26.908  75 81 W channel139887837058816 self_thread_id = 139887837058816, last time delay.time = 10, now count = 999, i = 3
2023-01-11 18:11:26.908  75 81 E channel139887837058816 self_thread_id = 139887837058816, last time delay.time = 10, now count = 999, i = 3
2023-01-11 18:11:27.908  75 83 I channel139887613306624 self_thread_id = 139887613306624, last time delay.time = 8, now count = 993, i = 4
2023-01-11 18:11:27.908  75 83 I channel139887613306624 self_thread_id = 139887613306624, last time delay.time = 8, now count = 993, i = 4
2023-01-11 18:11:27.908  75 83 W channel139887613306624 self_thread_id = 139887613306624, last time delay.time = 8, now count = 993, i = 4
2023-01-11 18:11:27.908  75 83 E channel139887613306624 self_thread_id = 139887613306624, last time delay.time = 8, now count = 993, i = 4
2023-01-11 18:11:27.908  75 83 I channel139887613306624 self_thread_id = 139887613306624, last time delay.time = 8, now count = 1
2023-01-11 18:11:27.908  75 78 I channel139887862236928 self_thread_id = 139887862236928, last time delay.time = 8, now count = 994, i = 4
2023-01-11 18:11:27.908  75 78 I channel139887862236928 self_thread_id = 139887862236928, last time delay.time = 8, now count = 994, i = 4
2023-01-11 18:11:27.908  75 78 W channel139887862236928 self_thread_id = 139887862236928, last time delay.time = 8, now count = 994, i = 4
2023-01-11 18:11:27.908  75 78 E channel139887862236928 self_thread_id = 139887862236928, last time delay.time = 8, now count = 994, i = 4
2023-01-11 18:11:27.908  75 78 I channel139887862236928 self_thread_id = 139887862236928, last time delay.time = 8, now count = 2
2023-01-11 18:11:27.908  75 79 I channel139887853844224 self_thread_id = 139887853844224, last time delay.time = 9, now count = 995, i = 4
2023-01-11 18:11:27.908  75 80 I channel139887845451520 self_thread_id = 139887845451520, last time delay.time = 10, now count = 996, i = 4
2023-01-11 18:11:27.908  75 79 I channel139887853844224 self_thread_id = 139887853844224, last time delay.time = 9, now count = 995, i = 4
2023-01-11 18:11:27.908  75 80 I channel139887845451520 self_thread_id = 139887845451520, last time delay.time = 10, now count = 996, i = 4
2023-01-11 18:11:27.908  75 79 W channel139887853844224 self_thread_id = 139887853844224, last time delay.time = 9, now count = 995, i = 4
2023-01-11 18:11:27.908  75 80 W channel139887845451520 self_thread_id = 139887845451520, last time delay.time = 10, now count = 996, i = 4
2023-01-11 18:11:27.908  75 79 E channel139887853844224 self_thread_id = 139887853844224, last time delay.time = 9, now count = 995, i = 4
2023-01-11 18:11:27.908  75 80 E channel139887845451520 self_thread_id = 139887845451520, last time delay.time = 10, now count = 996, i = 4
2023-01-11 18:11:27.908  75 79 I channel139887853844224 self_thread_id = 139887853844224, last time delay.time = 9, now count = 3
2023-01-11 18:11:27.908  75 80 I channel139887845451520 self_thread_id = 139887845451520, last time delay.time = 10, now count = 4
2023-01-11 18:11:27.908  75 84 I channel139887604913920 self_thread_id = 139887604913920, last time delay.time = 9, now count = 998, i = 4
