2023-01-11 18:07:39.864  75 80 I channel139887845451520 self_thread_id = 139887845451520, last time delay.time = 8, now count = 635, i = 1
2023-01-11 18:07:39.864  75 80 W channel139887845451520 self_thread_id = 139887845451520, last time delay.time = 8, now count = 635, i = 1
2023-01-11 18:07:39.864  75 80 E channel139887845451520 self_thread_id = 139887845451520, last time delay.time = 8, now count = 635, i = 1
2023-01-11 18:07:39.864  75 79 I channel139887853844224 self_thread_id = 139887853844224, last time delay.time = 24, now count = 634, i = 1
2023-01-11 18:07:39.864  75 79 I channel139887853844224 self_thread_id = 139887853844224, last time delay.time = 24, now count = 634, i = 1
2023-01-11 18:07:39.864  75 79 W channel139887853844224 self_thread_id = 139887853844224, last time delay.time = 24, now count = 634, i = 1
2023-01-11 18:07:39.864  75 79 E channel139887853844224 self_thread_id = 139887853844224, last time delay.time = 24, now count = 634, i = 1
2023-01-11 18:07:39.864  75 77 I channel139887870629632 self_thread_id = 139887870629632, last time delay.time = 8, now count = 636, i = 1
2023-01-11 18:07:39.864  75 77 I channel139887870629632 self_thread_id = 139887870629632, last time delay.time = 8, now count = 636, i = 1
2023-01-11 18:07:39.864  75 77 W channel139887870629632 self_thread_id = 139887870629632, last time delay.time = 8, now count = 636, i = 1
2023-01-11 18:07:39.864  75 77 E channel139887870629632 self_thread_id = 139887870629632, last time delay.time = 8, now count = 636, i = 1
2023-01-11 18:07:39.864  75 81 I channel139887837058816 self_thread_id = 139887837058816, last time delay.time = 9, now count = 638, i = 1
2023-01-11 18:07:39.864  75 81 I channel139887837058816 self_thread_id = 139887837058816, last time delay.time = 9, now count = 638, i = 1
2023-01-11 18:07:39.864  75 82 I channel139887621699328 self_thread_id = 139887621699328, last time delay.time = 8, now count = 639, i = 1
2023-01-11 18:07:39.864  75 84 I channel139887604913920 self_thread_id = 139887604913920, last time delay.time = 11, now count = 637, i = 1
2023-01-11 18:07:39.864  75 81 W channel139887837058816 self_thread_id = 139887837058816, last time delay.time = 9, now count = 638, i = 1
2023-01-11 18:07:39.864  75 81 E channel139887837058816 self_thread_id = 139887837058816, last time delay.time = 9, now count = 638, i = 1
2023-01-11 18:07:39.864  75 82 I channel139887621699328 self_thread_id = 139887621699328, last time delay.time = 8, now count = 639, i = 1
2023-01-11 18:07:39.864  75 84 I channel139887604913920 self_thread_id = 139887604913920, last time delay.time = 11, now count = 637, i = 1
2023-01-11 18:07:39.864  75 82 W channel139887621699328 self_thread_id = 139887621699328, last time delay.time = 8, now count = 639, i = 1
2023-01-11 18:07:39.864  75 84 W channel139887604913920 self_thread_id = 139887604913920, last time delay.time = 11, now count = 637, i = 1
2023-01-11 18:07:39.864  75 82 E channel139887621699328 self_thread_id = 139887621699328, last time delay.time = 8, now count = 639, i = 1
2023-01-11 18:07:39.864  75 84 E channel139887604913920 self_thread_id = 139887604913920, last time delay.time = 11, now count = 637, i = 1
2023-01-11 18:07:39.865  75 83 I channel139887613306624 self_thread_id = 139887613306624, last time delay.time = 8, now count = 640, i = 1
2023-01-11 18:07:39.865  75 83 I channel139887613306624 self_thread_id = 139887613306624, last time delay.time = 8, now count = 640, i = 1
2023-01-11 18:07:39.865  75 83 W channel139887613306624 self_thread_id = 139887613306624, last time delay.time = 8, now count = 640, i = 1
2023-01-11 18:07:39.865  75 83 E channel139887613306624 self_thread_id = 139887613306624, last time delay.time = 8, now count = 640, i = 1
2023-01-11 18:07:40.864  75 78 I channel139887862236928 self_thread_id = 139887862236928, last time delay.time = 9, now count = 633, i = 2
2023-01-11 18:07:40.864  75 78 I channel139887862236928 self_thread_id = 139887862236928, last time delay.time = 9, now count = 633, i = 2
2023-01-11 18:07:40.864  75 78 W channel139887862236928 self_thread_id = 139887862236928, last time delay.time = 9, now count = 633, i = 2
2023-01-11 18:07:40.864  75 78 E channel139887862236928 self_thread_id = 139887862236928, last time delay.time = 9, now count = 633, i = 2
2023-01-11 18:07:40.864  75 80 I channel139887845451520 self_thread_id = 139887845451520, last time delay.time = 8, now count = 635, i = 2
2023-01-11 18:07:40.864  75 80 I channel139887845451520 self_thread_id = 139887845451520, last time delay.time = 8, now count = 635, i = 2
2023-01-11 18:07:40.864  75 80 W channel139887845451520 self_thread_id = 139887845451520, last time delay.time = 8, now count = 635, i = 2
2023-01-11 18:07:40.864  75 80 E channel139887845451520 self_thread_id = 139887845451520, last time delay.time = 8, now count = 635, i = 2
2023-01-11 18:07:40.864  75 79 I channel139887853844224 self_thread_id = 139887853844224, last time delay.time = 24, now count = 634, i = 2
2023-01-11 18:07:40.864  75 79 I channel139887853844224 self_thread_id = 139887853844224, last time delay.time = 24, now count = 634, i = 2
2023-01-11 18:07:40.864  75 79 W channel139887853844224 self_thread_id = 139887853844224, last time delay.time = 24, now count = 634, i = 2
2023-01-11 18:07:40.864  75 77 I channel139887870629632 self_thread_id = 139887870629632, last time delay.time = 8, now count = 636, i = 2
2023-01-11 18:07:40.864  75 79 E channel139887853844224 self_thread_id = 139887853844224, last time delay.time = 24, now count = 634, i = 2
2023-01-11 18:07:40.864  75 77 I channel139887870629632 self_thread_id = 139887870629632, last time delay.time = 8, now count = 636, i = 2
2023-01-11 18:07:40.864  75 77 W channel139887870629632 self_thread_id = 139887870629632, last time delay.time = 8, now count = 636, i = 2
2023-01-11 18:07:40.864  75 77 E channel139887870629632 self_thread_id = 139887870629632, last time delay.time = 8, now count = 636, i = 2
2023-01-11 18:07:40.864  75 81 I channel139887837058816 self_thread_id = 139887837058816, last time delay.time = 9, now count = 638, i = 2
2023-01-11 18:07:40.864  75 81 I channel139887837058816 self_thread_id = 139887837058816, last time delay.time = 9, now count = 638, i = 2
2023-01-11 18:07:40.864  75 81 W channel139887837058816 self_thread_id = 139887837058816, last time delay.time = 9, now count = 638, i = 2
2023-01-11 18:07:40.864  75 81 E channel139887837058816 self_thread_id = 139887837058816, last time delay.time = 9, now count = 638, i = 2
2023-01-11 18:07:40.864  75 82 I channel139887621699328 self_thread_id = 139887621699328, last time delay.time = 8, now count = 639, i = 2
2023-01-11 18:07:40.864  75 84 I channel139887604913920 self_thread_id = 139887604913920, last time delay.time = 11, now count = 637, i = 2
2023-01-11 18:07:40.864  75 82 I channel139887621699328 self_thread_id = 139887621699328, last time delay.time = 8, now count = 639, i = 2
2023-01-11 18:07:40.864  75 82 W channel139887621699328 self_thread_id = 139887621699328, last time delay.time = 8, now count = 639, i = 2
2023-01-11 18:07:40.864  75 84 I channel139887604913920 self_thread_id = 139887604913920, last time delay.time = 11, now count = 637, i = 2
2023-01-11 18:07:40.864  75 82 E channel139887621699328 self_thread_id = 139887621699328, last time delay.time = 8, now count = 639, i = 2
2023-01-11 18:07:40.864  75 84 W channel139887604913920 self_thread_id = 139887604913920, last time delay.time = 11, now count = 637, i = 2
2023-01-11 18:07:40.864  75 84 E channel139887604913920 self_thread_id = 139887604913920, last time delay.time = 11, now count = 637, i = 2
2023-01-11 18:07:40.865  75 83 I channel139887613306624 self_thread_id = 139887613306624, last time delay.time = 8, now count = 640, i = 2
2023-01-11 18:07:40.865  75 83 I channel139887613306624 self_thread_id = 139887613306624, last time delay.time = 8, now count = 640, i = 2
2023-01-11 18:07:40.865  75 83 W channel139887613306624 self_thread_id = 139887613306624, last time delay.time = 8, now count = 640, i = 2
2023-01-11 18:07:40.865  75 83 E channel139887613306624 self_thread_id = 139887613306624, last time delay.time = 8, now count = 640, i = 2
2023-01-11 18:07:41.864  75 78 I channel139887862236928 self_thread_id = 139887862236928, last time delay.time = 9, now count = 633, i = 3
2023-01-11 18:07:41.864  75 78 I channel139887862236928 self_thread_id = 139887862236928, last time delay.time = 9, now count = 633, i = 3
2023-01-11 18:07:41.864  75 78 W channel139887862236928 self_thread_id = 139887862236928, last time delay.time = 9, now count = 633, i = 3
2023-01-11 18:07:41.864  75 78 E channel139887862236928 self_thread_id = 139887862236928, last time delay.time = 9, now count = 633, i = 3
2023-01-11 18:07:41.864  75 80 I channel139887845451520 self_thread_id = 139887845451520, last time delay.time = 8, now count = 635, i = 3
2023-01-11 18:07:41.864  75 80 I channel139887845451520 self_thread_id = 139887845451520, last time delay.time = 8, now count = 635, i = 3
2023-01-11 18:07:41.864  75 80 W channel139887845451520 self_thread_id = 139887845451520, last time delay.time = 8, now count = 635, i = 3
2023-01-11 18:07:41.864  75 80 E channel139887845451520 self_thread_id = 139887845451520, last time delay.time = 8, now count = 635, i = 3
2023-01-11 18:07:41.864  75 79 I channel139887853844224 self_thread_id = 139887853844224, last time delay.time = 24, now count = 634, i = 3
2023-01-11 18:07:41.864  75 79 I channel139887853844224 self_thread_id = 139887853844224, last time delay.time = 24, now count = 634, i = 3
2023-01-11 18:07:41.864  75 79 W channel139887853844224 self_thread_id = 139887853844224, last time delay.time = 24, now count = 634, i = 3
2023-01-11 18:07:41.864  75 77 I channel139887870629632 self_thread_id = 139887870629632, last time delay.time = 8, now count = 636, i = 3
2023-01-11 18:07:41.864  75 79 E channel139887853844224 self_thread_id = 139887853844224, last time delay.time = 24, now count = 634, i = 3
2023-01-11 18:07:41.864  75 77 I channel139887870629632 self_thread_id = 139887870629632, last time delay.time = 8, now count = 636, i = 3
2023-01-11 18:07:41.864  75 77 W channel139887870629632 self_thread_id = 139887870629632, last time delay.time = 8, now count = 636, i = 3
2023-01-11 18:07:41.864  75 77 E channel139887870629632 self_thread_id = 139887870629632, last time delay.time = 8, now count = 636, i = 3
2023-01-11 18:07:41.864  75 81 I channel139887837058816 self_thread_id = 139887837058816, last time delay.time = 9, now count = 638, i = 3
2023-01-11 18:07:41.864  75 81 I channel139887837058816 self_thread_id = 139887837058816, last time delay.time = 9, now count = 638, i = 3
2023-01-11 18:07:41.864  75 81 W channel139887837058816 self_thread_id = 139887837058816, last time delay.time = 9, now count = 638, i = 3
2023-01-11 18:07:41.864  75 81 E channel139887837058816 self_thread_id = 139887837058816, last time delay.time = 9, now count = 638, i = 3
2023-01-11 18:07:41.864  75 82 I channel139887621699328 self_thread_id = 139887621699328, last time delay.time = 8, now count = 639, i = 3
2023-01-11 18:07:41.864  75 82 I channel139887621699328 self_thread_id = 139887621699328, last time delay.time = 8, now count = 639, i = 3
2023-01-11 18:07:41.864  75 82 W channel139887621699328 self_thread_id = 139887621699328, last time delay.time = 8, now count = 639, i = 3
2023-01-11 18:07:41.864  75 84 I channel139887604913920 self_thread_id = 139887604913920, last time delay.time = 11, now count = 637, i = 3
2023-01-11 18:07:41.864  75 82 E channel139887621699328 self_thread_id = 139887621699328, last time delay.time = 8, now count = 639, i = 3
2023-01-11 18:07:41.864  75 84 I channel139887604913920 self_thread_id = 139887604913920, last time delay.time = 11, now count = 637, i = 3
2023-01-11 18:07:41.864  75 84 W channel139887604913920 self_thread_id = 139887604913920, last time delay.time = 11, now count = 637, i = 3
2023-01-11 18:07:41.864  75 84 E channel139887604913920 self_thread_id = 139887604913920, last time delay.time = 11, now count = 637, i = 3
2023-01-11 18:07:41.865  75 83 I channel139887613306624 self_thread_id = 139887613306624, last time delay.time = 8, now count = 640, i = 3
2023-01-11 18:07:41.865  75 83 I channel139887613306624 self_thread_id = 139887613306624, last time delay.time = 8, now count = 640, i = 3
2023-01-11 18:07:41.865  75 83 W channel139887613306624 self_thread_id = 139887613306624, last time delay.time = 8, now count = 640, i = 3
2023-01-11 18:07:41.865  75 83 E channel139887613306624 self_thread_id = 139887613306624, last time delay.time = 8, now count = 640, i = 3
2023-01-11 18:07:42.864  75 78 I channel139887862236928 self_thread_id = 139887862236928, last time delay.time = 9, now count = 633, i = 4
2023-01-11 18:07:42.864  75 78 I channel139887862236928 self_thread_id = 139887862236928, last time delay.time = 9, now count = 633, i = 4
2023-01-11 18:07:42.864  75 78 W channel139887862236928 self_thread_id = 139887862236928, last time delay.time = 9, now count = 633, i = 4
2023-01-11 18:07:42.864  75 78 E channel139887862236928 self_thread_id = 139887862236928, last time delay.time = 9, now count = 633, i = 4
2023-01-11 18:07:42.864  75 78 I channel139887862236928 self_thread_id = 139887862236928, last time delay.time = 9, now count = 641
2023-01-11 18:07:42.864  75 80 I channel139887845451520 self_thread_id = 139887845451520, last time delay.time = 8, now count = 635, i = 4
2023-01-11 18:07:42.864  75 80 I channel139887845451520 self_thread_id = 139887845451520, last time delay.time = 8, now count = 635, i = 4
2023-01-11 18:07:42.864  75 80 W channel139887845451520 self_thread_id = 139887845451520, last time delay.time = 8, now count = 635, i = 4
2023-01-11 18:07:42.864  75 80 E channel139887845451520 self_thread_id = 139887845451520, last time delay.time = 8, now count = 635, i = 4
2023-01-11 18:07:42.864  75 79 I channel139887853844224 self_thread_id = 139887853844224, last time delay.time = 24, now count = 634, i = 4
2023-01-11 18:07:42.864  75 80 I channel139887845451520 self_thread_id = 139887845451520, last time delay.time = 8, now count = 642
2023-01-11 18:07:42.864  75 79 I channel139887853844224 self_thread_id = 139887853844224, last time delay.time = 24, now count = 634, i = 4
2023-01-11 18:07:42.864  75 79 W channel139887853844224 self_thread_id = 139887853844224, last time delay.time = 24, now count = 634, i = 4
2023-01-11 18:07:42.864  75 79 E channel139887853844224 self_thread_id = 139887853844224, last time delay.time = 24, now count = 634, i = 4
2023-01-11 18:07:42.864  75 79 I channel139887853844224 self_thread_id = 139887853844224, last time delay.time = 24, now count = 643
2023-01-11 18:07:42.864  75 81 I channel139887837058816 self_thread_id = 139887837058816, last time delay.time = 9, now count = 638, i = 4
2023-01-11 18:07:42.864  75 77 I channel139887870629632 self_thread_id = 139887870629632, last time delay.time = 8, now count = 636, i = 4
2023-01-11 18:07:42.864  75 81 I channel139887837058816 self_thread_id = 139887837058816, last time delay.time = 9, now count = 638, i = 4
2023-01-11 18:07:42.864  75 81 W channel139887837058816 self_thread_id = 139887837058816, last time delay.time = 9, now count = 638, i = 4
2023-01-11 18:07:42.864  75 77 I channel139887870629632 self_thread_id = 139887870629632, last time delay.time = 8, now count = 636, i = 4
2023-01-11 18:07:42.864  75 81 E channel139887837058816 self_thread_id = 139887837058816, last time delay.time = 9, now count = 638, i = 4
2023-01-11 18:07:42.864  75 81 I channel139887837058816 self_thread_id = 139887837058816, last time delay.time = 9, now count = 644
2023-01-11 18:07:42.864  75 77 W channel139887870629632 self_thread_id = 139887870629632, last time delay.time = 8, now count = 636, i = 4
2023-01-11 18:07:42.864  75 77 E channel139887870629632 self_thread_id = 139887870629632, last time delay.time = 8, now count = 636, i = 4
2023-01-11 18:07:42.864  75 77 I channel139887870629632 self_thread_id = 139887870629632, last time delay.time = 8, now count = 645
2023-01-11 18:07:42.864  75 82 I channel139887621699328 self_thread_id = 139887621699328, last time delay.time = 8, now count = 639, i = 4
2023-01-11 18:07:42.865  75 82 I channel139887621699328 self_thread_id = 139887621699328, last time delay.time = 8, now count = 639, i = 4
2023-01-11 18:07:42.865  75 82 W channel139887621699328 self_thread_id = 139887621699328, last time delay.time = 8, now count = 639, i = 4
2023-01-11 18:07:42.865  75 84 I channel139887604913920 self_thread_id = 139887604913920, last time delay.time = 11, now count = 637, i = 4
2023-01-11 18:07:42.865  75 82 E channel139887621699328 self_thread_id = 139887621699328, last time delay.time = 8, now count = 639, i = 4
2023-01-11 18:07:42.865  75 82 I channel139887621699328 self_thread_id = 139887621699328, last time delay.time = 8, now count = 646
2023-01-11 18:07:42.865  75 84 I channel139887604913920 self_thread_id = 139887604913920, last time delay.time = 11, now count = 637, i = 4
2023-01-11 18:07:42.865  75 84 W channel139887604913920 self_thread_id = 139887604913920, last time delay.time = 11, now count = 637, i = 4
2023-01-11 18:07:42.865  75 84 E channel139887604913920 self_thread_id = 139887604913920, last time delay.time = 11, now count = 637, i = 4
2023-01-11 18:07:42.865  75 84 I channel139887604913920 self_thread_id = 139887604913920, last time delay.time = 11, now count = 647
2023-01-11 18:07:42.865  75 83 I channel139887613306624 self_thread_id = 139887613306624, last time delay.time = 8, now count = 640, i = 4
2023-01-11 18:07:42.865  75 83 I channel139887613306624 self_thread_id = 139887613306624, last time delay.time = 8, now count = 640, i = 4
2023-01-11 18:07:42.865  75 83 W channel139887613306624 self_thread_id = 139887613306624, last time delay.time = 8, now count = 640, i = 4
2023-01-11 18:07:42.865  75 83 E channel139887613306624 self_thread_id = 139887613306624, last time delay.time = 8, now count = 640, i = 4
2023-01-11 18:07:42.865  75 83 I channel139887613306624 self_thread_id = 139887613306624, last time delay.time = 8, now count = 648
2023-01-11 18:07:43.864  75 78 I channel139887862236928 self_thread_id = 139887862236928, last time delay.time = 9, now count = 641, i = 0
2023-01-11 18:07:43.864  75 78 I channel139887862236928 self_thread_id = 139887862236928, last time delay.time = 9, now count = 641, i = 0
2023-01-11 18:07:43.864  75 78 W channel139887862236928 self_thread_id = 139887862236928, last time delay.time = 9, now count = 641, i = 0
2023-01-11 18:07:43.864  75 78 E channel139887862236928 self_thread_id = 139887862236928, last time delay.time = 9, now count = 641, i = 0
2023-01-11 18:07:43.864  75 80 I channel139887845451520 self_thread_id = 139887845451520, last time delay.time = 9, now count = 642, i = 0
2023-01-11 18:07:43.864  75 80 I channel139887845451520 self_thread_id = 139887845451520, last time delay.time = 9, now count = 642, i = 0
2023-01-11 18:07:43.864  75 80 W channel139887845451520 self_thread_id = 139887845451520, last time delay.time = 9, now count = 642, i = 0
2023-01-11 18:07:43.864  75 80 E channel139887845451520 self_thread_id = 139887845451520, last time delay.time = 9, now count = 642, i = 0
2023-01-11 18:07:43.864  75 79 I channel139887853844224 self_thread_id = 139887853844224, last time delay.time = 9, now count = 643, i = 0
2023-01-11 18:07:43.864  75 79 I channel139887853844224 self_thread_id = 139887853844224, last time delay.time = 9, now count = 643, i = 0
2023-01-11 18:07:43.864  75 79 W channel139887853844224 self_thread_id = 139887853844224, last time delay.time = 9, now count = 643, i = 0
2023-01-11 18:07:43.864  75 79 E channel139887853844224 self_thread_id = 139887853844224, last time delay.time = 9, now count = 643, i = 0
2023-01-11 18:07:43.864  75 81 I channel139887837058816 self_thread_id = 139887837058816, last time delay.time = 9, now count = 644, i = 0
2023-01-11 18:07:43.864  75 81 I channel139887837058816 self_thread_id = 139887837058816, last time delay.time = 9, now count = 644, i = 0
2023-01-11 18:07:43.864  75 81 W channel139887837058816 self_thread_id = 139887837058816, last time delay.time = 9, now count = 644, i = 0
2023-01-11 18:07:43.864  75 81 E channel139887837058816 self_thread_id = 139887837058816, last time delay.time = 9, now count = 644, i = 0
2023-01-11 18:07:43.865  75 77 I channel139887870629632 self_thread_id = 139887870629632, last time delay.time = 8, now count = 645, i = 0
2023-01-11 18:07:43.865  75 77 I channel139887870629632 self_thread_id = 139887870629632, last time delay.time = 8, now count = 645, i = 0
2023-01-11 18:07:43.865  75 77 W channel139887870629632 self_thread_id = 139887870629632, last time delay.time = 8, now count = 645, i = 0
2023-01-11 18:07:43.865  75 77 E channel139887870629632 self_thread_id = 139887870629632, last time delay.time = 8, now count = 645, i = 0
2023-01-11 18:07:43.865  75 82 I channel139887621699328 self_thread_id = 139887621699328, last time delay.time = 11, now count = 646, i = 0
2023-01-11 18:07:43.865  75 82 I channel139887621699328 self_thread_id = 139887621699328, last time delay.time = 11, now count = 646, i = 0
2023-01-11 18:07:43.865  75 84 I channel139887604913920 self_thread_id = 139887604913920, last time delay.time = 8, now count = 647, i = 0
2023-01-11 18:07:43.865  75 82 W channel139887621699328 self_thread_id = 139887621699328, last time delay.time = 11, now count = 646, i = 0
2023-01-11 18:07:43.865  75 84 I channel139887604913920 self_thread_id = 139887604913920, last time delay.time = 8, now count = 647, i = 0
2023-01-11 18:07:43.865  75 82 E channel139887621699328 self_thread_id = 139887621699328, last time delay.time = 11, now count = 646, i = 0
2023-01-11 18:07:43.865  75 84 W channel139887604913920 self_thread_id = 139887604913920, last time delay.time = 8, now count = 647, i = 0
2023-01-11 18:07:43.865  75 84 E channel139887604913920 self_thread_id = 139887604913920, last time delay.time = 8, now count = 647, i = 0
2023-01-11 18:07:43.865  75 83 I channel139887613306624 self_thread_id = 139887613306624, last time delay.time = 8, now count = 648, i = 0
2023-01-11 18:07:43.865  75 83 I channel139887613306624 self_thread_id = 139887613306624, last time delay.time = 8, now count = 648, i = 0
2023-01-11 18:07:43.865  75 83 W channel139887613306624 self_thread_id = 139887613306624, last time delay.time = 8, now count = 648, i = 0
2023-01-11 18:07:43.865  75 83 E channel139887613306624 self_thread_id = 139887613306624, last time delay.time = 8, now count = 648, i = 0
2023-01-11 18:07:44.864  75 78 I channel139887862236928 self_thread_id = 139887862236928, last time delay.time = 9, now count = 641, i = 1
2023-01-11 18:07:44.864  75 78 I channel139887862236928 self_thread_id = 139887862236928, last time delay.time = 9, now count = 641, i = 1
2023-01-11 18:07:44.864  75 78 W channel139887862236928 self_thread_id = 139887862236928, last time delay.time = 9, now count = 641, i = 1
2023-01-11 18:07:44.864  75 78 E channel139887862236928 self_thread_id = 139887862236928, last time delay.time = 9, now count = 641, i = 1
2023-01-11 18:07:44.864  75 79 I channel139887853844224 self_thread_id = 139887853844224, last time delay.time = 9, now count = 643, i = 1
2023-01-11 18:07:44.865  75 79 I channel139887853844224 self_thread_id = 139887853844224, last time delay.time = 9, now count = 643, i = 1
2023-01-11 18:07:44.865  75 79 W channel139887853844224 self_thread_id = 139887853844224, last time delay.time = 9, now count = 643, i = 1
2023-01-11 18:07:44.865  75 80 I channel139887845451520 self_thread_id = 139887845451520, last time delay.time = 9, now count = 642, i = 1
2023-01-11 18:07:44.865  75 79 E channel139887853844224 self_thread_id = 139887853844224, last time delay.time = 9, now count = 643, i = 1
2023-01-11 18:07:44.865  75 80 I channel139887845451520 self_thread_id = 139887845451520, last time delay.time = 9, now count = 642, i = 1
2023-01-11 18:07:44.865  75 80 W channel139887845451520 self_thread_id = 139887845451520, last time delay.time = 9, now count = 642, i = 1
2023-01-11 18:07:44.865  75 80 E channel139887845451520 self_thread_id = 139887845451520, last time delay.time = 9, now count = 642, i = 1
2023-01-11 18:07:44.865  75 81 I channel139887837058816 self_thread_id = 139887837058816, last time delay.time = 9, now count = 644, i = 1
2023-01-11 18:07:44.865  75 81 I channel139887837058816 self_thread_id = 139887837058816, last time delay.time = 9, now count = 644, i = 1
2023-01-11 18:07:44.865  75 81 W channel139887837058816 self_thread_id = 139887837058816, last time delay.time = 9, now count = 644, i = 1
2023-01-11 18:07:44.865  75 81 E channel139887837058816 self_thread_id = 139887837058816, last time delay.time = 9, now count = 644, i = 1
2023-01-11 18:07:44.865  75 77 I channel139887870629632 self_thread_id = 139887870629632, last time delay.time = 8, now count = 645, i = 1
2023-01-11 18:07:44.865  75 77 I channel139887870629632 self_thread_id = 139887870629632, last time delay.time = 8, now count = 645, i = 1
2023-01-11 18:07:44.865  75 77 W channel139887870629632 self_thread_id = 139887870629632, last time delay.time = 8, now count = 645, i = 1
2023-01-11 18:07:44.865  75 77 E channel139887870629632 self_thread_id = 139887870629632, last time delay.time = 8, now count = 645, i = 1
2023-01-11 18:07:44.865  75 84 I channel139887604913920 self_thread_id = 139887604913920, last time delay.time = 8, now count = 647, i = 1
2023-01-11 18:07:44.865  75 84 I channel139887604913920 self_thread_id = 139887604913920, last time delay.time = 8, now count = 647, i = 1
2023-01-11 18:07:44.865  75 84 W channel139887604913920 self_thread_id = 139887604913920, last time delay.time = 8, now count = 647, i = 1
2023-01-11 18:07:44.865  75 84 E channel139887604913920 self_thread_id = 139887604913920, last time delay.time = 8, now count = 647, i = 1
2023-01-11 18:07:44.865  75 82 I channel139887621699328 self_thread_id = 139887621699328, last time delay.time = 11, now count = 646, i = 1
2023-01-11 18:07:44.865  75 82 I channel139887621699328 self_thread_id = 139887621699328, last time delay.time = 11, now count = 646, i = 1
2023-01-11 18:07:44.865  75 82 W channel139887621699328 self_thread_id = 139887621699328, last time delay.time = 11, now count = 646, i = 1
2023-01-11 18:07:44.865  75 82 E channel139887621699328 self_thread_id = 139887621699328, last time delay.time = 11, now count = 646, i = 1
2023-01-11 18:07:44.865  75 83 I channel139887613306624 self_thread_id = 139887613306624, last time delay.time = 8, now count = 648, i = 1
2023-01-11 18:07:44.865  75 83 I channel139887613306624 self_thread_id = 139887613306624, last time delay.time = 8, now count = 648, i = 1
2023-01-11 18:07:44.865  75 83 W channel139887613306624 self_thread_id = 139887613306624, last time delay.time = 8, now count = 648, i = 1
2023-01-11 18:07:44.865  75 83 E channel139887613306624 self_thread_id = 139887613306624, last time delay.time = 8, now count = 648, i = 1
2023-01-11 18:07:45.865  75 78 I channel139887862236928 self_thread_id = 139887862236928, last time delay.time = 9, now count = 641, i = 2
2023-01-11 18:07:45.865  75 78 I channel139887862236928 self_thread_id = 139887862236928, last time delay.time = 9, now count = 641, i = 2
2023-01-11 18:07:45.865  75 78 W channel139887862236928 self_thread_id = 139887862236928, last time delay.time = 9, now count = 641, i = 2
2023-01-11 18:07:45.865  75 78 E channel139887862236928 self_thread_id = 139887862236928, last time delay.time = 9, now count = 641, i = 2
2023-01-11 18:07:45.865  75 79 I channel139887853844224 self_thread_id = 139887853844224, last time delay.time = 9, now count = 643, i = 2
2023-01-11 18:07:45.865  75 79 I channel139887853844224 self_thread_id = 139887853844224, last time delay.time = 9, now count = 643, i = 2
2023-01-11 18:07:45.865  75 80 I channel139887845451520 self_thread_id = 139887845451520, last time delay.time = 9, now count = 642, i = 2
2023-01-11 18:07:45.865  75 79 W channel139887853844224 self_thread_id = 139887853844224, last time delay.time = 9, now count = 643, i = 2
2023-01-11 18:07:45.865  75 79 E channel139887853844224 self_thread_id = 139887853844224, last time delay.time = 9, now count = 643, i = 2
2023-01-11 18:07:45.865  75 80 I channel139887845451520 self_thread_id = 139887845451520, last time delay.time = 9, now count = 642, i = 2
2023-01-11 18:07:45.865  75 80 W channel139887845451520 self_thread_id = 139887845451520, last time delay.time = 9, now count = 642, i = 2
2023-01-11 18:07:45.865  75 80 E channel139887845451520 self_thread_id = 139887845451520, last time delay.time = 9, now count = 642, i = 2
2023-01-11 18:07:45.865  75 81 I channel139887837058816 self_thread_id = 139887837058816, last time delay.time = 9, now count = 644, i = 2
2023-01-11 18:07:45.865  75 81 I channel139887837058816 self_thread_id = 139887837058816, last time delay.time = 9, now count = 644, i = 2
2023-01-11 18:07:45.865  75 81 W channel139887837058816 self_thread_id = 139887837058816, last time delay.time = 9, now count = 644, i = 2
2023-01-11 18:07:45.865  75 81 E channel139887837058816 self_thread_id = 139887837058816, last time delay.time = 9, now count = 644, i = 2
2023-01-11 18:07:45.865  75 77 I channel139887870629632 self_thread_id = 139887870629632, last time delay.time = 8, now count = 645, i = 2
2023-01-11 18:07:45.865  75 77 I channel139887870629632 self_thread_id = 139887870629632, last time delay.time = 8, now count = 645, i = 2
2023-01-11 18:07:45.865  75 77 W channel139887870629632 self_thread_id = 139887870629632, last time delay.time = 8, now count = 645, i = 2
2023-01-11 18:07:45.865  75 77 E channel139887870629632 self_thread_id = 139887870629632, last time delay.time = 8, now count = 645, i = 2
2023-01-11 18:07:45.865  75 84 I channel139887604913920 self_thread_id = 139887604913920, last time delay.time = 8, now count = 647, i = 2
2023-01-11 18:07:45.865  75 84 I channel139887604913920 self_thread_id = 139887604913920, last time delay.time = 8, now count = 647, i = 2
2023-01-11 18:07:45.865  75 84 W channel139887604913920 self_thread_id = 139887604913920, last time delay.time = 8, now count = 647, i = 2
2023-01-11 18:07:45.865  75 84 E channel139887604913920 self_thread_id = 139887604913920, last time delay.time = 8, now count = 647, i = 2
2023-01-11 18:07:45.865  75 82 I channel139887621699328 self_thread_id = 139887621699328, last time delay.time = 11, now count = 646, i = 2
2023-01-11 18:07:45.865  75 82 I channel139887621699328 self_thread_id = 139887621699328, last time delay.time = 11, now count = 646, i = 2
2023-01-11 18:07:45.865  75 82 W channel139887621699328 self_thread_id = 139887621699328, last time delay.time = 11, now count = 646, i = 2
2023-01-11 18:07:45.865  75 82 E channel139887621699328 self_thread_id = 139887621699328, last time delay.time = 11, now count = 646, i = 2
2023-01-11 18:07:45.866  75 83 I channel139887613306624 self_thread_id = 139887613306624, last time delay.time = 8, now count = 648, i = 2
2023-01-11 18:07:45.866  75 83 I channel139887613306624 self_thread_id = 139887613306624, last time delay.time = 8, now count = 648, i = 2
2023-01-11 18:07:45.866  75 83 W channel139887613306624 self_thread_id = 139887613306624, last time delay.time = 8, now count = 648, i = 2
2023-01-11 18:07:45.866  75 83 E channel139887613306624 self_thread_id = 139887613306624, last time delay.time = 8, now count = 648, i = 2
2023-01-11 18:07:46.536  75 75 I APP.tag TestComponent::Proc
2023-01-11 18:07:46.536  75 75 I APP.tag ****************test INFO begin****************
2023-01-11 18:07:46.536  75 75 I APP.tag 测试 index = 854组
2023-01-11 18:07:46.536  75 75 E APP.tag 循环计数 i = 1次
2023-01-11 18:07:46.536  75 75 I APP.tag test LOG_Trace()
2023-01-11 18:07:46.536  75 75 I vscode 循环计数 i = 1次,test LOG_Channel_Trace()
2023-01-11 18:07:46.536  75 75 E APP.tag 循环计数 i = 2次
2023-01-11 18:07:46.536  75 75 E APP.tag 循环计数 i = 3次
2023-01-11 18:07:46.536  75 75 I APP.tag test LOG_Info()
2023-01-11 18:07:46.536  75 75 I baidu 循环计数 i = 3次,test LOG_Channel_Info()
2023-01-11 18:07:46.536  75 75 E APP.tag 循环计数 i = 4次
2023-01-11 18:07:46.536  75 75 W APP.tag test LOG_Warn()
2023-01-11 18:07:46.536  75 75 W google 循环计数 i = 4次,test LOG_Channel_Warn()
2023-01-11 18:07:46.536  75 75 E APP.tag 循环计数 i = 5次
2023-01-11 18:07:46.536  75 75 E APP.tag test LOG_Error()
2023-01-11 18:07:46.536  75 75 E visio 循环计数 i = 5次,test LOG_Channel_Error()
2023-01-11 18:07:46.536  75 75 I APP.tag print coredump DataLen:2 Data[01 00]
2023-01-11 18:07:46.536  75 75 W coredump 0x0000000a 0a 00 00 00 0b 00 00 00 0c 00 00 00 0d 00 00 00 0e 00 00 00
2023-01-11 18:07:46.536  75 75 I APP.tag ****************test INFO end****************
2023-01-11 18:07:46.865  75 78 I channel139887862236928 self_thread_id = 139887862236928, last time delay.time = 9, now count = 641, i = 3
2023-01-11 18:07:46.865  75 78 I channel139887862236928 self_thread_id = 139887862236928, last time delay.time = 9, now count = 641, i = 3
2023-01-11 18:07:46.865  75 78 W channel139887862236928 self_thread_id = 139887862236928, last time delay.time = 9, now count = 641, i = 3
2023-01-11 18:07:46.865  75 78 E channel139887862236928 self_thread_id = 139887862236928, last time delay.time = 9, now count = 641, i = 3
2023-01-11 18:07:46.865  75 79 I channel139887853844224 self_thread_id = 139887853844224, last time delay.time = 9, now count = 643, i = 3
2023-01-11 18:07:46.865  75 80 I channel139887845451520 self_thread_id = 139887845451520, last time delay.time = 9, now count = 642, i = 3
2023-01-11 18:07:46.865  75 79 I channel139887853844224 self_thread_id = 139887853844224, last time delay.time = 9, now count = 643, i = 3
2023-01-11 18:07:46.865  75 79 W channel139887853844224 self_thread_id = 139887853844224, last time delay.time = 9, now count = 643, i = 3
2023-01-11 18:07:46.865  75 80 I channel139887845451520 self_thread_id = 139887845451520, last time delay.time = 9, now count = 642, i = 3
2023-01-11 18:07:46.865  75 79 E channel139887853844224 self_thread_id = 139887853844224, last time delay.time = 9, now count = 643, i = 3
2023-01-11 18:07:46.865  75 80 W channel139887845451520 self_thread_id = 139887845451520, last time delay.time = 9, now count = 642, i = 3
2023-01-11 18:07:46.865  75 80 E channel139887845451520 self_thread_id = 139887845451520, last time delay.time = 9, now count = 642, i = 3
2023-01-11 18:07:46.865  75 81 I channel139887837058816 self_thread_id = 139887837058816, last time delay.time = 9, now count = 644, i = 3
2023-01-11 18:07:46.865  75 81 I channel139887837058816 self_thread_id = 139887837058816, last time delay.time = 9, now count = 644, i = 3
2023-01-11 18:07:46.865  75 81 W channel139887837058816 self_thread_id = 139887837058816, last time delay.time = 9, now count = 644, i = 3
2023-01-11 18:07:46.865  75 81 E channel139887837058816 self_thread_id = 139887837058816, last time delay.time = 9, now count = 644, i = 3
2023-01-11 18:07:46.865  75 77 I channel139887870629632 self_thread_id = 139887870629632, last time delay.time = 8, now count = 645, i = 3
2023-01-11 18:07:46.865  75 77 I channel139887870629632 self_thread_id = 139887870629632, last time delay.time = 8, now count = 645, i = 3
2023-01-11 18:07:46.865  75 77 W channel139887870629632 self_thread_id = 139887870629632, last time delay.time = 8, now count = 645, i = 3
2023-01-11 18:07:46.865  75 77 E channel139887870629632 self_thread_id = 139887870629632, last time delay.time = 8, now count = 645, i = 3
2023-01-11 18:07:46.865  75 84 I channel139887604913920 self_thread_id = 139887604913920, last time delay.time = 8, now count = 647, i = 3
2023-01-11 18:07:46.865  75 84 I channel139887604913920 self_thread_id = 139887604913920, last time delay.time = 8, now count = 647, i = 3
2023-01-11 18:07:46.865  75 84 W channel139887604913920 self_thread_id = 139887604913920, last time delay.time = 8, now count = 647, i = 3
2023-01-11 18:07:46.865  75 84 E channel139887604913920 self_thread_id = 139887604913920, last time delay.time = 8, now count = 647, i = 3
2023-01-11 18:07:46.865  75 82 I channel139887621699328 self_thread_id = 139887621699328, last time delay.time = 11, now count = 646, i = 3
2023-01-11 18:07:46.865  75 82 I channel139887621699328 self_thread_id = 139887621699328, last time delay.time = 11, now count = 646, i = 3
2023-01-11 18:07:46.865  75 82 W channel139887621699328 self_thread_id = 139887621699328, last time delay.time = 11, now count = 646, i = 3
2023-01-11 18:07:46.865  75 82 E channel139887621699328 self_thread_id = 139887621699328, last time delay.time = 11, now count = 646, i = 3
2023-01-11 18:07:46.866  75 83 I channel139887613306624 self_thread_id = 139887613306624, last time delay.time = 8, now count = 648, i = 3
2023-01-11 18:07:46.866  75 83 I channel139887613306624 self_thread_id = 139887613306624, last time delay.time = 8, now count = 648, i = 3
2023-01-11 18:07:46.866  75 83 W channel139887613306624 self_thread_id = 139887613306624, last time delay.time = 8, now count = 648, i = 3
2023-01-11 18:07:46.866  75 83 E channel139887613306624 self_thread_id = 139887613306624, last time delay.time = 8, now count = 648, i = 3
2023-01-11 18:07:47.865  75 78 I channel139887862236928 self_thread_id = 139887862236928, last time delay.time = 9, now count = 641, i = 4
2023-01-11 18:07:47.865  75 78 I channel139887862236928 self_thread_id = 139887862236928, last time delay.time = 9, now count = 641, i = 4
2023-01-11 18:07:47.865  75 80 I channel139887845451520 self_thread_id = 139887845451520, last time delay.time = 9, now count = 642, i = 4
2023-01-11 18:07:47.865  75 78 W channel139887862236928 self_thread_id = 139887862236928, last time delay.time = 9, now count = 641, i = 4
2023-01-11 18:07:47.865  75 78 E channel139887862236928 self_thread_id = 139887862236928, last time delay.time = 9, now count = 641, i = 4
2023-01-11 18:07:47.865  75 80 I channel139887845451520 self_thread_id = 139887845451520, last time delay.time = 9, now count = 642, i = 4
2023-01-11 18:07:47.865  75 79 I channel139887853844224 self_thread_id = 139887853844224, last time delay.time = 9, now count = 643, i = 4
2023-01-11 18:07:47.865  75 80 W channel139887845451520 self_thread_id = 139887845451520, last time delay.time = 9, now count = 642, i = 4
2023-01-11 18:07:47.865  75 81 I channel139887837058816 self_thread_id = 139887837058816, last time delay.time = 9, now count = 644, i = 4
2023-01-11 18:07:47.865  75 78 I channel139887862236928 self_thread_id = 139887862236928, last time delay.time = 9, now count = 649
2023-01-11 18:07:47.865  75 80 E channel139887845451520 self_thread_id = 139887845451520, last time delay.time = 9, now count = 642, i = 4
2023-01-11 18:07:47.865  75 81 I channel139887837058816 self_thread_id = 139887837058816, last time delay.time = 9, now count = 644, i = 4
2023-01-11 18:07:47.865  75 79 I channel139887853844224 self_thread_id = 139887853844224, last time delay.time = 9, now count = 643, i = 4
2023-01-11 18:07:47.865  75 81 W channel139887837058816 self_thread_id = 139887837058816, last time delay.time = 9, now count = 644, i = 4
2023-01-11 18:07:47.865  75 79 W channel139887853844224 self_thread_id = 139887853844224, last time delay.time = 9, now count = 643, i = 4
2023-01-11 18:07:47.865  75 81 E channel139887837058816 self_thread_id = 139887837058816, last time delay.time = 9, now count = 644, i = 4
2023-01-11 18:07:47.865  75 79 E channel139887853844224 self_thread_id = 139887853844224, last time delay.time = 9, now count = 643, i = 4
2023-01-11 18:07:47.865  75 80 I channel139887845451520 self_thread_id = 139887845451520, last time delay.time = 9, now count = 650
2023-01-11 18:07:47.865  75 81 I channel139887837058816 self_thread_id = 139887837058816, last time delay.time = 9, now count = 652
2023-01-11 18:07:47.865  75 79 I channel139887853844224 self_thread_id = 139887853844224, last time delay.time = 9, now count = 651
2023-01-11 18:07:47.865  75 77 I channel139887870629632 self_thread_id = 139887870629632, last time delay.time = 8, now count = 645, i = 4
2023-01-11 18:07:47.865  75 77 I channel139887870629632 self_thread_id = 139887870629632, last time delay.time = 8, now count = 645, i = 4
2023-01-11 18:07:47.865  75 77 W channel139887870629632 self_thread_id = 139887870629632, last time delay.time = 8, now count = 645, i = 4
2023-01-11 18:07:47.865  75 77 E channel139887870629632 self_thread_id = 139887870629632, last time delay.time = 8, now count = 645, i = 4
2023-01-11 18:07:47.865  75 77 I channel139887870629632 self_thread_id = 139887870629632, last time delay.time = 8, now count = 653
2023-01-11 18:07:47.865  75 84 I channel139887604913920 self_thread_id = 139887604913920, last time delay.time = 8, now count = 647, i = 4
2023-01-11 18:07:47.865  75 84 I channel139887604913920 self_thread_id = 139887604913920, last time delay.time = 8, now count = 647, i = 4
2023-01-11 18:07:47.865  75 84 W channel139887604913920 self_thread_id = 139887604913920, last time delay.time = 8, now count = 647, i = 4
2023-01-11 18:07:47.865  75 84 E channel139887604913920 self_thread_id = 139887604913920, last time delay.time = 8, now count = 647, i = 4
2023-01-11 18:07:47.865  75 84 I channel139887604913920 self_thread_id = 139887604913920, last time delay.time = 8, now count = 654
2023-01-11 18:07:47.865  75 82 I channel139887621699328 self_thread_id = 139887621699328, last time delay.time = 11, now count = 646, i = 4
2023-01-11 18:07:47.865  75 82 I channel139887621699328 self_thread_id = 139887621699328, last time delay.time = 11, now count = 646, i = 4
2023-01-11 18:07:47.865  75 82 W channel139887621699328 self_thread_id = 139887621699328, last time delay.time = 11, now count = 646, i = 4
2023-01-11 18:07:47.865  75 82 E channel139887621699328 self_thread_id = 139887621699328, last time delay.time = 11, now count = 646, i = 4
2023-01-11 18:07:47.865  75 82 I channel139887621699328 self_thread_id = 139887621699328, last time delay.time = 11, now count = 655
2023-01-11 18:07:47.866  75 83 I channel139887613306624 self_thread_id = 139887613306624, last time delay.time = 8, now count = 648, i = 4
2023-01-11 18:07:47.866  75 83 I channel139887613306624 self_thread_id = 139887613306624, last time delay.time = 8, now count = 648, i = 4
2023-01-11 18:07:47.866  75 83 W channel139887613306624 self_thread_id = 139887613306624, last time delay.time = 8, now count = 648, i = 4
2023-01-11 18:07:47.866  75 83 E channel139887613306624 self_thread_id = 139887613306624, last time delay.time = 8, now count = 648, i = 4
2023-01-11 18:07:47.866  75 83 I channel139887613306624 self_thread_id = 139887613306624, last time delay.time = 8, now count = 656
2023-01-11 18:07:48.865  75 80 I channel139887845451520 self_thread_id = 139887845451520, last time delay.time = 10, now count = 650, i = 0
2023-01-11 18:07:48.865  75 80 I channel139887845451520 self_thread_id = 139887845451520, last time delay.time = 10, now count = 650, i = 0
2023-01-11 18:07:48.865  75 80 W channel139887845451520 self_thread_id = 139887845451520, last time delay.time = 10, now count = 650, i = 0
2023-01-11 18:07:48.865  75 78 I channel139887862236928 self_thread_id = 139887862236928, last time delay.time = 12, now count = 649, i = 0
2023-01-11 18:07:48.865  75 80 E channel139887845451520 self_thread_id = 139887845451520, last time delay.time = 10, now count = 650, i = 0
2023-01-11 18:07:48.865  75 78 I channel139887862236928 self_thread_id = 139887862236928, last time delay.time = 12, now count = 649, i = 0
2023-01-11 18:07:48.865  75 78 W channel139887862236928 self_thread_id = 139887862236928, last time delay.time = 12, now count = 649, i = 0
2023-01-11 18:07:48.865  75 81 I channel139887837058816 self_thread_id = 139887837058816, last time delay.time = 9, now count = 652, i = 0
2023-01-11 18:07:48.865  75 79 I channel139887853844224 self_thread_id = 139887853844224, last time delay.time = 10, now count = 651, i = 0
2023-01-11 18:07:48.865  75 78 E channel139887862236928 self_thread_id = 139887862236928, last time delay.time = 12, now count = 649, i = 0
2023-01-11 18:07:48.865  75 81 I channel139887837058816 self_thread_id = 139887837058816, last time delay.time = 9, now count = 652, i = 0
2023-01-11 18:07:48.865  75 81 W channel139887837058816 self_thread_id = 139887837058816, last time delay.time = 9, now count = 652, i = 0
2023-01-11 18:07:48.865  75 79 I channel139887853844224 self_thread_id = 139887853844224, last time delay.time = 10, now count = 651, i = 0
2023-01-11 18:07:48.865  75 81 E channel139887837058816 self_thread_id = 139887837058816, last time delay.time = 9, now count = 652, i = 0
2023-01-11 18:07:48.865  75 79 W channel139887853844224 self_thread_id = 139887853844224, last time delay.time = 10, now count = 651, i = 0
2023-01-11 18:07:48.865  75 79 E channel139887853844224 self_thread_id = 139887853844224, last time delay.time = 10, now count = 651, i = 0
2023-01-11 18:07:48.865  75 77 I channel139887870629632 self_thread_id = 139887870629632, last time delay.time = 8, now count = 653, i = 0
2023-01-11 18:07:48.865  75 77 I channel139887870629632 self_thread_id = 139887870629632, last time delay.time = 8, now count = 653, i = 0
2023-01-11 18:07:48.865  75 77 W channel139887870629632 self_thread_id = 139887870629632, last time delay.time = 8, now count = 653, i = 0
2023-01-11 18:07:48.865  75 77 E channel139887870629632 self_thread_id = 139887870629632, last time delay.time = 8, now count = 653, i = 0
2023-01-11 18:07:48.865  75 84 I channel139887604913920 self_thread_id = 139887604913920, last time delay.time = 7, now count = 654, i = 0
2023-01-11 18:07:48.865  75 84 I channel139887604913920 self_thread_id = 139887604913920, last time delay.time = 7, now count = 654, i = 0
2023-01-11 18:07:48.865  75 84 W channel139887604913920 self_thread_id = 139887604913920, last time delay.time = 7, now count = 654, i = 0
2023-01-11 18:07:48.865  75 84 E channel139887604913920 self_thread_id = 139887604913920, last time delay.time = 7, now count = 654, i = 0
2023-01-11 18:07:48.866  75 82 I channel139887621699328 self_thread_id = 139887621699328, last time delay.time = 8, now count = 655, i = 0
2023-01-11 18:07:48.866  75 82 I channel139887621699328 self_thread_id = 139887621699328, last time delay.time = 8, now count = 655, i = 0
2023-01-11 18:07:48.866  75 82 W channel139887621699328 self_thread_id = 139887621699328, last time delay.time = 8, now count = 655, i = 0
2023-01-11 18:07:48.866  75 82 E channel139887621699328 self_thread_id = 139887621699328, last time delay.time = 8, now count = 655, i = 0
2023-01-11 18:07:48.866  75 83 I channel139887613306624 self_thread_id = 139887613306624, last time delay.time = 8, now count = 656, i = 0
2023-01-11 18:07:48.866  75 83 I channel139887613306624 self_thread_id = 139887613306624, last time delay.time = 8, now count = 656, i = 0
2023-01-11 18:07:48.866  75 83 W channel139887613306624 self_thread_id = 139887613306624, last time delay.time = 8, now count = 656, i = 0
2023-01-11 18:07:48.866  75 83 E channel139887613306624 self_thread_id = 139887613306624, last time delay.time = 8, now count = 656, i = 0
2023-01-11 18:07:49.865  75 78 I channel139887862236928 self_thread_id = 139887862236928, last time delay.time = 12, now count = 649, i = 1
2023-01-11 18:07:49.865  75 80 I channel139887845451520 self_thread_id = 139887845451520, last time delay.time = 10, now count = 650, i = 1
2023-01-11 18:07:49.865  75 78 I channel139887862236928 self_thread_id = 139887862236928, last time delay.time = 12, now count = 649, i = 1
2023-01-11 18:07:49.865  75 78 W channel139887862236928 self_thread_id = 139887862236928, last time delay.time = 12, now count = 649, i = 1
2023-01-11 18:07:49.865  75 80 I channel139887845451520 self_thread_id = 139887845451520, last time delay.time = 10, now count = 650, i = 1
2023-01-11 18:07:49.865  75 78 E channel139887862236928 self_thread_id = 139887862236928, last time delay.time = 12, now count = 649, i = 1
2023-01-11 18:07:49.865  75 80 W channel139887845451520 self_thread_id = 139887845451520, last time delay.time = 10, now count = 650, i = 1
2023-01-11 18:07:49.865  75 81 I channel139887837058816 self_thread_id = 139887837058816, last time delay.time = 9, now count = 652, i = 1
2023-01-11 18:07:49.865  75 80 E channel139887845451520 self_thread_id = 139887845451520, last time delay.time = 10, now count = 650, i = 1
2023-01-11 18:07:49.865  75 81 I channel139887837058816 self_thread_id = 139887837058816, last time delay.time = 9, now count = 652, i = 1
2023-01-11 18:07:49.865  75 81 W channel139887837058816 self_thread_id = 139887837058816, last time delay.time = 9, now count = 652, i = 1
2023-01-11 18:07:49.865  75 79 I channel139887853844224 self_thread_id = 139887853844224, last time delay.time = 10, now count = 651, i = 1
2023-01-11 18:07:49.865  75 81 E channel139887837058816 self_thread_id = 139887837058816, last time delay.time = 9, now count = 652, i = 1
2023-01-11 18:07:49.865  75 79 I channel139887853844224 self_thread_id = 139887853844224, last time delay.time = 10, now count = 651, i = 1
2023-01-11 18:07:49.865  75 79 W channel139887853844224 self_thread_id = 139887853844224, last time delay.time = 10, now count = 651, i = 1
2023-01-11 18:07:49.865  75 79 E channel139887853844224 self_thread_id = 139887853844224, last time delay.time = 10, now count = 651, i = 1
2023-01-11 18:07:49.865  75 84 I channel139887604913920 self_thread_id = 139887604913920, last time delay.time = 7, now count = 654, i = 1
2023-01-11 18:07:49.865  75 84 I channel139887604913920 self_thread_id = 139887604913920, last time delay.time = 7, now count = 654, i = 1
2023-01-11 18:07:49.865  75 77 I channel139887870629632 self_thread_id = 139887870629632, last time delay.time = 8, now count = 653, i = 1
