2023-01-11 18:23:15.039  75 80 I channel139887845451520 self_thread_id = 139887845451520, last time delay.time = 10, now count = 134, i = 1
2023-01-11 18:23:15.039  75 80 W channel139887845451520 self_thread_id = 139887845451520, last time delay.time = 10, now count = 134, i = 1
2023-01-11 18:23:15.039  75 80 E channel139887845451520 self_thread_id = 139887845451520, last time delay.time = 10, now count = 134, i = 1
2023-01-11 18:23:15.039  75 81 I channel139887837058816 self_thread_id = 139887837058816, last time delay.time = 9, now count = 135, i = 1
2023-01-11 18:23:15.039  75 81 I channel139887837058816 self_thread_id = 139887837058816, last time delay.time = 9, now count = 135, i = 1
2023-01-11 18:23:15.039  75 81 W channel139887837058816 self_thread_id = 139887837058816, last time delay.time = 9, now count = 135, i = 1
2023-01-11 18:23:15.039  75 81 E channel139887837058816 self_thread_id = 139887837058816, last time delay.time = 9, now count = 135, i = 1
2023-01-11 18:23:15.039  75 82 I channel139887621699328 self_thread_id = 139887621699328, last time delay.time = 8, now count = 136, i = 1
2023-01-11 18:23:15.039  75 82 I channel139887621699328 self_thread_id = 139887621699328, last time delay.time = 8, now count = 136, i = 1
2023-01-11 18:23:15.039  75 82 W channel139887621699328 self_thread_id = 139887621699328, last time delay.time = 8, now count = 136, i = 1
2023-01-11 18:23:15.039  75 82 E channel139887621699328 self_thread_id = 139887621699328, last time delay.time = 8, now count = 136, i = 1
2023-01-11 18:23:16.038  75 83 I channel139887613306624 self_thread_id = 139887613306624, last time delay.time = 9, now count = 129, i = 2
2023-01-11 18:23:16.038  75 83 I channel139887613306624 self_thread_id = 139887613306624, last time delay.time = 9, now count = 129, i = 2
2023-01-11 18:23:16.038  75 83 W channel139887613306624 self_thread_id = 139887613306624, last time delay.time = 9, now count = 129, i = 2
2023-01-11 18:23:16.038  75 83 E channel139887613306624 self_thread_id = 139887613306624, last time delay.time = 9, now count = 129, i = 2
2023-01-11 18:23:16.038  75 79 I channel139887853844224 self_thread_id = 139887853844224, last time delay.time = 14, now count = 130, i = 2
2023-01-11 18:23:16.038  75 79 I channel139887853844224 self_thread_id = 139887853844224, last time delay.time = 14, now count = 130, i = 2
2023-01-11 18:23:16.038  75 84 I channel139887604913920 self_thread_id = 139887604913920, last time delay.time = 8, now count = 131, i = 2
2023-01-11 18:23:16.038  75 79 W channel139887853844224 self_thread_id = 139887853844224, last time delay.time = 14, now count = 130, i = 2
2023-01-11 18:23:16.038  75 79 E channel139887853844224 self_thread_id = 139887853844224, last time delay.time = 14, now count = 130, i = 2
2023-01-11 18:23:16.038  75 84 I channel139887604913920 self_thread_id = 139887604913920, last time delay.time = 8, now count = 131, i = 2
2023-01-11 18:23:16.038  75 84 W channel139887604913920 self_thread_id = 139887604913920, last time delay.time = 8, now count = 131, i = 2
2023-01-11 18:23:16.038  75 84 E channel139887604913920 self_thread_id = 139887604913920, last time delay.time = 8, now count = 131, i = 2
2023-01-11 18:23:16.039  75 77 I channel139887870629632 self_thread_id = 139887870629632, last time delay.time = 12, now count = 132, i = 2
2023-01-11 18:23:16.039  75 77 I channel139887870629632 self_thread_id = 139887870629632, last time delay.time = 12, now count = 132, i = 2
2023-01-11 18:23:16.039  75 77 W channel139887870629632 self_thread_id = 139887870629632, last time delay.time = 12, now count = 132, i = 2
2023-01-11 18:23:16.039  75 77 E channel139887870629632 self_thread_id = 139887870629632, last time delay.time = 12, now count = 132, i = 2
2023-01-11 18:23:16.039  75 78 I channel139887862236928 self_thread_id = 139887862236928, last time delay.time = 9, now count = 133, i = 2
2023-01-11 18:23:16.039  75 78 I channel139887862236928 self_thread_id = 139887862236928, last time delay.time = 9, now count = 133, i = 2
2023-01-11 18:23:16.039  75 78 W channel139887862236928 self_thread_id = 139887862236928, last time delay.time = 9, now count = 133, i = 2
2023-01-11 18:23:16.039  75 78 E channel139887862236928 self_thread_id = 139887862236928, last time delay.time = 9, now count = 133, i = 2
2023-01-11 18:23:16.039  75 80 I channel139887845451520 self_thread_id = 139887845451520, last time delay.time = 10, now count = 134, i = 2
2023-01-11 18:23:16.039  75 80 I channel139887845451520 self_thread_id = 139887845451520, last time delay.time = 10, now count = 134, i = 2
2023-01-11 18:23:16.039  75 80 W channel139887845451520 self_thread_id = 139887845451520, last time delay.time = 10, now count = 134, i = 2
2023-01-11 18:23:16.039  75 80 E channel139887845451520 self_thread_id = 139887845451520, last time delay.time = 10, now count = 134, i = 2
2023-01-11 18:23:16.039  75 81 I channel139887837058816 self_thread_id = 139887837058816, last time delay.time = 9, now count = 135, i = 2
2023-01-11 18:23:16.039  75 81 I channel139887837058816 self_thread_id = 139887837058816, last time delay.time = 9, now count = 135, i = 2
2023-01-11 18:23:16.039  75 81 W channel139887837058816 self_thread_id = 139887837058816, last time delay.time = 9, now count = 135, i = 2
2023-01-11 18:23:16.039  75 82 I channel139887621699328 self_thread_id = 139887621699328, last time delay.time = 8, now count = 136, i = 2
2023-01-11 18:23:16.039  75 81 E channel139887837058816 self_thread_id = 139887837058816, last time delay.time = 9, now count = 135, i = 2
2023-01-11 18:23:16.039  75 82 I channel139887621699328 self_thread_id = 139887621699328, last time delay.time = 8, now count = 136, i = 2
2023-01-11 18:23:16.039  75 82 W channel139887621699328 self_thread_id = 139887621699328, last time delay.time = 8, now count = 136, i = 2
2023-01-11 18:23:16.039  75 82 E channel139887621699328 self_thread_id = 139887621699328, last time delay.time = 8, now count = 136, i = 2
2023-01-11 18:23:16.565  75 75 I APP.tag TestComponent::Proc
2023-01-11 18:23:16.565  75 75 I APP.tag ****************test INFO begin****************
2023-01-11 18:23:16.565  75 75 I APP.tag 测试 index = 947组
2023-01-11 18:23:16.565  75 75 E APP.tag 循环计数 i = 1次
2023-01-11 18:23:16.565  75 75 I APP.tag test LOG_Trace()
2023-01-11 18:23:16.565  75 75 I vscode 循环计数 i = 1次,test LOG_Channel_Trace()
2023-01-11 18:23:16.565  75 75 E APP.tag 循环计数 i = 2次
2023-01-11 18:23:16.565  75 75 E APP.tag 循环计数 i = 3次
2023-01-11 18:23:16.565  75 75 I APP.tag test LOG_Info()
2023-01-11 18:23:16.565  75 75 I baidu 循环计数 i = 3次,test LOG_Channel_Info()
2023-01-11 18:23:16.565  75 75 E APP.tag 循环计数 i = 4次
2023-01-11 18:23:16.565  75 75 W APP.tag test LOG_Warn()
2023-01-11 18:23:16.565  75 75 W google 循环计数 i = 4次,test LOG_Channel_Warn()
2023-01-11 18:23:16.565  75 75 E APP.tag 循环计数 i = 5次
2023-01-11 18:23:16.565  75 75 E APP.tag test LOG_Error()
2023-01-11 18:23:16.565  75 75 E visio 循环计数 i = 5次,test LOG_Channel_Error()
2023-01-11 18:23:16.565  75 75 I APP.tag print coredump DataLen:2 Data[01 00]
2023-01-11 18:23:16.565  75 75 W coredump 0x0000000a 0a 00 00 00 0b 00 00 00 0c 00 00 00 0d 00 00 00 0e 00 00 00
2023-01-11 18:23:16.565  75 75 I APP.tag ****************test INFO end****************
2023-01-11 18:23:17.038  75 83 I channel139887613306624 self_thread_id = 139887613306624, last time delay.time = 9, now count = 129, i = 3
2023-01-11 18:23:17.038  75 83 I channel139887613306624 self_thread_id = 139887613306624, last time delay.time = 9, now count = 129, i = 3
2023-01-11 18:23:17.038  75 83 W channel139887613306624 self_thread_id = 139887613306624, last time delay.time = 9, now count = 129, i = 3
2023-01-11 18:23:17.038  75 83 E channel139887613306624 self_thread_id = 139887613306624, last time delay.time = 9, now count = 129, i = 3
2023-01-11 18:23:17.039  75 79 I channel139887853844224 self_thread_id = 139887853844224, last time delay.time = 14, now count = 130, i = 3
2023-01-11 18:23:17.039  75 79 I channel139887853844224 self_thread_id = 139887853844224, last time delay.time = 14, now count = 130, i = 3
2023-01-11 18:23:17.039  75 84 I channel139887604913920 self_thread_id = 139887604913920, last time delay.time = 8, now count = 131, i = 3
2023-01-11 18:23:17.039  75 79 W channel139887853844224 self_thread_id = 139887853844224, last time delay.time = 14, now count = 130, i = 3
2023-01-11 18:23:17.039  75 84 I channel139887604913920 self_thread_id = 139887604913920, last time delay.time = 8, now count = 131, i = 3
2023-01-11 18:23:17.039  75 79 E channel139887853844224 self_thread_id = 139887853844224, last time delay.time = 14, now count = 130, i = 3
2023-01-11 18:23:17.039  75 84 W channel139887604913920 self_thread_id = 139887604913920, last time delay.time = 8, now count = 131, i = 3
2023-01-11 18:23:17.039  75 84 E channel139887604913920 self_thread_id = 139887604913920, last time delay.time = 8, now count = 131, i = 3
2023-01-11 18:23:17.039  75 77 I channel139887870629632 self_thread_id = 139887870629632, last time delay.time = 12, now count = 132, i = 3
2023-01-11 18:23:17.039  75 77 I channel139887870629632 self_thread_id = 139887870629632, last time delay.time = 12, now count = 132, i = 3
2023-01-11 18:23:17.039  75 77 W channel139887870629632 self_thread_id = 139887870629632, last time delay.time = 12, now count = 132, i = 3
2023-01-11 18:23:17.039  75 77 E channel139887870629632 self_thread_id = 139887870629632, last time delay.time = 12, now count = 132, i = 3
2023-01-11 18:23:17.039  75 78 I channel139887862236928 self_thread_id = 139887862236928, last time delay.time = 9, now count = 133, i = 3
2023-01-11 18:23:17.039  75 80 I channel139887845451520 self_thread_id = 139887845451520, last time delay.time = 10, now count = 134, i = 3
2023-01-11 18:23:17.039  75 78 I channel139887862236928 self_thread_id = 139887862236928, last time delay.time = 9, now count = 133, i = 3
2023-01-11 18:23:17.039  75 80 I channel139887845451520 self_thread_id = 139887845451520, last time delay.time = 10, now count = 134, i = 3
2023-01-11 18:23:17.039  75 78 W channel139887862236928 self_thread_id = 139887862236928, last time delay.time = 9, now count = 133, i = 3
2023-01-11 18:23:17.039  75 80 W channel139887845451520 self_thread_id = 139887845451520, last time delay.time = 10, now count = 134, i = 3
2023-01-11 18:23:17.039  75 80 E channel139887845451520 self_thread_id = 139887845451520, last time delay.time = 10, now count = 134, i = 3
2023-01-11 18:23:17.039  75 78 E channel139887862236928 self_thread_id = 139887862236928, last time delay.time = 9, now count = 133, i = 3
2023-01-11 18:23:17.039  75 82 I channel139887621699328 self_thread_id = 139887621699328, last time delay.time = 8, now count = 136, i = 3
2023-01-11 18:23:17.039  75 82 I channel139887621699328 self_thread_id = 139887621699328, last time delay.time = 8, now count = 136, i = 3
2023-01-11 18:23:17.039  75 82 W channel139887621699328 self_thread_id = 139887621699328, last time delay.time = 8, now count = 136, i = 3
2023-01-11 18:23:17.039  75 82 E channel139887621699328 self_thread_id = 139887621699328, last time delay.time = 8, now count = 136, i = 3
2023-01-11 18:23:17.039  75 81 I channel139887837058816 self_thread_id = 139887837058816, last time delay.time = 9, now count = 135, i = 3
2023-01-11 18:23:17.039  75 81 I channel139887837058816 self_thread_id = 139887837058816, last time delay.time = 9, now count = 135, i = 3
2023-01-11 18:23:17.039  75 81 W channel139887837058816 self_thread_id = 139887837058816, last time delay.time = 9, now count = 135, i = 3
2023-01-11 18:23:17.039  75 81 E channel139887837058816 self_thread_id = 139887837058816, last time delay.time = 9, now count = 135, i = 3
2023-01-11 18:23:18.038  75 83 I channel139887613306624 self_thread_id = 139887613306624, last time delay.time = 9, now count = 129, i = 4
2023-01-11 18:23:18.038  75 83 I channel139887613306624 self_thread_id = 139887613306624, last time delay.time = 9, now count = 129, i = 4
2023-01-11 18:23:18.038  75 83 W channel139887613306624 self_thread_id = 139887613306624, last time delay.time = 9, now count = 129, i = 4
2023-01-11 18:23:18.039  75 83 E channel139887613306624 self_thread_id = 139887613306624, last time delay.time = 9, now count = 129, i = 4
2023-01-11 18:23:18.039  75 83 I channel139887613306624 self_thread_id = 139887613306624, last time delay.time = 9, now count = 137
2023-01-11 18:23:18.039  75 79 I channel139887853844224 self_thread_id = 139887853844224, last time delay.time = 14, now count = 130, i = 4
2023-01-11 18:23:18.039  75 84 I channel139887604913920 self_thread_id = 139887604913920, last time delay.time = 8, now count = 131, i = 4
2023-01-11 18:23:18.039  75 79 I channel139887853844224 self_thread_id = 139887853844224, last time delay.time = 14, now count = 130, i = 4
2023-01-11 18:23:18.039  75 79 W channel139887853844224 self_thread_id = 139887853844224, last time delay.time = 14, now count = 130, i = 4
2023-01-11 18:23:18.039  75 84 I channel139887604913920 self_thread_id = 139887604913920, last time delay.time = 8, now count = 131, i = 4
2023-01-11 18:23:18.039  75 79 E channel139887853844224 self_thread_id = 139887853844224, last time delay.time = 14, now count = 130, i = 4
2023-01-11 18:23:18.039  75 84 W channel139887604913920 self_thread_id = 139887604913920, last time delay.time = 8, now count = 131, i = 4
2023-01-11 18:23:18.039  75 79 I channel139887853844224 self_thread_id = 139887853844224, last time delay.time = 14, now count = 138
2023-01-11 18:23:18.039  75 84 E channel139887604913920 self_thread_id = 139887604913920, last time delay.time = 8, now count = 131, i = 4
2023-01-11 18:23:18.039  75 84 I channel139887604913920 self_thread_id = 139887604913920, last time delay.time = 8, now count = 139
2023-01-11 18:23:18.039  75 77 I channel139887870629632 self_thread_id = 139887870629632, last time delay.time = 12, now count = 132, i = 4
2023-01-11 18:23:18.039  75 77 I channel139887870629632 self_thread_id = 139887870629632, last time delay.time = 12, now count = 132, i = 4
2023-01-11 18:23:18.039  75 77 W channel139887870629632 self_thread_id = 139887870629632, last time delay.time = 12, now count = 132, i = 4
2023-01-11 18:23:18.039  75 77 E channel139887870629632 self_thread_id = 139887870629632, last time delay.time = 12, now count = 132, i = 4
2023-01-11 18:23:18.039  75 77 I channel139887870629632 self_thread_id = 139887870629632, last time delay.time = 12, now count = 140
2023-01-11 18:23:18.039  75 78 I channel139887862236928 self_thread_id = 139887862236928, last time delay.time = 9, now count = 133, i = 4
2023-01-11 18:23:18.039  75 78 I channel139887862236928 self_thread_id = 139887862236928, last time delay.time = 9, now count = 133, i = 4
2023-01-11 18:23:18.039  75 78 W channel139887862236928 self_thread_id = 139887862236928, last time delay.time = 9, now count = 133, i = 4
2023-01-11 18:23:18.039  75 78 E channel139887862236928 self_thread_id = 139887862236928, last time delay.time = 9, now count = 133, i = 4
2023-01-11 18:23:18.039  75 80 I channel139887845451520 self_thread_id = 139887845451520, last time delay.time = 10, now count = 134, i = 4
2023-01-11 18:23:18.039  75 80 I channel139887845451520 self_thread_id = 139887845451520, last time delay.time = 10, now count = 134, i = 4
2023-01-11 18:23:18.039  75 82 I channel139887621699328 self_thread_id = 139887621699328, last time delay.time = 8, now count = 136, i = 4
2023-01-11 18:23:18.039  75 80 W channel139887845451520 self_thread_id = 139887845451520, last time delay.time = 10, now count = 134, i = 4
2023-01-11 18:23:18.039  75 78 I channel139887862236928 self_thread_id = 139887862236928, last time delay.time = 9, now count = 141
2023-01-11 18:23:18.039  75 82 I channel139887621699328 self_thread_id = 139887621699328, last time delay.time = 8, now count = 136, i = 4
2023-01-11 18:23:18.039  75 80 E channel139887845451520 self_thread_id = 139887845451520, last time delay.time = 10, now count = 134, i = 4
2023-01-11 18:23:18.039  75 82 W channel139887621699328 self_thread_id = 139887621699328, last time delay.time = 8, now count = 136, i = 4
2023-01-11 18:23:18.039  75 80 I channel139887845451520 self_thread_id = 139887845451520, last time delay.time = 10, now count = 142
2023-01-11 18:23:18.039  75 82 E channel139887621699328 self_thread_id = 139887621699328, last time delay.time = 8, now count = 136, i = 4
2023-01-11 18:23:18.039  75 82 I channel139887621699328 self_thread_id = 139887621699328, last time delay.time = 8, now count = 143
2023-01-11 18:23:18.039  75 81 I channel139887837058816 self_thread_id = 139887837058816, last time delay.time = 9, now count = 135, i = 4
2023-01-11 18:23:18.039  75 81 I channel139887837058816 self_thread_id = 139887837058816, last time delay.time = 9, now count = 135, i = 4
2023-01-11 18:23:18.039  75 81 W channel139887837058816 self_thread_id = 139887837058816, last time delay.time = 9, now count = 135, i = 4
2023-01-11 18:23:18.039  75 81 E channel139887837058816 self_thread_id = 139887837058816, last time delay.time = 9, now count = 135, i = 4
2023-01-11 18:23:18.039  75 81 I channel139887837058816 self_thread_id = 139887837058816, last time delay.time = 9, now count = 144
2023-01-11 18:23:19.039  75 83 I channel139887613306624 self_thread_id = 139887613306624, last time delay.time = 8, now count = 137, i = 0
2023-01-11 18:23:19.039  75 83 I channel139887613306624 self_thread_id = 139887613306624, last time delay.time = 8, now count = 137, i = 0
2023-01-11 18:23:19.039  75 83 W channel139887613306624 self_thread_id = 139887613306624, last time delay.time = 8, now count = 137, i = 0
2023-01-11 18:23:19.039  75 83 E channel139887613306624 self_thread_id = 139887613306624, last time delay.time = 8, now count = 137, i = 0
2023-01-11 18:23:19.039  75 79 I channel139887853844224 self_thread_id = 139887853844224, last time delay.time = 9, now count = 138, i = 0
2023-01-11 18:23:19.039  75 79 I channel139887853844224 self_thread_id = 139887853844224, last time delay.time = 9, now count = 138, i = 0
2023-01-11 18:23:19.039  75 79 W channel139887853844224 self_thread_id = 139887853844224, last time delay.time = 9, now count = 138, i = 0
2023-01-11 18:23:19.039  75 79 E channel139887853844224 self_thread_id = 139887853844224, last time delay.time = 9, now count = 138, i = 0
2023-01-11 18:23:19.039  75 84 I channel139887604913920 self_thread_id = 139887604913920, last time delay.time = 8, now count = 139, i = 0
2023-01-11 18:23:19.039  75 84 I channel139887604913920 self_thread_id = 139887604913920, last time delay.time = 8, now count = 139, i = 0
2023-01-11 18:23:19.039  75 84 W channel139887604913920 self_thread_id = 139887604913920, last time delay.time = 8, now count = 139, i = 0
2023-01-11 18:23:19.039  75 84 E channel139887604913920 self_thread_id = 139887604913920, last time delay.time = 8, now count = 139, i = 0
2023-01-11 18:23:19.039  75 77 I channel139887870629632 self_thread_id = 139887870629632, last time delay.time = 9, now count = 140, i = 0
2023-01-11 18:23:19.039  75 77 I channel139887870629632 self_thread_id = 139887870629632, last time delay.time = 9, now count = 140, i = 0
2023-01-11 18:23:19.039  75 77 W channel139887870629632 self_thread_id = 139887870629632, last time delay.time = 9, now count = 140, i = 0
2023-01-11 18:23:19.039  75 77 E channel139887870629632 self_thread_id = 139887870629632, last time delay.time = 9, now count = 140, i = 0
2023-01-11 18:23:19.039  75 78 I channel139887862236928 self_thread_id = 139887862236928, last time delay.time = 27, now count = 141, i = 0
2023-01-11 18:23:19.040  75 78 I channel139887862236928 self_thread_id = 139887862236928, last time delay.time = 27, now count = 141, i = 0
2023-01-11 18:23:19.040  75 78 W channel139887862236928 self_thread_id = 139887862236928, last time delay.time = 27, now count = 141, i = 0
2023-01-11 18:23:19.040  75 82 I channel139887621699328 self_thread_id = 139887621699328, last time delay.time = 8, now count = 143, i = 0
2023-01-11 18:23:19.040  75 78 E channel139887862236928 self_thread_id = 139887862236928, last time delay.time = 27, now count = 141, i = 0
2023-01-11 18:23:19.040  75 80 I channel139887845451520 self_thread_id = 139887845451520, last time delay.time = 10, now count = 142, i = 0
2023-01-11 18:23:19.040  75 82 I channel139887621699328 self_thread_id = 139887621699328, last time delay.time = 8, now count = 143, i = 0
2023-01-11 18:23:19.040  75 82 W channel139887621699328 self_thread_id = 139887621699328, last time delay.time = 8, now count = 143, i = 0
2023-01-11 18:23:19.040  75 81 I channel139887837058816 self_thread_id = 139887837058816, last time delay.time = 9, now count = 144, i = 0
2023-01-11 18:23:19.040  75 82 E channel139887621699328 self_thread_id = 139887621699328, last time delay.time = 8, now count = 143, i = 0
2023-01-11 18:23:19.040  75 80 I channel139887845451520 self_thread_id = 139887845451520, last time delay.time = 10, now count = 142, i = 0
2023-01-11 18:23:19.040  75 80 W channel139887845451520 self_thread_id = 139887845451520, last time delay.time = 10, now count = 142, i = 0
2023-01-11 18:23:19.040  75 81 I channel139887837058816 self_thread_id = 139887837058816, last time delay.time = 9, now count = 144, i = 0
2023-01-11 18:23:19.040  75 80 E channel139887845451520 self_thread_id = 139887845451520, last time delay.time = 10, now count = 142, i = 0
2023-01-11 18:23:19.040  75 81 W channel139887837058816 self_thread_id = 139887837058816, last time delay.time = 9, now count = 144, i = 0
2023-01-11 18:23:19.040  75 81 E channel139887837058816 self_thread_id = 139887837058816, last time delay.time = 9, now count = 144, i = 0
2023-01-11 18:23:20.039  75 83 I channel139887613306624 self_thread_id = 139887613306624, last time delay.time = 8, now count = 137, i = 1
2023-01-11 18:23:20.039  75 83 I channel139887613306624 self_thread_id = 139887613306624, last time delay.time = 8, now count = 137, i = 1
2023-01-11 18:23:20.039  75 83 W channel139887613306624 self_thread_id = 139887613306624, last time delay.time = 8, now count = 137, i = 1
2023-01-11 18:23:20.039  75 83 E channel139887613306624 self_thread_id = 139887613306624, last time delay.time = 8, now count = 137, i = 1
2023-01-11 18:23:20.039  75 79 I channel139887853844224 self_thread_id = 139887853844224, last time delay.time = 9, now count = 138, i = 1
2023-01-11 18:23:20.039  75 79 I channel139887853844224 self_thread_id = 139887853844224, last time delay.time = 9, now count = 138, i = 1
2023-01-11 18:23:20.039  75 79 W channel139887853844224 self_thread_id = 139887853844224, last time delay.time = 9, now count = 138, i = 1
2023-01-11 18:23:20.039  75 79 E channel139887853844224 self_thread_id = 139887853844224, last time delay.time = 9, now count = 138, i = 1
2023-01-11 18:23:20.039  75 84 I channel139887604913920 self_thread_id = 139887604913920, last time delay.time = 8, now count = 139, i = 1
2023-01-11 18:23:20.039  75 84 I channel139887604913920 self_thread_id = 139887604913920, last time delay.time = 8, now count = 139, i = 1
2023-01-11 18:23:20.039  75 84 W channel139887604913920 self_thread_id = 139887604913920, last time delay.time = 8, now count = 139, i = 1
2023-01-11 18:23:20.039  75 84 E channel139887604913920 self_thread_id = 139887604913920, last time delay.time = 8, now count = 139, i = 1
2023-01-11 18:23:20.039  75 77 I channel139887870629632 self_thread_id = 139887870629632, last time delay.time = 9, now count = 140, i = 1
2023-01-11 18:23:20.039  75 77 I channel139887870629632 self_thread_id = 139887870629632, last time delay.time = 9, now count = 140, i = 1
2023-01-11 18:23:20.039  75 77 W channel139887870629632 self_thread_id = 139887870629632, last time delay.time = 9, now count = 140, i = 1
2023-01-11 18:23:20.039  75 77 E channel139887870629632 self_thread_id = 139887870629632, last time delay.time = 9, now count = 140, i = 1
2023-01-11 18:23:20.040  75 82 I channel139887621699328 self_thread_id = 139887621699328, last time delay.time = 8, now count = 143, i = 1
2023-01-11 18:23:20.040  75 82 I channel139887621699328 self_thread_id = 139887621699328, last time delay.time = 8, now count = 143, i = 1
2023-01-11 18:23:20.040  75 78 I channel139887862236928 self_thread_id = 139887862236928, last time delay.time = 27, now count = 141, i = 1
2023-01-11 18:23:20.040  75 82 W channel139887621699328 self_thread_id = 139887621699328, last time delay.time = 8, now count = 143, i = 1
2023-01-11 18:23:20.040  75 80 I channel139887845451520 self_thread_id = 139887845451520, last time delay.time = 10, now count = 142, i = 1
2023-01-11 18:23:20.040  75 82 E channel139887621699328 self_thread_id = 139887621699328, last time delay.time = 8, now count = 143, i = 1
2023-01-11 18:23:20.040  75 78 I channel139887862236928 self_thread_id = 139887862236928, last time delay.time = 27, now count = 141, i = 1
2023-01-11 18:23:20.040  75 78 W channel139887862236928 self_thread_id = 139887862236928, last time delay.time = 27, now count = 141, i = 1
2023-01-11 18:23:20.040  75 80 I channel139887845451520 self_thread_id = 139887845451520, last time delay.time = 10, now count = 142, i = 1
2023-01-11 18:23:20.040  75 78 E channel139887862236928 self_thread_id = 139887862236928, last time delay.time = 27, now count = 141, i = 1
2023-01-11 18:23:20.040  75 80 W channel139887845451520 self_thread_id = 139887845451520, last time delay.time = 10, now count = 142, i = 1
2023-01-11 18:23:20.040  75 80 E channel139887845451520 self_thread_id = 139887845451520, last time delay.time = 10, now count = 142, i = 1
2023-01-11 18:23:20.040  75 81 I channel139887837058816 self_thread_id = 139887837058816, last time delay.time = 9, now count = 144, i = 1
2023-01-11 18:23:20.040  75 81 I channel139887837058816 self_thread_id = 139887837058816, last time delay.time = 9, now count = 144, i = 1
2023-01-11 18:23:20.040  75 81 W channel139887837058816 self_thread_id = 139887837058816, last time delay.time = 9, now count = 144, i = 1
2023-01-11 18:23:20.040  75 81 E channel139887837058816 self_thread_id = 139887837058816, last time delay.time = 9, now count = 144, i = 1
2023-01-11 18:23:21.039  75 83 I channel139887613306624 self_thread_id = 139887613306624, last time delay.time = 8, now count = 137, i = 2
2023-01-11 18:23:21.039  75 83 I channel139887613306624 self_thread_id = 139887613306624, last time delay.time = 8, now count = 137, i = 2
2023-01-11 18:23:21.039  75 83 W channel139887613306624 self_thread_id = 139887613306624, last time delay.time = 8, now count = 137, i = 2
2023-01-11 18:23:21.039  75 83 E channel139887613306624 self_thread_id = 139887613306624, last time delay.time = 8, now count = 137, i = 2
2023-01-11 18:23:21.039  75 79 I channel139887853844224 self_thread_id = 139887853844224, last time delay.time = 9, now count = 138, i = 2
2023-01-11 18:23:21.039  75 79 I channel139887853844224 self_thread_id = 139887853844224, last time delay.time = 9, now count = 138, i = 2
2023-01-11 18:23:21.039  75 79 W channel139887853844224 self_thread_id = 139887853844224, last time delay.time = 9, now count = 138, i = 2
2023-01-11 18:23:21.039  75 84 I channel139887604913920 self_thread_id = 139887604913920, last time delay.time = 8, now count = 139, i = 2
2023-01-11 18:23:21.039  75 79 E channel139887853844224 self_thread_id = 139887853844224, last time delay.time = 9, now count = 138, i = 2
2023-01-11 18:23:21.039  75 84 I channel139887604913920 self_thread_id = 139887604913920, last time delay.time = 8, now count = 139, i = 2
2023-01-11 18:23:21.039  75 84 W channel139887604913920 self_thread_id = 139887604913920, last time delay.time = 8, now count = 139, i = 2
2023-01-11 18:23:21.039  75 84 E channel139887604913920 self_thread_id = 139887604913920, last time delay.time = 8, now count = 139, i = 2
2023-01-11 18:23:21.040  75 77 I channel139887870629632 self_thread_id = 139887870629632, last time delay.time = 9, now count = 140, i = 2
2023-01-11 18:23:21.040  75 77 I channel139887870629632 self_thread_id = 139887870629632, last time delay.time = 9, now count = 140, i = 2
2023-01-11 18:23:21.040  75 77 W channel139887870629632 self_thread_id = 139887870629632, last time delay.time = 9, now count = 140, i = 2
2023-01-11 18:23:21.040  75 77 E channel139887870629632 self_thread_id = 139887870629632, last time delay.time = 9, now count = 140, i = 2
2023-01-11 18:23:21.040  75 80 I channel139887845451520 self_thread_id = 139887845451520, last time delay.time = 10, now count = 142, i = 2
2023-01-11 18:23:21.040  75 78 I channel139887862236928 self_thread_id = 139887862236928, last time delay.time = 27, now count = 141, i = 2
2023-01-11 18:23:21.040  75 80 I channel139887845451520 self_thread_id = 139887845451520, last time delay.time = 10, now count = 142, i = 2
2023-01-11 18:23:21.040  75 82 I channel139887621699328 self_thread_id = 139887621699328, last time delay.time = 8, now count = 143, i = 2
2023-01-11 18:23:21.040  75 80 W channel139887845451520 self_thread_id = 139887845451520, last time delay.time = 10, now count = 142, i = 2
2023-01-11 18:23:21.040  75 78 I channel139887862236928 self_thread_id = 139887862236928, last time delay.time = 27, now count = 141, i = 2
2023-01-11 18:23:21.040  75 80 E channel139887845451520 self_thread_id = 139887845451520, last time delay.time = 10, now count = 142, i = 2
2023-01-11 18:23:21.040  75 82 I channel139887621699328 self_thread_id = 139887621699328, last time delay.time = 8, now count = 143, i = 2
2023-01-11 18:23:21.040  75 78 W channel139887862236928 self_thread_id = 139887862236928, last time delay.time = 27, now count = 141, i = 2
2023-01-11 18:23:21.040  75 82 W channel139887621699328 self_thread_id = 139887621699328, last time delay.time = 8, now count = 143, i = 2
2023-01-11 18:23:21.040  75 78 E channel139887862236928 self_thread_id = 139887862236928, last time delay.time = 27, now count = 141, i = 2
2023-01-11 18:23:21.040  75 82 E channel139887621699328 self_thread_id = 139887621699328, last time delay.time = 8, now count = 143, i = 2
2023-01-11 18:23:21.040  75 81 I channel139887837058816 self_thread_id = 139887837058816, last time delay.time = 9, now count = 144, i = 2
2023-01-11 18:23:21.040  75 81 I channel139887837058816 self_thread_id = 139887837058816, last time delay.time = 9, now count = 144, i = 2
2023-01-11 18:23:21.040  75 81 W channel139887837058816 self_thread_id = 139887837058816, last time delay.time = 9, now count = 144, i = 2
2023-01-11 18:23:21.040  75 81 E channel139887837058816 self_thread_id = 139887837058816, last time delay.time = 9, now count = 144, i = 2
2023-01-11 18:23:22.039  75 83 I channel139887613306624 self_thread_id = 139887613306624, last time delay.time = 8, now count = 137, i = 3
2023-01-11 18:23:22.039  75 83 I channel139887613306624 self_thread_id = 139887613306624, last time delay.time = 8, now count = 137, i = 3
2023-01-11 18:23:22.039  75 83 W channel139887613306624 self_thread_id = 139887613306624, last time delay.time = 8, now count = 137, i = 3
2023-01-11 18:23:22.039  75 83 E channel139887613306624 self_thread_id = 139887613306624, last time delay.time = 8, now count = 137, i = 3
2023-01-11 18:23:22.040  75 84 I channel139887604913920 self_thread_id = 139887604913920, last time delay.time = 8, now count = 139, i = 3
2023-01-11 18:23:22.040  75 79 I channel139887853844224 self_thread_id = 139887853844224, last time delay.time = 9, now count = 138, i = 3
2023-01-11 18:23:22.040  75 84 I channel139887604913920 self_thread_id = 139887604913920, last time delay.time = 8, now count = 139, i = 3
2023-01-11 18:23:22.040  75 84 W channel139887604913920 self_thread_id = 139887604913920, last time delay.time = 8, now count = 139, i = 3
2023-01-11 18:23:22.040  75 79 I channel139887853844224 self_thread_id = 139887853844224, last time delay.time = 9, now count = 138, i = 3
2023-01-11 18:23:22.040  75 84 E channel139887604913920 self_thread_id = 139887604913920, last time delay.time = 8, now count = 139, i = 3
2023-01-11 18:23:22.040  75 79 W channel139887853844224 self_thread_id = 139887853844224, last time delay.time = 9, now count = 138, i = 3
2023-01-11 18:23:22.040  75 79 E channel139887853844224 self_thread_id = 139887853844224, last time delay.time = 9, now count = 138, i = 3
2023-01-11 18:23:22.040  75 77 I channel139887870629632 self_thread_id = 139887870629632, last time delay.time = 9, now count = 140, i = 3
2023-01-11 18:23:22.040  75 77 I channel139887870629632 self_thread_id = 139887870629632, last time delay.time = 9, now count = 140, i = 3
2023-01-11 18:23:22.040  75 77 W channel139887870629632 self_thread_id = 139887870629632, last time delay.time = 9, now count = 140, i = 3
2023-01-11 18:23:22.040  75 77 E channel139887870629632 self_thread_id = 139887870629632, last time delay.time = 9, now count = 140, i = 3
2023-01-11 18:23:22.040  75 80 I channel139887845451520 self_thread_id = 139887845451520, last time delay.time = 10, now count = 142, i = 3
2023-01-11 18:23:22.040  75 80 I channel139887845451520 self_thread_id = 139887845451520, last time delay.time = 10, now count = 142, i = 3
2023-01-11 18:23:22.040  75 80 W channel139887845451520 self_thread_id = 139887845451520, last time delay.time = 10, now count = 142, i = 3
2023-01-11 18:23:22.040  75 80 E channel139887845451520 self_thread_id = 139887845451520, last time delay.time = 10, now count = 142, i = 3
2023-01-11 18:23:22.040  75 82 I channel139887621699328 self_thread_id = 139887621699328, last time delay.time = 8, now count = 143, i = 3
2023-01-11 18:23:22.040  75 82 I channel139887621699328 self_thread_id = 139887621699328, last time delay.time = 8, now count = 143, i = 3
2023-01-11 18:23:22.040  75 78 I channel139887862236928 self_thread_id = 139887862236928, last time delay.time = 27, now count = 141, i = 3
2023-01-11 18:23:22.040  75 82 W channel139887621699328 self_thread_id = 139887621699328, last time delay.time = 8, now count = 143, i = 3
2023-01-11 18:23:22.040  75 82 E channel139887621699328 self_thread_id = 139887621699328, last time delay.time = 8, now count = 143, i = 3
2023-01-11 18:23:22.040  75 78 I channel139887862236928 self_thread_id = 139887862236928, last time delay.time = 27, now count = 141, i = 3
2023-01-11 18:23:22.040  75 78 W channel139887862236928 self_thread_id = 139887862236928, last time delay.time = 27, now count = 141, i = 3
2023-01-11 18:23:22.040  75 78 E channel139887862236928 self_thread_id = 139887862236928, last time delay.time = 27, now count = 141, i = 3
2023-01-11 18:23:22.040  75 81 I channel139887837058816 self_thread_id = 139887837058816, last time delay.time = 9, now count = 144, i = 3
2023-01-11 18:23:22.040  75 81 I channel139887837058816 self_thread_id = 139887837058816, last time delay.time = 9, now count = 144, i = 3
2023-01-11 18:23:22.040  75 81 W channel139887837058816 self_thread_id = 139887837058816, last time delay.time = 9, now count = 144, i = 3
2023-01-11 18:23:22.040  75 81 E channel139887837058816 self_thread_id = 139887837058816, last time delay.time = 9, now count = 144, i = 3
2023-01-11 18:23:23.039  75 83 I channel139887613306624 self_thread_id = 139887613306624, last time delay.time = 8, now count = 137, i = 4
2023-01-11 18:23:23.039  75 83 I channel139887613306624 self_thread_id = 139887613306624, last time delay.time = 8, now count = 137, i = 4
2023-01-11 18:23:23.039  75 83 W channel139887613306624 self_thread_id = 139887613306624, last time delay.time = 8, now count = 137, i = 4
2023-01-11 18:23:23.039  75 83 E channel139887613306624 self_thread_id = 139887613306624, last time delay.time = 8, now count = 137, i = 4
2023-01-11 18:23:23.039  75 83 I channel139887613306624 self_thread_id = 139887613306624, last time delay.time = 8, now count = 145
2023-01-11 18:23:23.040  75 84 I channel139887604913920 self_thread_id = 139887604913920, last time delay.time = 8, now count = 139, i = 4
2023-01-11 18:23:23.040  75 84 I channel139887604913920 self_thread_id = 139887604913920, last time delay.time = 8, now count = 139, i = 4
2023-01-11 18:23:23.040  75 84 W channel139887604913920 self_thread_id = 139887604913920, last time delay.time = 8, now count = 139, i = 4
2023-01-11 18:23:23.040  75 84 E channel139887604913920 self_thread_id = 139887604913920, last time delay.time = 8, now count = 139, i = 4
2023-01-11 18:23:23.040  75 84 I channel139887604913920 self_thread_id = 139887604913920, last time delay.time = 8, now count = 146
2023-01-11 18:23:23.040  75 79 I channel139887853844224 self_thread_id = 139887853844224, last time delay.time = 9, now count = 138, i = 4
2023-01-11 18:23:23.040  75 79 I channel139887853844224 self_thread_id = 139887853844224, last time delay.time = 9, now count = 138, i = 4
2023-01-11 18:23:23.040  75 79 W channel139887853844224 self_thread_id = 139887853844224, last time delay.time = 9, now count = 138, i = 4
2023-01-11 18:23:23.040  75 79 E channel139887853844224 self_thread_id = 139887853844224, last time delay.time = 9, now count = 138, i = 4
2023-01-11 18:23:23.040  75 79 I channel139887853844224 self_thread_id = 139887853844224, last time delay.time = 9, now count = 147
2023-01-11 18:23:23.040  75 77 I channel139887870629632 self_thread_id = 139887870629632, last time delay.time = 9, now count = 140, i = 4
2023-01-11 18:23:23.040  75 77 I channel139887870629632 self_thread_id = 139887870629632, last time delay.time = 9, now count = 140, i = 4
2023-01-11 18:23:23.040  75 77 W channel139887870629632 self_thread_id = 139887870629632, last time delay.time = 9, now count = 140, i = 4
2023-01-11 18:23:23.040  75 77 E channel139887870629632 self_thread_id = 139887870629632, last time delay.time = 9, now count = 140, i = 4
2023-01-11 18:23:23.040  75 77 I channel139887870629632 self_thread_id = 139887870629632, last time delay.time = 9, now count = 148
2023-01-11 18:23:23.040  75 80 I channel139887845451520 self_thread_id = 139887845451520, last time delay.time = 10, now count = 142, i = 4
2023-01-11 18:23:23.040  75 80 I channel139887845451520 self_thread_id = 139887845451520, last time delay.time = 10, now count = 142, i = 4
2023-01-11 18:23:23.040  75 80 W channel139887845451520 self_thread_id = 139887845451520, last time delay.time = 10, now count = 142, i = 4
2023-01-11 18:23:23.040  75 80 E channel139887845451520 self_thread_id = 139887845451520, last time delay.time = 10, now count = 142, i = 4
2023-01-11 18:23:23.040  75 80 I channel139887845451520 self_thread_id = 139887845451520, last time delay.time = 10, now count = 149
2023-01-11 18:23:23.040  75 82 I channel139887621699328 self_thread_id = 139887621699328, last time delay.time = 8, now count = 143, i = 4
2023-01-11 18:23:23.040  75 82 I channel139887621699328 self_thread_id = 139887621699328, last time delay.time = 8, now count = 143, i = 4
2023-01-11 18:23:23.040  75 82 W channel139887621699328 self_thread_id = 139887621699328, last time delay.time = 8, now count = 143, i = 4
2023-01-11 18:23:23.040  75 82 E channel139887621699328 self_thread_id = 139887621699328, last time delay.time = 8, now count = 143, i = 4
2023-01-11 18:23:23.040  75 82 I channel139887621699328 self_thread_id = 139887621699328, last time delay.time = 8, now count = 150
2023-01-11 18:23:23.040  75 81 I channel139887837058816 self_thread_id = 139887837058816, last time delay.time = 9, now count = 144, i = 4
2023-01-11 18:23:23.040  75 81 I channel139887837058816 self_thread_id = 139887837058816, last time delay.time = 9, now count = 144, i = 4
2023-01-11 18:23:23.040  75 78 I channel139887862236928 self_thread_id = 139887862236928, last time delay.time = 27, now count = 141, i = 4
2023-01-11 18:23:23.040  75 81 W channel139887837058816 self_thread_id = 139887837058816, last time delay.time = 9, now count = 144, i = 4
2023-01-11 18:23:23.040  75 81 E channel139887837058816 self_thread_id = 139887837058816, last time delay.time = 9, now count = 144, i = 4
2023-01-11 18:23:23.040  75 78 I channel139887862236928 self_thread_id = 139887862236928, last time delay.time = 27, now count = 141, i = 4
2023-01-11 18:23:23.040  75 81 I channel139887837058816 self_thread_id = 139887837058816, last time delay.time = 9, now count = 151
2023-01-11 18:23:23.040  75 78 W channel139887862236928 self_thread_id = 139887862236928, last time delay.time = 27, now count = 141, i = 4
2023-01-11 18:23:23.040  75 78 E channel139887862236928 self_thread_id = 139887862236928, last time delay.time = 27, now count = 141, i = 4
2023-01-11 18:23:23.040  75 78 I channel139887862236928 self_thread_id = 139887862236928, last time delay.time = 27, now count = 152
2023-01-11 18:23:24.040  75 83 I channel139887613306624 self_thread_id = 139887613306624, last time delay.time = 9, now count = 145, i = 0
2023-01-11 18:23:24.040  75 83 I channel139887613306624 self_thread_id = 139887613306624, last time delay.time = 9, now count = 145, i = 0
2023-01-11 18:23:24.040  75 83 W channel139887613306624 self_thread_id = 139887613306624, last time delay.time = 9, now count = 145, i = 0
2023-01-11 18:23:24.040  75 83 E channel139887613306624 self_thread_id = 139887613306624, last time delay.time = 9, now count = 145, i = 0
2023-01-11 18:23:24.040  75 84 I channel139887604913920 self_thread_id = 139887604913920, last time delay.time = 8, now count = 146, i = 0
2023-01-11 18:23:24.040  75 84 I channel139887604913920 self_thread_id = 139887604913920, last time delay.time = 8, now count = 146, i = 0
2023-01-11 18:23:24.040  75 84 W channel139887604913920 self_thread_id = 139887604913920, last time delay.time = 8, now count = 146, i = 0
2023-01-11 18:23:24.040  75 84 E channel139887604913920 self_thread_id = 139887604913920, last time delay.time = 8, now count = 146, i = 0
2023-01-11 18:23:24.040  75 79 I channel139887853844224 self_thread_id = 139887853844224, last time delay.time = 9, now count = 147, i = 0
2023-01-11 18:23:24.040  75 79 I channel139887853844224 self_thread_id = 139887853844224, last time delay.time = 9, now count = 147, i = 0
2023-01-11 18:23:24.040  75 79 W channel139887853844224 self_thread_id = 139887853844224, last time delay.time = 9, now count = 147, i = 0
2023-01-11 18:23:24.040  75 77 I channel139887870629632 self_thread_id = 139887870629632, last time delay.time = 8, now count = 148, i = 0
2023-01-11 18:23:24.040  75 79 E channel139887853844224 self_thread_id = 139887853844224, last time delay.time = 9, now count = 147, i = 0
2023-01-11 18:23:24.040  75 77 I channel139887870629632 self_thread_id = 139887870629632, last time delay.time = 8, now count = 148, i = 0
2023-01-11 18:23:24.040  75 77 W channel139887870629632 self_thread_id = 139887870629632, last time delay.time = 8, now count = 148, i = 0
2023-01-11 18:23:24.040  75 77 E channel139887870629632 self_thread_id = 139887870629632, last time delay.time = 8, now count = 148, i = 0
2023-01-11 18:23:24.040  75 80 I channel139887845451520 self_thread_id = 139887845451520, last time delay.time = 9, now count = 149, i = 0
2023-01-11 18:23:24.040  75 80 I channel139887845451520 self_thread_id = 139887845451520, last time delay.time = 9, now count = 149, i = 0
2023-01-11 18:23:24.040  75 82 I channel139887621699328 self_thread_id = 139887621699328, last time delay.time = 8, now count = 150, i = 0
2023-01-11 18:23:24.040  75 80 W channel139887845451520 self_thread_id = 139887845451520, last time delay.time = 9, now count = 149, i = 0
2023-01-11 18:23:24.040  75 82 I channel139887621699328 self_thread_id = 139887621699328, last time delay.time = 8, now count = 150, i = 0
2023-01-11 18:23:24.040  75 82 W channel139887621699328 self_thread_id = 139887621699328, last time delay.time = 8, now count = 150, i = 0
2023-01-11 18:23:24.040  75 80 E channel139887845451520 self_thread_id = 139887845451520, last time delay.time = 9, now count = 149, i = 0
2023-01-11 18:23:24.040  75 82 E channel139887621699328 self_thread_id = 139887621699328, last time delay.time = 8, now count = 150, i = 0
2023-01-11 18:23:24.040  75 81 I channel139887837058816 self_thread_id = 139887837058816, last time delay.time = 10, now count = 151, i = 0
2023-01-11 18:23:24.040  75 78 I channel139887862236928 self_thread_id = 139887862236928, last time delay.time = 8, now count = 152, i = 0
2023-01-11 18:23:24.040  75 81 I channel139887837058816 self_thread_id = 139887837058816, last time delay.time = 10, now count = 151, i = 0
2023-01-11 18:23:24.040  75 81 W channel139887837058816 self_thread_id = 139887837058816, last time delay.time = 10, now count = 151, i = 0
2023-01-11 18:23:24.040  75 78 I channel139887862236928 self_thread_id = 139887862236928, last time delay.time = 8, now count = 152, i = 0
2023-01-11 18:23:24.040  75 81 E channel139887837058816 self_thread_id = 139887837058816, last time delay.time = 10, now count = 151, i = 0
2023-01-11 18:23:24.040  75 78 W channel139887862236928 self_thread_id = 139887862236928, last time delay.time = 8, now count = 152, i = 0
2023-01-11 18:23:24.040  75 78 E channel139887862236928 self_thread_id = 139887862236928, last time delay.time = 8, now count = 152, i = 0
2023-01-11 18:23:25.040  75 83 I channel139887613306624 self_thread_id = 139887613306624, last time delay.time = 9, now count = 145, i = 1
2023-01-11 18:23:25.040  75 83 I channel139887613306624 self_thread_id = 139887613306624, last time delay.time = 9, now count = 145, i = 1
2023-01-11 18:23:25.040  75 83 W channel139887613306624 self_thread_id = 139887613306624, last time delay.time = 9, now count = 145, i = 1
2023-01-11 18:23:25.040  75 83 E channel139887613306624 self_thread_id = 139887613306624, last time delay.time = 9, now count = 145, i = 1
2023-01-11 18:23:25.040  75 84 I channel139887604913920 self_thread_id = 139887604913920, last time delay.time = 8, now count = 146, i = 1
2023-01-11 18:23:25.040  75 79 I channel139887853844224 self_thread_id = 139887853844224, last time delay.time = 9, now count = 147, i = 1
2023-01-11 18:23:25.040  75 84 I channel139887604913920 self_thread_id = 139887604913920, last time delay.time = 8, now count = 146, i = 1
2023-01-11 18:23:25.040  75 79 I channel139887853844224 self_thread_id = 139887853844224, last time delay.time = 9, now count = 147, i = 1
2023-01-11 18:23:25.040  75 84 W channel139887604913920 self_thread_id = 139887604913920, last time delay.time = 8, now count = 146, i = 1
2023-01-11 18:23:25.040  75 84 E channel139887604913920 self_thread_id = 139887604913920, last time delay.time = 8, now count = 146, i = 1
2023-01-11 18:23:25.040  75 79 W channel139887853844224 self_thread_id = 139887853844224, last time delay.time = 9, now count = 147, i = 1
2023-01-11 18:23:25.040  75 79 E channel139887853844224 self_thread_id = 139887853844224, last time delay.time = 9, now count = 147, i = 1
2023-01-11 18:23:25.040  75 77 I channel139887870629632 self_thread_id = 139887870629632, last time delay.time = 8, now count = 148, i = 1
2023-01-11 18:23:25.040  75 77 I channel139887870629632 self_thread_id = 139887870629632, last time delay.time = 8, now count = 148, i = 1
2023-01-11 18:23:25.040  75 77 W channel139887870629632 self_thread_id = 139887870629632, last time delay.time = 8, now count = 148, i = 1
2023-01-11 18:23:25.040  75 77 E channel139887870629632 self_thread_id = 139887870629632, last time delay.time = 8, now count = 148, i = 1
2023-01-11 18:23:25.040  75 82 I channel139887621699328 self_thread_id = 139887621699328, last time delay.time = 8, now count = 150, i = 1
2023-01-11 18:23:25.040  75 82 I channel139887621699328 self_thread_id = 139887621699328, last time delay.time = 8, now count = 150, i = 1
2023-01-11 18:23:25.040  75 80 I channel139887845451520 self_thread_id = 139887845451520, last time delay.time = 9, now count = 149, i = 1
2023-01-11 18:23:25.040  75 82 W channel139887621699328 self_thread_id = 139887621699328, last time delay.time = 8, now count = 150, i = 1
2023-01-11 18:23:25.040  75 82 E channel139887621699328 self_thread_id = 139887621699328, last time delay.time = 8, now count = 150, i = 1
2023-01-11 18:23:25.040  75 80 I channel139887845451520 self_thread_id = 139887845451520, last time delay.time = 9, now count = 149, i = 1
2023-01-11 18:23:25.040  75 80 W channel139887845451520 self_thread_id = 139887845451520, last time delay.time = 9, now count = 149, i = 1
2023-01-11 18:23:25.040  75 80 E channel139887845451520 self_thread_id = 139887845451520, last time delay.time = 9, now count = 149, i = 1
2023-01-11 18:23:25.041  75 81 I channel139887837058816 self_thread_id = 139887837058816, last time delay.time = 10, now count = 151, i = 1
2023-01-11 18:23:25.041  75 78 I channel139887862236928 self_thread_id = 139887862236928, last time delay.time = 8, now count = 152, i = 1
2023-01-11 18:23:25.041  75 81 I channel139887837058816 self_thread_id = 139887837058816, last time delay.time = 10, now count = 151, i = 1
2023-01-11 18:23:25.041  75 81 W channel139887837058816 self_thread_id = 139887837058816, last time delay.time = 10, now count = 151, i = 1
2023-01-11 18:23:25.041  75 78 I channel139887862236928 self_thread_id = 139887862236928, last time delay.time = 8, now count = 152, i = 1
2023-01-11 18:23:25.041  75 81 E channel139887837058816 self_thread_id = 139887837058816, last time delay.time = 10, now count = 151, i = 1
2023-01-11 18:23:25.041  75 78 W channel139887862236928 self_thread_id = 139887862236928, last time delay.time = 8, now count = 152, i = 1
2023-01-11 18:23:25.041  75 78 E channel139887862236928 self_thread_id = 139887862236928, last time delay.time = 8, now count = 152, i = 1
2023-01-11 18:23:26.040  75 83 I channel139887613306624 self_thread_id = 139887613306624, last time delay.time = 9, now count = 145, i = 2
2023-01-11 18:23:26.040  75 83 I channel139887613306624 self_thread_id = 139887613306624, last time delay.time = 9, now count = 145, i = 2
2023-01-11 18:23:26.040  75 83 W channel139887613306624 self_thread_id = 139887613306624, last time delay.time = 9, now count = 145, i = 2
