2023-01-11 17:56:34.736  75 84 I channel139887604913920 self_thread_id = 139887604913920, last time delay.time = 9, now count = 575, i = 1
2023-01-11 17:56:34.736  75 83 I channel139887613306624 self_thread_id = 139887613306624, last time delay.time = 8, now count = 572, i = 1
2023-01-11 17:56:34.736  75 83 I channel139887613306624 self_thread_id = 139887613306624, last time delay.time = 8, now count = 572, i = 1
2023-01-11 17:56:34.736  75 81 I channel139887837058816 self_thread_id = 139887837058816, last time delay.time = 13, now count = 573, i = 1
2023-01-11 17:56:34.736  75 83 W channel139887613306624 self_thread_id = 139887613306624, last time delay.time = 8, now count = 572, i = 1
2023-01-11 17:56:34.736  75 84 W channel139887604913920 self_thread_id = 139887604913920, last time delay.time = 9, now count = 575, i = 1
2023-01-11 17:56:34.736  75 81 W channel139887837058816 self_thread_id = 139887837058816, last time delay.time = 13, now count = 573, i = 1
2023-01-11 17:56:34.736  75 83 E channel139887613306624 self_thread_id = 139887613306624, last time delay.time = 8, now count = 572, i = 1
2023-01-11 17:56:34.736  75 78 W channel139887862236928 self_thread_id = 139887862236928, last time delay.time = 27, now count = 571, i = 1
2023-01-11 17:56:34.736  75 84 E channel139887604913920 self_thread_id = 139887604913920, last time delay.time = 9, now count = 575, i = 1
2023-01-11 17:56:34.736  75 77 I channel139887870629632 self_thread_id = 139887870629632, last time delay.time = 12, now count = 574, i = 1
2023-01-11 17:56:34.736  75 77 I channel139887870629632 self_thread_id = 139887870629632, last time delay.time = 12, now count = 574, i = 1
2023-01-11 17:56:34.736  75 77 W channel139887870629632 self_thread_id = 139887870629632, last time delay.time = 12, now count = 574, i = 1
2023-01-11 17:56:34.736  75 81 E channel139887837058816 self_thread_id = 139887837058816, last time delay.time = 13, now count = 573, i = 1
2023-01-11 17:56:34.736  75 78 E channel139887862236928 self_thread_id = 139887862236928, last time delay.time = 27, now count = 571, i = 1
2023-01-11 17:56:34.736  75 77 E channel139887870629632 self_thread_id = 139887870629632, last time delay.time = 12, now count = 574, i = 1
2023-01-11 17:56:35.736  75 80 I channel139887845451520 self_thread_id = 139887845451520, last time delay.time = 17, now count = 569, i = 2
2023-01-11 17:56:35.736  75 82 I channel139887621699328 self_thread_id = 139887621699328, last time delay.time = 8, now count = 576, i = 2
2023-01-11 17:56:35.736  75 79 I channel139887853844224 self_thread_id = 139887853844224, last time delay.time = 11, now count = 570, i = 2
2023-01-11 17:56:35.736  75 84 I channel139887604913920 self_thread_id = 139887604913920, last time delay.time = 9, now count = 575, i = 2
2023-01-11 17:56:35.736  75 80 I channel139887845451520 self_thread_id = 139887845451520, last time delay.time = 17, now count = 569, i = 2
2023-01-11 17:56:35.736  75 82 I channel139887621699328 self_thread_id = 139887621699328, last time delay.time = 8, now count = 576, i = 2
2023-01-11 17:56:35.736  75 84 I channel139887604913920 self_thread_id = 139887604913920, last time delay.time = 9, now count = 575, i = 2
2023-01-11 17:56:35.736  75 80 W channel139887845451520 self_thread_id = 139887845451520, last time delay.time = 17, now count = 569, i = 2
2023-01-11 17:56:35.736  75 82 W channel139887621699328 self_thread_id = 139887621699328, last time delay.time = 8, now count = 576, i = 2
2023-01-11 17:56:35.736  75 80 E channel139887845451520 self_thread_id = 139887845451520, last time delay.time = 17, now count = 569, i = 2
2023-01-11 17:56:35.736  75 79 I channel139887853844224 self_thread_id = 139887853844224, last time delay.time = 11, now count = 570, i = 2
2023-01-11 17:56:35.736  75 84 W channel139887604913920 self_thread_id = 139887604913920, last time delay.time = 9, now count = 575, i = 2
2023-01-11 17:56:35.736  75 82 E channel139887621699328 self_thread_id = 139887621699328, last time delay.time = 8, now count = 576, i = 2
2023-01-11 17:56:35.736  75 84 E channel139887604913920 self_thread_id = 139887604913920, last time delay.time = 9, now count = 575, i = 2
2023-01-11 17:56:35.736  75 79 W channel139887853844224 self_thread_id = 139887853844224, last time delay.time = 11, now count = 570, i = 2
2023-01-11 17:56:35.736  75 79 E channel139887853844224 self_thread_id = 139887853844224, last time delay.time = 11, now count = 570, i = 2
2023-01-11 17:56:35.736  75 78 I channel139887862236928 self_thread_id = 139887862236928, last time delay.time = 27, now count = 571, i = 2
2023-01-11 17:56:35.736  75 81 I channel139887837058816 self_thread_id = 139887837058816, last time delay.time = 13, now count = 573, i = 2
2023-01-11 17:56:35.736  75 77 I channel139887870629632 self_thread_id = 139887870629632, last time delay.time = 12, now count = 574, i = 2
2023-01-11 17:56:35.736  75 77 I channel139887870629632 self_thread_id = 139887870629632, last time delay.time = 12, now count = 574, i = 2
2023-01-11 17:56:35.736  75 77 W channel139887870629632 self_thread_id = 139887870629632, last time delay.time = 12, now count = 574, i = 2
2023-01-11 17:56:35.736  75 83 I channel139887613306624 self_thread_id = 139887613306624, last time delay.time = 8, now count = 572, i = 2
2023-01-11 17:56:35.736  75 78 I channel139887862236928 self_thread_id = 139887862236928, last time delay.time = 27, now count = 571, i = 2
2023-01-11 17:56:35.736  75 81 I channel139887837058816 self_thread_id = 139887837058816, last time delay.time = 13, now count = 573, i = 2
2023-01-11 17:56:35.736  75 77 E channel139887870629632 self_thread_id = 139887870629632, last time delay.time = 12, now count = 574, i = 2
2023-01-11 17:56:35.736  75 83 I channel139887613306624 self_thread_id = 139887613306624, last time delay.time = 8, now count = 572, i = 2
2023-01-11 17:56:35.736  75 81 W channel139887837058816 self_thread_id = 139887837058816, last time delay.time = 13, now count = 573, i = 2
2023-01-11 17:56:35.736  75 78 W channel139887862236928 self_thread_id = 139887862236928, last time delay.time = 27, now count = 571, i = 2
2023-01-11 17:56:35.736  75 83 W channel139887613306624 self_thread_id = 139887613306624, last time delay.time = 8, now count = 572, i = 2
2023-01-11 17:56:35.736  75 81 E channel139887837058816 self_thread_id = 139887837058816, last time delay.time = 13, now count = 573, i = 2
2023-01-11 17:56:35.736  75 83 E channel139887613306624 self_thread_id = 139887613306624, last time delay.time = 8, now count = 572, i = 2
2023-01-11 17:56:35.736  75 78 E channel139887862236928 self_thread_id = 139887862236928, last time delay.time = 27, now count = 571, i = 2
2023-01-11 17:56:36.515  75 75 I APP.tag TestComponent::Proc
2023-01-11 17:56:36.515  75 75 I APP.tag ****************test INFO begin****************
2023-01-11 17:56:36.515  75 75 I APP.tag 测试 index = 787组
2023-01-11 17:56:36.515  75 75 E APP.tag 循环计数 i = 1次
2023-01-11 17:56:36.515  75 75 I APP.tag test LOG_Trace()
2023-01-11 17:56:36.515  75 75 I vscode 循环计数 i = 1次,test LOG_Channel_Trace()
2023-01-11 17:56:36.515  75 75 E APP.tag 循环计数 i = 2次
2023-01-11 17:56:36.515  75 75 E APP.tag 循环计数 i = 3次
2023-01-11 17:56:36.515  75 75 I APP.tag test LOG_Info()
2023-01-11 17:56:36.515  75 75 I baidu 循环计数 i = 3次,test LOG_Channel_Info()
2023-01-11 17:56:36.515  75 75 E APP.tag 循环计数 i = 4次
2023-01-11 17:56:36.515  75 75 W APP.tag test LOG_Warn()
2023-01-11 17:56:36.515  75 75 W google 循环计数 i = 4次,test LOG_Channel_Warn()
2023-01-11 17:56:36.515  75 75 E APP.tag 循环计数 i = 5次
2023-01-11 17:56:36.515  75 75 E APP.tag test LOG_Error()
2023-01-11 17:56:36.515  75 75 E visio 循环计数 i = 5次,test LOG_Channel_Error()
2023-01-11 17:56:36.515  75 75 I APP.tag print coredump DataLen:2 Data[01 00]
2023-01-11 17:56:36.515  75 75 W coredump 0x0000000a 0a 00 00 00 0b 00 00 00 0c 00 00 00 0d 00 00 00 0e 00 00 00
2023-01-11 17:56:36.515  75 75 I APP.tag ****************test INFO end****************
2023-01-11 17:56:36.736  75 82 I channel139887621699328 self_thread_id = 139887621699328, last time delay.time = 8, now count = 576, i = 3
2023-01-11 17:56:36.736  75 82 I channel139887621699328 self_thread_id = 139887621699328, last time delay.time = 8, now count = 576, i = 3
2023-01-11 17:56:36.736  75 82 W channel139887621699328 self_thread_id = 139887621699328, last time delay.time = 8, now count = 576, i = 3
2023-01-11 17:56:36.736  75 82 E channel139887621699328 self_thread_id = 139887621699328, last time delay.time = 8, now count = 576, i = 3
2023-01-11 17:56:36.736  75 80 I channel139887845451520 self_thread_id = 139887845451520, last time delay.time = 17, now count = 569, i = 3
2023-01-11 17:56:36.736  75 80 I channel139887845451520 self_thread_id = 139887845451520, last time delay.time = 17, now count = 569, i = 3
2023-01-11 17:56:36.736  75 77 I channel139887870629632 self_thread_id = 139887870629632, last time delay.time = 12, now count = 574, i = 3
2023-01-11 17:56:36.736  75 77 I channel139887870629632 self_thread_id = 139887870629632, last time delay.time = 12, now count = 574, i = 3
2023-01-11 17:56:36.736  75 84 I channel139887604913920 self_thread_id = 139887604913920, last time delay.time = 9, now count = 575, i = 3
2023-01-11 17:56:36.736  75 80 W channel139887845451520 self_thread_id = 139887845451520, last time delay.time = 17, now count = 569, i = 3
2023-01-11 17:56:36.736  75 77 W channel139887870629632 self_thread_id = 139887870629632, last time delay.time = 12, now count = 574, i = 3
2023-01-11 17:56:36.736  75 80 E channel139887845451520 self_thread_id = 139887845451520, last time delay.time = 17, now count = 569, i = 3
2023-01-11 17:56:36.736  75 79 I channel139887853844224 self_thread_id = 139887853844224, last time delay.time = 11, now count = 570, i = 3
2023-01-11 17:56:36.736  75 84 I channel139887604913920 self_thread_id = 139887604913920, last time delay.time = 9, now count = 575, i = 3
2023-01-11 17:56:36.736  75 77 E channel139887870629632 self_thread_id = 139887870629632, last time delay.time = 12, now count = 574, i = 3
2023-01-11 17:56:36.736  75 84 W channel139887604913920 self_thread_id = 139887604913920, last time delay.time = 9, now count = 575, i = 3
2023-01-11 17:56:36.736  75 79 I channel139887853844224 self_thread_id = 139887853844224, last time delay.time = 11, now count = 570, i = 3
2023-01-11 17:56:36.736  75 84 E channel139887604913920 self_thread_id = 139887604913920, last time delay.time = 9, now count = 575, i = 3
2023-01-11 17:56:36.736  75 79 W channel139887853844224 self_thread_id = 139887853844224, last time delay.time = 11, now count = 570, i = 3
2023-01-11 17:56:36.736  75 79 E channel139887853844224 self_thread_id = 139887853844224, last time delay.time = 11, now count = 570, i = 3
2023-01-11 17:56:36.736  75 83 I channel139887613306624 self_thread_id = 139887613306624, last time delay.time = 8, now count = 572, i = 3
2023-01-11 17:56:36.736  75 81 I channel139887837058816 self_thread_id = 139887837058816, last time delay.time = 13, now count = 573, i = 3
2023-01-11 17:56:36.736  75 78 I channel139887862236928 self_thread_id = 139887862236928, last time delay.time = 27, now count = 571, i = 3
2023-01-11 17:56:36.736  75 83 I channel139887613306624 self_thread_id = 139887613306624, last time delay.time = 8, now count = 572, i = 3
2023-01-11 17:56:36.736  75 81 I channel139887837058816 self_thread_id = 139887837058816, last time delay.time = 13, now count = 573, i = 3
2023-01-11 17:56:36.736  75 83 W channel139887613306624 self_thread_id = 139887613306624, last time delay.time = 8, now count = 572, i = 3
2023-01-11 17:56:36.736  75 78 I channel139887862236928 self_thread_id = 139887862236928, last time delay.time = 27, now count = 571, i = 3
2023-01-11 17:56:36.736  75 83 E channel139887613306624 self_thread_id = 139887613306624, last time delay.time = 8, now count = 572, i = 3
2023-01-11 17:56:36.736  75 81 W channel139887837058816 self_thread_id = 139887837058816, last time delay.time = 13, now count = 573, i = 3
2023-01-11 17:56:36.736  75 78 W channel139887862236928 self_thread_id = 139887862236928, last time delay.time = 27, now count = 571, i = 3
2023-01-11 17:56:36.736  75 81 E channel139887837058816 self_thread_id = 139887837058816, last time delay.time = 13, now count = 573, i = 3
2023-01-11 17:56:36.736  75 78 E channel139887862236928 self_thread_id = 139887862236928, last time delay.time = 27, now count = 571, i = 3
2023-01-11 17:56:37.736  75 82 I channel139887621699328 self_thread_id = 139887621699328, last time delay.time = 8, now count = 576, i = 4
2023-01-11 17:56:37.736  75 82 I channel139887621699328 self_thread_id = 139887621699328, last time delay.time = 8, now count = 576, i = 4
2023-01-11 17:56:37.736  75 82 W channel139887621699328 self_thread_id = 139887621699328, last time delay.time = 8, now count = 576, i = 4
2023-01-11 17:56:37.736  75 82 E channel139887621699328 self_thread_id = 139887621699328, last time delay.time = 8, now count = 576, i = 4
2023-01-11 17:56:37.736  75 82 I channel139887621699328 self_thread_id = 139887621699328, last time delay.time = 8, now count = 577
2023-01-11 17:56:37.736  75 80 I channel139887845451520 self_thread_id = 139887845451520, last time delay.time = 17, now count = 569, i = 4
2023-01-11 17:56:37.736  75 80 I channel139887845451520 self_thread_id = 139887845451520, last time delay.time = 17, now count = 569, i = 4
2023-01-11 17:56:37.736  75 80 W channel139887845451520 self_thread_id = 139887845451520, last time delay.time = 17, now count = 569, i = 4
2023-01-11 17:56:37.736  75 80 E channel139887845451520 self_thread_id = 139887845451520, last time delay.time = 17, now count = 569, i = 4
2023-01-11 17:56:37.736  75 80 I channel139887845451520 self_thread_id = 139887845451520, last time delay.time = 17, now count = 578
2023-01-11 17:56:37.736  75 79 I channel139887853844224 self_thread_id = 139887853844224, last time delay.time = 11, now count = 570, i = 4
2023-01-11 17:56:37.736  75 79 I channel139887853844224 self_thread_id = 139887853844224, last time delay.time = 11, now count = 570, i = 4
2023-01-11 17:56:37.736  75 84 I channel139887604913920 self_thread_id = 139887604913920, last time delay.time = 9, now count = 575, i = 4
2023-01-11 17:56:37.736  75 79 W channel139887853844224 self_thread_id = 139887853844224, last time delay.time = 11, now count = 570, i = 4
2023-01-11 17:56:37.736  75 77 I channel139887870629632 self_thread_id = 139887870629632, last time delay.time = 12, now count = 574, i = 4
2023-01-11 17:56:37.736  75 84 I channel139887604913920 self_thread_id = 139887604913920, last time delay.time = 9, now count = 575, i = 4
2023-01-11 17:56:37.736  75 79 E channel139887853844224 self_thread_id = 139887853844224, last time delay.time = 11, now count = 570, i = 4
2023-01-11 17:56:37.736  75 79 I channel139887853844224 self_thread_id = 139887853844224, last time delay.time = 11, now count = 579
2023-01-11 17:56:37.736  75 84 W channel139887604913920 self_thread_id = 139887604913920, last time delay.time = 9, now count = 575, i = 4
2023-01-11 17:56:37.736  75 84 E channel139887604913920 self_thread_id = 139887604913920, last time delay.time = 9, now count = 575, i = 4
2023-01-11 17:56:37.736  75 77 I channel139887870629632 self_thread_id = 139887870629632, last time delay.time = 12, now count = 574, i = 4
2023-01-11 17:56:37.736  75 84 I channel139887604913920 self_thread_id = 139887604913920, last time delay.time = 9, now count = 580
2023-01-11 17:56:37.736  75 77 W channel139887870629632 self_thread_id = 139887870629632, last time delay.time = 12, now count = 574, i = 4
2023-01-11 17:56:37.736  75 77 E channel139887870629632 self_thread_id = 139887870629632, last time delay.time = 12, now count = 574, i = 4
2023-01-11 17:56:37.736  75 77 I channel139887870629632 self_thread_id = 139887870629632, last time delay.time = 12, now count = 581
2023-01-11 17:56:37.736  75 83 I channel139887613306624 self_thread_id = 139887613306624, last time delay.time = 8, now count = 572, i = 4
2023-01-11 17:56:37.736  75 81 I channel139887837058816 self_thread_id = 139887837058816, last time delay.time = 13, now count = 573, i = 4
2023-01-11 17:56:37.736  75 83 I channel139887613306624 self_thread_id = 139887613306624, last time delay.time = 8, now count = 572, i = 4
2023-01-11 17:56:37.736  75 83 W channel139887613306624 self_thread_id = 139887613306624, last time delay.time = 8, now count = 572, i = 4
2023-01-11 17:56:37.736  75 78 I channel139887862236928 self_thread_id = 139887862236928, last time delay.time = 27, now count = 571, i = 4
2023-01-11 17:56:37.737  75 81 I channel139887837058816 self_thread_id = 139887837058816, last time delay.time = 13, now count = 573, i = 4
2023-01-11 17:56:37.737  75 78 I channel139887862236928 self_thread_id = 139887862236928, last time delay.time = 27, now count = 571, i = 4
2023-01-11 17:56:37.737  75 83 E channel139887613306624 self_thread_id = 139887613306624, last time delay.time = 8, now count = 572, i = 4
2023-01-11 17:56:37.737  75 81 W channel139887837058816 self_thread_id = 139887837058816, last time delay.time = 13, now count = 573, i = 4
2023-01-11 17:56:37.737  75 78 W channel139887862236928 self_thread_id = 139887862236928, last time delay.time = 27, now count = 571, i = 4
2023-01-11 17:56:37.737  75 83 I channel139887613306624 self_thread_id = 139887613306624, last time delay.time = 8, now count = 582
2023-01-11 17:56:37.737  75 81 E channel139887837058816 self_thread_id = 139887837058816, last time delay.time = 13, now count = 573, i = 4
2023-01-11 17:56:37.737  75 78 E channel139887862236928 self_thread_id = 139887862236928, last time delay.time = 27, now count = 571, i = 4
2023-01-11 17:56:37.737  75 81 I channel139887837058816 self_thread_id = 139887837058816, last time delay.time = 13, now count = 583
2023-01-11 17:56:37.737  75 78 I channel139887862236928 self_thread_id = 139887862236928, last time delay.time = 27, now count = 584
2023-01-11 17:56:38.736  75 82 I channel139887621699328 self_thread_id = 139887621699328, last time delay.time = 10, now count = 577, i = 0
2023-01-11 17:56:38.736  75 82 I channel139887621699328 self_thread_id = 139887621699328, last time delay.time = 10, now count = 577, i = 0
2023-01-11 17:56:38.736  75 82 W channel139887621699328 self_thread_id = 139887621699328, last time delay.time = 10, now count = 577, i = 0
2023-01-11 17:56:38.736  75 82 E channel139887621699328 self_thread_id = 139887621699328, last time delay.time = 10, now count = 577, i = 0
2023-01-11 17:56:38.736  75 80 I channel139887845451520 self_thread_id = 139887845451520, last time delay.time = 10, now count = 578, i = 0
2023-01-11 17:56:38.736  75 80 I channel139887845451520 self_thread_id = 139887845451520, last time delay.time = 10, now count = 578, i = 0
2023-01-11 17:56:38.736  75 80 W channel139887845451520 self_thread_id = 139887845451520, last time delay.time = 10, now count = 578, i = 0
2023-01-11 17:56:38.736  75 80 E channel139887845451520 self_thread_id = 139887845451520, last time delay.time = 10, now count = 578, i = 0
2023-01-11 17:56:38.737  75 84 I channel139887604913920 self_thread_id = 139887604913920, last time delay.time = 9, now count = 580, i = 0
2023-01-11 17:56:38.737  75 84 I channel139887604913920 self_thread_id = 139887604913920, last time delay.time = 9, now count = 580, i = 0
2023-01-11 17:56:38.737  75 84 W channel139887604913920 self_thread_id = 139887604913920, last time delay.time = 9, now count = 580, i = 0
2023-01-11 17:56:38.737  75 79 I channel139887853844224 self_thread_id = 139887853844224, last time delay.time = 10, now count = 579, i = 0
2023-01-11 17:56:38.737  75 84 E channel139887604913920 self_thread_id = 139887604913920, last time delay.time = 9, now count = 580, i = 0
2023-01-11 17:56:38.737  75 79 I channel139887853844224 self_thread_id = 139887853844224, last time delay.time = 10, now count = 579, i = 0
2023-01-11 17:56:38.737  75 77 I channel139887870629632 self_thread_id = 139887870629632, last time delay.time = 8, now count = 581, i = 0
2023-01-11 17:56:38.737  75 79 W channel139887853844224 self_thread_id = 139887853844224, last time delay.time = 10, now count = 579, i = 0
2023-01-11 17:56:38.737  75 79 E channel139887853844224 self_thread_id = 139887853844224, last time delay.time = 10, now count = 579, i = 0
2023-01-11 17:56:38.737  75 77 I channel139887870629632 self_thread_id = 139887870629632, last time delay.time = 8, now count = 581, i = 0
2023-01-11 17:56:38.737  75 77 W channel139887870629632 self_thread_id = 139887870629632, last time delay.time = 8, now count = 581, i = 0
2023-01-11 17:56:38.737  75 77 E channel139887870629632 self_thread_id = 139887870629632, last time delay.time = 8, now count = 581, i = 0
2023-01-11 17:56:38.737  75 83 I channel139887613306624 self_thread_id = 139887613306624, last time delay.time = 10, now count = 582, i = 0
2023-01-11 17:56:38.737  75 83 I channel139887613306624 self_thread_id = 139887613306624, last time delay.time = 10, now count = 582, i = 0
2023-01-11 17:56:38.737  75 78 I channel139887862236928 self_thread_id = 139887862236928, last time delay.time = 15, now count = 584, i = 0
2023-01-11 17:56:38.737  75 81 I channel139887837058816 self_thread_id = 139887837058816, last time delay.time = 14, now count = 583, i = 0
2023-01-11 17:56:38.737  75 83 W channel139887613306624 self_thread_id = 139887613306624, last time delay.time = 10, now count = 582, i = 0
2023-01-11 17:56:38.737  75 78 I channel139887862236928 self_thread_id = 139887862236928, last time delay.time = 15, now count = 584, i = 0
2023-01-11 17:56:38.737  75 83 E channel139887613306624 self_thread_id = 139887613306624, last time delay.time = 10, now count = 582, i = 0
2023-01-11 17:56:38.737  75 78 W channel139887862236928 self_thread_id = 139887862236928, last time delay.time = 15, now count = 584, i = 0
2023-01-11 17:56:38.737  75 81 I channel139887837058816 self_thread_id = 139887837058816, last time delay.time = 14, now count = 583, i = 0
2023-01-11 17:56:38.737  75 78 E channel139887862236928 self_thread_id = 139887862236928, last time delay.time = 15, now count = 584, i = 0
2023-01-11 17:56:38.737  75 81 W channel139887837058816 self_thread_id = 139887837058816, last time delay.time = 14, now count = 583, i = 0
2023-01-11 17:56:38.737  75 81 E channel139887837058816 self_thread_id = 139887837058816, last time delay.time = 14, now count = 583, i = 0
2023-01-11 17:56:39.737  75 82 I channel139887621699328 self_thread_id = 139887621699328, last time delay.time = 10, now count = 577, i = 1
2023-01-11 17:56:39.737  75 82 I channel139887621699328 self_thread_id = 139887621699328, last time delay.time = 10, now count = 577, i = 1
2023-01-11 17:56:39.737  75 82 W channel139887621699328 self_thread_id = 139887621699328, last time delay.time = 10, now count = 577, i = 1
2023-01-11 17:56:39.737  75 80 I channel139887845451520 self_thread_id = 139887845451520, last time delay.time = 10, now count = 578, i = 1
2023-01-11 17:56:39.737  75 82 E channel139887621699328 self_thread_id = 139887621699328, last time delay.time = 10, now count = 577, i = 1
2023-01-11 17:56:39.737  75 80 I channel139887845451520 self_thread_id = 139887845451520, last time delay.time = 10, now count = 578, i = 1
2023-01-11 17:56:39.737  75 80 W channel139887845451520 self_thread_id = 139887845451520, last time delay.time = 10, now count = 578, i = 1
2023-01-11 17:56:39.737  75 80 E channel139887845451520 self_thread_id = 139887845451520, last time delay.time = 10, now count = 578, i = 1
2023-01-11 17:56:39.737  75 84 I channel139887604913920 self_thread_id = 139887604913920, last time delay.time = 9, now count = 580, i = 1
2023-01-11 17:56:39.737  75 84 I channel139887604913920 self_thread_id = 139887604913920, last time delay.time = 9, now count = 580, i = 1
2023-01-11 17:56:39.737  75 84 W channel139887604913920 self_thread_id = 139887604913920, last time delay.time = 9, now count = 580, i = 1
2023-01-11 17:56:39.737  75 84 E channel139887604913920 self_thread_id = 139887604913920, last time delay.time = 9, now count = 580, i = 1
2023-01-11 17:56:39.737  75 77 I channel139887870629632 self_thread_id = 139887870629632, last time delay.time = 8, now count = 581, i = 1
2023-01-11 17:56:39.737  75 77 I channel139887870629632 self_thread_id = 139887870629632, last time delay.time = 8, now count = 581, i = 1
2023-01-11 17:56:39.737  75 77 W channel139887870629632 self_thread_id = 139887870629632, last time delay.time = 8, now count = 581, i = 1
2023-01-11 17:56:39.737  75 79 I channel139887853844224 self_thread_id = 139887853844224, last time delay.time = 10, now count = 579, i = 1
2023-01-11 17:56:39.737  75 77 E channel139887870629632 self_thread_id = 139887870629632, last time delay.time = 8, now count = 581, i = 1
2023-01-11 17:56:39.737  75 79 I channel139887853844224 self_thread_id = 139887853844224, last time delay.time = 10, now count = 579, i = 1
2023-01-11 17:56:39.737  75 79 W channel139887853844224 self_thread_id = 139887853844224, last time delay.time = 10, now count = 579, i = 1
2023-01-11 17:56:39.737  75 79 E channel139887853844224 self_thread_id = 139887853844224, last time delay.time = 10, now count = 579, i = 1
2023-01-11 17:56:39.737  75 83 I channel139887613306624 self_thread_id = 139887613306624, last time delay.time = 10, now count = 582, i = 1
2023-01-11 17:56:39.737  75 83 I channel139887613306624 self_thread_id = 139887613306624, last time delay.time = 10, now count = 582, i = 1
2023-01-11 17:56:39.737  75 83 W channel139887613306624 self_thread_id = 139887613306624, last time delay.time = 10, now count = 582, i = 1
2023-01-11 17:56:39.737  75 83 E channel139887613306624 self_thread_id = 139887613306624, last time delay.time = 10, now count = 582, i = 1
2023-01-11 17:56:39.737  75 81 I channel139887837058816 self_thread_id = 139887837058816, last time delay.time = 14, now count = 583, i = 1
2023-01-11 17:56:39.737  75 78 I channel139887862236928 self_thread_id = 139887862236928, last time delay.time = 15, now count = 584, i = 1
2023-01-11 17:56:39.737  75 81 I channel139887837058816 self_thread_id = 139887837058816, last time delay.time = 14, now count = 583, i = 1
2023-01-11 17:56:39.737  75 78 I channel139887862236928 self_thread_id = 139887862236928, last time delay.time = 15, now count = 584, i = 1
2023-01-11 17:56:39.737  75 81 W channel139887837058816 self_thread_id = 139887837058816, last time delay.time = 14, now count = 583, i = 1
2023-01-11 17:56:39.737  75 78 W channel139887862236928 self_thread_id = 139887862236928, last time delay.time = 15, now count = 584, i = 1
2023-01-11 17:56:39.737  75 81 E channel139887837058816 self_thread_id = 139887837058816, last time delay.time = 14, now count = 583, i = 1
2023-01-11 17:56:39.737  75 78 E channel139887862236928 self_thread_id = 139887862236928, last time delay.time = 15, now count = 584, i = 1
2023-01-11 17:56:40.737  75 82 I channel139887621699328 self_thread_id = 139887621699328, last time delay.time = 10, now count = 577, i = 2
2023-01-11 17:56:40.737  75 80 I channel139887845451520 self_thread_id = 139887845451520, last time delay.time = 10, now count = 578, i = 2
2023-01-11 17:56:40.737  75 84 I channel139887604913920 self_thread_id = 139887604913920, last time delay.time = 9, now count = 580, i = 2
2023-01-11 17:56:40.737  75 82 I channel139887621699328 self_thread_id = 139887621699328, last time delay.time = 10, now count = 577, i = 2
2023-01-11 17:56:40.737  75 80 I channel139887845451520 self_thread_id = 139887845451520, last time delay.time = 10, now count = 578, i = 2
2023-01-11 17:56:40.737  75 80 W channel139887845451520 self_thread_id = 139887845451520, last time delay.time = 10, now count = 578, i = 2
2023-01-11 17:56:40.737  75 82 W channel139887621699328 self_thread_id = 139887621699328, last time delay.time = 10, now count = 577, i = 2
2023-01-11 17:56:40.737  75 82 E channel139887621699328 self_thread_id = 139887621699328, last time delay.time = 10, now count = 577, i = 2
2023-01-11 17:56:40.737  75 80 E channel139887845451520 self_thread_id = 139887845451520, last time delay.time = 10, now count = 578, i = 2
2023-01-11 17:56:40.737  75 84 I channel139887604913920 self_thread_id = 139887604913920, last time delay.time = 9, now count = 580, i = 2
2023-01-11 17:56:40.737  75 84 W channel139887604913920 self_thread_id = 139887604913920, last time delay.time = 9, now count = 580, i = 2
2023-01-11 17:56:40.737  75 84 E channel139887604913920 self_thread_id = 139887604913920, last time delay.time = 9, now count = 580, i = 2
2023-01-11 17:56:40.737  75 77 I channel139887870629632 self_thread_id = 139887870629632, last time delay.time = 8, now count = 581, i = 2
2023-01-11 17:56:40.737  75 77 I channel139887870629632 self_thread_id = 139887870629632, last time delay.time = 8, now count = 581, i = 2
2023-01-11 17:56:40.737  75 77 W channel139887870629632 self_thread_id = 139887870629632, last time delay.time = 8, now count = 581, i = 2
2023-01-11 17:56:40.737  75 79 I channel139887853844224 self_thread_id = 139887853844224, last time delay.time = 10, now count = 579, i = 2
2023-01-11 17:56:40.737  75 77 E channel139887870629632 self_thread_id = 139887870629632, last time delay.time = 8, now count = 581, i = 2
2023-01-11 17:56:40.737  75 79 I channel139887853844224 self_thread_id = 139887853844224, last time delay.time = 10, now count = 579, i = 2
2023-01-11 17:56:40.737  75 79 W channel139887853844224 self_thread_id = 139887853844224, last time delay.time = 10, now count = 579, i = 2
2023-01-11 17:56:40.737  75 79 E channel139887853844224 self_thread_id = 139887853844224, last time delay.time = 10, now count = 579, i = 2
2023-01-11 17:56:40.737  75 81 I channel139887837058816 self_thread_id = 139887837058816, last time delay.time = 14, now count = 583, i = 2
2023-01-11 17:56:40.737  75 81 I channel139887837058816 self_thread_id = 139887837058816, last time delay.time = 14, now count = 583, i = 2
2023-01-11 17:56:40.737  75 83 I channel139887613306624 self_thread_id = 139887613306624, last time delay.time = 10, now count = 582, i = 2
2023-01-11 17:56:40.737  75 81 W channel139887837058816 self_thread_id = 139887837058816, last time delay.time = 14, now count = 583, i = 2
2023-01-11 17:56:40.737  75 81 E channel139887837058816 self_thread_id = 139887837058816, last time delay.time = 14, now count = 583, i = 2
2023-01-11 17:56:40.737  75 83 I channel139887613306624 self_thread_id = 139887613306624, last time delay.time = 10, now count = 582, i = 2
2023-01-11 17:56:40.737  75 83 W channel139887613306624 self_thread_id = 139887613306624, last time delay.time = 10, now count = 582, i = 2
2023-01-11 17:56:40.737  75 83 E channel139887613306624 self_thread_id = 139887613306624, last time delay.time = 10, now count = 582, i = 2
2023-01-11 17:56:40.737  75 78 I channel139887862236928 self_thread_id = 139887862236928, last time delay.time = 15, now count = 584, i = 2
2023-01-11 17:56:40.737  75 78 I channel139887862236928 self_thread_id = 139887862236928, last time delay.time = 15, now count = 584, i = 2
2023-01-11 17:56:40.737  75 78 W channel139887862236928 self_thread_id = 139887862236928, last time delay.time = 15, now count = 584, i = 2
2023-01-11 17:56:40.737  75 78 E channel139887862236928 self_thread_id = 139887862236928, last time delay.time = 15, now count = 584, i = 2
2023-01-11 17:56:41.737  75 80 I channel139887845451520 self_thread_id = 139887845451520, last time delay.time = 10, now count = 578, i = 3
2023-01-11 17:56:41.737  75 80 I channel139887845451520 self_thread_id = 139887845451520, last time delay.time = 10, now count = 578, i = 3
2023-01-11 17:56:41.737  75 84 I channel139887604913920 self_thread_id = 139887604913920, last time delay.time = 9, now count = 580, i = 3
2023-01-11 17:56:41.737  75 80 W channel139887845451520 self_thread_id = 139887845451520, last time delay.time = 10, now count = 578, i = 3
2023-01-11 17:56:41.737  75 82 I channel139887621699328 self_thread_id = 139887621699328, last time delay.time = 10, now count = 577, i = 3
2023-01-11 17:56:41.737  75 80 E channel139887845451520 self_thread_id = 139887845451520, last time delay.time = 10, now count = 578, i = 3
2023-01-11 17:56:41.737  75 84 I channel139887604913920 self_thread_id = 139887604913920, last time delay.time = 9, now count = 580, i = 3
2023-01-11 17:56:41.737  75 82 I channel139887621699328 self_thread_id = 139887621699328, last time delay.time = 10, now count = 577, i = 3
2023-01-11 17:56:41.737  75 84 W channel139887604913920 self_thread_id = 139887604913920, last time delay.time = 9, now count = 580, i = 3
2023-01-11 17:56:41.737  75 82 W channel139887621699328 self_thread_id = 139887621699328, last time delay.time = 10, now count = 577, i = 3
2023-01-11 17:56:41.737  75 84 E channel139887604913920 self_thread_id = 139887604913920, last time delay.time = 9, now count = 580, i = 3
2023-01-11 17:56:41.737  75 82 E channel139887621699328 self_thread_id = 139887621699328, last time delay.time = 10, now count = 577, i = 3
2023-01-11 17:56:41.737  75 79 I channel139887853844224 self_thread_id = 139887853844224, last time delay.time = 10, now count = 579, i = 3
2023-01-11 17:56:41.737  75 79 I channel139887853844224 self_thread_id = 139887853844224, last time delay.time = 10, now count = 579, i = 3
2023-01-11 17:56:41.737  75 79 W channel139887853844224 self_thread_id = 139887853844224, last time delay.time = 10, now count = 579, i = 3
2023-01-11 17:56:41.737  75 79 E channel139887853844224 self_thread_id = 139887853844224, last time delay.time = 10, now count = 579, i = 3
2023-01-11 17:56:41.737  75 77 I channel139887870629632 self_thread_id = 139887870629632, last time delay.time = 8, now count = 581, i = 3
2023-01-11 17:56:41.737  75 77 I channel139887870629632 self_thread_id = 139887870629632, last time delay.time = 8, now count = 581, i = 3
2023-01-11 17:56:41.737  75 77 W channel139887870629632 self_thread_id = 139887870629632, last time delay.time = 8, now count = 581, i = 3
2023-01-11 17:56:41.737  75 77 E channel139887870629632 self_thread_id = 139887870629632, last time delay.time = 8, now count = 581, i = 3
2023-01-11 17:56:41.737  75 81 I channel139887837058816 self_thread_id = 139887837058816, last time delay.time = 14, now count = 583, i = 3
2023-01-11 17:56:41.737  75 81 I channel139887837058816 self_thread_id = 139887837058816, last time delay.time = 14, now count = 583, i = 3
2023-01-11 17:56:41.737  75 83 I channel139887613306624 self_thread_id = 139887613306624, last time delay.time = 10, now count = 582, i = 3
2023-01-11 17:56:41.737  75 81 W channel139887837058816 self_thread_id = 139887837058816, last time delay.time = 14, now count = 583, i = 3
2023-01-11 17:56:41.737  75 81 E channel139887837058816 self_thread_id = 139887837058816, last time delay.time = 14, now count = 583, i = 3
2023-01-11 17:56:41.737  75 83 I channel139887613306624 self_thread_id = 139887613306624, last time delay.time = 10, now count = 582, i = 3
2023-01-11 17:56:41.737  75 83 W channel139887613306624 self_thread_id = 139887613306624, last time delay.time = 10, now count = 582, i = 3
2023-01-11 17:56:41.737  75 83 E channel139887613306624 self_thread_id = 139887613306624, last time delay.time = 10, now count = 582, i = 3
2023-01-11 17:56:41.737  75 78 I channel139887862236928 self_thread_id = 139887862236928, last time delay.time = 15, now count = 584, i = 3
2023-01-11 17:56:41.737  75 78 I channel139887862236928 self_thread_id = 139887862236928, last time delay.time = 15, now count = 584, i = 3
2023-01-11 17:56:41.737  75 78 W channel139887862236928 self_thread_id = 139887862236928, last time delay.time = 15, now count = 584, i = 3
2023-01-11 17:56:41.737  75 78 E channel139887862236928 self_thread_id = 139887862236928, last time delay.time = 15, now count = 584, i = 3
2023-01-11 17:56:42.737  75 80 I channel139887845451520 self_thread_id = 139887845451520, last time delay.time = 10, now count = 578, i = 4
2023-01-11 17:56:42.737  75 80 I channel139887845451520 self_thread_id = 139887845451520, last time delay.time = 10, now count = 578, i = 4
2023-01-11 17:56:42.737  75 80 W channel139887845451520 self_thread_id = 139887845451520, last time delay.time = 10, now count = 578, i = 4
2023-01-11 17:56:42.737  75 80 E channel139887845451520 self_thread_id = 139887845451520, last time delay.time = 10, now count = 578, i = 4
2023-01-11 17:56:42.737  75 77 I channel139887870629632 self_thread_id = 139887870629632, last time delay.time = 8, now count = 581, i = 4
2023-01-11 17:56:42.737  75 77 I channel139887870629632 self_thread_id = 139887870629632, last time delay.time = 8, now count = 581, i = 4
2023-01-11 17:56:42.737  75 82 I channel139887621699328 self_thread_id = 139887621699328, last time delay.time = 10, now count = 577, i = 4
2023-01-11 17:56:42.737  75 77 W channel139887870629632 self_thread_id = 139887870629632, last time delay.time = 8, now count = 581, i = 4
2023-01-11 17:56:42.737  75 77 E channel139887870629632 self_thread_id = 139887870629632, last time delay.time = 8, now count = 581, i = 4
2023-01-11 17:56:42.737  75 84 I channel139887604913920 self_thread_id = 139887604913920, last time delay.time = 9, now count = 580, i = 4
2023-01-11 17:56:42.737  75 77 I channel139887870629632 self_thread_id = 139887870629632, last time delay.time = 8, now count = 586
2023-01-11 17:56:42.737  75 79 I channel139887853844224 self_thread_id = 139887853844224, last time delay.time = 10, now count = 579, i = 4
2023-01-11 17:56:42.737  75 80 I channel139887845451520 self_thread_id = 139887845451520, last time delay.time = 10, now count = 585
2023-01-11 17:56:42.737  75 84 I channel139887604913920 self_thread_id = 139887604913920, last time delay.time = 9, now count = 580, i = 4
2023-01-11 17:56:42.737  75 82 I channel139887621699328 self_thread_id = 139887621699328, last time delay.time = 10, now count = 577, i = 4
2023-01-11 17:56:42.737  75 79 I channel139887853844224 self_thread_id = 139887853844224, last time delay.time = 10, now count = 579, i = 4
2023-01-11 17:56:42.737  75 84 W channel139887604913920 self_thread_id = 139887604913920, last time delay.time = 9, now count = 580, i = 4
2023-01-11 17:56:42.737  75 82 W channel139887621699328 self_thread_id = 139887621699328, last time delay.time = 10, now count = 577, i = 4
2023-01-11 17:56:42.737  75 79 W channel139887853844224 self_thread_id = 139887853844224, last time delay.time = 10, now count = 579, i = 4
2023-01-11 17:56:42.737  75 82 E channel139887621699328 self_thread_id = 139887621699328, last time delay.time = 10, now count = 577, i = 4
2023-01-11 17:56:42.737  75 84 E channel139887604913920 self_thread_id = 139887604913920, last time delay.time = 9, now count = 580, i = 4
2023-01-11 17:56:42.737  75 82 I channel139887621699328 self_thread_id = 139887621699328, last time delay.time = 10, now count = 587
2023-01-11 17:56:42.737  75 79 E channel139887853844224 self_thread_id = 139887853844224, last time delay.time = 10, now count = 579, i = 4
2023-01-11 17:56:42.737  75 84 I channel139887604913920 self_thread_id = 139887604913920, last time delay.time = 9, now count = 588
2023-01-11 17:56:42.737  75 79 I channel139887853844224 self_thread_id = 139887853844224, last time delay.time = 10, now count = 589
2023-01-11 17:56:42.737  75 81 I channel139887837058816 self_thread_id = 139887837058816, last time delay.time = 14, now count = 583, i = 4
2023-01-11 17:56:42.737  75 81 I channel139887837058816 self_thread_id = 139887837058816, last time delay.time = 14, now count = 583, i = 4
2023-01-11 17:56:42.737  75 81 W channel139887837058816 self_thread_id = 139887837058816, last time delay.time = 14, now count = 583, i = 4
2023-01-11 17:56:42.737  75 83 I channel139887613306624 self_thread_id = 139887613306624, last time delay.time = 10, now count = 582, i = 4
2023-01-11 17:56:42.737  75 81 E channel139887837058816 self_thread_id = 139887837058816, last time delay.time = 14, now count = 583, i = 4
2023-01-11 17:56:42.738  75 81 I channel139887837058816 self_thread_id = 139887837058816, last time delay.time = 14, now count = 590
2023-01-11 17:56:42.738  75 83 I channel139887613306624 self_thread_id = 139887613306624, last time delay.time = 10, now count = 582, i = 4
2023-01-11 17:56:42.738  75 83 W channel139887613306624 self_thread_id = 139887613306624, last time delay.time = 10, now count = 582, i = 4
2023-01-11 17:56:42.738  75 83 E channel139887613306624 self_thread_id = 139887613306624, last time delay.time = 10, now count = 582, i = 4
2023-01-11 17:56:42.738  75 83 I channel139887613306624 self_thread_id = 139887613306624, last time delay.time = 10, now count = 591
2023-01-11 17:56:42.738  75 78 I channel139887862236928 self_thread_id = 139887862236928, last time delay.time = 15, now count = 584, i = 4
2023-01-11 17:56:42.738  75 78 I channel139887862236928 self_thread_id = 139887862236928, last time delay.time = 15, now count = 584, i = 4
2023-01-11 17:56:42.738  75 78 W channel139887862236928 self_thread_id = 139887862236928, last time delay.time = 15, now count = 584, i = 4
2023-01-11 17:56:42.738  75 78 E channel139887862236928 self_thread_id = 139887862236928, last time delay.time = 15, now count = 584, i = 4
2023-01-11 17:56:42.738  75 78 I channel139887862236928 self_thread_id = 139887862236928, last time delay.time = 15, now count = 592
2023-01-11 17:56:43.738  75 77 I channel139887870629632 self_thread_id = 139887870629632, last time delay.time = 10, now count = 586, i = 0
2023-01-11 17:56:43.738  75 77 I channel139887870629632 self_thread_id = 139887870629632, last time delay.time = 10, now count = 586, i = 0
2023-01-11 17:56:43.738  75 80 I channel139887845451520 self_thread_id = 139887845451520, last time delay.time = 88, now count = 585, i = 0
2023-01-11 17:56:43.738  75 77 W channel139887870629632 self_thread_id = 139887870629632, last time delay.time = 10, now count = 586, i = 0
2023-01-11 17:56:43.738  75 80 I channel139887845451520 self_thread_id = 139887845451520, last time delay.time = 88, now count = 585, i = 0
2023-01-11 17:56:43.738  75 77 E channel139887870629632 self_thread_id = 139887870629632, last time delay.time = 10, now count = 586, i = 0
2023-01-11 17:56:43.738  75 82 I channel139887621699328 self_thread_id = 139887621699328, last time delay.time = 11, now count = 587, i = 0
2023-01-11 17:56:43.738  75 80 W channel139887845451520 self_thread_id = 139887845451520, last time delay.time = 88, now count = 585, i = 0
2023-01-11 17:56:43.738  75 80 E channel139887845451520 self_thread_id = 139887845451520, last time delay.time = 88, now count = 585, i = 0
2023-01-11 17:56:43.738  75 81 I channel139887837058816 self_thread_id = 139887837058816, last time delay.time = 10, now count = 590, i = 0
2023-01-11 17:56:43.738  75 82 I channel139887621699328 self_thread_id = 139887621699328, last time delay.time = 11, now count = 587, i = 0
2023-01-11 17:56:43.738  75 83 I channel139887613306624 self_thread_id = 139887613306624, last time delay.time = 8, now count = 591, i = 0
2023-01-11 17:56:43.738  75 82 W channel139887621699328 self_thread_id = 139887621699328, last time delay.time = 11, now count = 587, i = 0
2023-01-11 17:56:43.738  75 81 I channel139887837058816 self_thread_id = 139887837058816, last time delay.time = 10, now count = 590, i = 0
2023-01-11 17:56:43.738  75 82 E channel139887621699328 self_thread_id = 139887621699328, last time delay.time = 11, now count = 587, i = 0
2023-01-11 17:56:43.738  75 81 W channel139887837058816 self_thread_id = 139887837058816, last time delay.time = 10, now count = 590, i = 0
2023-01-11 17:56:43.738  75 81 E channel139887837058816 self_thread_id = 139887837058816, last time delay.time = 10, now count = 590, i = 0
2023-01-11 17:56:43.738  75 84 I channel139887604913920 self_thread_id = 139887604913920, last time delay.time = 14, now count = 588, i = 0
2023-01-11 17:56:43.738  75 83 I channel139887613306624 self_thread_id = 139887613306624, last time delay.time = 8, now count = 591, i = 0
2023-01-11 17:56:43.738  75 79 I channel139887853844224 self_thread_id = 139887853844224, last time delay.time = 14, now count = 589, i = 0
2023-01-11 17:56:43.738  75 83 W channel139887613306624 self_thread_id = 139887613306624, last time delay.time = 8, now count = 591, i = 0
2023-01-11 17:56:43.738  75 83 E channel139887613306624 self_thread_id = 139887613306624, last time delay.time = 8, now count = 591, i = 0
2023-01-11 17:56:43.738  75 84 I channel139887604913920 self_thread_id = 139887604913920, last time delay.time = 14, now count = 588, i = 0
2023-01-11 17:56:43.738  75 84 W channel139887604913920 self_thread_id = 139887604913920, last time delay.time = 14, now count = 588, i = 0
2023-01-11 17:56:43.738  75 79 I channel139887853844224 self_thread_id = 139887853844224, last time delay.time = 14, now count = 589, i = 0
2023-01-11 17:56:43.738  75 84 E channel139887604913920 self_thread_id = 139887604913920, last time delay.time = 14, now count = 588, i = 0
2023-01-11 17:56:43.738  75 79 W channel139887853844224 self_thread_id = 139887853844224, last time delay.time = 14, now count = 589, i = 0
2023-01-11 17:56:43.738  75 79 E channel139887853844224 self_thread_id = 139887853844224, last time delay.time = 14, now count = 589, i = 0
2023-01-11 17:56:43.738  75 78 I channel139887862236928 self_thread_id = 139887862236928, last time delay.time = 8, now count = 592, i = 0
2023-01-11 17:56:43.738  75 78 I channel139887862236928 self_thread_id = 139887862236928, last time delay.time = 8, now count = 592, i = 0
2023-01-11 17:56:43.738  75 78 W channel139887862236928 self_thread_id = 139887862236928, last time delay.time = 8, now count = 592, i = 0
2023-01-11 17:56:43.738  75 78 E channel139887862236928 self_thread_id = 139887862236928, last time delay.time = 8, now count = 592, i = 0
2023-01-11 17:56:44.738  75 77 I channel139887870629632 self_thread_id = 139887870629632, last time delay.time = 10, now count = 586, i = 1
2023-01-11 17:56:44.738  75 77 I channel139887870629632 self_thread_id = 139887870629632, last time delay.time = 10, now count = 586, i = 1
2023-01-11 17:56:44.738  75 77 W channel139887870629632 self_thread_id = 139887870629632, last time delay.time = 10, now count = 586, i = 1
2023-01-11 17:56:44.738  75 80 I channel139887845451520 self_thread_id = 139887845451520, last time delay.time = 88, now count = 585, i = 1
2023-01-11 17:56:44.738  75 77 E channel139887870629632 self_thread_id = 139887870629632, last time delay.time = 10, now count = 586, i = 1
2023-01-11 17:56:44.738  75 80 I channel139887845451520 self_thread_id = 139887845451520, last time delay.time = 88, now count = 585, i = 1
2023-01-11 17:56:44.738  75 80 W channel139887845451520 self_thread_id = 139887845451520, last time delay.time = 88, now count = 585, i = 1
2023-01-11 17:56:44.738  75 81 I channel139887837058816 self_thread_id = 139887837058816, last time delay.time = 10, now count = 590, i = 1
2023-01-11 17:56:44.738  75 80 E channel139887845451520 self_thread_id = 139887845451520, last time delay.time = 88, now count = 585, i = 1
2023-01-11 17:56:44.738  75 81 I channel139887837058816 self_thread_id = 139887837058816, last time delay.time = 10, now count = 590, i = 1
2023-01-11 17:56:44.738  75 81 W channel139887837058816 self_thread_id = 139887837058816, last time delay.time = 10, now count = 590, i = 1
2023-01-11 17:56:44.738  75 81 E channel139887837058816 self_thread_id = 139887837058816, last time delay.time = 10, now count = 590, i = 1
2023-01-11 17:56:44.738  75 82 I channel139887621699328 self_thread_id = 139887621699328, last time delay.time = 11, now count = 587, i = 1
2023-01-11 17:56:44.738  75 82 I channel139887621699328 self_thread_id = 139887621699328, last time delay.time = 11, now count = 587, i = 1
2023-01-11 17:56:44.738  75 82 W channel139887621699328 self_thread_id = 139887621699328, last time delay.time = 11, now count = 587, i = 1
2023-01-11 17:56:44.738  75 83 I channel139887613306624 self_thread_id = 139887613306624, last time delay.time = 8, now count = 591, i = 1
2023-01-11 17:56:44.738  75 82 E channel139887621699328 self_thread_id = 139887621699328, last time delay.time = 11, now count = 587, i = 1
2023-01-11 17:56:44.738  75 79 I channel139887853844224 self_thread_id = 139887853844224, last time delay.time = 14, now count = 589, i = 1
2023-01-11 17:56:44.738  75 83 I channel139887613306624 self_thread_id = 139887613306624, last time delay.time = 8, now count = 591, i = 1
2023-01-11 17:56:44.738  75 78 I channel139887862236928 self_thread_id = 139887862236928, last time delay.time = 8, now count = 592, i = 1
2023-01-11 17:56:44.738  75 83 W channel139887613306624 self_thread_id = 139887613306624, last time delay.time = 8, now count = 591, i = 1
2023-01-11 17:56:44.738  75 84 I channel139887604913920 self_thread_id = 139887604913920, last time delay.time = 14, now count = 588, i = 1
2023-01-11 17:56:44.738  75 83 E channel139887613306624 self_thread_id = 139887613306624, last time delay.time = 8, now count = 591, i = 1
2023-01-11 17:56:44.738  75 79 I channel139887853844224 self_thread_id = 139887853844224, last time delay.time = 14, now count = 589, i = 1
2023-01-11 17:56:44.738  75 78 I channel139887862236928 self_thread_id = 139887862236928, last time delay.time = 8, now count = 592, i = 1
2023-01-11 17:56:44.738  75 78 W channel139887862236928 self_thread_id = 139887862236928, last time delay.time = 8, now count = 592, i = 1
2023-01-11 17:56:44.738  75 84 I channel139887604913920 self_thread_id = 139887604913920, last time delay.time = 14, now count = 588, i = 1
2023-01-11 17:56:44.738  75 78 E channel139887862236928 self_thread_id = 139887862236928, last time delay.time = 8, now count = 592, i = 1
2023-01-11 17:56:44.738  75 84 W channel139887604913920 self_thread_id = 139887604913920, last time delay.time = 14, now count = 588, i = 1
