2023-01-11 18:00:33.782  75 84 W channel139887604913920 self_thread_id = 139887604913920, last time delay.time = 9, now count = 953, i = 0
2023-01-11 18:00:33.782  75 77 E channel139887870629632 self_thread_id = 139887870629632, last time delay.time = 13, now count = 955, i = 0
2023-01-11 18:00:33.782  75 84 E channel139887604913920 self_thread_id = 139887604913920, last time delay.time = 9, now count = 953, i = 0
2023-01-11 18:00:33.782  75 82 I channel139887621699328 self_thread_id = 139887621699328, last time delay.time = 8, now count = 954, i = 0
2023-01-11 18:00:33.782  75 78 I channel139887862236928 self_thread_id = 139887862236928, last time delay.time = 8, now count = 956, i = 0
2023-01-11 18:00:33.782  75 82 I channel139887621699328 self_thread_id = 139887621699328, last time delay.time = 8, now count = 954, i = 0
2023-01-11 18:00:33.782  75 82 W channel139887621699328 self_thread_id = 139887621699328, last time delay.time = 8, now count = 954, i = 0
2023-01-11 18:00:33.782  75 78 I channel139887862236928 self_thread_id = 139887862236928, last time delay.time = 8, now count = 956, i = 0
2023-01-11 18:00:33.782  75 82 E channel139887621699328 self_thread_id = 139887621699328, last time delay.time = 8, now count = 954, i = 0
2023-01-11 18:00:33.782  75 78 W channel139887862236928 self_thread_id = 139887862236928, last time delay.time = 8, now count = 956, i = 0
2023-01-11 18:00:33.782  75 78 E channel139887862236928 self_thread_id = 139887862236928, last time delay.time = 8, now count = 956, i = 0
2023-01-11 18:00:33.782  75 81 I channel139887837058816 self_thread_id = 139887837058816, last time delay.time = 29, now count = 957, i = 0
2023-01-11 18:00:33.782  75 81 I channel139887837058816 self_thread_id = 139887837058816, last time delay.time = 29, now count = 957, i = 0
2023-01-11 18:00:33.782  75 81 W channel139887837058816 self_thread_id = 139887837058816, last time delay.time = 29, now count = 957, i = 0
2023-01-11 18:00:33.782  75 81 E channel139887837058816 self_thread_id = 139887837058816, last time delay.time = 29, now count = 957, i = 0
2023-01-11 18:00:33.782  75 80 I channel139887845451520 self_thread_id = 139887845451520, last time delay.time = 8, now count = 958, i = 0
2023-01-11 18:00:33.782  75 80 I channel139887845451520 self_thread_id = 139887845451520, last time delay.time = 8, now count = 958, i = 0
2023-01-11 18:00:33.782  75 80 W channel139887845451520 self_thread_id = 139887845451520, last time delay.time = 8, now count = 958, i = 0
2023-01-11 18:00:33.782  75 80 E channel139887845451520 self_thread_id = 139887845451520, last time delay.time = 8, now count = 958, i = 0
2023-01-11 18:00:33.783  75 79 I channel139887853844224 self_thread_id = 139887853844224, last time delay.time = 9, now count = 959, i = 0
2023-01-11 18:00:33.783  75 79 I channel139887853844224 self_thread_id = 139887853844224, last time delay.time = 9, now count = 959, i = 0
2023-01-11 18:00:33.783  75 79 W channel139887853844224 self_thread_id = 139887853844224, last time delay.time = 9, now count = 959, i = 0
2023-01-11 18:00:33.783  75 79 E channel139887853844224 self_thread_id = 139887853844224, last time delay.time = 9, now count = 959, i = 0
2023-01-11 18:00:33.784  75 83 I channel139887613306624 self_thread_id = 139887613306624, last time delay.time = 14, now count = 960, i = 0
2023-01-11 18:00:33.784  75 83 I channel139887613306624 self_thread_id = 139887613306624, last time delay.time = 14, now count = 960, i = 0
2023-01-11 18:00:33.784  75 83 W channel139887613306624 self_thread_id = 139887613306624, last time delay.time = 14, now count = 960, i = 0
2023-01-11 18:00:33.784  75 83 E channel139887613306624 self_thread_id = 139887613306624, last time delay.time = 14, now count = 960, i = 0
2023-01-11 18:00:34.782  75 84 I channel139887604913920 self_thread_id = 139887604913920, last time delay.time = 9, now count = 953, i = 1
2023-01-11 18:00:34.782  75 77 I channel139887870629632 self_thread_id = 139887870629632, last time delay.time = 13, now count = 955, i = 1
2023-01-11 18:00:34.782  75 84 I channel139887604913920 self_thread_id = 139887604913920, last time delay.time = 9, now count = 953, i = 1
2023-01-11 18:00:34.782  75 84 W channel139887604913920 self_thread_id = 139887604913920, last time delay.time = 9, now count = 953, i = 1
2023-01-11 18:00:34.782  75 77 I channel139887870629632 self_thread_id = 139887870629632, last time delay.time = 13, now count = 955, i = 1
2023-01-11 18:00:34.782  75 77 W channel139887870629632 self_thread_id = 139887870629632, last time delay.time = 13, now count = 955, i = 1
2023-01-11 18:00:34.782  75 78 I channel139887862236928 self_thread_id = 139887862236928, last time delay.time = 8, now count = 956, i = 1
2023-01-11 18:00:34.782  75 77 E channel139887870629632 self_thread_id = 139887870629632, last time delay.time = 13, now count = 955, i = 1
2023-01-11 18:00:34.782  75 84 E channel139887604913920 self_thread_id = 139887604913920, last time delay.time = 9, now count = 953, i = 1
2023-01-11 18:00:34.782  75 78 I channel139887862236928 self_thread_id = 139887862236928, last time delay.time = 8, now count = 956, i = 1
2023-01-11 18:00:34.782  75 78 W channel139887862236928 self_thread_id = 139887862236928, last time delay.time = 8, now count = 956, i = 1
2023-01-11 18:00:34.782  75 78 E channel139887862236928 self_thread_id = 139887862236928, last time delay.time = 8, now count = 956, i = 1
2023-01-11 18:00:34.782  75 82 I channel139887621699328 self_thread_id = 139887621699328, last time delay.time = 8, now count = 954, i = 1
2023-01-11 18:00:34.782  75 82 I channel139887621699328 self_thread_id = 139887621699328, last time delay.time = 8, now count = 954, i = 1
2023-01-11 18:00:34.782  75 82 W channel139887621699328 self_thread_id = 139887621699328, last time delay.time = 8, now count = 954, i = 1
2023-01-11 18:00:34.782  75 82 E channel139887621699328 self_thread_id = 139887621699328, last time delay.time = 8, now count = 954, i = 1
2023-01-11 18:00:34.782  75 80 I channel139887845451520 self_thread_id = 139887845451520, last time delay.time = 8, now count = 958, i = 1
2023-01-11 18:00:34.782  75 81 I channel139887837058816 self_thread_id = 139887837058816, last time delay.time = 29, now count = 957, i = 1
2023-01-11 18:00:34.782  75 80 I channel139887845451520 self_thread_id = 139887845451520, last time delay.time = 8, now count = 958, i = 1
2023-01-11 18:00:34.782  75 80 W channel139887845451520 self_thread_id = 139887845451520, last time delay.time = 8, now count = 958, i = 1
2023-01-11 18:00:34.782  75 81 I channel139887837058816 self_thread_id = 139887837058816, last time delay.time = 29, now count = 957, i = 1
2023-01-11 18:00:34.782  75 81 W channel139887837058816 self_thread_id = 139887837058816, last time delay.time = 29, now count = 957, i = 1
2023-01-11 18:00:34.782  75 80 E channel139887845451520 self_thread_id = 139887845451520, last time delay.time = 8, now count = 958, i = 1
2023-01-11 18:00:34.782  75 81 E channel139887837058816 self_thread_id = 139887837058816, last time delay.time = 29, now count = 957, i = 1
2023-01-11 18:00:34.783  75 79 I channel139887853844224 self_thread_id = 139887853844224, last time delay.time = 9, now count = 959, i = 1
2023-01-11 18:00:34.783  75 79 I channel139887853844224 self_thread_id = 139887853844224, last time delay.time = 9, now count = 959, i = 1
2023-01-11 18:00:34.783  75 79 W channel139887853844224 self_thread_id = 139887853844224, last time delay.time = 9, now count = 959, i = 1
2023-01-11 18:00:34.783  75 79 E channel139887853844224 self_thread_id = 139887853844224, last time delay.time = 9, now count = 959, i = 1
2023-01-11 18:00:34.784  75 83 I channel139887613306624 self_thread_id = 139887613306624, last time delay.time = 14, now count = 960, i = 1
2023-01-11 18:00:34.784  75 83 I channel139887613306624 self_thread_id = 139887613306624, last time delay.time = 14, now count = 960, i = 1
2023-01-11 18:00:34.784  75 83 W channel139887613306624 self_thread_id = 139887613306624, last time delay.time = 14, now count = 960, i = 1
2023-01-11 18:00:34.784  75 83 E channel139887613306624 self_thread_id = 139887613306624, last time delay.time = 14, now count = 960, i = 1
2023-01-11 18:00:35.782  75 77 I channel139887870629632 self_thread_id = 139887870629632, last time delay.time = 13, now count = 955, i = 2
2023-01-11 18:00:35.782  75 84 I channel139887604913920 self_thread_id = 139887604913920, last time delay.time = 9, now count = 953, i = 2
2023-01-11 18:00:35.782  75 78 I channel139887862236928 self_thread_id = 139887862236928, last time delay.time = 8, now count = 956, i = 2
2023-01-11 18:00:35.782  75 77 I channel139887870629632 self_thread_id = 139887870629632, last time delay.time = 13, now count = 955, i = 2
2023-01-11 18:00:35.782  75 84 I channel139887604913920 self_thread_id = 139887604913920, last time delay.time = 9, now count = 953, i = 2
2023-01-11 18:00:35.782  75 77 W channel139887870629632 self_thread_id = 139887870629632, last time delay.time = 13, now count = 955, i = 2
2023-01-11 18:00:35.782  75 84 W channel139887604913920 self_thread_id = 139887604913920, last time delay.time = 9, now count = 953, i = 2
2023-01-11 18:00:35.782  75 78 I channel139887862236928 self_thread_id = 139887862236928, last time delay.time = 8, now count = 956, i = 2
2023-01-11 18:00:35.782  75 84 E channel139887604913920 self_thread_id = 139887604913920, last time delay.time = 9, now count = 953, i = 2
2023-01-11 18:00:35.782  75 78 W channel139887862236928 self_thread_id = 139887862236928, last time delay.time = 8, now count = 956, i = 2
2023-01-11 18:00:35.782  75 78 E channel139887862236928 self_thread_id = 139887862236928, last time delay.time = 8, now count = 956, i = 2
2023-01-11 18:00:35.782  75 77 E channel139887870629632 self_thread_id = 139887870629632, last time delay.time = 13, now count = 955, i = 2
2023-01-11 18:00:35.782  75 80 I channel139887845451520 self_thread_id = 139887845451520, last time delay.time = 8, now count = 958, i = 2
2023-01-11 18:00:35.782  75 82 I channel139887621699328 self_thread_id = 139887621699328, last time delay.time = 8, now count = 954, i = 2
2023-01-11 18:00:35.782  75 80 I channel139887845451520 self_thread_id = 139887845451520, last time delay.time = 8, now count = 958, i = 2
2023-01-11 18:00:35.782  75 80 W channel139887845451520 self_thread_id = 139887845451520, last time delay.time = 8, now count = 958, i = 2
2023-01-11 18:00:35.782  75 82 I channel139887621699328 self_thread_id = 139887621699328, last time delay.time = 8, now count = 954, i = 2
2023-01-11 18:00:35.782  75 80 E channel139887845451520 self_thread_id = 139887845451520, last time delay.time = 8, now count = 958, i = 2
2023-01-11 18:00:35.782  75 82 W channel139887621699328 self_thread_id = 139887621699328, last time delay.time = 8, now count = 954, i = 2
2023-01-11 18:00:35.782  75 82 E channel139887621699328 self_thread_id = 139887621699328, last time delay.time = 8, now count = 954, i = 2
2023-01-11 18:00:35.782  75 81 I channel139887837058816 self_thread_id = 139887837058816, last time delay.time = 29, now count = 957, i = 2
2023-01-11 18:00:35.782  75 81 I channel139887837058816 self_thread_id = 139887837058816, last time delay.time = 29, now count = 957, i = 2
2023-01-11 18:00:35.782  75 81 W channel139887837058816 self_thread_id = 139887837058816, last time delay.time = 29, now count = 957, i = 2
2023-01-11 18:00:35.782  75 81 E channel139887837058816 self_thread_id = 139887837058816, last time delay.time = 29, now count = 957, i = 2
2023-01-11 18:00:35.783  75 79 I channel139887853844224 self_thread_id = 139887853844224, last time delay.time = 9, now count = 959, i = 2
2023-01-11 18:00:35.783  75 79 I channel139887853844224 self_thread_id = 139887853844224, last time delay.time = 9, now count = 959, i = 2
2023-01-11 18:00:35.783  75 79 W channel139887853844224 self_thread_id = 139887853844224, last time delay.time = 9, now count = 959, i = 2
2023-01-11 18:00:35.783  75 79 E channel139887853844224 self_thread_id = 139887853844224, last time delay.time = 9, now count = 959, i = 2
2023-01-11 18:00:35.785  75 83 I channel139887613306624 self_thread_id = 139887613306624, last time delay.time = 14, now count = 960, i = 2
2023-01-11 18:00:35.785  75 83 I channel139887613306624 self_thread_id = 139887613306624, last time delay.time = 14, now count = 960, i = 2
2023-01-11 18:00:35.785  75 83 W channel139887613306624 self_thread_id = 139887613306624, last time delay.time = 14, now count = 960, i = 2
2023-01-11 18:00:35.785  75 83 E channel139887613306624 self_thread_id = 139887613306624, last time delay.time = 14, now count = 960, i = 2
2023-01-11 18:00:36.522  75 75 I APP.tag TestComponent::Proc
2023-01-11 18:00:36.522  75 75 I APP.tag ****************test INFO begin****************
2023-01-11 18:00:36.522  75 75 I APP.tag 测试 index = 811组
2023-01-11 18:00:36.522  75 75 E APP.tag 循环计数 i = 1次
2023-01-11 18:00:36.522  75 75 I APP.tag test LOG_Trace()
2023-01-11 18:00:36.522  75 75 I vscode 循环计数 i = 1次,test LOG_Channel_Trace()
2023-01-11 18:00:36.522  75 75 E APP.tag 循环计数 i = 2次
2023-01-11 18:00:36.522  75 75 E APP.tag 循环计数 i = 3次
2023-01-11 18:00:36.522  75 75 I APP.tag test LOG_Info()
2023-01-11 18:00:36.522  75 75 I baidu 循环计数 i = 3次,test LOG_Channel_Info()
2023-01-11 18:00:36.522  75 75 E APP.tag 循环计数 i = 4次
2023-01-11 18:00:36.522  75 75 W APP.tag test LOG_Warn()
2023-01-11 18:00:36.522  75 75 W google 循环计数 i = 4次,test LOG_Channel_Warn()
2023-01-11 18:00:36.522  75 75 E APP.tag 循环计数 i = 5次
2023-01-11 18:00:36.522  75 75 E APP.tag test LOG_Error()
2023-01-11 18:00:36.522  75 75 E visio 循环计数 i = 5次,test LOG_Channel_Error()
2023-01-11 18:00:36.522  75 75 I APP.tag print coredump DataLen:2 Data[01 00]
2023-01-11 18:00:36.522  75 75 W coredump 0x0000000a 0a 00 00 00 0b 00 00 00 0c 00 00 00 0d 00 00 00 0e 00 00 00
2023-01-11 18:00:36.522  75 75 I APP.tag ****************test INFO end****************
2023-01-11 18:00:36.782  75 77 I channel139887870629632 self_thread_id = 139887870629632, last time delay.time = 13, now count = 955, i = 3
2023-01-11 18:00:36.782  75 77 I channel139887870629632 self_thread_id = 139887870629632, last time delay.time = 13, now count = 955, i = 3
2023-01-11 18:00:36.782  75 78 I channel139887862236928 self_thread_id = 139887862236928, last time delay.time = 8, now count = 956, i = 3
2023-01-11 18:00:36.782  75 77 W channel139887870629632 self_thread_id = 139887870629632, last time delay.time = 13, now count = 955, i = 3
2023-01-11 18:00:36.782  75 77 E channel139887870629632 self_thread_id = 139887870629632, last time delay.time = 13, now count = 955, i = 3
2023-01-11 18:00:36.782  75 78 I channel139887862236928 self_thread_id = 139887862236928, last time delay.time = 8, now count = 956, i = 3
2023-01-11 18:00:36.782  75 84 I channel139887604913920 self_thread_id = 139887604913920, last time delay.time = 9, now count = 953, i = 3
2023-01-11 18:00:36.782  75 78 W channel139887862236928 self_thread_id = 139887862236928, last time delay.time = 8, now count = 956, i = 3
2023-01-11 18:00:36.782  75 78 E channel139887862236928 self_thread_id = 139887862236928, last time delay.time = 8, now count = 956, i = 3
2023-01-11 18:00:36.782  75 84 I channel139887604913920 self_thread_id = 139887604913920, last time delay.time = 9, now count = 953, i = 3
2023-01-11 18:00:36.782  75 84 W channel139887604913920 self_thread_id = 139887604913920, last time delay.time = 9, now count = 953, i = 3
2023-01-11 18:00:36.782  75 84 E channel139887604913920 self_thread_id = 139887604913920, last time delay.time = 9, now count = 953, i = 3
2023-01-11 18:00:36.782  75 80 I channel139887845451520 self_thread_id = 139887845451520, last time delay.time = 8, now count = 958, i = 3
2023-01-11 18:00:36.782  75 82 I channel139887621699328 self_thread_id = 139887621699328, last time delay.time = 8, now count = 954, i = 3
2023-01-11 18:00:36.782  75 80 I channel139887845451520 self_thread_id = 139887845451520, last time delay.time = 8, now count = 958, i = 3
2023-01-11 18:00:36.782  75 80 W channel139887845451520 self_thread_id = 139887845451520, last time delay.time = 8, now count = 958, i = 3
2023-01-11 18:00:36.783  75 82 I channel139887621699328 self_thread_id = 139887621699328, last time delay.time = 8, now count = 954, i = 3
2023-01-11 18:00:36.783  75 80 E channel139887845451520 self_thread_id = 139887845451520, last time delay.time = 8, now count = 958, i = 3
2023-01-11 18:00:36.783  75 82 W channel139887621699328 self_thread_id = 139887621699328, last time delay.time = 8, now count = 954, i = 3
2023-01-11 18:00:36.783  75 82 E channel139887621699328 self_thread_id = 139887621699328, last time delay.time = 8, now count = 954, i = 3
2023-01-11 18:00:36.783  75 81 I channel139887837058816 self_thread_id = 139887837058816, last time delay.time = 29, now count = 957, i = 3
2023-01-11 18:00:36.783  75 81 I channel139887837058816 self_thread_id = 139887837058816, last time delay.time = 29, now count = 957, i = 3
2023-01-11 18:00:36.783  75 81 W channel139887837058816 self_thread_id = 139887837058816, last time delay.time = 29, now count = 957, i = 3
2023-01-11 18:00:36.783  75 81 E channel139887837058816 self_thread_id = 139887837058816, last time delay.time = 29, now count = 957, i = 3
2023-01-11 18:00:36.784  75 79 I channel139887853844224 self_thread_id = 139887853844224, last time delay.time = 9, now count = 959, i = 3
2023-01-11 18:00:36.784  75 79 I channel139887853844224 self_thread_id = 139887853844224, last time delay.time = 9, now count = 959, i = 3
2023-01-11 18:00:36.784  75 79 W channel139887853844224 self_thread_id = 139887853844224, last time delay.time = 9, now count = 959, i = 3
2023-01-11 18:00:36.784  75 79 E channel139887853844224 self_thread_id = 139887853844224, last time delay.time = 9, now count = 959, i = 3
2023-01-11 18:00:36.785  75 83 I channel139887613306624 self_thread_id = 139887613306624, last time delay.time = 14, now count = 960, i = 3
2023-01-11 18:00:36.785  75 83 I channel139887613306624 self_thread_id = 139887613306624, last time delay.time = 14, now count = 960, i = 3
2023-01-11 18:00:36.785  75 83 W channel139887613306624 self_thread_id = 139887613306624, last time delay.time = 14, now count = 960, i = 3
2023-01-11 18:00:36.785  75 83 E channel139887613306624 self_thread_id = 139887613306624, last time delay.time = 14, now count = 960, i = 3
2023-01-11 18:00:37.782  75 77 I channel139887870629632 self_thread_id = 139887870629632, last time delay.time = 13, now count = 955, i = 4
2023-01-11 18:00:37.782  75 78 I channel139887862236928 self_thread_id = 139887862236928, last time delay.time = 8, now count = 956, i = 4
2023-01-11 18:00:37.782  75 77 I channel139887870629632 self_thread_id = 139887870629632, last time delay.time = 13, now count = 955, i = 4
2023-01-11 18:00:37.782  75 77 W channel139887870629632 self_thread_id = 139887870629632, last time delay.time = 13, now count = 955, i = 4
2023-01-11 18:00:37.783  75 78 I channel139887862236928 self_thread_id = 139887862236928, last time delay.time = 8, now count = 956, i = 4
2023-01-11 18:00:37.783  75 77 E channel139887870629632 self_thread_id = 139887870629632, last time delay.time = 13, now count = 955, i = 4
2023-01-11 18:00:37.783  75 78 W channel139887862236928 self_thread_id = 139887862236928, last time delay.time = 8, now count = 956, i = 4
2023-01-11 18:00:37.783  75 77 I channel139887870629632 self_thread_id = 139887870629632, last time delay.time = 13, now count = 961
2023-01-11 18:00:37.783  75 78 E channel139887862236928 self_thread_id = 139887862236928, last time delay.time = 8, now count = 956, i = 4
2023-01-11 18:00:37.783  75 78 I channel139887862236928 self_thread_id = 139887862236928, last time delay.time = 8, now count = 962
2023-01-11 18:00:37.783  75 84 I channel139887604913920 self_thread_id = 139887604913920, last time delay.time = 9, now count = 953, i = 4
2023-01-11 18:00:37.783  75 84 I channel139887604913920 self_thread_id = 139887604913920, last time delay.time = 9, now count = 953, i = 4
2023-01-11 18:00:37.783  75 84 W channel139887604913920 self_thread_id = 139887604913920, last time delay.time = 9, now count = 953, i = 4
2023-01-11 18:00:37.783  75 84 E channel139887604913920 self_thread_id = 139887604913920, last time delay.time = 9, now count = 953, i = 4
2023-01-11 18:00:37.783  75 84 I channel139887604913920 self_thread_id = 139887604913920, last time delay.time = 9, now count = 963
2023-01-11 18:00:37.783  75 80 I channel139887845451520 self_thread_id = 139887845451520, last time delay.time = 8, now count = 958, i = 4
2023-01-11 18:00:37.783  75 80 I channel139887845451520 self_thread_id = 139887845451520, last time delay.time = 8, now count = 958, i = 4
2023-01-11 18:00:37.783  75 80 W channel139887845451520 self_thread_id = 139887845451520, last time delay.time = 8, now count = 958, i = 4
2023-01-11 18:00:37.783  75 80 E channel139887845451520 self_thread_id = 139887845451520, last time delay.time = 8, now count = 958, i = 4
2023-01-11 18:00:37.783  75 80 I channel139887845451520 self_thread_id = 139887845451520, last time delay.time = 8, now count = 964
2023-01-11 18:00:37.783  75 82 I channel139887621699328 self_thread_id = 139887621699328, last time delay.time = 8, now count = 954, i = 4
2023-01-11 18:00:37.783  75 82 I channel139887621699328 self_thread_id = 139887621699328, last time delay.time = 8, now count = 954, i = 4
2023-01-11 18:00:37.783  75 82 W channel139887621699328 self_thread_id = 139887621699328, last time delay.time = 8, now count = 954, i = 4
2023-01-11 18:00:37.783  75 81 I channel139887837058816 self_thread_id = 139887837058816, last time delay.time = 29, now count = 957, i = 4
2023-01-11 18:00:37.783  75 82 E channel139887621699328 self_thread_id = 139887621699328, last time delay.time = 8, now count = 954, i = 4
2023-01-11 18:00:37.783  75 82 I channel139887621699328 self_thread_id = 139887621699328, last time delay.time = 8, now count = 965
2023-01-11 18:00:37.783  75 81 I channel139887837058816 self_thread_id = 139887837058816, last time delay.time = 29, now count = 957, i = 4
2023-01-11 18:00:37.783  75 81 W channel139887837058816 self_thread_id = 139887837058816, last time delay.time = 29, now count = 957, i = 4
2023-01-11 18:00:37.783  75 81 E channel139887837058816 self_thread_id = 139887837058816, last time delay.time = 29, now count = 957, i = 4
2023-01-11 18:00:37.783  75 81 I channel139887837058816 self_thread_id = 139887837058816, last time delay.time = 29, now count = 966
2023-01-11 18:00:37.784  75 79 I channel139887853844224 self_thread_id = 139887853844224, last time delay.time = 9, now count = 959, i = 4
2023-01-11 18:00:37.784  75 79 I channel139887853844224 self_thread_id = 139887853844224, last time delay.time = 9, now count = 959, i = 4
2023-01-11 18:00:37.784  75 79 W channel139887853844224 self_thread_id = 139887853844224, last time delay.time = 9, now count = 959, i = 4
2023-01-11 18:00:37.784  75 79 E channel139887853844224 self_thread_id = 139887853844224, last time delay.time = 9, now count = 959, i = 4
2023-01-11 18:00:37.784  75 79 I channel139887853844224 self_thread_id = 139887853844224, last time delay.time = 9, now count = 967
2023-01-11 18:00:37.785  75 83 I channel139887613306624 self_thread_id = 139887613306624, last time delay.time = 14, now count = 960, i = 4
2023-01-11 18:00:37.785  75 83 I channel139887613306624 self_thread_id = 139887613306624, last time delay.time = 14, now count = 960, i = 4
2023-01-11 18:00:37.785  75 83 W channel139887613306624 self_thread_id = 139887613306624, last time delay.time = 14, now count = 960, i = 4
2023-01-11 18:00:37.785  75 83 E channel139887613306624 self_thread_id = 139887613306624, last time delay.time = 14, now count = 960, i = 4
2023-01-11 18:00:37.785  75 83 I channel139887613306624 self_thread_id = 139887613306624, last time delay.time = 14, now count = 968
2023-01-11 18:00:38.783  75 78 I channel139887862236928 self_thread_id = 139887862236928, last time delay.time = 8, now count = 962, i = 0
2023-01-11 18:00:38.783  75 78 I channel139887862236928 self_thread_id = 139887862236928, last time delay.time = 8, now count = 962, i = 0
2023-01-11 18:00:38.783  75 77 I channel139887870629632 self_thread_id = 139887870629632, last time delay.time = 13, now count = 961, i = 0
2023-01-11 18:00:38.783  75 78 W channel139887862236928 self_thread_id = 139887862236928, last time delay.time = 8, now count = 962, i = 0
2023-01-11 18:00:38.783  75 78 E channel139887862236928 self_thread_id = 139887862236928, last time delay.time = 8, now count = 962, i = 0
2023-01-11 18:00:38.783  75 77 I channel139887870629632 self_thread_id = 139887870629632, last time delay.time = 13, now count = 961, i = 0
2023-01-11 18:00:38.783  75 77 W channel139887870629632 self_thread_id = 139887870629632, last time delay.time = 13, now count = 961, i = 0
2023-01-11 18:00:38.783  75 77 E channel139887870629632 self_thread_id = 139887870629632, last time delay.time = 13, now count = 961, i = 0
2023-01-11 18:00:38.783  75 84 I channel139887604913920 self_thread_id = 139887604913920, last time delay.time = 9, now count = 963, i = 0
2023-01-11 18:00:38.783  75 84 I channel139887604913920 self_thread_id = 139887604913920, last time delay.time = 9, now count = 963, i = 0
2023-01-11 18:00:38.783  75 84 W channel139887604913920 self_thread_id = 139887604913920, last time delay.time = 9, now count = 963, i = 0
2023-01-11 18:00:38.783  75 84 E channel139887604913920 self_thread_id = 139887604913920, last time delay.time = 9, now count = 963, i = 0
2023-01-11 18:00:38.783  75 80 I channel139887845451520 self_thread_id = 139887845451520, last time delay.time = 7, now count = 964, i = 0
2023-01-11 18:00:38.783  75 80 I channel139887845451520 self_thread_id = 139887845451520, last time delay.time = 7, now count = 964, i = 0
2023-01-11 18:00:38.783  75 80 W channel139887845451520 self_thread_id = 139887845451520, last time delay.time = 7, now count = 964, i = 0
2023-01-11 18:00:38.783  75 80 E channel139887845451520 self_thread_id = 139887845451520, last time delay.time = 7, now count = 964, i = 0
2023-01-11 18:00:38.783  75 82 I channel139887621699328 self_thread_id = 139887621699328, last time delay.time = 11, now count = 965, i = 0
2023-01-11 18:00:38.783  75 82 I channel139887621699328 self_thread_id = 139887621699328, last time delay.time = 11, now count = 965, i = 0
2023-01-11 18:00:38.783  75 82 W channel139887621699328 self_thread_id = 139887621699328, last time delay.time = 11, now count = 965, i = 0
2023-01-11 18:00:38.783  75 82 E channel139887621699328 self_thread_id = 139887621699328, last time delay.time = 11, now count = 965, i = 0
2023-01-11 18:00:38.783  75 81 I channel139887837058816 self_thread_id = 139887837058816, last time delay.time = 8, now count = 966, i = 0
2023-01-11 18:00:38.783  75 81 I channel139887837058816 self_thread_id = 139887837058816, last time delay.time = 8, now count = 966, i = 0
2023-01-11 18:00:38.783  75 81 W channel139887837058816 self_thread_id = 139887837058816, last time delay.time = 8, now count = 966, i = 0
2023-01-11 18:00:38.783  75 81 E channel139887837058816 self_thread_id = 139887837058816, last time delay.time = 8, now count = 966, i = 0
2023-01-11 18:00:38.784  75 79 I channel139887853844224 self_thread_id = 139887853844224, last time delay.time = 9, now count = 967, i = 0
2023-01-11 18:00:38.784  75 79 I channel139887853844224 self_thread_id = 139887853844224, last time delay.time = 9, now count = 967, i = 0
2023-01-11 18:00:38.784  75 79 W channel139887853844224 self_thread_id = 139887853844224, last time delay.time = 9, now count = 967, i = 0
2023-01-11 18:00:38.784  75 79 E channel139887853844224 self_thread_id = 139887853844224, last time delay.time = 9, now count = 967, i = 0
2023-01-11 18:00:38.785  75 83 I channel139887613306624 self_thread_id = 139887613306624, last time delay.time = 8, now count = 968, i = 0
2023-01-11 18:00:38.785  75 83 I channel139887613306624 self_thread_id = 139887613306624, last time delay.time = 8, now count = 968, i = 0
2023-01-11 18:00:38.785  75 83 W channel139887613306624 self_thread_id = 139887613306624, last time delay.time = 8, now count = 968, i = 0
2023-01-11 18:00:38.785  75 83 E channel139887613306624 self_thread_id = 139887613306624, last time delay.time = 8, now count = 968, i = 0
2023-01-11 18:00:39.783  75 78 I channel139887862236928 self_thread_id = 139887862236928, last time delay.time = 8, now count = 962, i = 1
2023-01-11 18:00:39.783  75 78 I channel139887862236928 self_thread_id = 139887862236928, last time delay.time = 8, now count = 962, i = 1
2023-01-11 18:00:39.783  75 77 I channel139887870629632 self_thread_id = 139887870629632, last time delay.time = 13, now count = 961, i = 1
2023-01-11 18:00:39.783  75 78 W channel139887862236928 self_thread_id = 139887862236928, last time delay.time = 8, now count = 962, i = 1
2023-01-11 18:00:39.783  75 77 I channel139887870629632 self_thread_id = 139887870629632, last time delay.time = 13, now count = 961, i = 1
2023-01-11 18:00:39.783  75 78 E channel139887862236928 self_thread_id = 139887862236928, last time delay.time = 8, now count = 962, i = 1
2023-01-11 18:00:39.783  75 77 W channel139887870629632 self_thread_id = 139887870629632, last time delay.time = 13, now count = 961, i = 1
2023-01-11 18:00:39.783  75 77 E channel139887870629632 self_thread_id = 139887870629632, last time delay.time = 13, now count = 961, i = 1
2023-01-11 18:00:39.783  75 84 I channel139887604913920 self_thread_id = 139887604913920, last time delay.time = 9, now count = 963, i = 1
2023-01-11 18:00:39.783  75 84 I channel139887604913920 self_thread_id = 139887604913920, last time delay.time = 9, now count = 963, i = 1
2023-01-11 18:00:39.783  75 84 W channel139887604913920 self_thread_id = 139887604913920, last time delay.time = 9, now count = 963, i = 1
2023-01-11 18:00:39.783  75 84 E channel139887604913920 self_thread_id = 139887604913920, last time delay.time = 9, now count = 963, i = 1
2023-01-11 18:00:39.783  75 80 I channel139887845451520 self_thread_id = 139887845451520, last time delay.time = 7, now count = 964, i = 1
2023-01-11 18:00:39.783  75 80 I channel139887845451520 self_thread_id = 139887845451520, last time delay.time = 7, now count = 964, i = 1
2023-01-11 18:00:39.783  75 80 W channel139887845451520 self_thread_id = 139887845451520, last time delay.time = 7, now count = 964, i = 1
2023-01-11 18:00:39.783  75 80 E channel139887845451520 self_thread_id = 139887845451520, last time delay.time = 7, now count = 964, i = 1
2023-01-11 18:00:39.783  75 82 I channel139887621699328 self_thread_id = 139887621699328, last time delay.time = 11, now count = 965, i = 1
2023-01-11 18:00:39.783  75 82 I channel139887621699328 self_thread_id = 139887621699328, last time delay.time = 11, now count = 965, i = 1
2023-01-11 18:00:39.783  75 82 W channel139887621699328 self_thread_id = 139887621699328, last time delay.time = 11, now count = 965, i = 1
2023-01-11 18:00:39.783  75 82 E channel139887621699328 self_thread_id = 139887621699328, last time delay.time = 11, now count = 965, i = 1
2023-01-11 18:00:39.783  75 81 I channel139887837058816 self_thread_id = 139887837058816, last time delay.time = 8, now count = 966, i = 1
2023-01-11 18:00:39.783  75 81 I channel139887837058816 self_thread_id = 139887837058816, last time delay.time = 8, now count = 966, i = 1
2023-01-11 18:00:39.783  75 81 W channel139887837058816 self_thread_id = 139887837058816, last time delay.time = 8, now count = 966, i = 1
2023-01-11 18:00:39.783  75 81 E channel139887837058816 self_thread_id = 139887837058816, last time delay.time = 8, now count = 966, i = 1
2023-01-11 18:00:39.784  75 79 I channel139887853844224 self_thread_id = 139887853844224, last time delay.time = 9, now count = 967, i = 1
2023-01-11 18:00:39.784  75 79 I channel139887853844224 self_thread_id = 139887853844224, last time delay.time = 9, now count = 967, i = 1
2023-01-11 18:00:39.784  75 79 W channel139887853844224 self_thread_id = 139887853844224, last time delay.time = 9, now count = 967, i = 1
2023-01-11 18:00:39.784  75 79 E channel139887853844224 self_thread_id = 139887853844224, last time delay.time = 9, now count = 967, i = 1
2023-01-11 18:00:39.785  75 83 I channel139887613306624 self_thread_id = 139887613306624, last time delay.time = 8, now count = 968, i = 1
2023-01-11 18:00:39.785  75 83 I channel139887613306624 self_thread_id = 139887613306624, last time delay.time = 8, now count = 968, i = 1
2023-01-11 18:00:39.785  75 83 W channel139887613306624 self_thread_id = 139887613306624, last time delay.time = 8, now count = 968, i = 1
2023-01-11 18:00:39.785  75 83 E channel139887613306624 self_thread_id = 139887613306624, last time delay.time = 8, now count = 968, i = 1
2023-01-11 18:00:40.783  75 78 I channel139887862236928 self_thread_id = 139887862236928, last time delay.time = 8, now count = 962, i = 2
2023-01-11 18:00:40.783  75 78 I channel139887862236928 self_thread_id = 139887862236928, last time delay.time = 8, now count = 962, i = 2
2023-01-11 18:00:40.783  75 78 W channel139887862236928 self_thread_id = 139887862236928, last time delay.time = 8, now count = 962, i = 2
2023-01-11 18:00:40.783  75 77 I channel139887870629632 self_thread_id = 139887870629632, last time delay.time = 13, now count = 961, i = 2
2023-01-11 18:00:40.783  75 78 E channel139887862236928 self_thread_id = 139887862236928, last time delay.time = 8, now count = 962, i = 2
2023-01-11 18:00:40.783  75 77 I channel139887870629632 self_thread_id = 139887870629632, last time delay.time = 13, now count = 961, i = 2
2023-01-11 18:00:40.783  75 77 W channel139887870629632 self_thread_id = 139887870629632, last time delay.time = 13, now count = 961, i = 2
2023-01-11 18:00:40.783  75 77 E channel139887870629632 self_thread_id = 139887870629632, last time delay.time = 13, now count = 961, i = 2
2023-01-11 18:00:40.783  75 84 I channel139887604913920 self_thread_id = 139887604913920, last time delay.time = 9, now count = 963, i = 2
2023-01-11 18:00:40.783  75 84 I channel139887604913920 self_thread_id = 139887604913920, last time delay.time = 9, now count = 963, i = 2
2023-01-11 18:00:40.783  75 84 W channel139887604913920 self_thread_id = 139887604913920, last time delay.time = 9, now count = 963, i = 2
2023-01-11 18:00:40.783  75 84 E channel139887604913920 self_thread_id = 139887604913920, last time delay.time = 9, now count = 963, i = 2
2023-01-11 18:00:40.783  75 80 I channel139887845451520 self_thread_id = 139887845451520, last time delay.time = 7, now count = 964, i = 2
2023-01-11 18:00:40.783  75 80 I channel139887845451520 self_thread_id = 139887845451520, last time delay.time = 7, now count = 964, i = 2
2023-01-11 18:00:40.783  75 80 W channel139887845451520 self_thread_id = 139887845451520, last time delay.time = 7, now count = 964, i = 2
2023-01-11 18:00:40.783  75 80 E channel139887845451520 self_thread_id = 139887845451520, last time delay.time = 7, now count = 964, i = 2
2023-01-11 18:00:40.783  75 82 I channel139887621699328 self_thread_id = 139887621699328, last time delay.time = 11, now count = 965, i = 2
2023-01-11 18:00:40.783  75 82 I channel139887621699328 self_thread_id = 139887621699328, last time delay.time = 11, now count = 965, i = 2
2023-01-11 18:00:40.783  75 82 W channel139887621699328 self_thread_id = 139887621699328, last time delay.time = 11, now count = 965, i = 2
2023-01-11 18:00:40.783  75 82 E channel139887621699328 self_thread_id = 139887621699328, last time delay.time = 11, now count = 965, i = 2
2023-01-11 18:00:40.783  75 81 I channel139887837058816 self_thread_id = 139887837058816, last time delay.time = 8, now count = 966, i = 2
2023-01-11 18:00:40.783  75 81 I channel139887837058816 self_thread_id = 139887837058816, last time delay.time = 8, now count = 966, i = 2
2023-01-11 18:00:40.783  75 81 W channel139887837058816 self_thread_id = 139887837058816, last time delay.time = 8, now count = 966, i = 2
2023-01-11 18:00:40.783  75 81 E channel139887837058816 self_thread_id = 139887837058816, last time delay.time = 8, now count = 966, i = 2
2023-01-11 18:00:40.784  75 79 I channel139887853844224 self_thread_id = 139887853844224, last time delay.time = 9, now count = 967, i = 2
2023-01-11 18:00:40.784  75 79 I channel139887853844224 self_thread_id = 139887853844224, last time delay.time = 9, now count = 967, i = 2
2023-01-11 18:00:40.784  75 79 W channel139887853844224 self_thread_id = 139887853844224, last time delay.time = 9, now count = 967, i = 2
2023-01-11 18:00:40.784  75 79 E channel139887853844224 self_thread_id = 139887853844224, last time delay.time = 9, now count = 967, i = 2
2023-01-11 18:00:40.785  75 83 I channel139887613306624 self_thread_id = 139887613306624, last time delay.time = 8, now count = 968, i = 2
2023-01-11 18:00:40.786  75 83 I channel139887613306624 self_thread_id = 139887613306624, last time delay.time = 8, now count = 968, i = 2
2023-01-11 18:00:40.786  75 83 W channel139887613306624 self_thread_id = 139887613306624, last time delay.time = 8, now count = 968, i = 2
2023-01-11 18:00:40.786  75 83 E channel139887613306624 self_thread_id = 139887613306624, last time delay.time = 8, now count = 968, i = 2
2023-01-11 18:00:41.783  75 78 I channel139887862236928 self_thread_id = 139887862236928, last time delay.time = 8, now count = 962, i = 3
2023-01-11 18:00:41.783  75 78 I channel139887862236928 self_thread_id = 139887862236928, last time delay.time = 8, now count = 962, i = 3
2023-01-11 18:00:41.783  75 77 I channel139887870629632 self_thread_id = 139887870629632, last time delay.time = 13, now count = 961, i = 3
2023-01-11 18:00:41.783  75 78 W channel139887862236928 self_thread_id = 139887862236928, last time delay.time = 8, now count = 962, i = 3
2023-01-11 18:00:41.783  75 77 I channel139887870629632 self_thread_id = 139887870629632, last time delay.time = 13, now count = 961, i = 3
2023-01-11 18:00:41.783  75 78 E channel139887862236928 self_thread_id = 139887862236928, last time delay.time = 8, now count = 962, i = 3
2023-01-11 18:00:41.783  75 77 W channel139887870629632 self_thread_id = 139887870629632, last time delay.time = 13, now count = 961, i = 3
2023-01-11 18:00:41.783  75 84 I channel139887604913920 self_thread_id = 139887604913920, last time delay.time = 9, now count = 963, i = 3
2023-01-11 18:00:41.783  75 77 E channel139887870629632 self_thread_id = 139887870629632, last time delay.time = 13, now count = 961, i = 3
2023-01-11 18:00:41.783  75 84 I channel139887604913920 self_thread_id = 139887604913920, last time delay.time = 9, now count = 963, i = 3
2023-01-11 18:00:41.783  75 84 W channel139887604913920 self_thread_id = 139887604913920, last time delay.time = 9, now count = 963, i = 3
2023-01-11 18:00:41.783  75 84 E channel139887604913920 self_thread_id = 139887604913920, last time delay.time = 9, now count = 963, i = 3
2023-01-11 18:00:41.783  75 80 I channel139887845451520 self_thread_id = 139887845451520, last time delay.time = 7, now count = 964, i = 3
2023-01-11 18:00:41.783  75 80 I channel139887845451520 self_thread_id = 139887845451520, last time delay.time = 7, now count = 964, i = 3
2023-01-11 18:00:41.783  75 80 W channel139887845451520 self_thread_id = 139887845451520, last time delay.time = 7, now count = 964, i = 3
2023-01-11 18:00:41.784  75 80 E channel139887845451520 self_thread_id = 139887845451520, last time delay.time = 7, now count = 964, i = 3
2023-01-11 18:00:41.784  75 82 I channel139887621699328 self_thread_id = 139887621699328, last time delay.time = 11, now count = 965, i = 3
2023-01-11 18:00:41.784  75 82 I channel139887621699328 self_thread_id = 139887621699328, last time delay.time = 11, now count = 965, i = 3
2023-01-11 18:00:41.784  75 82 W channel139887621699328 self_thread_id = 139887621699328, last time delay.time = 11, now count = 965, i = 3
2023-01-11 18:00:41.784  75 82 E channel139887621699328 self_thread_id = 139887621699328, last time delay.time = 11, now count = 965, i = 3
2023-01-11 18:00:41.784  75 81 I channel139887837058816 self_thread_id = 139887837058816, last time delay.time = 8, now count = 966, i = 3
2023-01-11 18:00:41.784  75 81 I channel139887837058816 self_thread_id = 139887837058816, last time delay.time = 8, now count = 966, i = 3
2023-01-11 18:00:41.784  75 81 W channel139887837058816 self_thread_id = 139887837058816, last time delay.time = 8, now count = 966, i = 3
2023-01-11 18:00:41.784  75 81 E channel139887837058816 self_thread_id = 139887837058816, last time delay.time = 8, now count = 966, i = 3
2023-01-11 18:00:41.784  75 79 I channel139887853844224 self_thread_id = 139887853844224, last time delay.time = 9, now count = 967, i = 3
2023-01-11 18:00:41.784  75 79 I channel139887853844224 self_thread_id = 139887853844224, last time delay.time = 9, now count = 967, i = 3
2023-01-11 18:00:41.784  75 79 W channel139887853844224 self_thread_id = 139887853844224, last time delay.time = 9, now count = 967, i = 3
2023-01-11 18:00:41.784  75 79 E channel139887853844224 self_thread_id = 139887853844224, last time delay.time = 9, now count = 967, i = 3
2023-01-11 18:00:41.786  75 83 I channel139887613306624 self_thread_id = 139887613306624, last time delay.time = 8, now count = 968, i = 3
2023-01-11 18:00:41.786  75 83 I channel139887613306624 self_thread_id = 139887613306624, last time delay.time = 8, now count = 968, i = 3
2023-01-11 18:00:41.786  75 83 W channel139887613306624 self_thread_id = 139887613306624, last time delay.time = 8, now count = 968, i = 3
2023-01-11 18:00:41.786  75 83 E channel139887613306624 self_thread_id = 139887613306624, last time delay.time = 8, now count = 968, i = 3
2023-01-11 18:00:42.784  75 77 I channel139887870629632 self_thread_id = 139887870629632, last time delay.time = 13, now count = 961, i = 4
2023-01-11 18:00:42.784  75 77 I channel139887870629632 self_thread_id = 139887870629632, last time delay.time = 13, now count = 961, i = 4
2023-01-11 18:00:42.784  75 77 W channel139887870629632 self_thread_id = 139887870629632, last time delay.time = 13, now count = 961, i = 4
2023-01-11 18:00:42.784  75 77 E channel139887870629632 self_thread_id = 139887870629632, last time delay.time = 13, now count = 961, i = 4
2023-01-11 18:00:42.784  75 77 I channel139887870629632 self_thread_id = 139887870629632, last time delay.time = 13, now count = 969
2023-01-11 18:00:42.784  75 78 I channel139887862236928 self_thread_id = 139887862236928, last time delay.time = 8, now count = 962, i = 4
2023-01-11 18:00:42.784  75 78 I channel139887862236928 self_thread_id = 139887862236928, last time delay.time = 8, now count = 962, i = 4
2023-01-11 18:00:42.784  75 84 I channel139887604913920 self_thread_id = 139887604913920, last time delay.time = 9, now count = 963, i = 4
2023-01-11 18:00:42.784  75 82 I channel139887621699328 self_thread_id = 139887621699328, last time delay.time = 11, now count = 965, i = 4
2023-01-11 18:00:42.784  75 78 W channel139887862236928 self_thread_id = 139887862236928, last time delay.time = 8, now count = 962, i = 4
2023-01-11 18:00:42.784  75 78 E channel139887862236928 self_thread_id = 139887862236928, last time delay.time = 8, now count = 962, i = 4
2023-01-11 18:00:42.784  75 84 I channel139887604913920 self_thread_id = 139887604913920, last time delay.time = 9, now count = 963, i = 4
2023-01-11 18:00:42.784  75 84 W channel139887604913920 self_thread_id = 139887604913920, last time delay.time = 9, now count = 963, i = 4
2023-01-11 18:00:42.784  75 82 I channel139887621699328 self_thread_id = 139887621699328, last time delay.time = 11, now count = 965, i = 4
2023-01-11 18:00:42.784  75 82 W channel139887621699328 self_thread_id = 139887621699328, last time delay.time = 11, now count = 965, i = 4
2023-01-11 18:00:42.784  75 78 I channel139887862236928 self_thread_id = 139887862236928, last time delay.time = 8, now count = 970
2023-01-11 18:00:42.784  75 80 I channel139887845451520 self_thread_id = 139887845451520, last time delay.time = 7, now count = 964, i = 4
2023-01-11 18:00:42.784  75 84 E channel139887604913920 self_thread_id = 139887604913920, last time delay.time = 9, now count = 963, i = 4
2023-01-11 18:00:42.784  75 84 I channel139887604913920 self_thread_id = 139887604913920, last time delay.time = 9, now count = 971
2023-01-11 18:00:42.784  75 80 I channel139887845451520 self_thread_id = 139887845451520, last time delay.time = 7, now count = 964, i = 4
2023-01-11 18:00:42.784  75 82 E channel139887621699328 self_thread_id = 139887621699328, last time delay.time = 11, now count = 965, i = 4
2023-01-11 18:00:42.784  75 81 I channel139887837058816 self_thread_id = 139887837058816, last time delay.time = 8, now count = 966, i = 4
2023-01-11 18:00:42.784  75 80 W channel139887845451520 self_thread_id = 139887845451520, last time delay.time = 7, now count = 964, i = 4
2023-01-11 18:00:42.784  75 82 I channel139887621699328 self_thread_id = 139887621699328, last time delay.time = 11, now count = 972
2023-01-11 18:00:42.784  75 80 E channel139887845451520 self_thread_id = 139887845451520, last time delay.time = 7, now count = 964, i = 4
2023-01-11 18:00:42.784  75 81 I channel139887837058816 self_thread_id = 139887837058816, last time delay.time = 8, now count = 966, i = 4
2023-01-11 18:00:42.784  75 81 W channel139887837058816 self_thread_id = 139887837058816, last time delay.time = 8, now count = 966, i = 4
2023-01-11 18:00:42.784  75 80 I channel139887845451520 self_thread_id = 139887845451520, last time delay.time = 7, now count = 973
2023-01-11 18:00:42.784  75 81 E channel139887837058816 self_thread_id = 139887837058816, last time delay.time = 8, now count = 966, i = 4
2023-01-11 18:00:42.784  75 81 I channel139887837058816 self_thread_id = 139887837058816, last time delay.time = 8, now count = 974
2023-01-11 18:00:42.785  75 79 I channel139887853844224 self_thread_id = 139887853844224, last time delay.time = 9, now count = 967, i = 4
2023-01-11 18:00:42.785  75 79 I channel139887853844224 self_thread_id = 139887853844224, last time delay.time = 9, now count = 967, i = 4
2023-01-11 18:00:42.785  75 79 W channel139887853844224 self_thread_id = 139887853844224, last time delay.time = 9, now count = 967, i = 4
2023-01-11 18:00:42.785  75 79 E channel139887853844224 self_thread_id = 139887853844224, last time delay.time = 9, now count = 967, i = 4
2023-01-11 18:00:42.785  75 79 I channel139887853844224 self_thread_id = 139887853844224, last time delay.time = 9, now count = 975
2023-01-11 18:00:42.786  75 83 I channel139887613306624 self_thread_id = 139887613306624, last time delay.time = 8, now count = 968, i = 4
2023-01-11 18:00:42.786  75 83 I channel139887613306624 self_thread_id = 139887613306624, last time delay.time = 8, now count = 968, i = 4
2023-01-11 18:00:42.786  75 83 W channel139887613306624 self_thread_id = 139887613306624, last time delay.time = 8, now count = 968, i = 4
2023-01-11 18:00:42.786  75 83 E channel139887613306624 self_thread_id = 139887613306624, last time delay.time = 8, now count = 968, i = 4
2023-01-11 18:00:42.786  75 83 I channel139887613306624 self_thread_id = 139887613306624, last time delay.time = 8, now count = 976
2023-01-11 18:00:43.784  75 77 I channel139887870629632 self_thread_id = 139887870629632, last time delay.time = 5, now count = 969, i = 0
2023-01-11 18:00:43.784  75 77 I channel139887870629632 self_thread_id = 139887870629632, last time delay.time = 5, now count = 969, i = 0
2023-01-11 18:00:43.784  75 77 W channel139887870629632 self_thread_id = 139887870629632, last time delay.time = 5, now count = 969, i = 0
2023-01-11 18:00:43.784  75 77 E channel139887870629632 self_thread_id = 139887870629632, last time delay.time = 5, now count = 969, i = 0
2023-01-11 18:00:43.784  75 78 I channel139887862236928 self_thread_id = 139887862236928, last time delay.time = 10, now count = 970, i = 0
2023-01-11 18:00:43.784  75 78 I channel139887862236928 self_thread_id = 139887862236928, last time delay.time = 10, now count = 970, i = 0
2023-01-11 18:00:43.784  75 78 W channel139887862236928 self_thread_id = 139887862236928, last time delay.time = 10, now count = 970, i = 0
2023-01-11 18:00:43.784  75 81 I channel139887837058816 self_thread_id = 139887837058816, last time delay.time = 8, now count = 974, i = 0
2023-01-11 18:00:43.784  75 84 I channel139887604913920 self_thread_id = 139887604913920, last time delay.time = 11, now count = 971, i = 0
2023-01-11 18:00:43.784  75 78 E channel139887862236928 self_thread_id = 139887862236928, last time delay.time = 10, now count = 970, i = 0
2023-01-11 18:00:43.784  75 81 I channel139887837058816 self_thread_id = 139887837058816, last time delay.time = 8, now count = 974, i = 0
2023-01-11 18:00:43.784  75 84 I channel139887604913920 self_thread_id = 139887604913920, last time delay.time = 11, now count = 971, i = 0
2023-01-11 18:00:43.784  75 81 W channel139887837058816 self_thread_id = 139887837058816, last time delay.time = 8, now count = 974, i = 0
2023-01-11 18:00:43.784  75 84 W channel139887604913920 self_thread_id = 139887604913920, last time delay.time = 11, now count = 971, i = 0
2023-01-11 18:00:43.784  75 82 I channel139887621699328 self_thread_id = 139887621699328, last time delay.time = 11, now count = 972, i = 0
2023-01-11 18:00:43.784  75 82 I channel139887621699328 self_thread_id = 139887621699328, last time delay.time = 11, now count = 972, i = 0
2023-01-11 18:00:43.784  75 80 I channel139887845451520 self_thread_id = 139887845451520, last time delay.time = 28, now count = 973, i = 0
2023-01-11 18:00:43.784  75 84 E channel139887604913920 self_thread_id = 139887604913920, last time delay.time = 11, now count = 971, i = 0
2023-01-11 18:00:43.784  75 82 W channel139887621699328 self_thread_id = 139887621699328, last time delay.time = 11, now count = 972, i = 0
