2023-01-11 17:57:57.753  75 78 W channel139887862236928 self_thread_id = 139887862236928, last time delay.time = 10, now count = 698, i = 4
2023-01-11 17:57:57.752  75 84 I channel139887604913920 self_thread_id = 139887604913920, last time delay.time = 9, now count = 700, i = 4
2023-01-11 17:57:57.753  75 78 E channel139887862236928 self_thread_id = 139887862236928, last time delay.time = 10, now count = 698, i = 4
2023-01-11 17:57:57.753  75 80 I channel139887845451520 self_thread_id = 139887845451520, last time delay.time = 7, now count = 702, i = 4
2023-01-11 17:57:57.753  75 78 I channel139887862236928 self_thread_id = 139887862236928, last time delay.time = 10, now count = 708
2023-01-11 17:57:57.753  75 80 W channel139887845451520 self_thread_id = 139887845451520, last time delay.time = 7, now count = 702, i = 4
2023-01-11 17:57:57.753  75 84 I channel139887604913920 self_thread_id = 139887604913920, last time delay.time = 9, now count = 700, i = 4
2023-01-11 17:57:57.753  75 80 E channel139887845451520 self_thread_id = 139887845451520, last time delay.time = 7, now count = 702, i = 4
2023-01-11 17:57:57.753  75 84 W channel139887604913920 self_thread_id = 139887604913920, last time delay.time = 9, now count = 700, i = 4
2023-01-11 17:57:57.753  75 84 E channel139887604913920 self_thread_id = 139887604913920, last time delay.time = 9, now count = 700, i = 4
2023-01-11 17:57:57.753  75 84 I channel139887604913920 self_thread_id = 139887604913920, last time delay.time = 9, now count = 710
2023-01-11 17:57:57.753  75 80 I channel139887845451520 self_thread_id = 139887845451520, last time delay.time = 7, now count = 709
2023-01-11 17:57:57.753  75 83 I channel139887613306624 self_thread_id = 139887613306624, last time delay.time = 14, now count = 703, i = 4
2023-01-11 17:57:57.753  75 79 I channel139887853844224 self_thread_id = 139887853844224, last time delay.time = 15, now count = 704, i = 4
2023-01-11 17:57:57.753  75 83 I channel139887613306624 self_thread_id = 139887613306624, last time delay.time = 14, now count = 703, i = 4
2023-01-11 17:57:57.753  75 79 I channel139887853844224 self_thread_id = 139887853844224, last time delay.time = 15, now count = 704, i = 4
2023-01-11 17:57:57.753  75 83 W channel139887613306624 self_thread_id = 139887613306624, last time delay.time = 14, now count = 703, i = 4
2023-01-11 17:57:57.753  75 79 W channel139887853844224 self_thread_id = 139887853844224, last time delay.time = 15, now count = 704, i = 4
2023-01-11 17:57:57.753  75 83 E channel139887613306624 self_thread_id = 139887613306624, last time delay.time = 14, now count = 703, i = 4
2023-01-11 17:57:57.753  75 79 E channel139887853844224 self_thread_id = 139887853844224, last time delay.time = 15, now count = 704, i = 4
2023-01-11 17:57:57.753  75 79 I channel139887853844224 self_thread_id = 139887853844224, last time delay.time = 15, now count = 712
2023-01-11 17:57:57.753  75 83 I channel139887613306624 self_thread_id = 139887613306624, last time delay.time = 14, now count = 711
2023-01-11 17:57:58.752  75 82 I channel139887621699328 self_thread_id = 139887621699328, last time delay.time = 4, now count = 705, i = 0
2023-01-11 17:57:58.752  75 82 I channel139887621699328 self_thread_id = 139887621699328, last time delay.time = 4, now count = 705, i = 0
2023-01-11 17:57:58.752  75 82 W channel139887621699328 self_thread_id = 139887621699328, last time delay.time = 4, now count = 705, i = 0
2023-01-11 17:57:58.752  75 82 E channel139887621699328 self_thread_id = 139887621699328, last time delay.time = 4, now count = 705, i = 0
2023-01-11 17:57:58.753  75 81 I channel139887837058816 self_thread_id = 139887837058816, last time delay.time = 9, now count = 707, i = 0
2023-01-11 17:57:58.753  75 81 I channel139887837058816 self_thread_id = 139887837058816, last time delay.time = 9, now count = 707, i = 0
2023-01-11 17:57:58.753  75 81 W channel139887837058816 self_thread_id = 139887837058816, last time delay.time = 9, now count = 707, i = 0
2023-01-11 17:57:58.753  75 77 I channel139887870629632 self_thread_id = 139887870629632, last time delay.time = 9, now count = 706, i = 0
2023-01-11 17:57:58.753  75 81 E channel139887837058816 self_thread_id = 139887837058816, last time delay.time = 9, now count = 707, i = 0
2023-01-11 17:57:58.753  75 77 I channel139887870629632 self_thread_id = 139887870629632, last time delay.time = 9, now count = 706, i = 0
2023-01-11 17:57:58.753  75 77 W channel139887870629632 self_thread_id = 139887870629632, last time delay.time = 9, now count = 706, i = 0
2023-01-11 17:57:58.753  75 77 E channel139887870629632 self_thread_id = 139887870629632, last time delay.time = 9, now count = 706, i = 0
2023-01-11 17:57:58.753  75 80 I channel139887845451520 self_thread_id = 139887845451520, last time delay.time = 9, now count = 709, i = 0
2023-01-11 17:57:58.753  75 78 I channel139887862236928 self_thread_id = 139887862236928, last time delay.time = 9, now count = 708, i = 0
2023-01-11 17:57:58.753  75 80 I channel139887845451520 self_thread_id = 139887845451520, last time delay.time = 9, now count = 709, i = 0
2023-01-11 17:57:58.753  75 80 W channel139887845451520 self_thread_id = 139887845451520, last time delay.time = 9, now count = 709, i = 0
2023-01-11 17:57:58.753  75 78 I channel139887862236928 self_thread_id = 139887862236928, last time delay.time = 9, now count = 708, i = 0
2023-01-11 17:57:58.753  75 78 W channel139887862236928 self_thread_id = 139887862236928, last time delay.time = 9, now count = 708, i = 0
2023-01-11 17:57:58.753  75 78 E channel139887862236928 self_thread_id = 139887862236928, last time delay.time = 9, now count = 708, i = 0
2023-01-11 17:57:58.753  75 80 E channel139887845451520 self_thread_id = 139887845451520, last time delay.time = 9, now count = 709, i = 0
2023-01-11 17:57:58.753  75 84 I channel139887604913920 self_thread_id = 139887604913920, last time delay.time = 7, now count = 710, i = 0
2023-01-11 17:57:58.753  75 84 I channel139887604913920 self_thread_id = 139887604913920, last time delay.time = 7, now count = 710, i = 0
2023-01-11 17:57:58.753  75 84 W channel139887604913920 self_thread_id = 139887604913920, last time delay.time = 7, now count = 710, i = 0
2023-01-11 17:57:58.753  75 84 E channel139887604913920 self_thread_id = 139887604913920, last time delay.time = 7, now count = 710, i = 0
2023-01-11 17:57:58.754  75 79 I channel139887853844224 self_thread_id = 139887853844224, last time delay.time = 16, now count = 712, i = 0
2023-01-11 17:57:58.754  75 83 I channel139887613306624 self_thread_id = 139887613306624, last time delay.time = 32, now count = 711, i = 0
2023-01-11 17:57:58.754  75 79 I channel139887853844224 self_thread_id = 139887853844224, last time delay.time = 16, now count = 712, i = 0
2023-01-11 17:57:58.754  75 83 I channel139887613306624 self_thread_id = 139887613306624, last time delay.time = 32, now count = 711, i = 0
2023-01-11 17:57:58.754  75 79 W channel139887853844224 self_thread_id = 139887853844224, last time delay.time = 16, now count = 712, i = 0
2023-01-11 17:57:58.754  75 83 W channel139887613306624 self_thread_id = 139887613306624, last time delay.time = 32, now count = 711, i = 0
2023-01-11 17:57:58.754  75 79 E channel139887853844224 self_thread_id = 139887853844224, last time delay.time = 16, now count = 712, i = 0
2023-01-11 17:57:58.754  75 83 E channel139887613306624 self_thread_id = 139887613306624, last time delay.time = 32, now count = 711, i = 0
2023-01-11 17:57:59.753  75 82 I channel139887621699328 self_thread_id = 139887621699328, last time delay.time = 4, now count = 705, i = 1
2023-01-11 17:57:59.753  75 82 I channel139887621699328 self_thread_id = 139887621699328, last time delay.time = 4, now count = 705, i = 1
2023-01-11 17:57:59.753  75 82 W channel139887621699328 self_thread_id = 139887621699328, last time delay.time = 4, now count = 705, i = 1
2023-01-11 17:57:59.753  75 82 E channel139887621699328 self_thread_id = 139887621699328, last time delay.time = 4, now count = 705, i = 1
2023-01-11 17:57:59.753  75 81 I channel139887837058816 self_thread_id = 139887837058816, last time delay.time = 9, now count = 707, i = 1
2023-01-11 17:57:59.753  75 77 I channel139887870629632 self_thread_id = 139887870629632, last time delay.time = 9, now count = 706, i = 1
2023-01-11 17:57:59.753  75 81 I channel139887837058816 self_thread_id = 139887837058816, last time delay.time = 9, now count = 707, i = 1
2023-01-11 17:57:59.753  75 77 I channel139887870629632 self_thread_id = 139887870629632, last time delay.time = 9, now count = 706, i = 1
2023-01-11 17:57:59.753  75 81 W channel139887837058816 self_thread_id = 139887837058816, last time delay.time = 9, now count = 707, i = 1
2023-01-11 17:57:59.753  75 77 W channel139887870629632 self_thread_id = 139887870629632, last time delay.time = 9, now count = 706, i = 1
2023-01-11 17:57:59.753  75 81 E channel139887837058816 self_thread_id = 139887837058816, last time delay.time = 9, now count = 707, i = 1
2023-01-11 17:57:59.753  75 77 E channel139887870629632 self_thread_id = 139887870629632, last time delay.time = 9, now count = 706, i = 1
2023-01-11 17:57:59.753  75 78 I channel139887862236928 self_thread_id = 139887862236928, last time delay.time = 9, now count = 708, i = 1
2023-01-11 17:57:59.753  75 80 I channel139887845451520 self_thread_id = 139887845451520, last time delay.time = 9, now count = 709, i = 1
2023-01-11 17:57:59.753  75 78 I channel139887862236928 self_thread_id = 139887862236928, last time delay.time = 9, now count = 708, i = 1
2023-01-11 17:57:59.753  75 78 W channel139887862236928 self_thread_id = 139887862236928, last time delay.time = 9, now count = 708, i = 1
2023-01-11 17:57:59.753  75 80 I channel139887845451520 self_thread_id = 139887845451520, last time delay.time = 9, now count = 709, i = 1
2023-01-11 17:57:59.753  75 80 W channel139887845451520 self_thread_id = 139887845451520, last time delay.time = 9, now count = 709, i = 1
2023-01-11 17:57:59.753  75 84 I channel139887604913920 self_thread_id = 139887604913920, last time delay.time = 7, now count = 710, i = 1
2023-01-11 17:57:59.753  75 78 E channel139887862236928 self_thread_id = 139887862236928, last time delay.time = 9, now count = 708, i = 1
2023-01-11 17:57:59.753  75 80 E channel139887845451520 self_thread_id = 139887845451520, last time delay.time = 9, now count = 709, i = 1
2023-01-11 17:57:59.753  75 84 I channel139887604913920 self_thread_id = 139887604913920, last time delay.time = 7, now count = 710, i = 1
2023-01-11 17:57:59.753  75 84 W channel139887604913920 self_thread_id = 139887604913920, last time delay.time = 7, now count = 710, i = 1
2023-01-11 17:57:59.753  75 84 E channel139887604913920 self_thread_id = 139887604913920, last time delay.time = 7, now count = 710, i = 1
2023-01-11 17:57:59.754  75 83 I channel139887613306624 self_thread_id = 139887613306624, last time delay.time = 32, now count = 711, i = 1
2023-01-11 17:57:59.754  75 79 I channel139887853844224 self_thread_id = 139887853844224, last time delay.time = 16, now count = 712, i = 1
2023-01-11 17:57:59.754  75 83 I channel139887613306624 self_thread_id = 139887613306624, last time delay.time = 32, now count = 711, i = 1
2023-01-11 17:57:59.754  75 79 I channel139887853844224 self_thread_id = 139887853844224, last time delay.time = 16, now count = 712, i = 1
2023-01-11 17:57:59.754  75 83 W channel139887613306624 self_thread_id = 139887613306624, last time delay.time = 32, now count = 711, i = 1
2023-01-11 17:57:59.754  75 79 W channel139887853844224 self_thread_id = 139887853844224, last time delay.time = 16, now count = 712, i = 1
2023-01-11 17:57:59.754  75 83 E channel139887613306624 self_thread_id = 139887613306624, last time delay.time = 32, now count = 711, i = 1
2023-01-11 17:57:59.754  75 79 E channel139887853844224 self_thread_id = 139887853844224, last time delay.time = 16, now count = 712, i = 1
2023-01-11 17:58:00.753  75 82 I channel139887621699328 self_thread_id = 139887621699328, last time delay.time = 4, now count = 705, i = 2
2023-01-11 17:58:00.753  75 82 I channel139887621699328 self_thread_id = 139887621699328, last time delay.time = 4, now count = 705, i = 2
2023-01-11 17:58:00.753  75 82 W channel139887621699328 self_thread_id = 139887621699328, last time delay.time = 4, now count = 705, i = 2
2023-01-11 17:58:00.753  75 82 E channel139887621699328 self_thread_id = 139887621699328, last time delay.time = 4, now count = 705, i = 2
2023-01-11 17:58:00.753  75 77 I channel139887870629632 self_thread_id = 139887870629632, last time delay.time = 9, now count = 706, i = 2
2023-01-11 17:58:00.753  75 77 I channel139887870629632 self_thread_id = 139887870629632, last time delay.time = 9, now count = 706, i = 2
2023-01-11 17:58:00.753  75 80 I channel139887845451520 self_thread_id = 139887845451520, last time delay.time = 9, now count = 709, i = 2
2023-01-11 17:58:00.753  75 81 I channel139887837058816 self_thread_id = 139887837058816, last time delay.time = 9, now count = 707, i = 2
2023-01-11 17:58:00.753  75 77 W channel139887870629632 self_thread_id = 139887870629632, last time delay.time = 9, now count = 706, i = 2
2023-01-11 17:58:00.753  75 77 E channel139887870629632 self_thread_id = 139887870629632, last time delay.time = 9, now count = 706, i = 2
2023-01-11 17:58:00.753  75 81 I channel139887837058816 self_thread_id = 139887837058816, last time delay.time = 9, now count = 707, i = 2
2023-01-11 17:58:00.753  75 80 I channel139887845451520 self_thread_id = 139887845451520, last time delay.time = 9, now count = 709, i = 2
2023-01-11 17:58:00.753  75 81 W channel139887837058816 self_thread_id = 139887837058816, last time delay.time = 9, now count = 707, i = 2
2023-01-11 17:58:00.753  75 80 W channel139887845451520 self_thread_id = 139887845451520, last time delay.time = 9, now count = 709, i = 2
2023-01-11 17:58:00.753  75 81 E channel139887837058816 self_thread_id = 139887837058816, last time delay.time = 9, now count = 707, i = 2
2023-01-11 17:58:00.753  75 80 E channel139887845451520 self_thread_id = 139887845451520, last time delay.time = 9, now count = 709, i = 2
2023-01-11 17:58:00.753  75 78 I channel139887862236928 self_thread_id = 139887862236928, last time delay.time = 9, now count = 708, i = 2
2023-01-11 17:58:00.753  75 78 I channel139887862236928 self_thread_id = 139887862236928, last time delay.time = 9, now count = 708, i = 2
2023-01-11 17:58:00.753  75 78 W channel139887862236928 self_thread_id = 139887862236928, last time delay.time = 9, now count = 708, i = 2
2023-01-11 17:58:00.753  75 84 I channel139887604913920 self_thread_id = 139887604913920, last time delay.time = 7, now count = 710, i = 2
2023-01-11 17:58:00.753  75 78 E channel139887862236928 self_thread_id = 139887862236928, last time delay.time = 9, now count = 708, i = 2
2023-01-11 17:58:00.753  75 84 I channel139887604913920 self_thread_id = 139887604913920, last time delay.time = 7, now count = 710, i = 2
2023-01-11 17:58:00.753  75 84 W channel139887604913920 self_thread_id = 139887604913920, last time delay.time = 7, now count = 710, i = 2
2023-01-11 17:58:00.753  75 84 E channel139887604913920 self_thread_id = 139887604913920, last time delay.time = 7, now count = 710, i = 2
2023-01-11 17:58:00.754  75 83 I channel139887613306624 self_thread_id = 139887613306624, last time delay.time = 32, now count = 711, i = 2
2023-01-11 17:58:00.754  75 79 I channel139887853844224 self_thread_id = 139887853844224, last time delay.time = 16, now count = 712, i = 2
2023-01-11 17:58:00.754  75 83 I channel139887613306624 self_thread_id = 139887613306624, last time delay.time = 32, now count = 711, i = 2
2023-01-11 17:58:00.754  75 79 I channel139887853844224 self_thread_id = 139887853844224, last time delay.time = 16, now count = 712, i = 2
2023-01-11 17:58:00.754  75 83 W channel139887613306624 self_thread_id = 139887613306624, last time delay.time = 32, now count = 711, i = 2
2023-01-11 17:58:00.754  75 79 W channel139887853844224 self_thread_id = 139887853844224, last time delay.time = 16, now count = 712, i = 2
2023-01-11 17:58:00.754  75 83 E channel139887613306624 self_thread_id = 139887613306624, last time delay.time = 32, now count = 711, i = 2
2023-01-11 17:58:00.754  75 79 E channel139887853844224 self_thread_id = 139887853844224, last time delay.time = 16, now count = 712, i = 2
2023-01-11 17:58:01.753  75 82 I channel139887621699328 self_thread_id = 139887621699328, last time delay.time = 4, now count = 705, i = 3
2023-01-11 17:58:01.753  75 82 I channel139887621699328 self_thread_id = 139887621699328, last time delay.time = 4, now count = 705, i = 3
2023-01-11 17:58:01.753  75 82 W channel139887621699328 self_thread_id = 139887621699328, last time delay.time = 4, now count = 705, i = 3
2023-01-11 17:58:01.753  75 82 E channel139887621699328 self_thread_id = 139887621699328, last time delay.time = 4, now count = 705, i = 3
2023-01-11 17:58:01.753  75 80 I channel139887845451520 self_thread_id = 139887845451520, last time delay.time = 9, now count = 709, i = 3
2023-01-11 17:58:01.753  75 80 I channel139887845451520 self_thread_id = 139887845451520, last time delay.time = 9, now count = 709, i = 3
2023-01-11 17:58:01.753  75 77 I channel139887870629632 self_thread_id = 139887870629632, last time delay.time = 9, now count = 706, i = 3
2023-01-11 17:58:01.753  75 80 W channel139887845451520 self_thread_id = 139887845451520, last time delay.time = 9, now count = 709, i = 3
2023-01-11 17:58:01.753  75 80 E channel139887845451520 self_thread_id = 139887845451520, last time delay.time = 9, now count = 709, i = 3
2023-01-11 17:58:01.753  75 77 I channel139887870629632 self_thread_id = 139887870629632, last time delay.time = 9, now count = 706, i = 3
2023-01-11 17:58:01.753  75 77 W channel139887870629632 self_thread_id = 139887870629632, last time delay.time = 9, now count = 706, i = 3
2023-01-11 17:58:01.753  75 81 I channel139887837058816 self_thread_id = 139887837058816, last time delay.time = 9, now count = 707, i = 3
2023-01-11 17:58:01.753  75 77 E channel139887870629632 self_thread_id = 139887870629632, last time delay.time = 9, now count = 706, i = 3
2023-01-11 17:58:01.753  75 81 I channel139887837058816 self_thread_id = 139887837058816, last time delay.time = 9, now count = 707, i = 3
2023-01-11 17:58:01.753  75 81 W channel139887837058816 self_thread_id = 139887837058816, last time delay.time = 9, now count = 707, i = 3
2023-01-11 17:58:01.753  75 81 E channel139887837058816 self_thread_id = 139887837058816, last time delay.time = 9, now count = 707, i = 3
2023-01-11 17:58:01.753  75 78 I channel139887862236928 self_thread_id = 139887862236928, last time delay.time = 9, now count = 708, i = 3
2023-01-11 17:58:01.753  75 78 I channel139887862236928 self_thread_id = 139887862236928, last time delay.time = 9, now count = 708, i = 3
2023-01-11 17:58:01.753  75 78 W channel139887862236928 self_thread_id = 139887862236928, last time delay.time = 9, now count = 708, i = 3
2023-01-11 17:58:01.753  75 78 E channel139887862236928 self_thread_id = 139887862236928, last time delay.time = 9, now count = 708, i = 3
2023-01-11 17:58:01.753  75 84 I channel139887604913920 self_thread_id = 139887604913920, last time delay.time = 7, now count = 710, i = 3
2023-01-11 17:58:01.753  75 84 I channel139887604913920 self_thread_id = 139887604913920, last time delay.time = 7, now count = 710, i = 3
2023-01-11 17:58:01.753  75 84 W channel139887604913920 self_thread_id = 139887604913920, last time delay.time = 7, now count = 710, i = 3
2023-01-11 17:58:01.753  75 84 E channel139887604913920 self_thread_id = 139887604913920, last time delay.time = 7, now count = 710, i = 3
2023-01-11 17:58:01.754  75 79 I channel139887853844224 self_thread_id = 139887853844224, last time delay.time = 16, now count = 712, i = 3
2023-01-11 17:58:01.754  75 83 I channel139887613306624 self_thread_id = 139887613306624, last time delay.time = 32, now count = 711, i = 3
2023-01-11 17:58:01.754  75 79 I channel139887853844224 self_thread_id = 139887853844224, last time delay.time = 16, now count = 712, i = 3
2023-01-11 17:58:01.754  75 83 I channel139887613306624 self_thread_id = 139887613306624, last time delay.time = 32, now count = 711, i = 3
2023-01-11 17:58:01.754  75 79 W channel139887853844224 self_thread_id = 139887853844224, last time delay.time = 16, now count = 712, i = 3
2023-01-11 17:58:01.754  75 83 W channel139887613306624 self_thread_id = 139887613306624, last time delay.time = 32, now count = 711, i = 3
2023-01-11 17:58:01.754  75 79 E channel139887853844224 self_thread_id = 139887853844224, last time delay.time = 16, now count = 712, i = 3
2023-01-11 17:58:01.754  75 83 E channel139887613306624 self_thread_id = 139887613306624, last time delay.time = 32, now count = 711, i = 3
2023-01-11 17:58:02.753  75 82 I channel139887621699328 self_thread_id = 139887621699328, last time delay.time = 4, now count = 705, i = 4
2023-01-11 17:58:02.753  75 82 I channel139887621699328 self_thread_id = 139887621699328, last time delay.time = 4, now count = 705, i = 4
2023-01-11 17:58:02.753  75 82 W channel139887621699328 self_thread_id = 139887621699328, last time delay.time = 4, now count = 705, i = 4
2023-01-11 17:58:02.753  75 82 E channel139887621699328 self_thread_id = 139887621699328, last time delay.time = 4, now count = 705, i = 4
2023-01-11 17:58:02.753  75 82 I channel139887621699328 self_thread_id = 139887621699328, last time delay.time = 4, now count = 713
2023-01-11 17:58:02.753  75 80 I channel139887845451520 self_thread_id = 139887845451520, last time delay.time = 9, now count = 709, i = 4
2023-01-11 17:58:02.753  75 80 I channel139887845451520 self_thread_id = 139887845451520, last time delay.time = 9, now count = 709, i = 4
2023-01-11 17:58:02.753  75 80 W channel139887845451520 self_thread_id = 139887845451520, last time delay.time = 9, now count = 709, i = 4
2023-01-11 17:58:02.753  75 77 I channel139887870629632 self_thread_id = 139887870629632, last time delay.time = 9, now count = 706, i = 4
2023-01-11 17:58:02.753  75 80 E channel139887845451520 self_thread_id = 139887845451520, last time delay.time = 9, now count = 709, i = 4
2023-01-11 17:58:02.753  75 77 I channel139887870629632 self_thread_id = 139887870629632, last time delay.time = 9, now count = 706, i = 4
2023-01-11 17:58:02.753  75 80 I channel139887845451520 self_thread_id = 139887845451520, last time delay.time = 9, now count = 714
2023-01-11 17:58:02.753  75 77 W channel139887870629632 self_thread_id = 139887870629632, last time delay.time = 9, now count = 706, i = 4
2023-01-11 17:58:02.753  75 77 E channel139887870629632 self_thread_id = 139887870629632, last time delay.time = 9, now count = 706, i = 4
2023-01-11 17:58:02.753  75 77 I channel139887870629632 self_thread_id = 139887870629632, last time delay.time = 9, now count = 715
2023-01-11 17:58:02.753  75 81 I channel139887837058816 self_thread_id = 139887837058816, last time delay.time = 9, now count = 707, i = 4
2023-01-11 17:58:02.753  75 81 I channel139887837058816 self_thread_id = 139887837058816, last time delay.time = 9, now count = 707, i = 4
2023-01-11 17:58:02.753  75 78 I channel139887862236928 self_thread_id = 139887862236928, last time delay.time = 9, now count = 708, i = 4
2023-01-11 17:58:02.753  75 81 W channel139887837058816 self_thread_id = 139887837058816, last time delay.time = 9, now count = 707, i = 4
2023-01-11 17:58:02.753  75 78 I channel139887862236928 self_thread_id = 139887862236928, last time delay.time = 9, now count = 708, i = 4
2023-01-11 17:58:02.753  75 84 I channel139887604913920 self_thread_id = 139887604913920, last time delay.time = 7, now count = 710, i = 4
2023-01-11 17:58:02.753  75 81 E channel139887837058816 self_thread_id = 139887837058816, last time delay.time = 9, now count = 707, i = 4
2023-01-11 17:58:02.753  75 78 W channel139887862236928 self_thread_id = 139887862236928, last time delay.time = 9, now count = 708, i = 4
2023-01-11 17:58:02.754  75 78 E channel139887862236928 self_thread_id = 139887862236928, last time delay.time = 9, now count = 708, i = 4
2023-01-11 17:58:02.754  75 84 I channel139887604913920 self_thread_id = 139887604913920, last time delay.time = 7, now count = 710, i = 4
2023-01-11 17:58:02.754  75 81 I channel139887837058816 self_thread_id = 139887837058816, last time delay.time = 9, now count = 716
2023-01-11 17:58:02.754  75 84 W channel139887604913920 self_thread_id = 139887604913920, last time delay.time = 7, now count = 710, i = 4
2023-01-11 17:58:02.754  75 78 I channel139887862236928 self_thread_id = 139887862236928, last time delay.time = 9, now count = 717
2023-01-11 17:58:02.754  75 84 E channel139887604913920 self_thread_id = 139887604913920, last time delay.time = 7, now count = 710, i = 4
2023-01-11 17:58:02.754  75 84 I channel139887604913920 self_thread_id = 139887604913920, last time delay.time = 7, now count = 718
2023-01-11 17:58:02.754  75 83 I channel139887613306624 self_thread_id = 139887613306624, last time delay.time = 32, now count = 711, i = 4
2023-01-11 17:58:02.754  75 79 I channel139887853844224 self_thread_id = 139887853844224, last time delay.time = 16, now count = 712, i = 4
2023-01-11 17:58:02.755  75 83 I channel139887613306624 self_thread_id = 139887613306624, last time delay.time = 32, now count = 711, i = 4
2023-01-11 17:58:02.755  75 79 I channel139887853844224 self_thread_id = 139887853844224, last time delay.time = 16, now count = 712, i = 4
2023-01-11 17:58:02.755  75 83 W channel139887613306624 self_thread_id = 139887613306624, last time delay.time = 32, now count = 711, i = 4
2023-01-11 17:58:02.755  75 79 W channel139887853844224 self_thread_id = 139887853844224, last time delay.time = 16, now count = 712, i = 4
2023-01-11 17:58:02.755  75 83 E channel139887613306624 self_thread_id = 139887613306624, last time delay.time = 32, now count = 711, i = 4
2023-01-11 17:58:02.755  75 79 E channel139887853844224 self_thread_id = 139887853844224, last time delay.time = 16, now count = 712, i = 4
2023-01-11 17:58:02.755  75 83 I channel139887613306624 self_thread_id = 139887613306624, last time delay.time = 32, now count = 719
2023-01-11 17:58:02.755  75 79 I channel139887853844224 self_thread_id = 139887853844224, last time delay.time = 16, now count = 720
2023-01-11 17:58:03.753  75 82 I channel139887621699328 self_thread_id = 139887621699328, last time delay.time = 8, now count = 713, i = 0
2023-01-11 17:58:03.753  75 82 I channel139887621699328 self_thread_id = 139887621699328, last time delay.time = 8, now count = 713, i = 0
2023-01-11 17:58:03.753  75 82 W channel139887621699328 self_thread_id = 139887621699328, last time delay.time = 8, now count = 713, i = 0
2023-01-11 17:58:03.753  75 82 E channel139887621699328 self_thread_id = 139887621699328, last time delay.time = 8, now count = 713, i = 0
2023-01-11 17:58:03.754  75 80 I channel139887845451520 self_thread_id = 139887845451520, last time delay.time = 9, now count = 714, i = 0
2023-01-11 17:58:03.754  75 77 I channel139887870629632 self_thread_id = 139887870629632, last time delay.time = 9, now count = 715, i = 0
2023-01-11 17:58:03.754  75 80 I channel139887845451520 self_thread_id = 139887845451520, last time delay.time = 9, now count = 714, i = 0
2023-01-11 17:58:03.754  75 77 I channel139887870629632 self_thread_id = 139887870629632, last time delay.time = 9, now count = 715, i = 0
2023-01-11 17:58:03.754  75 80 W channel139887845451520 self_thread_id = 139887845451520, last time delay.time = 9, now count = 714, i = 0
2023-01-11 17:58:03.754  75 81 I channel139887837058816 self_thread_id = 139887837058816, last time delay.time = 10, now count = 716, i = 0
2023-01-11 17:58:03.754  75 80 E channel139887845451520 self_thread_id = 139887845451520, last time delay.time = 9, now count = 714, i = 0
2023-01-11 17:58:03.754  75 77 W channel139887870629632 self_thread_id = 139887870629632, last time delay.time = 9, now count = 715, i = 0
2023-01-11 17:58:03.754  75 77 E channel139887870629632 self_thread_id = 139887870629632, last time delay.time = 9, now count = 715, i = 0
2023-01-11 17:58:03.754  75 81 I channel139887837058816 self_thread_id = 139887837058816, last time delay.time = 10, now count = 716, i = 0
2023-01-11 17:58:03.754  75 81 W channel139887837058816 self_thread_id = 139887837058816, last time delay.time = 10, now count = 716, i = 0
2023-01-11 17:58:03.754  75 81 E channel139887837058816 self_thread_id = 139887837058816, last time delay.time = 10, now count = 716, i = 0
2023-01-11 17:58:03.754  75 78 I channel139887862236928 self_thread_id = 139887862236928, last time delay.time = 9, now count = 717, i = 0
2023-01-11 17:58:03.754  75 78 I channel139887862236928 self_thread_id = 139887862236928, last time delay.time = 9, now count = 717, i = 0
2023-01-11 17:58:03.754  75 78 W channel139887862236928 self_thread_id = 139887862236928, last time delay.time = 9, now count = 717, i = 0
2023-01-11 17:58:03.754  75 78 E channel139887862236928 self_thread_id = 139887862236928, last time delay.time = 9, now count = 717, i = 0
2023-01-11 17:58:03.754  75 84 I channel139887604913920 self_thread_id = 139887604913920, last time delay.time = 8, now count = 718, i = 0
2023-01-11 17:58:03.754  75 84 I channel139887604913920 self_thread_id = 139887604913920, last time delay.time = 8, now count = 718, i = 0
2023-01-11 17:58:03.754  75 84 W channel139887604913920 self_thread_id = 139887604913920, last time delay.time = 8, now count = 718, i = 0
2023-01-11 17:58:03.754  75 84 E channel139887604913920 self_thread_id = 139887604913920, last time delay.time = 8, now count = 718, i = 0
2023-01-11 17:58:03.755  75 83 I channel139887613306624 self_thread_id = 139887613306624, last time delay.time = 14, now count = 719, i = 0
2023-01-11 17:58:03.755  75 79 I channel139887853844224 self_thread_id = 139887853844224, last time delay.time = 13, now count = 720, i = 0
2023-01-11 17:58:03.755  75 83 I channel139887613306624 self_thread_id = 139887613306624, last time delay.time = 14, now count = 719, i = 0
2023-01-11 17:58:03.755  75 79 I channel139887853844224 self_thread_id = 139887853844224, last time delay.time = 13, now count = 720, i = 0
2023-01-11 17:58:03.755  75 83 W channel139887613306624 self_thread_id = 139887613306624, last time delay.time = 14, now count = 719, i = 0
2023-01-11 17:58:03.755  75 79 W channel139887853844224 self_thread_id = 139887853844224, last time delay.time = 13, now count = 720, i = 0
2023-01-11 17:58:03.755  75 83 E channel139887613306624 self_thread_id = 139887613306624, last time delay.time = 14, now count = 719, i = 0
2023-01-11 17:58:03.755  75 79 E channel139887853844224 self_thread_id = 139887853844224, last time delay.time = 13, now count = 720, i = 0
2023-01-11 17:58:04.753  75 82 I channel139887621699328 self_thread_id = 139887621699328, last time delay.time = 8, now count = 713, i = 1
2023-01-11 17:58:04.754  75 82 I channel139887621699328 self_thread_id = 139887621699328, last time delay.time = 8, now count = 713, i = 1
2023-01-11 17:58:04.754  75 82 W channel139887621699328 self_thread_id = 139887621699328, last time delay.time = 8, now count = 713, i = 1
2023-01-11 17:58:04.754  75 82 E channel139887621699328 self_thread_id = 139887621699328, last time delay.time = 8, now count = 713, i = 1
2023-01-11 17:58:04.754  75 80 I channel139887845451520 self_thread_id = 139887845451520, last time delay.time = 9, now count = 714, i = 1
2023-01-11 17:58:04.754  75 77 I channel139887870629632 self_thread_id = 139887870629632, last time delay.time = 9, now count = 715, i = 1
2023-01-11 17:58:04.754  75 78 I channel139887862236928 self_thread_id = 139887862236928, last time delay.time = 9, now count = 717, i = 1
2023-01-11 17:58:04.754  75 80 I channel139887845451520 self_thread_id = 139887845451520, last time delay.time = 9, now count = 714, i = 1
2023-01-11 17:58:04.754  75 77 I channel139887870629632 self_thread_id = 139887870629632, last time delay.time = 9, now count = 715, i = 1
2023-01-11 17:58:04.754  75 80 W channel139887845451520 self_thread_id = 139887845451520, last time delay.time = 9, now count = 714, i = 1
2023-01-11 17:58:04.754  75 78 I channel139887862236928 self_thread_id = 139887862236928, last time delay.time = 9, now count = 717, i = 1
2023-01-11 17:58:04.754  75 77 W channel139887870629632 self_thread_id = 139887870629632, last time delay.time = 9, now count = 715, i = 1
2023-01-11 17:58:04.754  75 78 W channel139887862236928 self_thread_id = 139887862236928, last time delay.time = 9, now count = 717, i = 1
2023-01-11 17:58:04.754  75 77 E channel139887870629632 self_thread_id = 139887870629632, last time delay.time = 9, now count = 715, i = 1
2023-01-11 17:58:04.754  75 80 E channel139887845451520 self_thread_id = 139887845451520, last time delay.time = 9, now count = 714, i = 1
2023-01-11 17:58:04.754  75 81 I channel139887837058816 self_thread_id = 139887837058816, last time delay.time = 10, now count = 716, i = 1
2023-01-11 17:58:04.754  75 78 E channel139887862236928 self_thread_id = 139887862236928, last time delay.time = 9, now count = 717, i = 1
2023-01-11 17:58:04.754  75 81 I channel139887837058816 self_thread_id = 139887837058816, last time delay.time = 10, now count = 716, i = 1
2023-01-11 17:58:04.754  75 81 W channel139887837058816 self_thread_id = 139887837058816, last time delay.time = 10, now count = 716, i = 1
2023-01-11 17:58:04.754  75 81 E channel139887837058816 self_thread_id = 139887837058816, last time delay.time = 10, now count = 716, i = 1
2023-01-11 17:58:04.754  75 84 I channel139887604913920 self_thread_id = 139887604913920, last time delay.time = 8, now count = 718, i = 1
2023-01-11 17:58:04.754  75 84 I channel139887604913920 self_thread_id = 139887604913920, last time delay.time = 8, now count = 718, i = 1
2023-01-11 17:58:04.754  75 84 W channel139887604913920 self_thread_id = 139887604913920, last time delay.time = 8, now count = 718, i = 1
2023-01-11 17:58:04.754  75 84 E channel139887604913920 self_thread_id = 139887604913920, last time delay.time = 8, now count = 718, i = 1
2023-01-11 17:58:04.755  75 83 I channel139887613306624 self_thread_id = 139887613306624, last time delay.time = 14, now count = 719, i = 1
2023-01-11 17:58:04.755  75 79 I channel139887853844224 self_thread_id = 139887853844224, last time delay.time = 13, now count = 720, i = 1
2023-01-11 17:58:04.755  75 83 I channel139887613306624 self_thread_id = 139887613306624, last time delay.time = 14, now count = 719, i = 1
2023-01-11 17:58:04.755  75 79 I channel139887853844224 self_thread_id = 139887853844224, last time delay.time = 13, now count = 720, i = 1
2023-01-11 17:58:04.755  75 83 W channel139887613306624 self_thread_id = 139887613306624, last time delay.time = 14, now count = 719, i = 1
2023-01-11 17:58:04.755  75 79 W channel139887853844224 self_thread_id = 139887853844224, last time delay.time = 13, now count = 720, i = 1
2023-01-11 17:58:04.755  75 83 E channel139887613306624 self_thread_id = 139887613306624, last time delay.time = 14, now count = 719, i = 1
2023-01-11 17:58:04.755  75 79 E channel139887853844224 self_thread_id = 139887853844224, last time delay.time = 13, now count = 720, i = 1
2023-01-11 17:58:05.754  75 82 I channel139887621699328 self_thread_id = 139887621699328, last time delay.time = 8, now count = 713, i = 2
2023-01-11 17:58:05.754  75 82 I channel139887621699328 self_thread_id = 139887621699328, last time delay.time = 8, now count = 713, i = 2
2023-01-11 17:58:05.754  75 82 W channel139887621699328 self_thread_id = 139887621699328, last time delay.time = 8, now count = 713, i = 2
2023-01-11 17:58:05.754  75 82 E channel139887621699328 self_thread_id = 139887621699328, last time delay.time = 8, now count = 713, i = 2
2023-01-11 17:58:05.754  75 77 I channel139887870629632 self_thread_id = 139887870629632, last time delay.time = 9, now count = 715, i = 2
2023-01-11 17:58:05.754  75 80 I channel139887845451520 self_thread_id = 139887845451520, last time delay.time = 9, now count = 714, i = 2
2023-01-11 17:58:05.754  75 78 I channel139887862236928 self_thread_id = 139887862236928, last time delay.time = 9, now count = 717, i = 2
2023-01-11 17:58:05.754  75 81 I channel139887837058816 self_thread_id = 139887837058816, last time delay.time = 10, now count = 716, i = 2
2023-01-11 17:58:05.754  75 80 I channel139887845451520 self_thread_id = 139887845451520, last time delay.time = 9, now count = 714, i = 2
2023-01-11 17:58:05.754  75 84 I channel139887604913920 self_thread_id = 139887604913920, last time delay.time = 8, now count = 718, i = 2
2023-01-11 17:58:05.754  75 77 I channel139887870629632 self_thread_id = 139887870629632, last time delay.time = 9, now count = 715, i = 2
2023-01-11 17:58:05.754  75 81 I channel139887837058816 self_thread_id = 139887837058816, last time delay.time = 10, now count = 716, i = 2
2023-01-11 17:58:05.754  75 78 I channel139887862236928 self_thread_id = 139887862236928, last time delay.time = 9, now count = 717, i = 2
2023-01-11 17:58:05.754  75 84 I channel139887604913920 self_thread_id = 139887604913920, last time delay.time = 8, now count = 718, i = 2
2023-01-11 17:58:05.754  75 81 W channel139887837058816 self_thread_id = 139887837058816, last time delay.time = 10, now count = 716, i = 2
2023-01-11 17:58:05.754  75 80 W channel139887845451520 self_thread_id = 139887845451520, last time delay.time = 9, now count = 714, i = 2
2023-01-11 17:58:05.754  75 84 W channel139887604913920 self_thread_id = 139887604913920, last time delay.time = 8, now count = 718, i = 2
2023-01-11 17:58:05.754  75 78 W channel139887862236928 self_thread_id = 139887862236928, last time delay.time = 9, now count = 717, i = 2
2023-01-11 17:58:05.754  75 84 E channel139887604913920 self_thread_id = 139887604913920, last time delay.time = 8, now count = 718, i = 2
2023-01-11 17:58:05.754  75 81 E channel139887837058816 self_thread_id = 139887837058816, last time delay.time = 10, now count = 716, i = 2
2023-01-11 17:58:05.754  75 77 W channel139887870629632 self_thread_id = 139887870629632, last time delay.time = 9, now count = 715, i = 2
2023-01-11 17:58:05.754  75 80 E channel139887845451520 self_thread_id = 139887845451520, last time delay.time = 9, now count = 714, i = 2
2023-01-11 17:58:05.754  75 78 E channel139887862236928 self_thread_id = 139887862236928, last time delay.time = 9, now count = 717, i = 2
2023-01-11 17:58:05.754  75 77 E channel139887870629632 self_thread_id = 139887870629632, last time delay.time = 9, now count = 715, i = 2
2023-01-11 17:58:05.755  75 79 I channel139887853844224 self_thread_id = 139887853844224, last time delay.time = 13, now count = 720, i = 2
2023-01-11 17:58:05.755  75 83 I channel139887613306624 self_thread_id = 139887613306624, last time delay.time = 14, now count = 719, i = 2
2023-01-11 17:58:05.755  75 79 I channel139887853844224 self_thread_id = 139887853844224, last time delay.time = 13, now count = 720, i = 2
2023-01-11 17:58:05.755  75 83 I channel139887613306624 self_thread_id = 139887613306624, last time delay.time = 14, now count = 719, i = 2
2023-01-11 17:58:05.755  75 79 W channel139887853844224 self_thread_id = 139887853844224, last time delay.time = 13, now count = 720, i = 2
2023-01-11 17:58:05.755  75 83 W channel139887613306624 self_thread_id = 139887613306624, last time delay.time = 14, now count = 719, i = 2
2023-01-11 17:58:05.755  75 79 E channel139887853844224 self_thread_id = 139887853844224, last time delay.time = 13, now count = 720, i = 2
2023-01-11 17:58:05.755  75 83 E channel139887613306624 self_thread_id = 139887613306624, last time delay.time = 14, now count = 719, i = 2
2023-01-11 17:58:06.518  75 75 I APP.tag TestComponent::Proc
2023-01-11 17:58:06.518  75 75 I APP.tag ****************test INFO begin****************
2023-01-11 17:58:06.518  75 75 I APP.tag 测试 index = 796组
2023-01-11 17:58:06.518  75 75 E APP.tag 循环计数 i = 1次
2023-01-11 17:58:06.518  75 75 I APP.tag test LOG_Trace()
2023-01-11 17:58:06.518  75 75 I vscode 循环计数 i = 1次,test LOG_Channel_Trace()
2023-01-11 17:58:06.518  75 75 E APP.tag 循环计数 i = 2次
2023-01-11 17:58:06.518  75 75 E APP.tag 循环计数 i = 3次
2023-01-11 17:58:06.518  75 75 I APP.tag test LOG_Info()
2023-01-11 17:58:06.518  75 75 I baidu 循环计数 i = 3次,test LOG_Channel_Info()
2023-01-11 17:58:06.518  75 75 E APP.tag 循环计数 i = 4次
2023-01-11 17:58:06.518  75 75 W APP.tag test LOG_Warn()
2023-01-11 17:58:06.518  75 75 W google 循环计数 i = 4次,test LOG_Channel_Warn()
2023-01-11 17:58:06.518  75 75 E APP.tag 循环计数 i = 5次
2023-01-11 17:58:06.518  75 75 E APP.tag test LOG_Error()
2023-01-11 17:58:06.518  75 75 E visio 循环计数 i = 5次,test LOG_Channel_Error()
2023-01-11 17:58:06.518  75 75 I APP.tag print coredump DataLen:2 Data[01 00]
2023-01-11 17:58:06.518  75 75 W coredump 0x0000000a 0a 00 00 00 0b 00 00 00 0c 00 00 00 0d 00 00 00 0e 00 00 00
2023-01-11 17:58:06.518  75 75 I APP.tag ****************test INFO end****************
2023-01-11 17:58:06.754  75 82 I channel139887621699328 self_thread_id = 139887621699328, last time delay.time = 8, now count = 713, i = 3
2023-01-11 17:58:06.754  75 82 I channel139887621699328 self_thread_id = 139887621699328, last time delay.time = 8, now count = 713, i = 3
2023-01-11 17:58:06.754  75 82 W channel139887621699328 self_thread_id = 139887621699328, last time delay.time = 8, now count = 713, i = 3
2023-01-11 17:58:06.754  75 82 E channel139887621699328 self_thread_id = 139887621699328, last time delay.time = 8, now count = 713, i = 3
2023-01-11 17:58:06.754  75 77 I channel139887870629632 self_thread_id = 139887870629632, last time delay.time = 9, now count = 715, i = 3
2023-01-11 17:58:06.754  75 84 I channel139887604913920 self_thread_id = 139887604913920, last time delay.time = 8, now count = 718, i = 3
2023-01-11 17:58:06.754  75 77 I channel139887870629632 self_thread_id = 139887870629632, last time delay.time = 9, now count = 715, i = 3
2023-01-11 17:58:06.754  75 84 I channel139887604913920 self_thread_id = 139887604913920, last time delay.time = 8, now count = 718, i = 3
2023-01-11 17:58:06.754  75 77 W channel139887870629632 self_thread_id = 139887870629632, last time delay.time = 9, now count = 715, i = 3
2023-01-11 17:58:06.754  75 84 W channel139887604913920 self_thread_id = 139887604913920, last time delay.time = 8, now count = 718, i = 3
2023-01-11 17:58:06.754  75 80 I channel139887845451520 self_thread_id = 139887845451520, last time delay.time = 9, now count = 714, i = 3
2023-01-11 17:58:06.754  75 77 E channel139887870629632 self_thread_id = 139887870629632, last time delay.time = 9, now count = 715, i = 3
2023-01-11 17:58:06.754  75 80 I channel139887845451520 self_thread_id = 139887845451520, last time delay.time = 9, now count = 714, i = 3
2023-01-11 17:58:06.754  75 84 E channel139887604913920 self_thread_id = 139887604913920, last time delay.time = 8, now count = 718, i = 3
2023-01-11 17:58:06.754  75 81 I channel139887837058816 self_thread_id = 139887837058816, last time delay.time = 10, now count = 716, i = 3
2023-01-11 17:58:06.754  75 80 W channel139887845451520 self_thread_id = 139887845451520, last time delay.time = 9, now count = 714, i = 3
2023-01-11 17:58:06.754  75 81 I channel139887837058816 self_thread_id = 139887837058816, last time delay.time = 10, now count = 716, i = 3
2023-01-11 17:58:06.754  75 81 W channel139887837058816 self_thread_id = 139887837058816, last time delay.time = 10, now count = 716, i = 3
2023-01-11 17:58:06.754  75 80 E channel139887845451520 self_thread_id = 139887845451520, last time delay.time = 9, now count = 714, i = 3
2023-01-11 17:58:06.754  75 81 E channel139887837058816 self_thread_id = 139887837058816, last time delay.time = 10, now count = 716, i = 3
2023-01-11 17:58:06.754  75 78 I channel139887862236928 self_thread_id = 139887862236928, last time delay.time = 9, now count = 717, i = 3
2023-01-11 17:58:06.754  75 78 I channel139887862236928 self_thread_id = 139887862236928, last time delay.time = 9, now count = 717, i = 3
2023-01-11 17:58:06.754  75 78 W channel139887862236928 self_thread_id = 139887862236928, last time delay.time = 9, now count = 717, i = 3
2023-01-11 17:58:06.754  75 78 E channel139887862236928 self_thread_id = 139887862236928, last time delay.time = 9, now count = 717, i = 3
2023-01-11 17:58:06.755  75 79 I channel139887853844224 self_thread_id = 139887853844224, last time delay.time = 13, now count = 720, i = 3
2023-01-11 17:58:06.755  75 83 I channel139887613306624 self_thread_id = 139887613306624, last time delay.time = 14, now count = 719, i = 3
2023-01-11 17:58:06.755  75 79 I channel139887853844224 self_thread_id = 139887853844224, last time delay.time = 13, now count = 720, i = 3
2023-01-11 17:58:06.755  75 83 I channel139887613306624 self_thread_id = 139887613306624, last time delay.time = 14, now count = 719, i = 3
2023-01-11 17:58:06.755  75 79 W channel139887853844224 self_thread_id = 139887853844224, last time delay.time = 13, now count = 720, i = 3
2023-01-11 17:58:06.755  75 83 W channel139887613306624 self_thread_id = 139887613306624, last time delay.time = 14, now count = 719, i = 3
2023-01-11 17:58:06.755  75 79 E channel139887853844224 self_thread_id = 139887853844224, last time delay.time = 13, now count = 720, i = 3
2023-01-11 17:58:06.755  75 83 E channel139887613306624 self_thread_id = 139887613306624, last time delay.time = 14, now count = 719, i = 3
2023-01-11 17:58:07.754  75 82 I channel139887621699328 self_thread_id = 139887621699328, last time delay.time = 8, now count = 713, i = 4
2023-01-11 17:58:07.754  75 82 I channel139887621699328 self_thread_id = 139887621699328, last time delay.time = 8, now count = 713, i = 4
2023-01-11 17:58:07.754  75 82 W channel139887621699328 self_thread_id = 139887621699328, last time delay.time = 8, now count = 713, i = 4
2023-01-11 17:58:07.754  75 82 E channel139887621699328 self_thread_id = 139887621699328, last time delay.time = 8, now count = 713, i = 4
2023-01-11 17:58:07.754  75 82 I channel139887621699328 self_thread_id = 139887621699328, last time delay.time = 8, now count = 721
2023-01-11 17:58:07.754  75 80 I channel139887845451520 self_thread_id = 139887845451520, last time delay.time = 9, now count = 714, i = 4
2023-01-11 17:58:07.754  75 77 I channel139887870629632 self_thread_id = 139887870629632, last time delay.time = 9, now count = 715, i = 4
2023-01-11 17:58:07.754  75 80 I channel139887845451520 self_thread_id = 139887845451520, last time delay.time = 9, now count = 714, i = 4
2023-01-11 17:58:07.754  75 84 I channel139887604913920 self_thread_id = 139887604913920, last time delay.time = 8, now count = 718, i = 4
2023-01-11 17:58:07.754  75 80 W channel139887845451520 self_thread_id = 139887845451520, last time delay.time = 9, now count = 714, i = 4
2023-01-11 17:58:07.754  75 77 I channel139887870629632 self_thread_id = 139887870629632, last time delay.time = 9, now count = 715, i = 4
2023-01-11 17:58:07.754  75 84 I channel139887604913920 self_thread_id = 139887604913920, last time delay.time = 8, now count = 718, i = 4
2023-01-11 17:58:07.754  75 80 E channel139887845451520 self_thread_id = 139887845451520, last time delay.time = 9, now count = 714, i = 4
2023-01-11 17:58:07.754  75 80 I channel139887845451520 self_thread_id = 139887845451520, last time delay.time = 9, now count = 722
2023-01-11 17:58:07.754  75 84 W channel139887604913920 self_thread_id = 139887604913920, last time delay.time = 8, now count = 718, i = 4
2023-01-11 17:58:07.754  75 77 W channel139887870629632 self_thread_id = 139887870629632, last time delay.time = 9, now count = 715, i = 4
2023-01-11 17:58:07.754  75 84 E channel139887604913920 self_thread_id = 139887604913920, last time delay.time = 8, now count = 718, i = 4
2023-01-11 17:58:07.755  75 77 E channel139887870629632 self_thread_id = 139887870629632, last time delay.time = 9, now count = 715, i = 4
2023-01-11 17:58:07.755  75 84 I channel139887604913920 self_thread_id = 139887604913920, last time delay.time = 8, now count = 723
2023-01-11 17:58:07.754  75 81 I channel139887837058816 self_thread_id = 139887837058816, last time delay.time = 10, now count = 716, i = 4
2023-01-11 17:58:07.755  75 77 I channel139887870629632 self_thread_id = 139887870629632, last time delay.time = 9, now count = 724
2023-01-11 17:58:07.755  75 81 I channel139887837058816 self_thread_id = 139887837058816, last time delay.time = 10, now count = 716, i = 4
2023-01-11 17:58:07.755  75 81 W channel139887837058816 self_thread_id = 139887837058816, last time delay.time = 10, now count = 716, i = 4
2023-01-11 17:58:07.755  75 81 E channel139887837058816 self_thread_id = 139887837058816, last time delay.time = 10, now count = 716, i = 4
2023-01-11 17:58:07.755  75 81 I channel139887837058816 self_thread_id = 139887837058816, last time delay.time = 10, now count = 725
2023-01-11 17:58:07.755  75 78 I channel139887862236928 self_thread_id = 139887862236928, last time delay.time = 9, now count = 717, i = 4
2023-01-11 17:58:07.755  75 78 I channel139887862236928 self_thread_id = 139887862236928, last time delay.time = 9, now count = 717, i = 4
2023-01-11 17:58:07.755  75 78 W channel139887862236928 self_thread_id = 139887862236928, last time delay.time = 9, now count = 717, i = 4
2023-01-11 17:58:07.755  75 78 E channel139887862236928 self_thread_id = 139887862236928, last time delay.time = 9, now count = 717, i = 4
2023-01-11 17:58:07.755  75 78 I channel139887862236928 self_thread_id = 139887862236928, last time delay.time = 9, now count = 726
2023-01-11 17:58:07.756  75 83 I channel139887613306624 self_thread_id = 139887613306624, last time delay.time = 14, now count = 719, i = 4
2023-01-11 17:58:07.756  75 79 I channel139887853844224 self_thread_id = 139887853844224, last time delay.time = 13, now count = 720, i = 4
