2023-01-11 18:11:37.910  75 79 I channel139887853844224 self_thread_id = 139887853844224, last time delay.time = 10, now count = 24
2023-01-11 18:11:38.909  75 83 I channel139887613306624 self_thread_id = 139887613306624, last time delay.time = 8, now count = 17, i = 0
2023-01-11 18:11:38.909  75 83 I channel139887613306624 self_thread_id = 139887613306624, last time delay.time = 8, now count = 17, i = 0
2023-01-11 18:11:38.909  75 83 W channel139887613306624 self_thread_id = 139887613306624, last time delay.time = 8, now count = 17, i = 0
2023-01-11 18:11:38.909  75 83 E channel139887613306624 self_thread_id = 139887613306624, last time delay.time = 8, now count = 17, i = 0
2023-01-11 18:11:38.910  75 78 I channel139887862236928 self_thread_id = 139887862236928, last time delay.time = 9, now count = 18, i = 0
2023-01-11 18:11:38.910  75 78 I channel139887862236928 self_thread_id = 139887862236928, last time delay.time = 9, now count = 18, i = 0
2023-01-11 18:11:38.910  75 78 W channel139887862236928 self_thread_id = 139887862236928, last time delay.time = 9, now count = 18, i = 0
2023-01-11 18:11:38.910  75 78 E channel139887862236928 self_thread_id = 139887862236928, last time delay.time = 9, now count = 18, i = 0
2023-01-11 18:11:38.910  75 81 I channel139887837058816 self_thread_id = 139887837058816, last time delay.time = 8, now count = 19, i = 0
2023-01-11 18:11:38.910  75 81 I channel139887837058816 self_thread_id = 139887837058816, last time delay.time = 8, now count = 19, i = 0
2023-01-11 18:11:38.910  75 81 W channel139887837058816 self_thread_id = 139887837058816, last time delay.time = 8, now count = 19, i = 0
2023-01-11 18:11:38.910  75 81 E channel139887837058816 self_thread_id = 139887837058816, last time delay.time = 8, now count = 19, i = 0
2023-01-11 18:11:38.910  75 77 I channel139887870629632 self_thread_id = 139887870629632, last time delay.time = 26, now count = 20, i = 0
2023-01-11 18:11:38.910  75 77 I channel139887870629632 self_thread_id = 139887870629632, last time delay.time = 26, now count = 20, i = 0
2023-01-11 18:11:38.910  75 84 I channel139887604913920 self_thread_id = 139887604913920, last time delay.time = 8, now count = 21, i = 0
2023-01-11 18:11:38.910  75 77 W channel139887870629632 self_thread_id = 139887870629632, last time delay.time = 26, now count = 20, i = 0
2023-01-11 18:11:38.910  75 77 E channel139887870629632 self_thread_id = 139887870629632, last time delay.time = 26, now count = 20, i = 0
2023-01-11 18:11:38.910  75 84 I channel139887604913920 self_thread_id = 139887604913920, last time delay.time = 8, now count = 21, i = 0
2023-01-11 18:11:38.910  75 84 W channel139887604913920 self_thread_id = 139887604913920, last time delay.time = 8, now count = 21, i = 0
2023-01-11 18:11:38.910  75 84 E channel139887604913920 self_thread_id = 139887604913920, last time delay.time = 8, now count = 21, i = 0
2023-01-11 18:11:38.910  75 82 I channel139887621699328 self_thread_id = 139887621699328, last time delay.time = 8, now count = 22, i = 0
2023-01-11 18:11:38.910  75 82 I channel139887621699328 self_thread_id = 139887621699328, last time delay.time = 8, now count = 22, i = 0
2023-01-11 18:11:38.910  75 82 W channel139887621699328 self_thread_id = 139887621699328, last time delay.time = 8, now count = 22, i = 0
2023-01-11 18:11:38.911  75 82 E channel139887621699328 self_thread_id = 139887621699328, last time delay.time = 8, now count = 22, i = 0
2023-01-11 18:11:38.910  75 80 I channel139887845451520 self_thread_id = 139887845451520, last time delay.time = 9, now count = 23, i = 0
2023-01-11 18:11:38.911  75 80 I channel139887845451520 self_thread_id = 139887845451520, last time delay.time = 9, now count = 23, i = 0
2023-01-11 18:11:38.911  75 80 W channel139887845451520 self_thread_id = 139887845451520, last time delay.time = 9, now count = 23, i = 0
2023-01-11 18:11:38.911  75 80 E channel139887845451520 self_thread_id = 139887845451520, last time delay.time = 9, now count = 23, i = 0
2023-01-11 18:11:38.911  75 79 I channel139887853844224 self_thread_id = 139887853844224, last time delay.time = 8, now count = 24, i = 0
2023-01-11 18:11:38.911  75 79 I channel139887853844224 self_thread_id = 139887853844224, last time delay.time = 8, now count = 24, i = 0
2023-01-11 18:11:38.911  75 79 W channel139887853844224 self_thread_id = 139887853844224, last time delay.time = 8, now count = 24, i = 0
2023-01-11 18:11:38.911  75 79 E channel139887853844224 self_thread_id = 139887853844224, last time delay.time = 8, now count = 24, i = 0
2023-01-11 18:11:39.910  75 83 I channel139887613306624 self_thread_id = 139887613306624, last time delay.time = 8, now count = 17, i = 1
2023-01-11 18:11:39.910  75 83 I channel139887613306624 self_thread_id = 139887613306624, last time delay.time = 8, now count = 17, i = 1
2023-01-11 18:11:39.910  75 83 W channel139887613306624 self_thread_id = 139887613306624, last time delay.time = 8, now count = 17, i = 1
2023-01-11 18:11:39.910  75 83 E channel139887613306624 self_thread_id = 139887613306624, last time delay.time = 8, now count = 17, i = 1
2023-01-11 18:11:39.910  75 78 I channel139887862236928 self_thread_id = 139887862236928, last time delay.time = 9, now count = 18, i = 1
2023-01-11 18:11:39.910  75 78 I channel139887862236928 self_thread_id = 139887862236928, last time delay.time = 9, now count = 18, i = 1
2023-01-11 18:11:39.910  75 78 W channel139887862236928 self_thread_id = 139887862236928, last time delay.time = 9, now count = 18, i = 1
2023-01-11 18:11:39.910  75 78 E channel139887862236928 self_thread_id = 139887862236928, last time delay.time = 9, now count = 18, i = 1
2023-01-11 18:11:39.910  75 81 I channel139887837058816 self_thread_id = 139887837058816, last time delay.time = 8, now count = 19, i = 1
2023-01-11 18:11:39.910  75 81 I channel139887837058816 self_thread_id = 139887837058816, last time delay.time = 8, now count = 19, i = 1
2023-01-11 18:11:39.910  75 81 W channel139887837058816 self_thread_id = 139887837058816, last time delay.time = 8, now count = 19, i = 1
2023-01-11 18:11:39.910  75 81 E channel139887837058816 self_thread_id = 139887837058816, last time delay.time = 8, now count = 19, i = 1
2023-01-11 18:11:39.911  75 77 I channel139887870629632 self_thread_id = 139887870629632, last time delay.time = 26, now count = 20, i = 1
2023-01-11 18:11:39.911  75 77 I channel139887870629632 self_thread_id = 139887870629632, last time delay.time = 26, now count = 20, i = 1
2023-01-11 18:11:39.911  75 77 W channel139887870629632 self_thread_id = 139887870629632, last time delay.time = 26, now count = 20, i = 1
2023-01-11 18:11:39.911  75 84 I channel139887604913920 self_thread_id = 139887604913920, last time delay.time = 8, now count = 21, i = 1
2023-01-11 18:11:39.911  75 77 E channel139887870629632 self_thread_id = 139887870629632, last time delay.time = 26, now count = 20, i = 1
2023-01-11 18:11:39.911  75 84 I channel139887604913920 self_thread_id = 139887604913920, last time delay.time = 8, now count = 21, i = 1
2023-01-11 18:11:39.911  75 84 W channel139887604913920 self_thread_id = 139887604913920, last time delay.time = 8, now count = 21, i = 1
2023-01-11 18:11:39.911  75 84 E channel139887604913920 self_thread_id = 139887604913920, last time delay.time = 8, now count = 21, i = 1
2023-01-11 18:11:39.911  75 82 I channel139887621699328 self_thread_id = 139887621699328, last time delay.time = 8, now count = 22, i = 1
2023-01-11 18:11:39.911  75 80 I channel139887845451520 self_thread_id = 139887845451520, last time delay.time = 9, now count = 23, i = 1
2023-01-11 18:11:39.911  75 82 I channel139887621699328 self_thread_id = 139887621699328, last time delay.time = 8, now count = 22, i = 1
2023-01-11 18:11:39.911  75 82 W channel139887621699328 self_thread_id = 139887621699328, last time delay.time = 8, now count = 22, i = 1
2023-01-11 18:11:39.911  75 80 I channel139887845451520 self_thread_id = 139887845451520, last time delay.time = 9, now count = 23, i = 1
2023-01-11 18:11:39.911  75 82 E channel139887621699328 self_thread_id = 139887621699328, last time delay.time = 8, now count = 22, i = 1
2023-01-11 18:11:39.911  75 80 W channel139887845451520 self_thread_id = 139887845451520, last time delay.time = 9, now count = 23, i = 1
2023-01-11 18:11:39.911  75 80 E channel139887845451520 self_thread_id = 139887845451520, last time delay.time = 9, now count = 23, i = 1
2023-01-11 18:11:39.911  75 79 I channel139887853844224 self_thread_id = 139887853844224, last time delay.time = 8, now count = 24, i = 1
2023-01-11 18:11:39.911  75 79 I channel139887853844224 self_thread_id = 139887853844224, last time delay.time = 8, now count = 24, i = 1
2023-01-11 18:11:39.911  75 79 W channel139887853844224 self_thread_id = 139887853844224, last time delay.time = 8, now count = 24, i = 1
2023-01-11 18:11:39.911  75 79 E channel139887853844224 self_thread_id = 139887853844224, last time delay.time = 8, now count = 24, i = 1
2023-01-11 18:11:40.910  75 83 I channel139887613306624 self_thread_id = 139887613306624, last time delay.time = 8, now count = 17, i = 2
2023-01-11 18:11:40.910  75 83 I channel139887613306624 self_thread_id = 139887613306624, last time delay.time = 8, now count = 17, i = 2
2023-01-11 18:11:40.910  75 83 W channel139887613306624 self_thread_id = 139887613306624, last time delay.time = 8, now count = 17, i = 2
2023-01-11 18:11:40.910  75 83 E channel139887613306624 self_thread_id = 139887613306624, last time delay.time = 8, now count = 17, i = 2
2023-01-11 18:11:40.910  75 78 I channel139887862236928 self_thread_id = 139887862236928, last time delay.time = 9, now count = 18, i = 2
2023-01-11 18:11:40.910  75 78 I channel139887862236928 self_thread_id = 139887862236928, last time delay.time = 9, now count = 18, i = 2
2023-01-11 18:11:40.910  75 78 W channel139887862236928 self_thread_id = 139887862236928, last time delay.time = 9, now count = 18, i = 2
2023-01-11 18:11:40.910  75 78 E channel139887862236928 self_thread_id = 139887862236928, last time delay.time = 9, now count = 18, i = 2
2023-01-11 18:11:40.911  75 81 I channel139887837058816 self_thread_id = 139887837058816, last time delay.time = 8, now count = 19, i = 2
2023-01-11 18:11:40.911  75 81 I channel139887837058816 self_thread_id = 139887837058816, last time delay.time = 8, now count = 19, i = 2
2023-01-11 18:11:40.911  75 81 W channel139887837058816 self_thread_id = 139887837058816, last time delay.time = 8, now count = 19, i = 2
2023-01-11 18:11:40.911  75 81 E channel139887837058816 self_thread_id = 139887837058816, last time delay.time = 8, now count = 19, i = 2
2023-01-11 18:11:40.911  75 77 I channel139887870629632 self_thread_id = 139887870629632, last time delay.time = 26, now count = 20, i = 2
2023-01-11 18:11:40.911  75 77 I channel139887870629632 self_thread_id = 139887870629632, last time delay.time = 26, now count = 20, i = 2
2023-01-11 18:11:40.911  75 84 I channel139887604913920 self_thread_id = 139887604913920, last time delay.time = 8, now count = 21, i = 2
2023-01-11 18:11:40.911  75 77 W channel139887870629632 self_thread_id = 139887870629632, last time delay.time = 26, now count = 20, i = 2
2023-01-11 18:11:40.911  75 84 I channel139887604913920 self_thread_id = 139887604913920, last time delay.time = 8, now count = 21, i = 2
2023-01-11 18:11:40.911  75 77 E channel139887870629632 self_thread_id = 139887870629632, last time delay.time = 26, now count = 20, i = 2
2023-01-11 18:11:40.911  75 84 W channel139887604913920 self_thread_id = 139887604913920, last time delay.time = 8, now count = 21, i = 2
2023-01-11 18:11:40.911  75 84 E channel139887604913920 self_thread_id = 139887604913920, last time delay.time = 8, now count = 21, i = 2
2023-01-11 18:11:40.911  75 82 I channel139887621699328 self_thread_id = 139887621699328, last time delay.time = 8, now count = 22, i = 2
2023-01-11 18:11:40.911  75 80 I channel139887845451520 self_thread_id = 139887845451520, last time delay.time = 9, now count = 23, i = 2
2023-01-11 18:11:40.911  75 82 I channel139887621699328 self_thread_id = 139887621699328, last time delay.time = 8, now count = 22, i = 2
2023-01-11 18:11:40.911  75 82 W channel139887621699328 self_thread_id = 139887621699328, last time delay.time = 8, now count = 22, i = 2
2023-01-11 18:11:40.911  75 80 I channel139887845451520 self_thread_id = 139887845451520, last time delay.time = 9, now count = 23, i = 2
2023-01-11 18:11:40.911  75 82 E channel139887621699328 self_thread_id = 139887621699328, last time delay.time = 8, now count = 22, i = 2
2023-01-11 18:11:40.911  75 80 W channel139887845451520 self_thread_id = 139887845451520, last time delay.time = 9, now count = 23, i = 2
2023-01-11 18:11:40.911  75 80 E channel139887845451520 self_thread_id = 139887845451520, last time delay.time = 9, now count = 23, i = 2
2023-01-11 18:11:40.911  75 79 I channel139887853844224 self_thread_id = 139887853844224, last time delay.time = 8, now count = 24, i = 2
2023-01-11 18:11:40.911  75 79 I channel139887853844224 self_thread_id = 139887853844224, last time delay.time = 8, now count = 24, i = 2
2023-01-11 18:11:40.911  75 79 W channel139887853844224 self_thread_id = 139887853844224, last time delay.time = 8, now count = 24, i = 2
2023-01-11 18:11:40.911  75 79 E channel139887853844224 self_thread_id = 139887853844224, last time delay.time = 8, now count = 24, i = 2
2023-01-11 18:11:41.910  75 83 I channel139887613306624 self_thread_id = 139887613306624, last time delay.time = 8, now count = 17, i = 3
2023-01-11 18:11:41.910  75 83 I channel139887613306624 self_thread_id = 139887613306624, last time delay.time = 8, now count = 17, i = 3
2023-01-11 18:11:41.910  75 83 W channel139887613306624 self_thread_id = 139887613306624, last time delay.time = 8, now count = 17, i = 3
2023-01-11 18:11:41.910  75 83 E channel139887613306624 self_thread_id = 139887613306624, last time delay.time = 8, now count = 17, i = 3
2023-01-11 18:11:41.910  75 78 I channel139887862236928 self_thread_id = 139887862236928, last time delay.time = 9, now count = 18, i = 3
2023-01-11 18:11:41.911  75 78 I channel139887862236928 self_thread_id = 139887862236928, last time delay.time = 9, now count = 18, i = 3
2023-01-11 18:11:41.911  75 78 W channel139887862236928 self_thread_id = 139887862236928, last time delay.time = 9, now count = 18, i = 3
2023-01-11 18:11:41.911  75 78 E channel139887862236928 self_thread_id = 139887862236928, last time delay.time = 9, now count = 18, i = 3
2023-01-11 18:11:41.911  75 81 I channel139887837058816 self_thread_id = 139887837058816, last time delay.time = 8, now count = 19, i = 3
2023-01-11 18:11:41.911  75 81 I channel139887837058816 self_thread_id = 139887837058816, last time delay.time = 8, now count = 19, i = 3
2023-01-11 18:11:41.911  75 81 W channel139887837058816 self_thread_id = 139887837058816, last time delay.time = 8, now count = 19, i = 3
2023-01-11 18:11:41.911  75 81 E channel139887837058816 self_thread_id = 139887837058816, last time delay.time = 8, now count = 19, i = 3
2023-01-11 18:11:41.911  75 84 I channel139887604913920 self_thread_id = 139887604913920, last time delay.time = 8, now count = 21, i = 3
2023-01-11 18:11:41.911  75 84 I channel139887604913920 self_thread_id = 139887604913920, last time delay.time = 8, now count = 21, i = 3
2023-01-11 18:11:41.911  75 84 W channel139887604913920 self_thread_id = 139887604913920, last time delay.time = 8, now count = 21, i = 3
2023-01-11 18:11:41.911  75 84 E channel139887604913920 self_thread_id = 139887604913920, last time delay.time = 8, now count = 21, i = 3
2023-01-11 18:11:41.911  75 77 I channel139887870629632 self_thread_id = 139887870629632, last time delay.time = 26, now count = 20, i = 3
2023-01-11 18:11:41.911  75 77 I channel139887870629632 self_thread_id = 139887870629632, last time delay.time = 26, now count = 20, i = 3
2023-01-11 18:11:41.911  75 77 W channel139887870629632 self_thread_id = 139887870629632, last time delay.time = 26, now count = 20, i = 3
2023-01-11 18:11:41.911  75 77 E channel139887870629632 self_thread_id = 139887870629632, last time delay.time = 26, now count = 20, i = 3
2023-01-11 18:11:41.911  75 80 I channel139887845451520 self_thread_id = 139887845451520, last time delay.time = 9, now count = 23, i = 3
2023-01-11 18:11:41.911  75 80 I channel139887845451520 self_thread_id = 139887845451520, last time delay.time = 9, now count = 23, i = 3
2023-01-11 18:11:41.911  75 82 I channel139887621699328 self_thread_id = 139887621699328, last time delay.time = 8, now count = 22, i = 3
2023-01-11 18:11:41.911  75 80 W channel139887845451520 self_thread_id = 139887845451520, last time delay.time = 9, now count = 23, i = 3
2023-01-11 18:11:41.911  75 80 E channel139887845451520 self_thread_id = 139887845451520, last time delay.time = 9, now count = 23, i = 3
2023-01-11 18:11:41.911  75 82 I channel139887621699328 self_thread_id = 139887621699328, last time delay.time = 8, now count = 22, i = 3
2023-01-11 18:11:41.911  75 82 W channel139887621699328 self_thread_id = 139887621699328, last time delay.time = 8, now count = 22, i = 3
2023-01-11 18:11:41.911  75 82 E channel139887621699328 self_thread_id = 139887621699328, last time delay.time = 8, now count = 22, i = 3
2023-01-11 18:11:41.911  75 79 I channel139887853844224 self_thread_id = 139887853844224, last time delay.time = 8, now count = 24, i = 3
2023-01-11 18:11:41.911  75 79 I channel139887853844224 self_thread_id = 139887853844224, last time delay.time = 8, now count = 24, i = 3
2023-01-11 18:11:41.911  75 79 W channel139887853844224 self_thread_id = 139887853844224, last time delay.time = 8, now count = 24, i = 3
2023-01-11 18:11:41.911  75 79 E channel139887853844224 self_thread_id = 139887853844224, last time delay.time = 8, now count = 24, i = 3
2023-01-11 18:11:42.910  75 83 I channel139887613306624 self_thread_id = 139887613306624, last time delay.time = 8, now count = 17, i = 4
2023-01-11 18:11:42.910  75 83 I channel139887613306624 self_thread_id = 139887613306624, last time delay.time = 8, now count = 17, i = 4
2023-01-11 18:11:42.910  75 83 W channel139887613306624 self_thread_id = 139887613306624, last time delay.time = 8, now count = 17, i = 4
2023-01-11 18:11:42.910  75 83 E channel139887613306624 self_thread_id = 139887613306624, last time delay.time = 8, now count = 17, i = 4
2023-01-11 18:11:42.910  75 83 I channel139887613306624 self_thread_id = 139887613306624, last time delay.time = 8, now count = 25
2023-01-11 18:11:42.911  75 78 I channel139887862236928 self_thread_id = 139887862236928, last time delay.time = 9, now count = 18, i = 4
2023-01-11 18:11:42.911  75 78 I channel139887862236928 self_thread_id = 139887862236928, last time delay.time = 9, now count = 18, i = 4
2023-01-11 18:11:42.911  75 78 W channel139887862236928 self_thread_id = 139887862236928, last time delay.time = 9, now count = 18, i = 4
2023-01-11 18:11:42.911  75 78 E channel139887862236928 self_thread_id = 139887862236928, last time delay.time = 9, now count = 18, i = 4
2023-01-11 18:11:42.911  75 78 I channel139887862236928 self_thread_id = 139887862236928, last time delay.time = 9, now count = 26
2023-01-11 18:11:42.911  75 81 I channel139887837058816 self_thread_id = 139887837058816, last time delay.time = 8, now count = 19, i = 4
2023-01-11 18:11:42.911  75 81 I channel139887837058816 self_thread_id = 139887837058816, last time delay.time = 8, now count = 19, i = 4
2023-01-11 18:11:42.911  75 81 W channel139887837058816 self_thread_id = 139887837058816, last time delay.time = 8, now count = 19, i = 4
2023-01-11 18:11:42.911  75 81 E channel139887837058816 self_thread_id = 139887837058816, last time delay.time = 8, now count = 19, i = 4
2023-01-11 18:11:42.911  75 81 I channel139887837058816 self_thread_id = 139887837058816, last time delay.time = 8, now count = 27
2023-01-11 18:11:42.911  75 84 I channel139887604913920 self_thread_id = 139887604913920, last time delay.time = 8, now count = 21, i = 4
2023-01-11 18:11:42.911  75 84 I channel139887604913920 self_thread_id = 139887604913920, last time delay.time = 8, now count = 21, i = 4
2023-01-11 18:11:42.911  75 84 W channel139887604913920 self_thread_id = 139887604913920, last time delay.time = 8, now count = 21, i = 4
2023-01-11 18:11:42.911  75 84 E channel139887604913920 self_thread_id = 139887604913920, last time delay.time = 8, now count = 21, i = 4
2023-01-11 18:11:42.911  75 84 I channel139887604913920 self_thread_id = 139887604913920, last time delay.time = 8, now count = 28
2023-01-11 18:11:42.911  75 77 I channel139887870629632 self_thread_id = 139887870629632, last time delay.time = 26, now count = 20, i = 4
2023-01-11 18:11:42.911  75 77 I channel139887870629632 self_thread_id = 139887870629632, last time delay.time = 26, now count = 20, i = 4
2023-01-11 18:11:42.911  75 77 W channel139887870629632 self_thread_id = 139887870629632, last time delay.time = 26, now count = 20, i = 4
2023-01-11 18:11:42.911  75 80 I channel139887845451520 self_thread_id = 139887845451520, last time delay.time = 9, now count = 23, i = 4
2023-01-11 18:11:42.911  75 77 E channel139887870629632 self_thread_id = 139887870629632, last time delay.time = 26, now count = 20, i = 4
2023-01-11 18:11:42.911  75 77 I channel139887870629632 self_thread_id = 139887870629632, last time delay.time = 26, now count = 29
2023-01-11 18:11:42.911  75 82 I channel139887621699328 self_thread_id = 139887621699328, last time delay.time = 8, now count = 22, i = 4
2023-01-11 18:11:42.911  75 80 I channel139887845451520 self_thread_id = 139887845451520, last time delay.time = 9, now count = 23, i = 4
2023-01-11 18:11:42.911  75 80 W channel139887845451520 self_thread_id = 139887845451520, last time delay.time = 9, now count = 23, i = 4
2023-01-11 18:11:42.911  75 82 I channel139887621699328 self_thread_id = 139887621699328, last time delay.time = 8, now count = 22, i = 4
2023-01-11 18:11:42.911  75 82 W channel139887621699328 self_thread_id = 139887621699328, last time delay.time = 8, now count = 22, i = 4
2023-01-11 18:11:42.911  75 80 E channel139887845451520 self_thread_id = 139887845451520, last time delay.time = 9, now count = 23, i = 4
2023-01-11 18:11:42.911  75 82 E channel139887621699328 self_thread_id = 139887621699328, last time delay.time = 8, now count = 22, i = 4
2023-01-11 18:11:42.911  75 80 I channel139887845451520 self_thread_id = 139887845451520, last time delay.time = 9, now count = 30
2023-01-11 18:11:42.911  75 82 I channel139887621699328 self_thread_id = 139887621699328, last time delay.time = 8, now count = 31
2023-01-11 18:11:42.911  75 79 I channel139887853844224 self_thread_id = 139887853844224, last time delay.time = 8, now count = 24, i = 4
2023-01-11 18:11:42.911  75 79 I channel139887853844224 self_thread_id = 139887853844224, last time delay.time = 8, now count = 24, i = 4
2023-01-11 18:11:42.911  75 79 W channel139887853844224 self_thread_id = 139887853844224, last time delay.time = 8, now count = 24, i = 4
2023-01-11 18:11:42.911  75 79 E channel139887853844224 self_thread_id = 139887853844224, last time delay.time = 8, now count = 24, i = 4
2023-01-11 18:11:42.911  75 79 I channel139887853844224 self_thread_id = 139887853844224, last time delay.time = 8, now count = 32
2023-01-11 18:11:43.911  75 83 I channel139887613306624 self_thread_id = 139887613306624, last time delay.time = 8, now count = 25, i = 0
2023-01-11 18:11:43.911  75 83 I channel139887613306624 self_thread_id = 139887613306624, last time delay.time = 8, now count = 25, i = 0
2023-01-11 18:11:43.911  75 83 W channel139887613306624 self_thread_id = 139887613306624, last time delay.time = 8, now count = 25, i = 0
2023-01-11 18:11:43.911  75 83 E channel139887613306624 self_thread_id = 139887613306624, last time delay.time = 8, now count = 25, i = 0
2023-01-11 18:11:43.911  75 78 I channel139887862236928 self_thread_id = 139887862236928, last time delay.time = 8, now count = 26, i = 0
2023-01-11 18:11:43.911  75 78 I channel139887862236928 self_thread_id = 139887862236928, last time delay.time = 8, now count = 26, i = 0
2023-01-11 18:11:43.911  75 78 W channel139887862236928 self_thread_id = 139887862236928, last time delay.time = 8, now count = 26, i = 0
2023-01-11 18:11:43.911  75 78 E channel139887862236928 self_thread_id = 139887862236928, last time delay.time = 8, now count = 26, i = 0
2023-01-11 18:11:43.911  75 81 I channel139887837058816 self_thread_id = 139887837058816, last time delay.time = 8, now count = 27, i = 0
2023-01-11 18:11:43.911  75 81 I channel139887837058816 self_thread_id = 139887837058816, last time delay.time = 8, now count = 27, i = 0
2023-01-11 18:11:43.911  75 81 W channel139887837058816 self_thread_id = 139887837058816, last time delay.time = 8, now count = 27, i = 0
2023-01-11 18:11:43.911  75 81 E channel139887837058816 self_thread_id = 139887837058816, last time delay.time = 8, now count = 27, i = 0
2023-01-11 18:11:43.911  75 84 I channel139887604913920 self_thread_id = 139887604913920, last time delay.time = 8, now count = 28, i = 0
2023-01-11 18:11:43.911  75 84 I channel139887604913920 self_thread_id = 139887604913920, last time delay.time = 8, now count = 28, i = 0
2023-01-11 18:11:43.911  75 84 W channel139887604913920 self_thread_id = 139887604913920, last time delay.time = 8, now count = 28, i = 0
2023-01-11 18:11:43.911  75 84 E channel139887604913920 self_thread_id = 139887604913920, last time delay.time = 8, now count = 28, i = 0
2023-01-11 18:11:43.911  75 77 I channel139887870629632 self_thread_id = 139887870629632, last time delay.time = 10, now count = 29, i = 0
2023-01-11 18:11:43.911  75 77 I channel139887870629632 self_thread_id = 139887870629632, last time delay.time = 10, now count = 29, i = 0
2023-01-11 18:11:43.911  75 77 W channel139887870629632 self_thread_id = 139887870629632, last time delay.time = 10, now count = 29, i = 0
2023-01-11 18:11:43.911  75 80 I channel139887845451520 self_thread_id = 139887845451520, last time delay.time = 10, now count = 30, i = 0
2023-01-11 18:11:43.911  75 77 E channel139887870629632 self_thread_id = 139887870629632, last time delay.time = 10, now count = 29, i = 0
2023-01-11 18:11:43.911  75 80 I channel139887845451520 self_thread_id = 139887845451520, last time delay.time = 10, now count = 30, i = 0
2023-01-11 18:11:43.911  75 82 I channel139887621699328 self_thread_id = 139887621699328, last time delay.time = 7, now count = 31, i = 0
2023-01-11 18:11:43.911  75 80 W channel139887845451520 self_thread_id = 139887845451520, last time delay.time = 10, now count = 30, i = 0
2023-01-11 18:11:43.911  75 80 E channel139887845451520 self_thread_id = 139887845451520, last time delay.time = 10, now count = 30, i = 0
2023-01-11 18:11:43.911  75 82 I channel139887621699328 self_thread_id = 139887621699328, last time delay.time = 7, now count = 31, i = 0
2023-01-11 18:11:43.911  75 82 W channel139887621699328 self_thread_id = 139887621699328, last time delay.time = 7, now count = 31, i = 0
2023-01-11 18:11:43.911  75 82 E channel139887621699328 self_thread_id = 139887621699328, last time delay.time = 7, now count = 31, i = 0
2023-01-11 18:11:43.912  75 79 I channel139887853844224 self_thread_id = 139887853844224, last time delay.time = 8, now count = 32, i = 0
2023-01-11 18:11:43.912  75 79 I channel139887853844224 self_thread_id = 139887853844224, last time delay.time = 8, now count = 32, i = 0
2023-01-11 18:11:43.912  75 79 W channel139887853844224 self_thread_id = 139887853844224, last time delay.time = 8, now count = 32, i = 0
2023-01-11 18:11:43.912  75 79 E channel139887853844224 self_thread_id = 139887853844224, last time delay.time = 8, now count = 32, i = 0
2023-01-11 18:11:44.911  75 83 I channel139887613306624 self_thread_id = 139887613306624, last time delay.time = 8, now count = 25, i = 1
2023-01-11 18:11:44.911  75 83 I channel139887613306624 self_thread_id = 139887613306624, last time delay.time = 8, now count = 25, i = 1
2023-01-11 18:11:44.911  75 83 W channel139887613306624 self_thread_id = 139887613306624, last time delay.time = 8, now count = 25, i = 1
2023-01-11 18:11:44.911  75 83 E channel139887613306624 self_thread_id = 139887613306624, last time delay.time = 8, now count = 25, i = 1
2023-01-11 18:11:44.911  75 78 I channel139887862236928 self_thread_id = 139887862236928, last time delay.time = 8, now count = 26, i = 1
2023-01-11 18:11:44.911  75 78 I channel139887862236928 self_thread_id = 139887862236928, last time delay.time = 8, now count = 26, i = 1
2023-01-11 18:11:44.911  75 78 W channel139887862236928 self_thread_id = 139887862236928, last time delay.time = 8, now count = 26, i = 1
2023-01-11 18:11:44.911  75 78 E channel139887862236928 self_thread_id = 139887862236928, last time delay.time = 8, now count = 26, i = 1
2023-01-11 18:11:44.911  75 84 I channel139887604913920 self_thread_id = 139887604913920, last time delay.time = 8, now count = 28, i = 1
2023-01-11 18:11:44.911  75 84 I channel139887604913920 self_thread_id = 139887604913920, last time delay.time = 8, now count = 28, i = 1
2023-01-11 18:11:44.911  75 84 W channel139887604913920 self_thread_id = 139887604913920, last time delay.time = 8, now count = 28, i = 1
2023-01-11 18:11:44.911  75 81 I channel139887837058816 self_thread_id = 139887837058816, last time delay.time = 8, now count = 27, i = 1
2023-01-11 18:11:44.911  75 84 E channel139887604913920 self_thread_id = 139887604913920, last time delay.time = 8, now count = 28, i = 1
2023-01-11 18:11:44.911  75 81 I channel139887837058816 self_thread_id = 139887837058816, last time delay.time = 8, now count = 27, i = 1
2023-01-11 18:11:44.911  75 81 W channel139887837058816 self_thread_id = 139887837058816, last time delay.time = 8, now count = 27, i = 1
2023-01-11 18:11:44.911  75 81 E channel139887837058816 self_thread_id = 139887837058816, last time delay.time = 8, now count = 27, i = 1
2023-01-11 18:11:44.912  75 77 I channel139887870629632 self_thread_id = 139887870629632, last time delay.time = 10, now count = 29, i = 1
2023-01-11 18:11:44.912  75 77 I channel139887870629632 self_thread_id = 139887870629632, last time delay.time = 10, now count = 29, i = 1
2023-01-11 18:11:44.912  75 80 I channel139887845451520 self_thread_id = 139887845451520, last time delay.time = 10, now count = 30, i = 1
2023-01-11 18:11:44.912  75 77 W channel139887870629632 self_thread_id = 139887870629632, last time delay.time = 10, now count = 29, i = 1
2023-01-11 18:11:44.912  75 77 E channel139887870629632 self_thread_id = 139887870629632, last time delay.time = 10, now count = 29, i = 1
2023-01-11 18:11:44.912  75 80 I channel139887845451520 self_thread_id = 139887845451520, last time delay.time = 10, now count = 30, i = 1
2023-01-11 18:11:44.912  75 80 W channel139887845451520 self_thread_id = 139887845451520, last time delay.time = 10, now count = 30, i = 1
2023-01-11 18:11:44.912  75 80 E channel139887845451520 self_thread_id = 139887845451520, last time delay.time = 10, now count = 30, i = 1
2023-01-11 18:11:44.912  75 82 I channel139887621699328 self_thread_id = 139887621699328, last time delay.time = 7, now count = 31, i = 1
2023-01-11 18:11:44.912  75 82 I channel139887621699328 self_thread_id = 139887621699328, last time delay.time = 7, now count = 31, i = 1
2023-01-11 18:11:44.912  75 82 W channel139887621699328 self_thread_id = 139887621699328, last time delay.time = 7, now count = 31, i = 1
2023-01-11 18:11:44.912  75 82 E channel139887621699328 self_thread_id = 139887621699328, last time delay.time = 7, now count = 31, i = 1
2023-01-11 18:11:44.912  75 79 I channel139887853844224 self_thread_id = 139887853844224, last time delay.time = 8, now count = 32, i = 1
2023-01-11 18:11:44.912  75 79 I channel139887853844224 self_thread_id = 139887853844224, last time delay.time = 8, now count = 32, i = 1
2023-01-11 18:11:44.912  75 79 W channel139887853844224 self_thread_id = 139887853844224, last time delay.time = 8, now count = 32, i = 1
2023-01-11 18:11:44.912  75 79 E channel139887853844224 self_thread_id = 139887853844224, last time delay.time = 8, now count = 32, i = 1
2023-01-11 18:11:45.911  75 83 I channel139887613306624 self_thread_id = 139887613306624, last time delay.time = 8, now count = 25, i = 2
2023-01-11 18:11:45.911  75 83 I channel139887613306624 self_thread_id = 139887613306624, last time delay.time = 8, now count = 25, i = 2
2023-01-11 18:11:45.911  75 83 W channel139887613306624 self_thread_id = 139887613306624, last time delay.time = 8, now count = 25, i = 2
2023-01-11 18:11:45.911  75 83 E channel139887613306624 self_thread_id = 139887613306624, last time delay.time = 8, now count = 25, i = 2
2023-01-11 18:11:45.911  75 78 I channel139887862236928 self_thread_id = 139887862236928, last time delay.time = 8, now count = 26, i = 2
2023-01-11 18:11:45.911  75 78 I channel139887862236928 self_thread_id = 139887862236928, last time delay.time = 8, now count = 26, i = 2
2023-01-11 18:11:45.911  75 78 W channel139887862236928 self_thread_id = 139887862236928, last time delay.time = 8, now count = 26, i = 2
2023-01-11 18:11:45.911  75 78 E channel139887862236928 self_thread_id = 139887862236928, last time delay.time = 8, now count = 26, i = 2
2023-01-11 18:11:45.911  75 84 I channel139887604913920 self_thread_id = 139887604913920, last time delay.time = 8, now count = 28, i = 2
2023-01-11 18:11:45.911  75 84 I channel139887604913920 self_thread_id = 139887604913920, last time delay.time = 8, now count = 28, i = 2
2023-01-11 18:11:45.911  75 84 W channel139887604913920 self_thread_id = 139887604913920, last time delay.time = 8, now count = 28, i = 2
2023-01-11 18:11:45.911  75 84 E channel139887604913920 self_thread_id = 139887604913920, last time delay.time = 8, now count = 28, i = 2
2023-01-11 18:11:45.912  75 81 I channel139887837058816 self_thread_id = 139887837058816, last time delay.time = 8, now count = 27, i = 2
2023-01-11 18:11:45.912  75 81 I channel139887837058816 self_thread_id = 139887837058816, last time delay.time = 8, now count = 27, i = 2
2023-01-11 18:11:45.912  75 81 W channel139887837058816 self_thread_id = 139887837058816, last time delay.time = 8, now count = 27, i = 2
2023-01-11 18:11:45.912  75 81 E channel139887837058816 self_thread_id = 139887837058816, last time delay.time = 8, now count = 27, i = 2
2023-01-11 18:11:45.912  75 77 I channel139887870629632 self_thread_id = 139887870629632, last time delay.time = 10, now count = 29, i = 2
2023-01-11 18:11:45.912  75 77 I channel139887870629632 self_thread_id = 139887870629632, last time delay.time = 10, now count = 29, i = 2
2023-01-11 18:11:45.912  75 77 W channel139887870629632 self_thread_id = 139887870629632, last time delay.time = 10, now count = 29, i = 2
2023-01-11 18:11:45.912  75 80 I channel139887845451520 self_thread_id = 139887845451520, last time delay.time = 10, now count = 30, i = 2
2023-01-11 18:11:45.912  75 77 E channel139887870629632 self_thread_id = 139887870629632, last time delay.time = 10, now count = 29, i = 2
2023-01-11 18:11:45.912  75 80 I channel139887845451520 self_thread_id = 139887845451520, last time delay.time = 10, now count = 30, i = 2
2023-01-11 18:11:45.912  75 80 W channel139887845451520 self_thread_id = 139887845451520, last time delay.time = 10, now count = 30, i = 2
2023-01-11 18:11:45.912  75 80 E channel139887845451520 self_thread_id = 139887845451520, last time delay.time = 10, now count = 30, i = 2
2023-01-11 18:11:45.912  75 82 I channel139887621699328 self_thread_id = 139887621699328, last time delay.time = 7, now count = 31, i = 2
2023-01-11 18:11:45.912  75 82 I channel139887621699328 self_thread_id = 139887621699328, last time delay.time = 7, now count = 31, i = 2
2023-01-11 18:11:45.912  75 82 W channel139887621699328 self_thread_id = 139887621699328, last time delay.time = 7, now count = 31, i = 2
2023-01-11 18:11:45.912  75 82 E channel139887621699328 self_thread_id = 139887621699328, last time delay.time = 7, now count = 31, i = 2
2023-01-11 18:11:45.912  75 79 I channel139887853844224 self_thread_id = 139887853844224, last time delay.time = 8, now count = 32, i = 2
2023-01-11 18:11:45.912  75 79 I channel139887853844224 self_thread_id = 139887853844224, last time delay.time = 8, now count = 32, i = 2
2023-01-11 18:11:45.912  75 79 W channel139887853844224 self_thread_id = 139887853844224, last time delay.time = 8, now count = 32, i = 2
2023-01-11 18:11:45.912  75 79 E channel139887853844224 self_thread_id = 139887853844224, last time delay.time = 8, now count = 32, i = 2
2023-01-11 18:11:46.544  75 75 I APP.tag TestComponent::Proc
2023-01-11 18:11:46.544  75 75 I APP.tag ****************test INFO begin****************
2023-01-11 18:11:46.544  75 75 I APP.tag 测试 index = 878组
2023-01-11 18:11:46.544  75 75 E APP.tag 循环计数 i = 1次
2023-01-11 18:11:46.544  75 75 I APP.tag test LOG_Trace()
2023-01-11 18:11:46.544  75 75 I vscode 循环计数 i = 1次,test LOG_Channel_Trace()
2023-01-11 18:11:46.544  75 75 E APP.tag 循环计数 i = 2次
2023-01-11 18:11:46.544  75 75 E APP.tag 循环计数 i = 3次
2023-01-11 18:11:46.544  75 75 I APP.tag test LOG_Info()
2023-01-11 18:11:46.544  75 75 I baidu 循环计数 i = 3次,test LOG_Channel_Info()
2023-01-11 18:11:46.544  75 75 E APP.tag 循环计数 i = 4次
2023-01-11 18:11:46.544  75 75 W APP.tag test LOG_Warn()
2023-01-11 18:11:46.544  75 75 W google 循环计数 i = 4次,test LOG_Channel_Warn()
2023-01-11 18:11:46.544  75 75 E APP.tag 循环计数 i = 5次
2023-01-11 18:11:46.544  75 75 E APP.tag test LOG_Error()
2023-01-11 18:11:46.544  75 75 E visio 循环计数 i = 5次,test LOG_Channel_Error()
2023-01-11 18:11:46.544  75 75 I APP.tag print coredump DataLen:2 Data[01 00]
2023-01-11 18:11:46.544  75 75 W coredump 0x0000000a 0a 00 00 00 0b 00 00 00 0c 00 00 00 0d 00 00 00 0e 00 00 00
2023-01-11 18:11:46.544  75 75 I APP.tag ****************test INFO end****************
2023-01-11 18:11:46.911  75 83 I channel139887613306624 self_thread_id = 139887613306624, last time delay.time = 8, now count = 25, i = 3
2023-01-11 18:11:46.911  75 83 I channel139887613306624 self_thread_id = 139887613306624, last time delay.time = 8, now count = 25, i = 3
2023-01-11 18:11:46.911  75 83 W channel139887613306624 self_thread_id = 139887613306624, last time delay.time = 8, now count = 25, i = 3
2023-01-11 18:11:46.911  75 83 E channel139887613306624 self_thread_id = 139887613306624, last time delay.time = 8, now count = 25, i = 3
2023-01-11 18:11:46.911  75 78 I channel139887862236928 self_thread_id = 139887862236928, last time delay.time = 8, now count = 26, i = 3
2023-01-11 18:11:46.911  75 78 I channel139887862236928 self_thread_id = 139887862236928, last time delay.time = 8, now count = 26, i = 3
2023-01-11 18:11:46.911  75 78 W channel139887862236928 self_thread_id = 139887862236928, last time delay.time = 8, now count = 26, i = 3
2023-01-11 18:11:46.911  75 78 E channel139887862236928 self_thread_id = 139887862236928, last time delay.time = 8, now count = 26, i = 3
2023-01-11 18:11:46.912  75 84 I channel139887604913920 self_thread_id = 139887604913920, last time delay.time = 8, now count = 28, i = 3
2023-01-11 18:11:46.912  75 84 I channel139887604913920 self_thread_id = 139887604913920, last time delay.time = 8, now count = 28, i = 3
2023-01-11 18:11:46.912  75 84 W channel139887604913920 self_thread_id = 139887604913920, last time delay.time = 8, now count = 28, i = 3
2023-01-11 18:11:46.912  75 84 E channel139887604913920 self_thread_id = 139887604913920, last time delay.time = 8, now count = 28, i = 3
2023-01-11 18:11:46.912  75 81 I channel139887837058816 self_thread_id = 139887837058816, last time delay.time = 8, now count = 27, i = 3
2023-01-11 18:11:46.912  75 81 I channel139887837058816 self_thread_id = 139887837058816, last time delay.time = 8, now count = 27, i = 3
2023-01-11 18:11:46.912  75 81 W channel139887837058816 self_thread_id = 139887837058816, last time delay.time = 8, now count = 27, i = 3
2023-01-11 18:11:46.912  75 81 E channel139887837058816 self_thread_id = 139887837058816, last time delay.time = 8, now count = 27, i = 3
2023-01-11 18:11:46.912  75 77 I channel139887870629632 self_thread_id = 139887870629632, last time delay.time = 10, now count = 29, i = 3
2023-01-11 18:11:46.912  75 77 I channel139887870629632 self_thread_id = 139887870629632, last time delay.time = 10, now count = 29, i = 3
2023-01-11 18:11:46.912  75 77 W channel139887870629632 self_thread_id = 139887870629632, last time delay.time = 10, now count = 29, i = 3
2023-01-11 18:11:46.912  75 80 I channel139887845451520 self_thread_id = 139887845451520, last time delay.time = 10, now count = 30, i = 3
2023-01-11 18:11:46.912  75 77 E channel139887870629632 self_thread_id = 139887870629632, last time delay.time = 10, now count = 29, i = 3
2023-01-11 18:11:46.912  75 80 I channel139887845451520 self_thread_id = 139887845451520, last time delay.time = 10, now count = 30, i = 3
2023-01-11 18:11:46.912  75 80 W channel139887845451520 self_thread_id = 139887845451520, last time delay.time = 10, now count = 30, i = 3
2023-01-11 18:11:46.912  75 80 E channel139887845451520 self_thread_id = 139887845451520, last time delay.time = 10, now count = 30, i = 3
2023-01-11 18:11:46.912  75 82 I channel139887621699328 self_thread_id = 139887621699328, last time delay.time = 7, now count = 31, i = 3
2023-01-11 18:11:46.912  75 82 I channel139887621699328 self_thread_id = 139887621699328, last time delay.time = 7, now count = 31, i = 3
2023-01-11 18:11:46.912  75 82 W channel139887621699328 self_thread_id = 139887621699328, last time delay.time = 7, now count = 31, i = 3
2023-01-11 18:11:46.912  75 82 E channel139887621699328 self_thread_id = 139887621699328, last time delay.time = 7, now count = 31, i = 3
2023-01-11 18:11:46.912  75 79 I channel139887853844224 self_thread_id = 139887853844224, last time delay.time = 8, now count = 32, i = 3
2023-01-11 18:11:46.912  75 79 I channel139887853844224 self_thread_id = 139887853844224, last time delay.time = 8, now count = 32, i = 3
2023-01-11 18:11:46.912  75 79 W channel139887853844224 self_thread_id = 139887853844224, last time delay.time = 8, now count = 32, i = 3
2023-01-11 18:11:46.912  75 79 E channel139887853844224 self_thread_id = 139887853844224, last time delay.time = 8, now count = 32, i = 3
2023-01-11 18:11:47.911  75 83 I channel139887613306624 self_thread_id = 139887613306624, last time delay.time = 8, now count = 25, i = 4
2023-01-11 18:11:47.911  75 83 I channel139887613306624 self_thread_id = 139887613306624, last time delay.time = 8, now count = 25, i = 4
2023-01-11 18:11:47.911  75 83 W channel139887613306624 self_thread_id = 139887613306624, last time delay.time = 8, now count = 25, i = 4
2023-01-11 18:11:47.911  75 83 E channel139887613306624 self_thread_id = 139887613306624, last time delay.time = 8, now count = 25, i = 4
2023-01-11 18:11:47.911  75 83 I channel139887613306624 self_thread_id = 139887613306624, last time delay.time = 8, now count = 33
2023-01-11 18:11:47.912  75 78 I channel139887862236928 self_thread_id = 139887862236928, last time delay.time = 8, now count = 26, i = 4
2023-01-11 18:11:47.912  75 78 I channel139887862236928 self_thread_id = 139887862236928, last time delay.time = 8, now count = 26, i = 4
2023-01-11 18:11:47.912  75 78 W channel139887862236928 self_thread_id = 139887862236928, last time delay.time = 8, now count = 26, i = 4
2023-01-11 18:11:47.912  75 78 E channel139887862236928 self_thread_id = 139887862236928, last time delay.time = 8, now count = 26, i = 4
2023-01-11 18:11:47.912  75 78 I channel139887862236928 self_thread_id = 139887862236928, last time delay.time = 8, now count = 34
2023-01-11 18:11:47.912  75 84 I channel139887604913920 self_thread_id = 139887604913920, last time delay.time = 8, now count = 28, i = 4
2023-01-11 18:11:47.912  75 84 I channel139887604913920 self_thread_id = 139887604913920, last time delay.time = 8, now count = 28, i = 4
2023-01-11 18:11:47.912  75 84 W channel139887604913920 self_thread_id = 139887604913920, last time delay.time = 8, now count = 28, i = 4
2023-01-11 18:11:47.912  75 84 E channel139887604913920 self_thread_id = 139887604913920, last time delay.time = 8, now count = 28, i = 4
2023-01-11 18:11:47.912  75 84 I channel139887604913920 self_thread_id = 139887604913920, last time delay.time = 8, now count = 35
2023-01-11 18:11:47.912  75 81 I channel139887837058816 self_thread_id = 139887837058816, last time delay.time = 8, now count = 27, i = 4
2023-01-11 18:11:47.912  75 81 I channel139887837058816 self_thread_id = 139887837058816, last time delay.time = 8, now count = 27, i = 4
2023-01-11 18:11:47.912  75 81 W channel139887837058816 self_thread_id = 139887837058816, last time delay.time = 8, now count = 27, i = 4
2023-01-11 18:11:47.912  75 81 E channel139887837058816 self_thread_id = 139887837058816, last time delay.time = 8, now count = 27, i = 4
2023-01-11 18:11:47.912  75 81 I channel139887837058816 self_thread_id = 139887837058816, last time delay.time = 8, now count = 36
2023-01-11 18:11:47.912  75 77 I channel139887870629632 self_thread_id = 139887870629632, last time delay.time = 10, now count = 29, i = 4
2023-01-11 18:11:47.912  75 77 I channel139887870629632 self_thread_id = 139887870629632, last time delay.time = 10, now count = 29, i = 4
2023-01-11 18:11:47.912  75 77 W channel139887870629632 self_thread_id = 139887870629632, last time delay.time = 10, now count = 29, i = 4
2023-01-11 18:11:47.912  75 80 I channel139887845451520 self_thread_id = 139887845451520, last time delay.time = 10, now count = 30, i = 4
2023-01-11 18:11:47.912  75 77 E channel139887870629632 self_thread_id = 139887870629632, last time delay.time = 10, now count = 29, i = 4
2023-01-11 18:11:47.912  75 77 I channel139887870629632 self_thread_id = 139887870629632, last time delay.time = 10, now count = 37
2023-01-11 18:11:47.912  75 80 I channel139887845451520 self_thread_id = 139887845451520, last time delay.time = 10, now count = 30, i = 4
2023-01-11 18:11:47.912  75 80 W channel139887845451520 self_thread_id = 139887845451520, last time delay.time = 10, now count = 30, i = 4
2023-01-11 18:11:47.912  75 80 E channel139887845451520 self_thread_id = 139887845451520, last time delay.time = 10, now count = 30, i = 4
2023-01-11 18:11:47.912  75 80 I channel139887845451520 self_thread_id = 139887845451520, last time delay.time = 10, now count = 38
2023-01-11 18:11:47.912  75 82 I channel139887621699328 self_thread_id = 139887621699328, last time delay.time = 7, now count = 31, i = 4
2023-01-11 18:11:47.912  75 79 I channel139887853844224 self_thread_id = 139887853844224, last time delay.time = 8, now count = 32, i = 4
2023-01-11 18:11:47.912  75 82 I channel139887621699328 self_thread_id = 139887621699328, last time delay.time = 7, now count = 31, i = 4
2023-01-11 18:11:47.912  75 79 I channel139887853844224 self_thread_id = 139887853844224, last time delay.time = 8, now count = 32, i = 4
2023-01-11 18:11:47.912  75 82 W channel139887621699328 self_thread_id = 139887621699328, last time delay.time = 7, now count = 31, i = 4
2023-01-11 18:11:47.912  75 82 E channel139887621699328 self_thread_id = 139887621699328, last time delay.time = 7, now count = 31, i = 4
2023-01-11 18:11:47.912  75 79 W channel139887853844224 self_thread_id = 139887853844224, last time delay.time = 8, now count = 32, i = 4
2023-01-11 18:11:47.912  75 82 I channel139887621699328 self_thread_id = 139887621699328, last time delay.time = 7, now count = 39
2023-01-11 18:11:47.912  75 79 E channel139887853844224 self_thread_id = 139887853844224, last time delay.time = 8, now count = 32, i = 4
2023-01-11 18:11:47.912  75 79 I channel139887853844224 self_thread_id = 139887853844224, last time delay.time = 8, now count = 40
2023-01-11 18:11:48.911  75 83 I channel139887613306624 self_thread_id = 139887613306624, last time delay.time = 8, now count = 33, i = 0
2023-01-11 18:11:48.911  75 83 I channel139887613306624 self_thread_id = 139887613306624, last time delay.time = 8, now count = 33, i = 0
2023-01-11 18:11:48.911  75 83 W channel139887613306624 self_thread_id = 139887613306624, last time delay.time = 8, now count = 33, i = 0
2023-01-11 18:11:48.911  75 83 E channel139887613306624 self_thread_id = 139887613306624, last time delay.time = 8, now count = 33, i = 0
2023-01-11 18:11:48.912  75 78 I channel139887862236928 self_thread_id = 139887862236928, last time delay.time = 9, now count = 34, i = 0
2023-01-11 18:11:48.912  75 78 I channel139887862236928 self_thread_id = 139887862236928, last time delay.time = 9, now count = 34, i = 0
2023-01-11 18:11:48.912  75 78 W channel139887862236928 self_thread_id = 139887862236928, last time delay.time = 9, now count = 34, i = 0
2023-01-11 18:11:48.912  75 78 E channel139887862236928 self_thread_id = 139887862236928, last time delay.time = 9, now count = 34, i = 0
2023-01-11 18:11:48.912  75 84 I channel139887604913920 self_thread_id = 139887604913920, last time delay.time = 8, now count = 35, i = 0
2023-01-11 18:11:48.912  75 84 I channel139887604913920 self_thread_id = 139887604913920, last time delay.time = 8, now count = 35, i = 0
2023-01-11 18:11:48.912  75 84 W channel139887604913920 self_thread_id = 139887604913920, last time delay.time = 8, now count = 35, i = 0
2023-01-11 18:11:48.912  75 84 E channel139887604913920 self_thread_id = 139887604913920, last time delay.time = 8, now count = 35, i = 0
2023-01-11 18:11:48.912  75 81 I channel139887837058816 self_thread_id = 139887837058816, last time delay.time = 8, now count = 36, i = 0
2023-01-11 18:11:48.912  75 81 I channel139887837058816 self_thread_id = 139887837058816, last time delay.time = 8, now count = 36, i = 0
2023-01-11 18:11:48.912  75 81 W channel139887837058816 self_thread_id = 139887837058816, last time delay.time = 8, now count = 36, i = 0
2023-01-11 18:11:48.912  75 81 E channel139887837058816 self_thread_id = 139887837058816, last time delay.time = 8, now count = 36, i = 0
