2023-01-11 18:14:45.945  75 82 I channel139887621699328 self_thread_id = 139887621699328, last time delay.time = 8, now count = 318, i = 2
2023-01-11 18:14:45.945  75 81 I channel139887837058816 self_thread_id = 139887837058816, last time delay.time = 9, now count = 319, i = 2
2023-01-11 18:14:45.945  75 79 I channel139887853844224 self_thread_id = 139887853844224, last time delay.time = 15, now count = 315, i = 2
2023-01-11 18:14:45.945  75 81 I channel139887837058816 self_thread_id = 139887837058816, last time delay.time = 9, now count = 319, i = 2
2023-01-11 18:14:45.945  75 79 I channel139887853844224 self_thread_id = 139887853844224, last time delay.time = 15, now count = 315, i = 2
2023-01-11 18:14:45.945  75 82 W channel139887621699328 self_thread_id = 139887621699328, last time delay.time = 8, now count = 318, i = 2
2023-01-11 18:14:45.945  75 81 W channel139887837058816 self_thread_id = 139887837058816, last time delay.time = 9, now count = 319, i = 2
2023-01-11 18:14:45.945  75 79 W channel139887853844224 self_thread_id = 139887853844224, last time delay.time = 15, now count = 315, i = 2
2023-01-11 18:14:45.945  75 82 E channel139887621699328 self_thread_id = 139887621699328, last time delay.time = 8, now count = 318, i = 2
2023-01-11 18:14:45.945  75 78 I channel139887862236928 self_thread_id = 139887862236928, last time delay.time = 10, now count = 314, i = 2
2023-01-11 18:14:45.945  75 78 I channel139887862236928 self_thread_id = 139887862236928, last time delay.time = 10, now count = 314, i = 2
2023-01-11 18:14:45.945  75 78 W channel139887862236928 self_thread_id = 139887862236928, last time delay.time = 10, now count = 314, i = 2
2023-01-11 18:14:45.945  75 81 E channel139887837058816 self_thread_id = 139887837058816, last time delay.time = 9, now count = 319, i = 2
2023-01-11 18:14:45.945  75 79 E channel139887853844224 self_thread_id = 139887853844224, last time delay.time = 15, now count = 315, i = 2
2023-01-11 18:14:45.945  75 78 E channel139887862236928 self_thread_id = 139887862236928, last time delay.time = 10, now count = 314, i = 2
2023-01-11 18:14:45.945  75 83 I channel139887613306624 self_thread_id = 139887613306624, last time delay.time = 8, now count = 320, i = 2
2023-01-11 18:14:45.945  75 83 I channel139887613306624 self_thread_id = 139887613306624, last time delay.time = 8, now count = 320, i = 2
2023-01-11 18:14:45.945  75 83 W channel139887613306624 self_thread_id = 139887613306624, last time delay.time = 8, now count = 320, i = 2
2023-01-11 18:14:45.945  75 83 E channel139887613306624 self_thread_id = 139887613306624, last time delay.time = 8, now count = 320, i = 2
2023-01-11 18:14:46.549  75 75 I APP.tag TestComponent::Proc
2023-01-11 18:14:46.549  75 75 I APP.tag ****************test INFO begin****************
2023-01-11 18:14:46.549  75 75 I APP.tag 测试 index = 896组
2023-01-11 18:14:46.549  75 75 E APP.tag 循环计数 i = 1次
2023-01-11 18:14:46.549  75 75 I APP.tag test LOG_Trace()
2023-01-11 18:14:46.549  75 75 I vscode 循环计数 i = 1次,test LOG_Channel_Trace()
2023-01-11 18:14:46.549  75 75 E APP.tag 循环计数 i = 2次
2023-01-11 18:14:46.549  75 75 E APP.tag 循环计数 i = 3次
2023-01-11 18:14:46.549  75 75 I APP.tag test LOG_Info()
2023-01-11 18:14:46.549  75 75 I baidu 循环计数 i = 3次,test LOG_Channel_Info()
2023-01-11 18:14:46.549  75 75 E APP.tag 循环计数 i = 4次
2023-01-11 18:14:46.549  75 75 W APP.tag test LOG_Warn()
2023-01-11 18:14:46.549  75 75 W google 循环计数 i = 4次,test LOG_Channel_Warn()
2023-01-11 18:14:46.549  75 75 E APP.tag 循环计数 i = 5次
2023-01-11 18:14:46.549  75 75 E APP.tag test LOG_Error()
2023-01-11 18:14:46.549  75 75 E visio 循环计数 i = 5次,test LOG_Channel_Error()
2023-01-11 18:14:46.549  75 75 I APP.tag print coredump DataLen:2 Data[01 00]
2023-01-11 18:14:46.549  75 75 W coredump 0x0000000a 0a 00 00 00 0b 00 00 00 0c 00 00 00 0d 00 00 00 0e 00 00 00
2023-01-11 18:14:46.549  75 75 I APP.tag ****************test INFO end****************
2023-01-11 18:14:46.945  75 84 I channel139887604913920 self_thread_id = 139887604913920, last time delay.time = 10, now count = 313, i = 3
2023-01-11 18:14:46.945  75 84 I channel139887604913920 self_thread_id = 139887604913920, last time delay.time = 10, now count = 313, i = 3
2023-01-11 18:14:46.945  75 84 W channel139887604913920 self_thread_id = 139887604913920, last time delay.time = 10, now count = 313, i = 3
2023-01-11 18:14:46.945  75 84 E channel139887604913920 self_thread_id = 139887604913920, last time delay.time = 10, now count = 313, i = 3
2023-01-11 18:14:46.945  75 77 I channel139887870629632 self_thread_id = 139887870629632, last time delay.time = 13, now count = 316, i = 3
2023-01-11 18:14:46.945  75 77 I channel139887870629632 self_thread_id = 139887870629632, last time delay.time = 13, now count = 316, i = 3
2023-01-11 18:14:46.945  75 77 W channel139887870629632 self_thread_id = 139887870629632, last time delay.time = 13, now count = 316, i = 3
2023-01-11 18:14:46.945  75 77 E channel139887870629632 self_thread_id = 139887870629632, last time delay.time = 13, now count = 316, i = 3
2023-01-11 18:14:46.945  75 80 I channel139887845451520 self_thread_id = 139887845451520, last time delay.time = 7, now count = 317, i = 3
2023-01-11 18:14:46.945  75 82 I channel139887621699328 self_thread_id = 139887621699328, last time delay.time = 8, now count = 318, i = 3
2023-01-11 18:14:46.945  75 80 I channel139887845451520 self_thread_id = 139887845451520, last time delay.time = 7, now count = 317, i = 3
2023-01-11 18:14:46.945  75 80 W channel139887845451520 self_thread_id = 139887845451520, last time delay.time = 7, now count = 317, i = 3
2023-01-11 18:14:46.945  75 82 I channel139887621699328 self_thread_id = 139887621699328, last time delay.time = 8, now count = 318, i = 3
2023-01-11 18:14:46.945  75 80 E channel139887845451520 self_thread_id = 139887845451520, last time delay.time = 7, now count = 317, i = 3
2023-01-11 18:14:46.945  75 82 W channel139887621699328 self_thread_id = 139887621699328, last time delay.time = 8, now count = 318, i = 3
2023-01-11 18:14:46.945  75 82 E channel139887621699328 self_thread_id = 139887621699328, last time delay.time = 8, now count = 318, i = 3
2023-01-11 18:14:46.945  75 78 I channel139887862236928 self_thread_id = 139887862236928, last time delay.time = 10, now count = 314, i = 3
2023-01-11 18:14:46.945  75 78 I channel139887862236928 self_thread_id = 139887862236928, last time delay.time = 10, now count = 314, i = 3
2023-01-11 18:14:46.945  75 78 W channel139887862236928 self_thread_id = 139887862236928, last time delay.time = 10, now count = 314, i = 3
2023-01-11 18:14:46.945  75 78 E channel139887862236928 self_thread_id = 139887862236928, last time delay.time = 10, now count = 314, i = 3
2023-01-11 18:14:46.945  75 79 I channel139887853844224 self_thread_id = 139887853844224, last time delay.time = 15, now count = 315, i = 3
2023-01-11 18:14:46.945  75 79 I channel139887853844224 self_thread_id = 139887853844224, last time delay.time = 15, now count = 315, i = 3
2023-01-11 18:14:46.945  75 79 W channel139887853844224 self_thread_id = 139887853844224, last time delay.time = 15, now count = 315, i = 3
2023-01-11 18:14:46.945  75 79 E channel139887853844224 self_thread_id = 139887853844224, last time delay.time = 15, now count = 315, i = 3
2023-01-11 18:14:46.945  75 81 I channel139887837058816 self_thread_id = 139887837058816, last time delay.time = 9, now count = 319, i = 3
2023-01-11 18:14:46.945  75 81 I channel139887837058816 self_thread_id = 139887837058816, last time delay.time = 9, now count = 319, i = 3
2023-01-11 18:14:46.945  75 81 W channel139887837058816 self_thread_id = 139887837058816, last time delay.time = 9, now count = 319, i = 3
2023-01-11 18:14:46.945  75 81 E channel139887837058816 self_thread_id = 139887837058816, last time delay.time = 9, now count = 319, i = 3
2023-01-11 18:14:46.945  75 83 I channel139887613306624 self_thread_id = 139887613306624, last time delay.time = 8, now count = 320, i = 3
2023-01-11 18:14:46.945  75 83 I channel139887613306624 self_thread_id = 139887613306624, last time delay.time = 8, now count = 320, i = 3
2023-01-11 18:14:46.945  75 83 W channel139887613306624 self_thread_id = 139887613306624, last time delay.time = 8, now count = 320, i = 3
2023-01-11 18:14:46.945  75 83 E channel139887613306624 self_thread_id = 139887613306624, last time delay.time = 8, now count = 320, i = 3
2023-01-11 18:14:47.945  75 84 I channel139887604913920 self_thread_id = 139887604913920, last time delay.time = 10, now count = 313, i = 4
2023-01-11 18:14:47.945  75 84 I channel139887604913920 self_thread_id = 139887604913920, last time delay.time = 10, now count = 313, i = 4
2023-01-11 18:14:47.945  75 84 W channel139887604913920 self_thread_id = 139887604913920, last time delay.time = 10, now count = 313, i = 4
2023-01-11 18:14:47.945  75 84 E channel139887604913920 self_thread_id = 139887604913920, last time delay.time = 10, now count = 313, i = 4
2023-01-11 18:14:47.945  75 84 I channel139887604913920 self_thread_id = 139887604913920, last time delay.time = 10, now count = 321
2023-01-11 18:14:47.945  75 77 I channel139887870629632 self_thread_id = 139887870629632, last time delay.time = 13, now count = 316, i = 4
2023-01-11 18:14:47.945  75 77 I channel139887870629632 self_thread_id = 139887870629632, last time delay.time = 13, now count = 316, i = 4
2023-01-11 18:14:47.945  75 77 W channel139887870629632 self_thread_id = 139887870629632, last time delay.time = 13, now count = 316, i = 4
2023-01-11 18:14:47.945  75 77 E channel139887870629632 self_thread_id = 139887870629632, last time delay.time = 13, now count = 316, i = 4
2023-01-11 18:14:47.945  75 77 I channel139887870629632 self_thread_id = 139887870629632, last time delay.time = 13, now count = 322
2023-01-11 18:14:47.945  75 82 I channel139887621699328 self_thread_id = 139887621699328, last time delay.time = 8, now count = 318, i = 4
2023-01-11 18:14:47.945  75 82 I channel139887621699328 self_thread_id = 139887621699328, last time delay.time = 8, now count = 318, i = 4
2023-01-11 18:14:47.945  75 82 W channel139887621699328 self_thread_id = 139887621699328, last time delay.time = 8, now count = 318, i = 4
2023-01-11 18:14:47.945  75 82 E channel139887621699328 self_thread_id = 139887621699328, last time delay.time = 8, now count = 318, i = 4
2023-01-11 18:14:47.945  75 82 I channel139887621699328 self_thread_id = 139887621699328, last time delay.time = 8, now count = 323
2023-01-11 18:14:47.945  75 80 I channel139887845451520 self_thread_id = 139887845451520, last time delay.time = 7, now count = 317, i = 4
2023-01-11 18:14:47.945  75 80 I channel139887845451520 self_thread_id = 139887845451520, last time delay.time = 7, now count = 317, i = 4
2023-01-11 18:14:47.945  75 80 W channel139887845451520 self_thread_id = 139887845451520, last time delay.time = 7, now count = 317, i = 4
2023-01-11 18:14:47.945  75 80 E channel139887845451520 self_thread_id = 139887845451520, last time delay.time = 7, now count = 317, i = 4
2023-01-11 18:14:47.945  75 78 I channel139887862236928 self_thread_id = 139887862236928, last time delay.time = 10, now count = 314, i = 4
2023-01-11 18:14:47.945  75 80 I channel139887845451520 self_thread_id = 139887845451520, last time delay.time = 7, now count = 324
2023-01-11 18:14:47.945  75 78 I channel139887862236928 self_thread_id = 139887862236928, last time delay.time = 10, now count = 314, i = 4
2023-01-11 18:14:47.945  75 78 W channel139887862236928 self_thread_id = 139887862236928, last time delay.time = 10, now count = 314, i = 4
2023-01-11 18:14:47.945  75 78 E channel139887862236928 self_thread_id = 139887862236928, last time delay.time = 10, now count = 314, i = 4
2023-01-11 18:14:47.945  75 78 I channel139887862236928 self_thread_id = 139887862236928, last time delay.time = 10, now count = 325
2023-01-11 18:14:47.945  75 79 I channel139887853844224 self_thread_id = 139887853844224, last time delay.time = 15, now count = 315, i = 4
2023-01-11 18:14:47.945  75 79 I channel139887853844224 self_thread_id = 139887853844224, last time delay.time = 15, now count = 315, i = 4
2023-01-11 18:14:47.945  75 79 W channel139887853844224 self_thread_id = 139887853844224, last time delay.time = 15, now count = 315, i = 4
2023-01-11 18:14:47.945  75 79 E channel139887853844224 self_thread_id = 139887853844224, last time delay.time = 15, now count = 315, i = 4
2023-01-11 18:14:47.945  75 79 I channel139887853844224 self_thread_id = 139887853844224, last time delay.time = 15, now count = 326
2023-01-11 18:14:47.945  75 81 I channel139887837058816 self_thread_id = 139887837058816, last time delay.time = 9, now count = 319, i = 4
2023-01-11 18:14:47.945  75 81 I channel139887837058816 self_thread_id = 139887837058816, last time delay.time = 9, now count = 319, i = 4
2023-01-11 18:14:47.945  75 81 W channel139887837058816 self_thread_id = 139887837058816, last time delay.time = 9, now count = 319, i = 4
2023-01-11 18:14:47.945  75 81 E channel139887837058816 self_thread_id = 139887837058816, last time delay.time = 9, now count = 319, i = 4
2023-01-11 18:14:47.945  75 81 I channel139887837058816 self_thread_id = 139887837058816, last time delay.time = 9, now count = 327
2023-01-11 18:14:47.946  75 83 I channel139887613306624 self_thread_id = 139887613306624, last time delay.time = 8, now count = 320, i = 4
2023-01-11 18:14:47.946  75 83 I channel139887613306624 self_thread_id = 139887613306624, last time delay.time = 8, now count = 320, i = 4
2023-01-11 18:14:47.946  75 83 W channel139887613306624 self_thread_id = 139887613306624, last time delay.time = 8, now count = 320, i = 4
2023-01-11 18:14:47.946  75 83 E channel139887613306624 self_thread_id = 139887613306624, last time delay.time = 8, now count = 320, i = 4
2023-01-11 18:14:47.946  75 83 I channel139887613306624 self_thread_id = 139887613306624, last time delay.time = 8, now count = 328
2023-01-11 18:14:48.945  75 84 I channel139887604913920 self_thread_id = 139887604913920, last time delay.time = 8, now count = 321, i = 0
2023-01-11 18:14:48.945  75 84 I channel139887604913920 self_thread_id = 139887604913920, last time delay.time = 8, now count = 321, i = 0
2023-01-11 18:14:48.945  75 84 W channel139887604913920 self_thread_id = 139887604913920, last time delay.time = 8, now count = 321, i = 0
2023-01-11 18:14:48.945  75 84 E channel139887604913920 self_thread_id = 139887604913920, last time delay.time = 8, now count = 321, i = 0
2023-01-11 18:14:48.945  75 77 I channel139887870629632 self_thread_id = 139887870629632, last time delay.time = 8, now count = 322, i = 0
2023-01-11 18:14:48.945  75 77 I channel139887870629632 self_thread_id = 139887870629632, last time delay.time = 8, now count = 322, i = 0
2023-01-11 18:14:48.945  75 77 W channel139887870629632 self_thread_id = 139887870629632, last time delay.time = 8, now count = 322, i = 0
2023-01-11 18:14:48.945  75 77 E channel139887870629632 self_thread_id = 139887870629632, last time delay.time = 8, now count = 322, i = 0
2023-01-11 18:14:48.945  75 82 I channel139887621699328 self_thread_id = 139887621699328, last time delay.time = 9, now count = 323, i = 0
2023-01-11 18:14:48.945  75 82 I channel139887621699328 self_thread_id = 139887621699328, last time delay.time = 9, now count = 323, i = 0
2023-01-11 18:14:48.945  75 82 W channel139887621699328 self_thread_id = 139887621699328, last time delay.time = 9, now count = 323, i = 0
2023-01-11 18:14:48.945  75 82 E channel139887621699328 self_thread_id = 139887621699328, last time delay.time = 9, now count = 323, i = 0
2023-01-11 18:14:48.945  75 80 I channel139887845451520 self_thread_id = 139887845451520, last time delay.time = 26, now count = 324, i = 0
2023-01-11 18:14:48.945  75 80 I channel139887845451520 self_thread_id = 139887845451520, last time delay.time = 26, now count = 324, i = 0
2023-01-11 18:14:48.946  75 80 W channel139887845451520 self_thread_id = 139887845451520, last time delay.time = 26, now count = 324, i = 0
2023-01-11 18:14:48.946  75 80 E channel139887845451520 self_thread_id = 139887845451520, last time delay.time = 26, now count = 324, i = 0
2023-01-11 18:14:48.946  75 78 I channel139887862236928 self_thread_id = 139887862236928, last time delay.time = 9, now count = 325, i = 0
2023-01-11 18:14:48.946  75 78 I channel139887862236928 self_thread_id = 139887862236928, last time delay.time = 9, now count = 325, i = 0
2023-01-11 18:14:48.946  75 78 W channel139887862236928 self_thread_id = 139887862236928, last time delay.time = 9, now count = 325, i = 0
2023-01-11 18:14:48.946  75 79 I channel139887853844224 self_thread_id = 139887853844224, last time delay.time = 8, now count = 326, i = 0
2023-01-11 18:14:48.946  75 78 E channel139887862236928 self_thread_id = 139887862236928, last time delay.time = 9, now count = 325, i = 0
2023-01-11 18:14:48.946  75 79 I channel139887853844224 self_thread_id = 139887853844224, last time delay.time = 8, now count = 326, i = 0
2023-01-11 18:14:48.946  75 79 W channel139887853844224 self_thread_id = 139887853844224, last time delay.time = 8, now count = 326, i = 0
2023-01-11 18:14:48.946  75 79 E channel139887853844224 self_thread_id = 139887853844224, last time delay.time = 8, now count = 326, i = 0
2023-01-11 18:14:48.946  75 81 I channel139887837058816 self_thread_id = 139887837058816, last time delay.time = 9, now count = 327, i = 0
2023-01-11 18:14:48.946  75 81 I channel139887837058816 self_thread_id = 139887837058816, last time delay.time = 9, now count = 327, i = 0
2023-01-11 18:14:48.946  75 81 W channel139887837058816 self_thread_id = 139887837058816, last time delay.time = 9, now count = 327, i = 0
2023-01-11 18:14:48.946  75 81 E channel139887837058816 self_thread_id = 139887837058816, last time delay.time = 9, now count = 327, i = 0
2023-01-11 18:14:48.946  75 83 I channel139887613306624 self_thread_id = 139887613306624, last time delay.time = 8, now count = 328, i = 0
2023-01-11 18:14:48.946  75 83 I channel139887613306624 self_thread_id = 139887613306624, last time delay.time = 8, now count = 328, i = 0
2023-01-11 18:14:48.946  75 83 W channel139887613306624 self_thread_id = 139887613306624, last time delay.time = 8, now count = 328, i = 0
2023-01-11 18:14:48.946  75 83 E channel139887613306624 self_thread_id = 139887613306624, last time delay.time = 8, now count = 328, i = 0
2023-01-11 18:14:49.945  75 84 I channel139887604913920 self_thread_id = 139887604913920, last time delay.time = 8, now count = 321, i = 1
2023-01-11 18:14:49.945  75 84 I channel139887604913920 self_thread_id = 139887604913920, last time delay.time = 8, now count = 321, i = 1
2023-01-11 18:14:49.945  75 84 W channel139887604913920 self_thread_id = 139887604913920, last time delay.time = 8, now count = 321, i = 1
2023-01-11 18:14:49.945  75 84 E channel139887604913920 self_thread_id = 139887604913920, last time delay.time = 8, now count = 321, i = 1
2023-01-11 18:14:49.945  75 77 I channel139887870629632 self_thread_id = 139887870629632, last time delay.time = 8, now count = 322, i = 1
2023-01-11 18:14:49.945  75 77 I channel139887870629632 self_thread_id = 139887870629632, last time delay.time = 8, now count = 322, i = 1
2023-01-11 18:14:49.945  75 77 W channel139887870629632 self_thread_id = 139887870629632, last time delay.time = 8, now count = 322, i = 1
2023-01-11 18:14:49.945  75 77 E channel139887870629632 self_thread_id = 139887870629632, last time delay.time = 8, now count = 322, i = 1
2023-01-11 18:14:49.946  75 82 I channel139887621699328 self_thread_id = 139887621699328, last time delay.time = 9, now count = 323, i = 1
2023-01-11 18:14:49.946  75 80 I channel139887845451520 self_thread_id = 139887845451520, last time delay.time = 26, now count = 324, i = 1
2023-01-11 18:14:49.946  75 82 I channel139887621699328 self_thread_id = 139887621699328, last time delay.time = 9, now count = 323, i = 1
2023-01-11 18:14:49.946  75 82 W channel139887621699328 self_thread_id = 139887621699328, last time delay.time = 9, now count = 323, i = 1
2023-01-11 18:14:49.946  75 80 I channel139887845451520 self_thread_id = 139887845451520, last time delay.time = 26, now count = 324, i = 1
2023-01-11 18:14:49.946  75 82 E channel139887621699328 self_thread_id = 139887621699328, last time delay.time = 9, now count = 323, i = 1
2023-01-11 18:14:49.946  75 80 W channel139887845451520 self_thread_id = 139887845451520, last time delay.time = 26, now count = 324, i = 1
2023-01-11 18:14:49.946  75 80 E channel139887845451520 self_thread_id = 139887845451520, last time delay.time = 26, now count = 324, i = 1
2023-01-11 18:14:49.946  75 79 I channel139887853844224 self_thread_id = 139887853844224, last time delay.time = 8, now count = 326, i = 1
2023-01-11 18:14:49.946  75 78 I channel139887862236928 self_thread_id = 139887862236928, last time delay.time = 9, now count = 325, i = 1
2023-01-11 18:14:49.946  75 79 I channel139887853844224 self_thread_id = 139887853844224, last time delay.time = 8, now count = 326, i = 1
2023-01-11 18:14:49.946  75 79 W channel139887853844224 self_thread_id = 139887853844224, last time delay.time = 8, now count = 326, i = 1
2023-01-11 18:14:49.946  75 79 E channel139887853844224 self_thread_id = 139887853844224, last time delay.time = 8, now count = 326, i = 1
2023-01-11 18:14:49.946  75 78 I channel139887862236928 self_thread_id = 139887862236928, last time delay.time = 9, now count = 325, i = 1
2023-01-11 18:14:49.946  75 78 W channel139887862236928 self_thread_id = 139887862236928, last time delay.time = 9, now count = 325, i = 1
2023-01-11 18:14:49.946  75 78 E channel139887862236928 self_thread_id = 139887862236928, last time delay.time = 9, now count = 325, i = 1
2023-01-11 18:14:49.946  75 81 I channel139887837058816 self_thread_id = 139887837058816, last time delay.time = 9, now count = 327, i = 1
2023-01-11 18:14:49.946  75 81 I channel139887837058816 self_thread_id = 139887837058816, last time delay.time = 9, now count = 327, i = 1
2023-01-11 18:14:49.946  75 81 W channel139887837058816 self_thread_id = 139887837058816, last time delay.time = 9, now count = 327, i = 1
2023-01-11 18:14:49.946  75 81 E channel139887837058816 self_thread_id = 139887837058816, last time delay.time = 9, now count = 327, i = 1
2023-01-11 18:14:49.946  75 83 I channel139887613306624 self_thread_id = 139887613306624, last time delay.time = 8, now count = 328, i = 1
2023-01-11 18:14:49.946  75 83 I channel139887613306624 self_thread_id = 139887613306624, last time delay.time = 8, now count = 328, i = 1
2023-01-11 18:14:49.946  75 83 W channel139887613306624 self_thread_id = 139887613306624, last time delay.time = 8, now count = 328, i = 1
2023-01-11 18:14:49.946  75 83 E channel139887613306624 self_thread_id = 139887613306624, last time delay.time = 8, now count = 328, i = 1
2023-01-11 18:14:50.945  75 84 I channel139887604913920 self_thread_id = 139887604913920, last time delay.time = 8, now count = 321, i = 2
2023-01-11 18:14:50.946  75 84 I channel139887604913920 self_thread_id = 139887604913920, last time delay.time = 8, now count = 321, i = 2
2023-01-11 18:14:50.946  75 84 W channel139887604913920 self_thread_id = 139887604913920, last time delay.time = 8, now count = 321, i = 2
2023-01-11 18:14:50.946  75 84 E channel139887604913920 self_thread_id = 139887604913920, last time delay.time = 8, now count = 321, i = 2
2023-01-11 18:14:50.946  75 77 I channel139887870629632 self_thread_id = 139887870629632, last time delay.time = 8, now count = 322, i = 2
2023-01-11 18:14:50.946  75 77 I channel139887870629632 self_thread_id = 139887870629632, last time delay.time = 8, now count = 322, i = 2
2023-01-11 18:14:50.946  75 77 W channel139887870629632 self_thread_id = 139887870629632, last time delay.time = 8, now count = 322, i = 2
2023-01-11 18:14:50.946  75 77 E channel139887870629632 self_thread_id = 139887870629632, last time delay.time = 8, now count = 322, i = 2
2023-01-11 18:14:50.946  75 80 I channel139887845451520 self_thread_id = 139887845451520, last time delay.time = 26, now count = 324, i = 2
2023-01-11 18:14:50.946  75 82 I channel139887621699328 self_thread_id = 139887621699328, last time delay.time = 9, now count = 323, i = 2
2023-01-11 18:14:50.946  75 80 I channel139887845451520 self_thread_id = 139887845451520, last time delay.time = 26, now count = 324, i = 2
2023-01-11 18:14:50.946  75 80 W channel139887845451520 self_thread_id = 139887845451520, last time delay.time = 26, now count = 324, i = 2
2023-01-11 18:14:50.946  75 82 I channel139887621699328 self_thread_id = 139887621699328, last time delay.time = 9, now count = 323, i = 2
2023-01-11 18:14:50.946  75 82 W channel139887621699328 self_thread_id = 139887621699328, last time delay.time = 9, now count = 323, i = 2
2023-01-11 18:14:50.946  75 80 E channel139887845451520 self_thread_id = 139887845451520, last time delay.time = 26, now count = 324, i = 2
2023-01-11 18:14:50.946  75 82 E channel139887621699328 self_thread_id = 139887621699328, last time delay.time = 9, now count = 323, i = 2
2023-01-11 18:14:50.946  75 79 I channel139887853844224 self_thread_id = 139887853844224, last time delay.time = 8, now count = 326, i = 2
2023-01-11 18:14:50.946  75 79 I channel139887853844224 self_thread_id = 139887853844224, last time delay.time = 8, now count = 326, i = 2
2023-01-11 18:14:50.946  75 79 W channel139887853844224 self_thread_id = 139887853844224, last time delay.time = 8, now count = 326, i = 2
2023-01-11 18:14:50.946  75 79 E channel139887853844224 self_thread_id = 139887853844224, last time delay.time = 8, now count = 326, i = 2
2023-01-11 18:14:50.946  75 78 I channel139887862236928 self_thread_id = 139887862236928, last time delay.time = 9, now count = 325, i = 2
2023-01-11 18:14:50.946  75 78 I channel139887862236928 self_thread_id = 139887862236928, last time delay.time = 9, now count = 325, i = 2
2023-01-11 18:14:50.946  75 78 W channel139887862236928 self_thread_id = 139887862236928, last time delay.time = 9, now count = 325, i = 2
2023-01-11 18:14:50.946  75 78 E channel139887862236928 self_thread_id = 139887862236928, last time delay.time = 9, now count = 325, i = 2
2023-01-11 18:14:50.946  75 81 I channel139887837058816 self_thread_id = 139887837058816, last time delay.time = 9, now count = 327, i = 2
2023-01-11 18:14:50.946  75 81 I channel139887837058816 self_thread_id = 139887837058816, last time delay.time = 9, now count = 327, i = 2
2023-01-11 18:14:50.946  75 81 W channel139887837058816 self_thread_id = 139887837058816, last time delay.time = 9, now count = 327, i = 2
2023-01-11 18:14:50.946  75 81 E channel139887837058816 self_thread_id = 139887837058816, last time delay.time = 9, now count = 327, i = 2
2023-01-11 18:14:50.946  75 83 I channel139887613306624 self_thread_id = 139887613306624, last time delay.time = 8, now count = 328, i = 2
2023-01-11 18:14:50.946  75 83 I channel139887613306624 self_thread_id = 139887613306624, last time delay.time = 8, now count = 328, i = 2
2023-01-11 18:14:50.946  75 83 W channel139887613306624 self_thread_id = 139887613306624, last time delay.time = 8, now count = 328, i = 2
2023-01-11 18:14:50.946  75 83 E channel139887613306624 self_thread_id = 139887613306624, last time delay.time = 8, now count = 328, i = 2
2023-01-11 18:14:51.946  75 84 I channel139887604913920 self_thread_id = 139887604913920, last time delay.time = 8, now count = 321, i = 3
2023-01-11 18:14:51.946  75 84 I channel139887604913920 self_thread_id = 139887604913920, last time delay.time = 8, now count = 321, i = 3
2023-01-11 18:14:51.946  75 84 W channel139887604913920 self_thread_id = 139887604913920, last time delay.time = 8, now count = 321, i = 3
2023-01-11 18:14:51.946  75 84 E channel139887604913920 self_thread_id = 139887604913920, last time delay.time = 8, now count = 321, i = 3
2023-01-11 18:14:51.946  75 77 I channel139887870629632 self_thread_id = 139887870629632, last time delay.time = 8, now count = 322, i = 3
2023-01-11 18:14:51.946  75 77 I channel139887870629632 self_thread_id = 139887870629632, last time delay.time = 8, now count = 322, i = 3
2023-01-11 18:14:51.946  75 77 W channel139887870629632 self_thread_id = 139887870629632, last time delay.time = 8, now count = 322, i = 3
2023-01-11 18:14:51.946  75 77 E channel139887870629632 self_thread_id = 139887870629632, last time delay.time = 8, now count = 322, i = 3
2023-01-11 18:14:51.946  75 80 I channel139887845451520 self_thread_id = 139887845451520, last time delay.time = 26, now count = 324, i = 3
2023-01-11 18:14:51.946  75 80 I channel139887845451520 self_thread_id = 139887845451520, last time delay.time = 26, now count = 324, i = 3
2023-01-11 18:14:51.946  75 80 W channel139887845451520 self_thread_id = 139887845451520, last time delay.time = 26, now count = 324, i = 3
2023-01-11 18:14:51.946  75 82 I channel139887621699328 self_thread_id = 139887621699328, last time delay.time = 9, now count = 323, i = 3
2023-01-11 18:14:51.946  75 80 E channel139887845451520 self_thread_id = 139887845451520, last time delay.time = 26, now count = 324, i = 3
2023-01-11 18:14:51.946  75 82 I channel139887621699328 self_thread_id = 139887621699328, last time delay.time = 9, now count = 323, i = 3
2023-01-11 18:14:51.946  75 82 W channel139887621699328 self_thread_id = 139887621699328, last time delay.time = 9, now count = 323, i = 3
2023-01-11 18:14:51.946  75 82 E channel139887621699328 self_thread_id = 139887621699328, last time delay.time = 9, now count = 323, i = 3
2023-01-11 18:14:51.946  75 78 I channel139887862236928 self_thread_id = 139887862236928, last time delay.time = 9, now count = 325, i = 3
2023-01-11 18:14:51.946  75 78 I channel139887862236928 self_thread_id = 139887862236928, last time delay.time = 9, now count = 325, i = 3
2023-01-11 18:14:51.946  75 78 W channel139887862236928 self_thread_id = 139887862236928, last time delay.time = 9, now count = 325, i = 3
2023-01-11 18:14:51.946  75 79 I channel139887853844224 self_thread_id = 139887853844224, last time delay.time = 8, now count = 326, i = 3
2023-01-11 18:14:51.946  75 78 E channel139887862236928 self_thread_id = 139887862236928, last time delay.time = 9, now count = 325, i = 3
2023-01-11 18:14:51.946  75 79 I channel139887853844224 self_thread_id = 139887853844224, last time delay.time = 8, now count = 326, i = 3
2023-01-11 18:14:51.946  75 79 W channel139887853844224 self_thread_id = 139887853844224, last time delay.time = 8, now count = 326, i = 3
2023-01-11 18:14:51.946  75 79 E channel139887853844224 self_thread_id = 139887853844224, last time delay.time = 8, now count = 326, i = 3
2023-01-11 18:14:51.946  75 81 I channel139887837058816 self_thread_id = 139887837058816, last time delay.time = 9, now count = 327, i = 3
2023-01-11 18:14:51.946  75 81 I channel139887837058816 self_thread_id = 139887837058816, last time delay.time = 9, now count = 327, i = 3
2023-01-11 18:14:51.946  75 81 W channel139887837058816 self_thread_id = 139887837058816, last time delay.time = 9, now count = 327, i = 3
2023-01-11 18:14:51.946  75 81 E channel139887837058816 self_thread_id = 139887837058816, last time delay.time = 9, now count = 327, i = 3
2023-01-11 18:14:51.946  75 83 I channel139887613306624 self_thread_id = 139887613306624, last time delay.time = 8, now count = 328, i = 3
2023-01-11 18:14:51.946  75 83 I channel139887613306624 self_thread_id = 139887613306624, last time delay.time = 8, now count = 328, i = 3
2023-01-11 18:14:51.946  75 83 W channel139887613306624 self_thread_id = 139887613306624, last time delay.time = 8, now count = 328, i = 3
2023-01-11 18:14:51.946  75 83 E channel139887613306624 self_thread_id = 139887613306624, last time delay.time = 8, now count = 328, i = 3
2023-01-11 18:14:52.946  75 84 I channel139887604913920 self_thread_id = 139887604913920, last time delay.time = 8, now count = 321, i = 4
2023-01-11 18:14:52.946  75 84 I channel139887604913920 self_thread_id = 139887604913920, last time delay.time = 8, now count = 321, i = 4
2023-01-11 18:14:52.946  75 84 W channel139887604913920 self_thread_id = 139887604913920, last time delay.time = 8, now count = 321, i = 4
2023-01-11 18:14:52.946  75 84 E channel139887604913920 self_thread_id = 139887604913920, last time delay.time = 8, now count = 321, i = 4
2023-01-11 18:14:52.946  75 84 I channel139887604913920 self_thread_id = 139887604913920, last time delay.time = 8, now count = 329
2023-01-11 18:14:52.946  75 77 I channel139887870629632 self_thread_id = 139887870629632, last time delay.time = 8, now count = 322, i = 4
2023-01-11 18:14:52.946  75 77 I channel139887870629632 self_thread_id = 139887870629632, last time delay.time = 8, now count = 322, i = 4
2023-01-11 18:14:52.946  75 77 W channel139887870629632 self_thread_id = 139887870629632, last time delay.time = 8, now count = 322, i = 4
2023-01-11 18:14:52.946  75 77 E channel139887870629632 self_thread_id = 139887870629632, last time delay.time = 8, now count = 322, i = 4
2023-01-11 18:14:52.946  75 77 I channel139887870629632 self_thread_id = 139887870629632, last time delay.time = 8, now count = 330
2023-01-11 18:14:52.946  75 80 I channel139887845451520 self_thread_id = 139887845451520, last time delay.time = 26, now count = 324, i = 4
2023-01-11 18:14:52.946  75 80 I channel139887845451520 self_thread_id = 139887845451520, last time delay.time = 26, now count = 324, i = 4
2023-01-11 18:14:52.946  75 80 W channel139887845451520 self_thread_id = 139887845451520, last time delay.time = 26, now count = 324, i = 4
2023-01-11 18:14:52.946  75 82 I channel139887621699328 self_thread_id = 139887621699328, last time delay.time = 9, now count = 323, i = 4
2023-01-11 18:14:52.946  75 80 E channel139887845451520 self_thread_id = 139887845451520, last time delay.time = 26, now count = 324, i = 4
2023-01-11 18:14:52.946  75 80 I channel139887845451520 self_thread_id = 139887845451520, last time delay.time = 26, now count = 331
2023-01-11 18:14:52.946  75 82 I channel139887621699328 self_thread_id = 139887621699328, last time delay.time = 9, now count = 323, i = 4
2023-01-11 18:14:52.946  75 82 W channel139887621699328 self_thread_id = 139887621699328, last time delay.time = 9, now count = 323, i = 4
2023-01-11 18:14:52.946  75 78 I channel139887862236928 self_thread_id = 139887862236928, last time delay.time = 9, now count = 325, i = 4
2023-01-11 18:14:52.946  75 82 E channel139887621699328 self_thread_id = 139887621699328, last time delay.time = 9, now count = 323, i = 4
2023-01-11 18:14:52.946  75 82 I channel139887621699328 self_thread_id = 139887621699328, last time delay.time = 9, now count = 332
2023-01-11 18:14:52.946  75 78 I channel139887862236928 self_thread_id = 139887862236928, last time delay.time = 9, now count = 325, i = 4
2023-01-11 18:14:52.946  75 78 W channel139887862236928 self_thread_id = 139887862236928, last time delay.time = 9, now count = 325, i = 4
2023-01-11 18:14:52.946  75 78 E channel139887862236928 self_thread_id = 139887862236928, last time delay.time = 9, now count = 325, i = 4
2023-01-11 18:14:52.946  75 78 I channel139887862236928 self_thread_id = 139887862236928, last time delay.time = 9, now count = 333
2023-01-11 18:14:52.946  75 79 I channel139887853844224 self_thread_id = 139887853844224, last time delay.time = 8, now count = 326, i = 4
2023-01-11 18:14:52.946  75 79 I channel139887853844224 self_thread_id = 139887853844224, last time delay.time = 8, now count = 326, i = 4
2023-01-11 18:14:52.946  75 79 W channel139887853844224 self_thread_id = 139887853844224, last time delay.time = 8, now count = 326, i = 4
2023-01-11 18:14:52.946  75 79 E channel139887853844224 self_thread_id = 139887853844224, last time delay.time = 8, now count = 326, i = 4
2023-01-11 18:14:52.946  75 79 I channel139887853844224 self_thread_id = 139887853844224, last time delay.time = 8, now count = 334
2023-01-11 18:14:52.946  75 81 I channel139887837058816 self_thread_id = 139887837058816, last time delay.time = 9, now count = 327, i = 4
2023-01-11 18:14:52.946  75 81 I channel139887837058816 self_thread_id = 139887837058816, last time delay.time = 9, now count = 327, i = 4
2023-01-11 18:14:52.946  75 83 I channel139887613306624 self_thread_id = 139887613306624, last time delay.time = 8, now count = 328, i = 4
2023-01-11 18:14:52.946  75 81 W channel139887837058816 self_thread_id = 139887837058816, last time delay.time = 9, now count = 327, i = 4
2023-01-11 18:14:52.946  75 83 I channel139887613306624 self_thread_id = 139887613306624, last time delay.time = 8, now count = 328, i = 4
2023-01-11 18:14:52.946  75 81 E channel139887837058816 self_thread_id = 139887837058816, last time delay.time = 9, now count = 327, i = 4
2023-01-11 18:14:52.946  75 83 W channel139887613306624 self_thread_id = 139887613306624, last time delay.time = 8, now count = 328, i = 4
2023-01-11 18:14:52.946  75 83 E channel139887613306624 self_thread_id = 139887613306624, last time delay.time = 8, now count = 328, i = 4
2023-01-11 18:14:52.946  75 81 I channel139887837058816 self_thread_id = 139887837058816, last time delay.time = 9, now count = 335
2023-01-11 18:14:52.946  75 83 I channel139887613306624 self_thread_id = 139887613306624, last time delay.time = 8, now count = 336
2023-01-11 18:14:53.946  75 84 I channel139887604913920 self_thread_id = 139887604913920, last time delay.time = 8, now count = 329, i = 0
2023-01-11 18:14:53.946  75 84 I channel139887604913920 self_thread_id = 139887604913920, last time delay.time = 8, now count = 329, i = 0
2023-01-11 18:14:53.946  75 84 W channel139887604913920 self_thread_id = 139887604913920, last time delay.time = 8, now count = 329, i = 0
2023-01-11 18:14:53.946  75 84 E channel139887604913920 self_thread_id = 139887604913920, last time delay.time = 8, now count = 329, i = 0
2023-01-11 18:14:53.946  75 77 I channel139887870629632 self_thread_id = 139887870629632, last time delay.time = 8, now count = 330, i = 0
2023-01-11 18:14:53.946  75 77 I channel139887870629632 self_thread_id = 139887870629632, last time delay.time = 8, now count = 330, i = 0
2023-01-11 18:14:53.946  75 77 W channel139887870629632 self_thread_id = 139887870629632, last time delay.time = 8, now count = 330, i = 0
2023-01-11 18:14:53.946  75 77 E channel139887870629632 self_thread_id = 139887870629632, last time delay.time = 8, now count = 330, i = 0
2023-01-11 18:14:53.946  75 80 I channel139887845451520 self_thread_id = 139887845451520, last time delay.time = 9, now count = 331, i = 0
2023-01-11 18:14:53.946  75 80 I channel139887845451520 self_thread_id = 139887845451520, last time delay.time = 9, now count = 331, i = 0
2023-01-11 18:14:53.946  75 80 W channel139887845451520 self_thread_id = 139887845451520, last time delay.time = 9, now count = 331, i = 0
2023-01-11 18:14:53.946  75 80 E channel139887845451520 self_thread_id = 139887845451520, last time delay.time = 9, now count = 331, i = 0
2023-01-11 18:14:53.946  75 82 I channel139887621699328 self_thread_id = 139887621699328, last time delay.time = 10, now count = 332, i = 0
2023-01-11 18:14:53.946  75 79 I channel139887853844224 self_thread_id = 139887853844224, last time delay.time = 8, now count = 334, i = 0
2023-01-11 18:14:53.946  75 79 I channel139887853844224 self_thread_id = 139887853844224, last time delay.time = 8, now count = 334, i = 0
2023-01-11 18:14:53.946  75 82 I channel139887621699328 self_thread_id = 139887621699328, last time delay.time = 10, now count = 332, i = 0
2023-01-11 18:14:53.946  75 79 W channel139887853844224 self_thread_id = 139887853844224, last time delay.time = 8, now count = 334, i = 0
2023-01-11 18:14:53.946  75 82 W channel139887621699328 self_thread_id = 139887621699328, last time delay.time = 10, now count = 332, i = 0
2023-01-11 18:14:53.946  75 79 E channel139887853844224 self_thread_id = 139887853844224, last time delay.time = 8, now count = 334, i = 0
2023-01-11 18:14:53.946  75 78 I channel139887862236928 self_thread_id = 139887862236928, last time delay.time = 9, now count = 333, i = 0
2023-01-11 18:14:53.946  75 82 E channel139887621699328 self_thread_id = 139887621699328, last time delay.time = 10, now count = 332, i = 0
2023-01-11 18:14:53.947  75 78 I channel139887862236928 self_thread_id = 139887862236928, last time delay.time = 9, now count = 333, i = 0
2023-01-11 18:14:53.947  75 78 W channel139887862236928 self_thread_id = 139887862236928, last time delay.time = 9, now count = 333, i = 0
2023-01-11 18:14:53.947  75 81 I channel139887837058816 self_thread_id = 139887837058816, last time delay.time = 10, now count = 335, i = 0
2023-01-11 18:14:53.947  75 78 E channel139887862236928 self_thread_id = 139887862236928, last time delay.time = 9, now count = 333, i = 0
2023-01-11 18:14:53.947  75 81 I channel139887837058816 self_thread_id = 139887837058816, last time delay.time = 10, now count = 335, i = 0
2023-01-11 18:14:53.947  75 83 I channel139887613306624 self_thread_id = 139887613306624, last time delay.time = 8, now count = 336, i = 0
2023-01-11 18:14:53.947  75 81 W channel139887837058816 self_thread_id = 139887837058816, last time delay.time = 10, now count = 335, i = 0
2023-01-11 18:14:53.947  75 83 I channel139887613306624 self_thread_id = 139887613306624, last time delay.time = 8, now count = 336, i = 0
2023-01-11 18:14:53.947  75 81 E channel139887837058816 self_thread_id = 139887837058816, last time delay.time = 10, now count = 335, i = 0
2023-01-11 18:14:53.947  75 83 W channel139887613306624 self_thread_id = 139887613306624, last time delay.time = 8, now count = 336, i = 0
2023-01-11 18:14:53.947  75 83 E channel139887613306624 self_thread_id = 139887613306624, last time delay.time = 8, now count = 336, i = 0
2023-01-11 18:14:54.946  75 84 I channel139887604913920 self_thread_id = 139887604913920, last time delay.time = 8, now count = 329, i = 1
2023-01-11 18:14:54.946  75 84 I channel139887604913920 self_thread_id = 139887604913920, last time delay.time = 8, now count = 329, i = 1
2023-01-11 18:14:54.946  75 84 W channel139887604913920 self_thread_id = 139887604913920, last time delay.time = 8, now count = 329, i = 1
2023-01-11 18:14:54.946  75 84 E channel139887604913920 self_thread_id = 139887604913920, last time delay.time = 8, now count = 329, i = 1
2023-01-11 18:14:54.946  75 77 I channel139887870629632 self_thread_id = 139887870629632, last time delay.time = 8, now count = 330, i = 1
2023-01-11 18:14:54.946  75 77 I channel139887870629632 self_thread_id = 139887870629632, last time delay.time = 8, now count = 330, i = 1
2023-01-11 18:14:54.946  75 77 W channel139887870629632 self_thread_id = 139887870629632, last time delay.time = 8, now count = 330, i = 1
2023-01-11 18:14:54.946  75 77 E channel139887870629632 self_thread_id = 139887870629632, last time delay.time = 8, now count = 330, i = 1
2023-01-11 18:14:54.947  75 80 I channel139887845451520 self_thread_id = 139887845451520, last time delay.time = 9, now count = 331, i = 1
2023-01-11 18:14:54.947  75 80 I channel139887845451520 self_thread_id = 139887845451520, last time delay.time = 9, now count = 331, i = 1
2023-01-11 18:14:54.947  75 80 W channel139887845451520 self_thread_id = 139887845451520, last time delay.time = 9, now count = 331, i = 1
2023-01-11 18:14:54.947  75 79 I channel139887853844224 self_thread_id = 139887853844224, last time delay.time = 8, now count = 334, i = 1
2023-01-11 18:14:54.947  75 80 E channel139887845451520 self_thread_id = 139887845451520, last time delay.time = 9, now count = 331, i = 1
2023-01-11 18:14:54.947  75 79 I channel139887853844224 self_thread_id = 139887853844224, last time delay.time = 8, now count = 334, i = 1
2023-01-11 18:14:54.947  75 79 W channel139887853844224 self_thread_id = 139887853844224, last time delay.time = 8, now count = 334, i = 1
2023-01-11 18:14:54.947  75 79 E channel139887853844224 self_thread_id = 139887853844224, last time delay.time = 8, now count = 334, i = 1
2023-01-11 18:14:54.947  75 82 I channel139887621699328 self_thread_id = 139887621699328, last time delay.time = 10, now count = 332, i = 1
2023-01-11 18:14:54.947  75 82 I channel139887621699328 self_thread_id = 139887621699328, last time delay.time = 10, now count = 332, i = 1
2023-01-11 18:14:54.947  75 83 I channel139887613306624 self_thread_id = 139887613306624, last time delay.time = 8, now count = 336, i = 1
2023-01-11 18:14:54.947  75 82 W channel139887621699328 self_thread_id = 139887621699328, last time delay.time = 10, now count = 332, i = 1
2023-01-11 18:14:54.947  75 82 E channel139887621699328 self_thread_id = 139887621699328, last time delay.time = 10, now count = 332, i = 1
2023-01-11 18:14:54.947  75 83 I channel139887613306624 self_thread_id = 139887613306624, last time delay.time = 8, now count = 336, i = 1
2023-01-11 18:14:54.947  75 78 I channel139887862236928 self_thread_id = 139887862236928, last time delay.time = 9, now count = 333, i = 1
2023-01-11 18:14:54.947  75 83 W channel139887613306624 self_thread_id = 139887613306624, last time delay.time = 8, now count = 336, i = 1
2023-01-11 18:14:54.947  75 83 E channel139887613306624 self_thread_id = 139887613306624, last time delay.time = 8, now count = 336, i = 1
2023-01-11 18:14:54.947  75 78 I channel139887862236928 self_thread_id = 139887862236928, last time delay.time = 9, now count = 333, i = 1
2023-01-11 18:14:54.947  75 81 I channel139887837058816 self_thread_id = 139887837058816, last time delay.time = 10, now count = 335, i = 1
2023-01-11 18:14:54.947  75 78 W channel139887862236928 self_thread_id = 139887862236928, last time delay.time = 9, now count = 333, i = 1
2023-01-11 18:14:54.947  75 78 E channel139887862236928 self_thread_id = 139887862236928, last time delay.time = 9, now count = 333, i = 1
2023-01-11 18:14:54.947  75 81 I channel139887837058816 self_thread_id = 139887837058816, last time delay.time = 10, now count = 335, i = 1
2023-01-11 18:14:54.947  75 81 W channel139887837058816 self_thread_id = 139887837058816, last time delay.time = 10, now count = 335, i = 1
2023-01-11 18:14:54.947  75 81 E channel139887837058816 self_thread_id = 139887837058816, last time delay.time = 10, now count = 335, i = 1
2023-01-11 18:14:55.946  75 84 I channel139887604913920 self_thread_id = 139887604913920, last time delay.time = 8, now count = 329, i = 2
2023-01-11 18:14:55.946  75 84 I channel139887604913920 self_thread_id = 139887604913920, last time delay.time = 8, now count = 329, i = 2
2023-01-11 18:14:55.946  75 84 W channel139887604913920 self_thread_id = 139887604913920, last time delay.time = 8, now count = 329, i = 2
2023-01-11 18:14:55.947  75 84 E channel139887604913920 self_thread_id = 139887604913920, last time delay.time = 8, now count = 329, i = 2
2023-01-11 18:14:55.947  75 77 I channel139887870629632 self_thread_id = 139887870629632, last time delay.time = 8, now count = 330, i = 2
2023-01-11 18:14:55.947  75 77 I channel139887870629632 self_thread_id = 139887870629632, last time delay.time = 8, now count = 330, i = 2
2023-01-11 18:14:55.947  75 77 W channel139887870629632 self_thread_id = 139887870629632, last time delay.time = 8, now count = 330, i = 2
2023-01-11 18:14:55.947  75 77 E channel139887870629632 self_thread_id = 139887870629632, last time delay.time = 8, now count = 330, i = 2
2023-01-11 18:14:55.947  75 80 I channel139887845451520 self_thread_id = 139887845451520, last time delay.time = 9, now count = 331, i = 2
2023-01-11 18:14:55.947  75 80 I channel139887845451520 self_thread_id = 139887845451520, last time delay.time = 9, now count = 331, i = 2
2023-01-11 18:14:55.947  75 80 W channel139887845451520 self_thread_id = 139887845451520, last time delay.time = 9, now count = 331, i = 2
2023-01-11 18:14:55.947  75 79 I channel139887853844224 self_thread_id = 139887853844224, last time delay.time = 8, now count = 334, i = 2
2023-01-11 18:14:55.947  75 80 E channel139887845451520 self_thread_id = 139887845451520, last time delay.time = 9, now count = 331, i = 2
2023-01-11 18:14:55.947  75 79 I channel139887853844224 self_thread_id = 139887853844224, last time delay.time = 8, now count = 334, i = 2
2023-01-11 18:14:55.947  75 79 W channel139887853844224 self_thread_id = 139887853844224, last time delay.time = 8, now count = 334, i = 2
2023-01-11 18:14:55.947  75 79 E channel139887853844224 self_thread_id = 139887853844224, last time delay.time = 8, now count = 334, i = 2
2023-01-11 18:14:55.947  75 83 I channel139887613306624 self_thread_id = 139887613306624, last time delay.time = 8, now count = 336, i = 2
2023-01-11 18:14:55.947  75 78 I channel139887862236928 self_thread_id = 139887862236928, last time delay.time = 9, now count = 333, i = 2
2023-01-11 18:14:55.947  75 83 I channel139887613306624 self_thread_id = 139887613306624, last time delay.time = 8, now count = 336, i = 2
2023-01-11 18:14:55.947  75 82 I channel139887621699328 self_thread_id = 139887621699328, last time delay.time = 10, now count = 332, i = 2
2023-01-11 18:14:55.947  75 83 W channel139887613306624 self_thread_id = 139887613306624, last time delay.time = 8, now count = 336, i = 2
2023-01-11 18:14:55.947  75 83 E channel139887613306624 self_thread_id = 139887613306624, last time delay.time = 8, now count = 336, i = 2
2023-01-11 18:14:55.947  75 82 I channel139887621699328 self_thread_id = 139887621699328, last time delay.time = 10, now count = 332, i = 2
2023-01-11 18:14:55.947  75 78 I channel139887862236928 self_thread_id = 139887862236928, last time delay.time = 9, now count = 333, i = 2
2023-01-11 18:14:55.947  75 81 I channel139887837058816 self_thread_id = 139887837058816, last time delay.time = 10, now count = 335, i = 2
2023-01-11 18:14:55.947  75 82 W channel139887621699328 self_thread_id = 139887621699328, last time delay.time = 10, now count = 332, i = 2
2023-01-11 18:14:55.947  75 81 I channel139887837058816 self_thread_id = 139887837058816, last time delay.time = 10, now count = 335, i = 2
