2023-01-11 18:08:20.872  75 83 W channel139887613306624 self_thread_id = 139887613306624, last time delay.time = 9, now count = 704, i = 2
2023-01-11 18:08:20.872  75 83 E channel139887613306624 self_thread_id = 139887613306624, last time delay.time = 9, now count = 704, i = 2
2023-01-11 18:08:21.871  75 78 I channel139887862236928 self_thread_id = 139887862236928, last time delay.time = 8, now count = 697, i = 3
2023-01-11 18:08:21.871  75 78 I channel139887862236928 self_thread_id = 139887862236928, last time delay.time = 8, now count = 697, i = 3
2023-01-11 18:08:21.871  75 78 W channel139887862236928 self_thread_id = 139887862236928, last time delay.time = 8, now count = 697, i = 3
2023-01-11 18:08:21.871  75 78 E channel139887862236928 self_thread_id = 139887862236928, last time delay.time = 8, now count = 697, i = 3
2023-01-11 18:08:21.871  75 81 I channel139887837058816 self_thread_id = 139887837058816, last time delay.time = 9, now count = 698, i = 3
2023-01-11 18:08:21.871  75 81 I channel139887837058816 self_thread_id = 139887837058816, last time delay.time = 9, now count = 698, i = 3
2023-01-11 18:08:21.871  75 81 W channel139887837058816 self_thread_id = 139887837058816, last time delay.time = 9, now count = 698, i = 3
2023-01-11 18:08:21.871  75 81 E channel139887837058816 self_thread_id = 139887837058816, last time delay.time = 9, now count = 698, i = 3
2023-01-11 18:08:21.871  75 80 I channel139887845451520 self_thread_id = 139887845451520, last time delay.time = 9, now count = 699, i = 3
2023-01-11 18:08:21.871  75 80 I channel139887845451520 self_thread_id = 139887845451520, last time delay.time = 9, now count = 699, i = 3
2023-01-11 18:08:21.871  75 80 W channel139887845451520 self_thread_id = 139887845451520, last time delay.time = 9, now count = 699, i = 3
2023-01-11 18:08:21.871  75 80 E channel139887845451520 self_thread_id = 139887845451520, last time delay.time = 9, now count = 699, i = 3
2023-01-11 18:08:21.871  75 79 I channel139887853844224 self_thread_id = 139887853844224, last time delay.time = 8, now count = 700, i = 3
2023-01-11 18:08:21.871  75 79 I channel139887853844224 self_thread_id = 139887853844224, last time delay.time = 8, now count = 700, i = 3
2023-01-11 18:08:21.872  75 79 W channel139887853844224 self_thread_id = 139887853844224, last time delay.time = 8, now count = 700, i = 3
2023-01-11 18:08:21.872  75 79 E channel139887853844224 self_thread_id = 139887853844224, last time delay.time = 8, now count = 700, i = 3
2023-01-11 18:08:21.872  75 84 I channel139887604913920 self_thread_id = 139887604913920, last time delay.time = 8, now count = 701, i = 3
2023-01-11 18:08:21.872  75 77 I channel139887870629632 self_thread_id = 139887870629632, last time delay.time = 8, now count = 702, i = 3
2023-01-11 18:08:21.872  75 84 I channel139887604913920 self_thread_id = 139887604913920, last time delay.time = 8, now count = 701, i = 3
2023-01-11 18:08:21.872  75 77 I channel139887870629632 self_thread_id = 139887870629632, last time delay.time = 8, now count = 702, i = 3
2023-01-11 18:08:21.872  75 77 W channel139887870629632 self_thread_id = 139887870629632, last time delay.time = 8, now count = 702, i = 3
2023-01-11 18:08:21.872  75 84 W channel139887604913920 self_thread_id = 139887604913920, last time delay.time = 8, now count = 701, i = 3
2023-01-11 18:08:21.872  75 77 E channel139887870629632 self_thread_id = 139887870629632, last time delay.time = 8, now count = 702, i = 3
2023-01-11 18:08:21.872  75 84 E channel139887604913920 self_thread_id = 139887604913920, last time delay.time = 8, now count = 701, i = 3
2023-01-11 18:08:21.872  75 82 I channel139887621699328 self_thread_id = 139887621699328, last time delay.time = 9, now count = 703, i = 3
2023-01-11 18:08:21.872  75 82 I channel139887621699328 self_thread_id = 139887621699328, last time delay.time = 9, now count = 703, i = 3
2023-01-11 18:08:21.872  75 82 W channel139887621699328 self_thread_id = 139887621699328, last time delay.time = 9, now count = 703, i = 3
2023-01-11 18:08:21.872  75 82 E channel139887621699328 self_thread_id = 139887621699328, last time delay.time = 9, now count = 703, i = 3
2023-01-11 18:08:21.872  75 83 I channel139887613306624 self_thread_id = 139887613306624, last time delay.time = 9, now count = 704, i = 3
2023-01-11 18:08:21.872  75 83 I channel139887613306624 self_thread_id = 139887613306624, last time delay.time = 9, now count = 704, i = 3
2023-01-11 18:08:21.872  75 83 W channel139887613306624 self_thread_id = 139887613306624, last time delay.time = 9, now count = 704, i = 3
2023-01-11 18:08:21.872  75 83 E channel139887613306624 self_thread_id = 139887613306624, last time delay.time = 9, now count = 704, i = 3
2023-01-11 18:08:22.871  75 78 I channel139887862236928 self_thread_id = 139887862236928, last time delay.time = 8, now count = 697, i = 4
2023-01-11 18:08:22.871  75 78 I channel139887862236928 self_thread_id = 139887862236928, last time delay.time = 8, now count = 697, i = 4
2023-01-11 18:08:22.871  75 78 W channel139887862236928 self_thread_id = 139887862236928, last time delay.time = 8, now count = 697, i = 4
2023-01-11 18:08:22.871  75 78 E channel139887862236928 self_thread_id = 139887862236928, last time delay.time = 8, now count = 697, i = 4
2023-01-11 18:08:22.871  75 78 I channel139887862236928 self_thread_id = 139887862236928, last time delay.time = 8, now count = 705
2023-01-11 18:08:22.871  75 81 I channel139887837058816 self_thread_id = 139887837058816, last time delay.time = 9, now count = 698, i = 4
2023-01-11 18:08:22.871  75 81 I channel139887837058816 self_thread_id = 139887837058816, last time delay.time = 9, now count = 698, i = 4
2023-01-11 18:08:22.871  75 81 W channel139887837058816 self_thread_id = 139887837058816, last time delay.time = 9, now count = 698, i = 4
2023-01-11 18:08:22.871  75 81 E channel139887837058816 self_thread_id = 139887837058816, last time delay.time = 9, now count = 698, i = 4
2023-01-11 18:08:22.871  75 81 I channel139887837058816 self_thread_id = 139887837058816, last time delay.time = 9, now count = 706
2023-01-11 18:08:22.872  75 80 I channel139887845451520 self_thread_id = 139887845451520, last time delay.time = 9, now count = 699, i = 4
2023-01-11 18:08:22.872  75 80 I channel139887845451520 self_thread_id = 139887845451520, last time delay.time = 9, now count = 699, i = 4
2023-01-11 18:08:22.872  75 80 W channel139887845451520 self_thread_id = 139887845451520, last time delay.time = 9, now count = 699, i = 4
2023-01-11 18:08:22.872  75 80 E channel139887845451520 self_thread_id = 139887845451520, last time delay.time = 9, now count = 699, i = 4
2023-01-11 18:08:22.872  75 80 I channel139887845451520 self_thread_id = 139887845451520, last time delay.time = 9, now count = 707
2023-01-11 18:08:22.872  75 79 I channel139887853844224 self_thread_id = 139887853844224, last time delay.time = 8, now count = 700, i = 4
2023-01-11 18:08:22.872  75 79 I channel139887853844224 self_thread_id = 139887853844224, last time delay.time = 8, now count = 700, i = 4
2023-01-11 18:08:22.872  75 79 W channel139887853844224 self_thread_id = 139887853844224, last time delay.time = 8, now count = 700, i = 4
2023-01-11 18:08:22.872  75 79 E channel139887853844224 self_thread_id = 139887853844224, last time delay.time = 8, now count = 700, i = 4
2023-01-11 18:08:22.872  75 79 I channel139887853844224 self_thread_id = 139887853844224, last time delay.time = 8, now count = 708
2023-01-11 18:08:22.872  75 84 I channel139887604913920 self_thread_id = 139887604913920, last time delay.time = 8, now count = 701, i = 4
2023-01-11 18:08:22.872  75 84 I channel139887604913920 self_thread_id = 139887604913920, last time delay.time = 8, now count = 701, i = 4
2023-01-11 18:08:22.872  75 84 W channel139887604913920 self_thread_id = 139887604913920, last time delay.time = 8, now count = 701, i = 4
2023-01-11 18:08:22.872  75 84 E channel139887604913920 self_thread_id = 139887604913920, last time delay.time = 8, now count = 701, i = 4
2023-01-11 18:08:22.872  75 84 I channel139887604913920 self_thread_id = 139887604913920, last time delay.time = 8, now count = 709
2023-01-11 18:08:22.872  75 77 I channel139887870629632 self_thread_id = 139887870629632, last time delay.time = 8, now count = 702, i = 4
2023-01-11 18:08:22.872  75 77 I channel139887870629632 self_thread_id = 139887870629632, last time delay.time = 8, now count = 702, i = 4
2023-01-11 18:08:22.872  75 77 W channel139887870629632 self_thread_id = 139887870629632, last time delay.time = 8, now count = 702, i = 4
2023-01-11 18:08:22.872  75 77 E channel139887870629632 self_thread_id = 139887870629632, last time delay.time = 8, now count = 702, i = 4
2023-01-11 18:08:22.872  75 77 I channel139887870629632 self_thread_id = 139887870629632, last time delay.time = 8, now count = 710
2023-01-11 18:08:22.872  75 82 I channel139887621699328 self_thread_id = 139887621699328, last time delay.time = 9, now count = 703, i = 4
2023-01-11 18:08:22.872  75 82 I channel139887621699328 self_thread_id = 139887621699328, last time delay.time = 9, now count = 703, i = 4
2023-01-11 18:08:22.872  75 82 W channel139887621699328 self_thread_id = 139887621699328, last time delay.time = 9, now count = 703, i = 4
2023-01-11 18:08:22.872  75 82 E channel139887621699328 self_thread_id = 139887621699328, last time delay.time = 9, now count = 703, i = 4
2023-01-11 18:08:22.872  75 82 I channel139887621699328 self_thread_id = 139887621699328, last time delay.time = 9, now count = 711
2023-01-11 18:08:22.872  75 83 I channel139887613306624 self_thread_id = 139887613306624, last time delay.time = 9, now count = 704, i = 4
2023-01-11 18:08:22.872  75 83 I channel139887613306624 self_thread_id = 139887613306624, last time delay.time = 9, now count = 704, i = 4
2023-01-11 18:08:22.872  75 83 W channel139887613306624 self_thread_id = 139887613306624, last time delay.time = 9, now count = 704, i = 4
2023-01-11 18:08:22.872  75 83 E channel139887613306624 self_thread_id = 139887613306624, last time delay.time = 9, now count = 704, i = 4
2023-01-11 18:08:22.872  75 83 I channel139887613306624 self_thread_id = 139887613306624, last time delay.time = 9, now count = 712
2023-01-11 18:08:23.872  75 81 I channel139887837058816 self_thread_id = 139887837058816, last time delay.time = 10, now count = 706, i = 0
2023-01-11 18:08:23.872  75 81 I channel139887837058816 self_thread_id = 139887837058816, last time delay.time = 10, now count = 706, i = 0
2023-01-11 18:08:23.872  75 81 W channel139887837058816 self_thread_id = 139887837058816, last time delay.time = 10, now count = 706, i = 0
2023-01-11 18:08:23.872  75 81 E channel139887837058816 self_thread_id = 139887837058816, last time delay.time = 10, now count = 706, i = 0
2023-01-11 18:08:23.872  75 78 I channel139887862236928 self_thread_id = 139887862236928, last time delay.time = 9, now count = 705, i = 0
2023-01-11 18:08:23.872  75 78 I channel139887862236928 self_thread_id = 139887862236928, last time delay.time = 9, now count = 705, i = 0
2023-01-11 18:08:23.872  75 78 W channel139887862236928 self_thread_id = 139887862236928, last time delay.time = 9, now count = 705, i = 0
2023-01-11 18:08:23.872  75 78 E channel139887862236928 self_thread_id = 139887862236928, last time delay.time = 9, now count = 705, i = 0
2023-01-11 18:08:23.872  75 79 I channel139887853844224 self_thread_id = 139887853844224, last time delay.time = 8, now count = 708, i = 0
2023-01-11 18:08:23.872  75 80 I channel139887845451520 self_thread_id = 139887845451520, last time delay.time = 9, now count = 707, i = 0
2023-01-11 18:08:23.872  75 79 I channel139887853844224 self_thread_id = 139887853844224, last time delay.time = 8, now count = 708, i = 0
2023-01-11 18:08:23.872  75 80 I channel139887845451520 self_thread_id = 139887845451520, last time delay.time = 9, now count = 707, i = 0
2023-01-11 18:08:23.872  75 79 W channel139887853844224 self_thread_id = 139887853844224, last time delay.time = 8, now count = 708, i = 0
2023-01-11 18:08:23.872  75 80 W channel139887845451520 self_thread_id = 139887845451520, last time delay.time = 9, now count = 707, i = 0
2023-01-11 18:08:23.872  75 80 E channel139887845451520 self_thread_id = 139887845451520, last time delay.time = 9, now count = 707, i = 0
2023-01-11 18:08:23.872  75 79 E channel139887853844224 self_thread_id = 139887853844224, last time delay.time = 8, now count = 708, i = 0
2023-01-11 18:08:23.872  75 84 I channel139887604913920 self_thread_id = 139887604913920, last time delay.time = 8, now count = 709, i = 0
2023-01-11 18:08:23.872  75 84 I channel139887604913920 self_thread_id = 139887604913920, last time delay.time = 8, now count = 709, i = 0
2023-01-11 18:08:23.872  75 77 I channel139887870629632 self_thread_id = 139887870629632, last time delay.time = 7, now count = 710, i = 0
2023-01-11 18:08:23.872  75 77 I channel139887870629632 self_thread_id = 139887870629632, last time delay.time = 7, now count = 710, i = 0
2023-01-11 18:08:23.872  75 84 W channel139887604913920 self_thread_id = 139887604913920, last time delay.time = 8, now count = 709, i = 0
2023-01-11 18:08:23.872  75 77 W channel139887870629632 self_thread_id = 139887870629632, last time delay.time = 7, now count = 710, i = 0
2023-01-11 18:08:23.872  75 84 E channel139887604913920 self_thread_id = 139887604913920, last time delay.time = 8, now count = 709, i = 0
2023-01-11 18:08:23.872  75 77 E channel139887870629632 self_thread_id = 139887870629632, last time delay.time = 7, now count = 710, i = 0
2023-01-11 18:08:23.872  75 82 I channel139887621699328 self_thread_id = 139887621699328, last time delay.time = 8, now count = 711, i = 0
2023-01-11 18:08:23.872  75 82 I channel139887621699328 self_thread_id = 139887621699328, last time delay.time = 8, now count = 711, i = 0
2023-01-11 18:08:23.872  75 82 W channel139887621699328 self_thread_id = 139887621699328, last time delay.time = 8, now count = 711, i = 0
2023-01-11 18:08:23.872  75 82 E channel139887621699328 self_thread_id = 139887621699328, last time delay.time = 8, now count = 711, i = 0
2023-01-11 18:08:23.872  75 83 I channel139887613306624 self_thread_id = 139887613306624, last time delay.time = 9, now count = 712, i = 0
2023-01-11 18:08:23.873  75 83 I channel139887613306624 self_thread_id = 139887613306624, last time delay.time = 9, now count = 712, i = 0
2023-01-11 18:08:23.873  75 83 W channel139887613306624 self_thread_id = 139887613306624, last time delay.time = 9, now count = 712, i = 0
2023-01-11 18:08:23.873  75 83 E channel139887613306624 self_thread_id = 139887613306624, last time delay.time = 9, now count = 712, i = 0
2023-01-11 18:08:24.872  75 81 I channel139887837058816 self_thread_id = 139887837058816, last time delay.time = 10, now count = 706, i = 1
2023-01-11 18:08:24.872  75 81 I channel139887837058816 self_thread_id = 139887837058816, last time delay.time = 10, now count = 706, i = 1
2023-01-11 18:08:24.872  75 78 I channel139887862236928 self_thread_id = 139887862236928, last time delay.time = 9, now count = 705, i = 1
2023-01-11 18:08:24.872  75 81 W channel139887837058816 self_thread_id = 139887837058816, last time delay.time = 10, now count = 706, i = 1
2023-01-11 18:08:24.872  75 81 E channel139887837058816 self_thread_id = 139887837058816, last time delay.time = 10, now count = 706, i = 1
2023-01-11 18:08:24.872  75 78 I channel139887862236928 self_thread_id = 139887862236928, last time delay.time = 9, now count = 705, i = 1
2023-01-11 18:08:24.872  75 78 W channel139887862236928 self_thread_id = 139887862236928, last time delay.time = 9, now count = 705, i = 1
2023-01-11 18:08:24.872  75 78 E channel139887862236928 self_thread_id = 139887862236928, last time delay.time = 9, now count = 705, i = 1
2023-01-11 18:08:24.872  75 79 I channel139887853844224 self_thread_id = 139887853844224, last time delay.time = 8, now count = 708, i = 1
2023-01-11 18:08:24.872  75 79 I channel139887853844224 self_thread_id = 139887853844224, last time delay.time = 8, now count = 708, i = 1
2023-01-11 18:08:24.872  75 79 W channel139887853844224 self_thread_id = 139887853844224, last time delay.time = 8, now count = 708, i = 1
2023-01-11 18:08:24.872  75 79 E channel139887853844224 self_thread_id = 139887853844224, last time delay.time = 8, now count = 708, i = 1
2023-01-11 18:08:24.872  75 80 I channel139887845451520 self_thread_id = 139887845451520, last time delay.time = 9, now count = 707, i = 1
2023-01-11 18:08:24.872  75 84 I channel139887604913920 self_thread_id = 139887604913920, last time delay.time = 8, now count = 709, i = 1
2023-01-11 18:08:24.872  75 77 I channel139887870629632 self_thread_id = 139887870629632, last time delay.time = 7, now count = 710, i = 1
2023-01-11 18:08:24.872  75 80 I channel139887845451520 self_thread_id = 139887845451520, last time delay.time = 9, now count = 707, i = 1
2023-01-11 18:08:24.872  75 84 I channel139887604913920 self_thread_id = 139887604913920, last time delay.time = 8, now count = 709, i = 1
2023-01-11 18:08:24.872  75 77 I channel139887870629632 self_thread_id = 139887870629632, last time delay.time = 7, now count = 710, i = 1
2023-01-11 18:08:24.872  75 84 W channel139887604913920 self_thread_id = 139887604913920, last time delay.time = 8, now count = 709, i = 1
2023-01-11 18:08:24.872  75 80 W channel139887845451520 self_thread_id = 139887845451520, last time delay.time = 9, now count = 707, i = 1
2023-01-11 18:08:24.872  75 77 W channel139887870629632 self_thread_id = 139887870629632, last time delay.time = 7, now count = 710, i = 1
2023-01-11 18:08:24.872  75 84 E channel139887604913920 self_thread_id = 139887604913920, last time delay.time = 8, now count = 709, i = 1
2023-01-11 18:08:24.872  75 80 E channel139887845451520 self_thread_id = 139887845451520, last time delay.time = 9, now count = 707, i = 1
2023-01-11 18:08:24.872  75 77 E channel139887870629632 self_thread_id = 139887870629632, last time delay.time = 7, now count = 710, i = 1
2023-01-11 18:08:24.872  75 82 I channel139887621699328 self_thread_id = 139887621699328, last time delay.time = 8, now count = 711, i = 1
2023-01-11 18:08:24.872  75 82 I channel139887621699328 self_thread_id = 139887621699328, last time delay.time = 8, now count = 711, i = 1
2023-01-11 18:08:24.872  75 82 W channel139887621699328 self_thread_id = 139887621699328, last time delay.time = 8, now count = 711, i = 1
2023-01-11 18:08:24.872  75 82 E channel139887621699328 self_thread_id = 139887621699328, last time delay.time = 8, now count = 711, i = 1
2023-01-11 18:08:24.873  75 83 I channel139887613306624 self_thread_id = 139887613306624, last time delay.time = 9, now count = 712, i = 1
2023-01-11 18:08:24.873  75 83 I channel139887613306624 self_thread_id = 139887613306624, last time delay.time = 9, now count = 712, i = 1
2023-01-11 18:08:24.873  75 83 W channel139887613306624 self_thread_id = 139887613306624, last time delay.time = 9, now count = 712, i = 1
2023-01-11 18:08:24.873  75 83 E channel139887613306624 self_thread_id = 139887613306624, last time delay.time = 9, now count = 712, i = 1
2023-01-11 18:08:25.872  75 81 I channel139887837058816 self_thread_id = 139887837058816, last time delay.time = 10, now count = 706, i = 2
2023-01-11 18:08:25.872  75 81 I channel139887837058816 self_thread_id = 139887837058816, last time delay.time = 10, now count = 706, i = 2
2023-01-11 18:08:25.872  75 81 W channel139887837058816 self_thread_id = 139887837058816, last time delay.time = 10, now count = 706, i = 2
2023-01-11 18:08:25.872  75 78 I channel139887862236928 self_thread_id = 139887862236928, last time delay.time = 9, now count = 705, i = 2
2023-01-11 18:08:25.872  75 81 E channel139887837058816 self_thread_id = 139887837058816, last time delay.time = 10, now count = 706, i = 2
2023-01-11 18:08:25.872  75 78 I channel139887862236928 self_thread_id = 139887862236928, last time delay.time = 9, now count = 705, i = 2
2023-01-11 18:08:25.872  75 78 W channel139887862236928 self_thread_id = 139887862236928, last time delay.time = 9, now count = 705, i = 2
2023-01-11 18:08:25.872  75 78 E channel139887862236928 self_thread_id = 139887862236928, last time delay.time = 9, now count = 705, i = 2
2023-01-11 18:08:25.872  75 79 I channel139887853844224 self_thread_id = 139887853844224, last time delay.time = 8, now count = 708, i = 2
2023-01-11 18:08:25.872  75 79 I channel139887853844224 self_thread_id = 139887853844224, last time delay.time = 8, now count = 708, i = 2
2023-01-11 18:08:25.872  75 79 W channel139887853844224 self_thread_id = 139887853844224, last time delay.time = 8, now count = 708, i = 2
2023-01-11 18:08:25.872  75 79 E channel139887853844224 self_thread_id = 139887853844224, last time delay.time = 8, now count = 708, i = 2
2023-01-11 18:08:25.872  75 84 I channel139887604913920 self_thread_id = 139887604913920, last time delay.time = 8, now count = 709, i = 2
2023-01-11 18:08:25.872  75 84 I channel139887604913920 self_thread_id = 139887604913920, last time delay.time = 8, now count = 709, i = 2
2023-01-11 18:08:25.872  75 84 W channel139887604913920 self_thread_id = 139887604913920, last time delay.time = 8, now count = 709, i = 2
2023-01-11 18:08:25.872  75 84 E channel139887604913920 self_thread_id = 139887604913920, last time delay.time = 8, now count = 709, i = 2
2023-01-11 18:08:25.872  75 80 I channel139887845451520 self_thread_id = 139887845451520, last time delay.time = 9, now count = 707, i = 2
2023-01-11 18:08:25.872  75 80 I channel139887845451520 self_thread_id = 139887845451520, last time delay.time = 9, now count = 707, i = 2
2023-01-11 18:08:25.872  75 80 W channel139887845451520 self_thread_id = 139887845451520, last time delay.time = 9, now count = 707, i = 2
2023-01-11 18:08:25.872  75 80 E channel139887845451520 self_thread_id = 139887845451520, last time delay.time = 9, now count = 707, i = 2
2023-01-11 18:08:25.872  75 77 I channel139887870629632 self_thread_id = 139887870629632, last time delay.time = 7, now count = 710, i = 2
2023-01-11 18:08:25.872  75 77 I channel139887870629632 self_thread_id = 139887870629632, last time delay.time = 7, now count = 710, i = 2
2023-01-11 18:08:25.872  75 77 W channel139887870629632 self_thread_id = 139887870629632, last time delay.time = 7, now count = 710, i = 2
2023-01-11 18:08:25.872  75 77 E channel139887870629632 self_thread_id = 139887870629632, last time delay.time = 7, now count = 710, i = 2
2023-01-11 18:08:25.873  75 82 I channel139887621699328 self_thread_id = 139887621699328, last time delay.time = 8, now count = 711, i = 2
2023-01-11 18:08:25.873  75 82 I channel139887621699328 self_thread_id = 139887621699328, last time delay.time = 8, now count = 711, i = 2
2023-01-11 18:08:25.873  75 82 W channel139887621699328 self_thread_id = 139887621699328, last time delay.time = 8, now count = 711, i = 2
2023-01-11 18:08:25.873  75 82 E channel139887621699328 self_thread_id = 139887621699328, last time delay.time = 8, now count = 711, i = 2
2023-01-11 18:08:25.873  75 83 I channel139887613306624 self_thread_id = 139887613306624, last time delay.time = 9, now count = 712, i = 2
2023-01-11 18:08:25.873  75 83 I channel139887613306624 self_thread_id = 139887613306624, last time delay.time = 9, now count = 712, i = 2
2023-01-11 18:08:25.873  75 83 W channel139887613306624 self_thread_id = 139887613306624, last time delay.time = 9, now count = 712, i = 2
2023-01-11 18:08:25.873  75 83 E channel139887613306624 self_thread_id = 139887613306624, last time delay.time = 9, now count = 712, i = 2
2023-01-11 18:08:26.537  75 75 I APP.tag TestComponent::Proc
2023-01-11 18:08:26.537  75 75 I APP.tag ****************test INFO begin****************
2023-01-11 18:08:26.537  75 75 I APP.tag 测试 index = 858组
2023-01-11 18:08:26.537  75 75 E APP.tag 循环计数 i = 1次
2023-01-11 18:08:26.537  75 75 I APP.tag test LOG_Trace()
2023-01-11 18:08:26.537  75 75 I vscode 循环计数 i = 1次,test LOG_Channel_Trace()
2023-01-11 18:08:26.537  75 75 E APP.tag 循环计数 i = 2次
2023-01-11 18:08:26.537  75 75 E APP.tag 循环计数 i = 3次
2023-01-11 18:08:26.537  75 75 I APP.tag test LOG_Info()
2023-01-11 18:08:26.537  75 75 I baidu 循环计数 i = 3次,test LOG_Channel_Info()
2023-01-11 18:08:26.537  75 75 E APP.tag 循环计数 i = 4次
2023-01-11 18:08:26.537  75 75 W APP.tag test LOG_Warn()
2023-01-11 18:08:26.537  75 75 W google 循环计数 i = 4次,test LOG_Channel_Warn()
2023-01-11 18:08:26.537  75 75 E APP.tag 循环计数 i = 5次
2023-01-11 18:08:26.538  75 75 E APP.tag test LOG_Error()
2023-01-11 18:08:26.538  75 75 E visio 循环计数 i = 5次,test LOG_Channel_Error()
2023-01-11 18:08:26.538  75 75 I APP.tag print coredump DataLen:2 Data[01 00]
2023-01-11 18:08:26.538  75 75 W coredump 0x0000000a 0a 00 00 00 0b 00 00 00 0c 00 00 00 0d 00 00 00 0e 00 00 00
2023-01-11 18:08:26.538  75 75 I APP.tag ****************test INFO end****************
2023-01-11 18:08:26.872  75 81 I channel139887837058816 self_thread_id = 139887837058816, last time delay.time = 10, now count = 706, i = 3
2023-01-11 18:08:26.872  75 78 I channel139887862236928 self_thread_id = 139887862236928, last time delay.time = 9, now count = 705, i = 3
2023-01-11 18:08:26.872  75 81 I channel139887837058816 self_thread_id = 139887837058816, last time delay.time = 10, now count = 706, i = 3
2023-01-11 18:08:26.872  75 81 W channel139887837058816 self_thread_id = 139887837058816, last time delay.time = 10, now count = 706, i = 3
2023-01-11 18:08:26.872  75 78 I channel139887862236928 self_thread_id = 139887862236928, last time delay.time = 9, now count = 705, i = 3
2023-01-11 18:08:26.872  75 81 E channel139887837058816 self_thread_id = 139887837058816, last time delay.time = 10, now count = 706, i = 3
2023-01-11 18:08:26.872  75 78 W channel139887862236928 self_thread_id = 139887862236928, last time delay.time = 9, now count = 705, i = 3
2023-01-11 18:08:26.872  75 78 E channel139887862236928 self_thread_id = 139887862236928, last time delay.time = 9, now count = 705, i = 3
2023-01-11 18:08:26.872  75 79 I channel139887853844224 self_thread_id = 139887853844224, last time delay.time = 8, now count = 708, i = 3
2023-01-11 18:08:26.872  75 79 I channel139887853844224 self_thread_id = 139887853844224, last time delay.time = 8, now count = 708, i = 3
2023-01-11 18:08:26.872  75 79 W channel139887853844224 self_thread_id = 139887853844224, last time delay.time = 8, now count = 708, i = 3
2023-01-11 18:08:26.872  75 79 E channel139887853844224 self_thread_id = 139887853844224, last time delay.time = 8, now count = 708, i = 3
2023-01-11 18:08:26.872  75 84 I channel139887604913920 self_thread_id = 139887604913920, last time delay.time = 8, now count = 709, i = 3
2023-01-11 18:08:26.872  75 84 I channel139887604913920 self_thread_id = 139887604913920, last time delay.time = 8, now count = 709, i = 3
2023-01-11 18:08:26.872  75 84 W channel139887604913920 self_thread_id = 139887604913920, last time delay.time = 8, now count = 709, i = 3
2023-01-11 18:08:26.872  75 84 E channel139887604913920 self_thread_id = 139887604913920, last time delay.time = 8, now count = 709, i = 3
2023-01-11 18:08:26.872  75 80 I channel139887845451520 self_thread_id = 139887845451520, last time delay.time = 9, now count = 707, i = 3
2023-01-11 18:08:26.872  75 80 I channel139887845451520 self_thread_id = 139887845451520, last time delay.time = 9, now count = 707, i = 3
2023-01-11 18:08:26.872  75 80 W channel139887845451520 self_thread_id = 139887845451520, last time delay.time = 9, now count = 707, i = 3
2023-01-11 18:08:26.872  75 77 I channel139887870629632 self_thread_id = 139887870629632, last time delay.time = 7, now count = 710, i = 3
2023-01-11 18:08:26.872  75 80 E channel139887845451520 self_thread_id = 139887845451520, last time delay.time = 9, now count = 707, i = 3
2023-01-11 18:08:26.872  75 77 I channel139887870629632 self_thread_id = 139887870629632, last time delay.time = 7, now count = 710, i = 3
2023-01-11 18:08:26.872  75 77 W channel139887870629632 self_thread_id = 139887870629632, last time delay.time = 7, now count = 710, i = 3
2023-01-11 18:08:26.872  75 77 E channel139887870629632 self_thread_id = 139887870629632, last time delay.time = 7, now count = 710, i = 3
2023-01-11 18:08:26.873  75 82 I channel139887621699328 self_thread_id = 139887621699328, last time delay.time = 8, now count = 711, i = 3
2023-01-11 18:08:26.873  75 82 I channel139887621699328 self_thread_id = 139887621699328, last time delay.time = 8, now count = 711, i = 3
2023-01-11 18:08:26.873  75 82 W channel139887621699328 self_thread_id = 139887621699328, last time delay.time = 8, now count = 711, i = 3
2023-01-11 18:08:26.873  75 82 E channel139887621699328 self_thread_id = 139887621699328, last time delay.time = 8, now count = 711, i = 3
2023-01-11 18:08:26.873  75 83 I channel139887613306624 self_thread_id = 139887613306624, last time delay.time = 9, now count = 712, i = 3
2023-01-11 18:08:26.873  75 83 I channel139887613306624 self_thread_id = 139887613306624, last time delay.time = 9, now count = 712, i = 3
2023-01-11 18:08:26.873  75 83 W channel139887613306624 self_thread_id = 139887613306624, last time delay.time = 9, now count = 712, i = 3
2023-01-11 18:08:26.873  75 83 E channel139887613306624 self_thread_id = 139887613306624, last time delay.time = 9, now count = 712, i = 3
2023-01-11 18:08:27.872  75 78 I channel139887862236928 self_thread_id = 139887862236928, last time delay.time = 9, now count = 705, i = 4
2023-01-11 18:08:27.872  75 78 I channel139887862236928 self_thread_id = 139887862236928, last time delay.time = 9, now count = 705, i = 4
2023-01-11 18:08:27.872  75 81 I channel139887837058816 self_thread_id = 139887837058816, last time delay.time = 10, now count = 706, i = 4
2023-01-11 18:08:27.872  75 78 W channel139887862236928 self_thread_id = 139887862236928, last time delay.time = 9, now count = 705, i = 4
2023-01-11 18:08:27.872  75 78 E channel139887862236928 self_thread_id = 139887862236928, last time delay.time = 9, now count = 705, i = 4
2023-01-11 18:08:27.872  75 81 I channel139887837058816 self_thread_id = 139887837058816, last time delay.time = 10, now count = 706, i = 4
2023-01-11 18:08:27.872  75 78 I channel139887862236928 self_thread_id = 139887862236928, last time delay.time = 9, now count = 713
2023-01-11 18:08:27.872  75 81 W channel139887837058816 self_thread_id = 139887837058816, last time delay.time = 10, now count = 706, i = 4
2023-01-11 18:08:27.872  75 81 E channel139887837058816 self_thread_id = 139887837058816, last time delay.time = 10, now count = 706, i = 4
2023-01-11 18:08:27.872  75 81 I channel139887837058816 self_thread_id = 139887837058816, last time delay.time = 10, now count = 714
2023-01-11 18:08:27.872  75 79 I channel139887853844224 self_thread_id = 139887853844224, last time delay.time = 8, now count = 708, i = 4
2023-01-11 18:08:27.872  75 79 I channel139887853844224 self_thread_id = 139887853844224, last time delay.time = 8, now count = 708, i = 4
2023-01-11 18:08:27.872  75 79 W channel139887853844224 self_thread_id = 139887853844224, last time delay.time = 8, now count = 708, i = 4
2023-01-11 18:08:27.873  75 79 E channel139887853844224 self_thread_id = 139887853844224, last time delay.time = 8, now count = 708, i = 4
2023-01-11 18:08:27.873  75 79 I channel139887853844224 self_thread_id = 139887853844224, last time delay.time = 8, now count = 715
2023-01-11 18:08:27.873  75 84 I channel139887604913920 self_thread_id = 139887604913920, last time delay.time = 8, now count = 709, i = 4
2023-01-11 18:08:27.873  75 84 I channel139887604913920 self_thread_id = 139887604913920, last time delay.time = 8, now count = 709, i = 4
2023-01-11 18:08:27.873  75 84 W channel139887604913920 self_thread_id = 139887604913920, last time delay.time = 8, now count = 709, i = 4
2023-01-11 18:08:27.873  75 84 E channel139887604913920 self_thread_id = 139887604913920, last time delay.time = 8, now count = 709, i = 4
2023-01-11 18:08:27.873  75 80 I channel139887845451520 self_thread_id = 139887845451520, last time delay.time = 9, now count = 707, i = 4
2023-01-11 18:08:27.873  75 84 I channel139887604913920 self_thread_id = 139887604913920, last time delay.time = 8, now count = 716
2023-01-11 18:08:27.873  75 80 I channel139887845451520 self_thread_id = 139887845451520, last time delay.time = 9, now count = 707, i = 4
2023-01-11 18:08:27.873  75 80 W channel139887845451520 self_thread_id = 139887845451520, last time delay.time = 9, now count = 707, i = 4
2023-01-11 18:08:27.873  75 80 E channel139887845451520 self_thread_id = 139887845451520, last time delay.time = 9, now count = 707, i = 4
2023-01-11 18:08:27.873  75 80 I channel139887845451520 self_thread_id = 139887845451520, last time delay.time = 9, now count = 717
2023-01-11 18:08:27.873  75 77 I channel139887870629632 self_thread_id = 139887870629632, last time delay.time = 7, now count = 710, i = 4
2023-01-11 18:08:27.873  75 77 I channel139887870629632 self_thread_id = 139887870629632, last time delay.time = 7, now count = 710, i = 4
2023-01-11 18:08:27.873  75 77 W channel139887870629632 self_thread_id = 139887870629632, last time delay.time = 7, now count = 710, i = 4
2023-01-11 18:08:27.873  75 77 E channel139887870629632 self_thread_id = 139887870629632, last time delay.time = 7, now count = 710, i = 4
2023-01-11 18:08:27.873  75 77 I channel139887870629632 self_thread_id = 139887870629632, last time delay.time = 7, now count = 718
2023-01-11 18:08:27.873  75 82 I channel139887621699328 self_thread_id = 139887621699328, last time delay.time = 8, now count = 711, i = 4
2023-01-11 18:08:27.873  75 82 I channel139887621699328 self_thread_id = 139887621699328, last time delay.time = 8, now count = 711, i = 4
2023-01-11 18:08:27.873  75 82 W channel139887621699328 self_thread_id = 139887621699328, last time delay.time = 8, now count = 711, i = 4
2023-01-11 18:08:27.873  75 82 E channel139887621699328 self_thread_id = 139887621699328, last time delay.time = 8, now count = 711, i = 4
2023-01-11 18:08:27.873  75 82 I channel139887621699328 self_thread_id = 139887621699328, last time delay.time = 8, now count = 719
2023-01-11 18:08:27.873  75 83 I channel139887613306624 self_thread_id = 139887613306624, last time delay.time = 9, now count = 712, i = 4
2023-01-11 18:08:27.873  75 83 I channel139887613306624 self_thread_id = 139887613306624, last time delay.time = 9, now count = 712, i = 4
2023-01-11 18:08:27.873  75 83 W channel139887613306624 self_thread_id = 139887613306624, last time delay.time = 9, now count = 712, i = 4
2023-01-11 18:08:27.873  75 83 E channel139887613306624 self_thread_id = 139887613306624, last time delay.time = 9, now count = 712, i = 4
2023-01-11 18:08:27.873  75 83 I channel139887613306624 self_thread_id = 139887613306624, last time delay.time = 9, now count = 720
2023-01-11 18:08:28.872  75 78 I channel139887862236928 self_thread_id = 139887862236928, last time delay.time = 10, now count = 713, i = 0
2023-01-11 18:08:28.873  75 78 I channel139887862236928 self_thread_id = 139887862236928, last time delay.time = 10, now count = 713, i = 0
2023-01-11 18:08:28.873  75 78 W channel139887862236928 self_thread_id = 139887862236928, last time delay.time = 10, now count = 713, i = 0
2023-01-11 18:08:28.873  75 81 I channel139887837058816 self_thread_id = 139887837058816, last time delay.time = 8, now count = 714, i = 0
2023-01-11 18:08:28.873  75 78 E channel139887862236928 self_thread_id = 139887862236928, last time delay.time = 10, now count = 713, i = 0
2023-01-11 18:08:28.873  75 81 I channel139887837058816 self_thread_id = 139887837058816, last time delay.time = 8, now count = 714, i = 0
2023-01-11 18:08:28.873  75 81 W channel139887837058816 self_thread_id = 139887837058816, last time delay.time = 8, now count = 714, i = 0
2023-01-11 18:08:28.873  75 81 E channel139887837058816 self_thread_id = 139887837058816, last time delay.time = 8, now count = 714, i = 0
2023-01-11 18:08:28.873  75 79 I channel139887853844224 self_thread_id = 139887853844224, last time delay.time = 9, now count = 715, i = 0
2023-01-11 18:08:28.873  75 84 I channel139887604913920 self_thread_id = 139887604913920, last time delay.time = 26, now count = 716, i = 0
2023-01-11 18:08:28.873  75 79 I channel139887853844224 self_thread_id = 139887853844224, last time delay.time = 9, now count = 715, i = 0
2023-01-11 18:08:28.873  75 79 W channel139887853844224 self_thread_id = 139887853844224, last time delay.time = 9, now count = 715, i = 0
2023-01-11 18:08:28.873  75 84 I channel139887604913920 self_thread_id = 139887604913920, last time delay.time = 26, now count = 716, i = 0
2023-01-11 18:08:28.873  75 84 W channel139887604913920 self_thread_id = 139887604913920, last time delay.time = 26, now count = 716, i = 0
2023-01-11 18:08:28.873  75 79 E channel139887853844224 self_thread_id = 139887853844224, last time delay.time = 9, now count = 715, i = 0
2023-01-11 18:08:28.873  75 84 E channel139887604913920 self_thread_id = 139887604913920, last time delay.time = 26, now count = 716, i = 0
2023-01-11 18:08:28.873  75 80 I channel139887845451520 self_thread_id = 139887845451520, last time delay.time = 8, now count = 717, i = 0
2023-01-11 18:08:28.873  75 80 I channel139887845451520 self_thread_id = 139887845451520, last time delay.time = 8, now count = 717, i = 0
2023-01-11 18:08:28.873  75 77 I channel139887870629632 self_thread_id = 139887870629632, last time delay.time = 9, now count = 718, i = 0
2023-01-11 18:08:28.873  75 80 W channel139887845451520 self_thread_id = 139887845451520, last time delay.time = 8, now count = 717, i = 0
2023-01-11 18:08:28.873  75 80 E channel139887845451520 self_thread_id = 139887845451520, last time delay.time = 8, now count = 717, i = 0
2023-01-11 18:08:28.873  75 77 I channel139887870629632 self_thread_id = 139887870629632, last time delay.time = 9, now count = 718, i = 0
2023-01-11 18:08:28.873  75 77 W channel139887870629632 self_thread_id = 139887870629632, last time delay.time = 9, now count = 718, i = 0
2023-01-11 18:08:28.873  75 77 E channel139887870629632 self_thread_id = 139887870629632, last time delay.time = 9, now count = 718, i = 0
2023-01-11 18:08:28.873  75 82 I channel139887621699328 self_thread_id = 139887621699328, last time delay.time = 9, now count = 719, i = 0
2023-01-11 18:08:28.873  75 82 I channel139887621699328 self_thread_id = 139887621699328, last time delay.time = 9, now count = 719, i = 0
2023-01-11 18:08:28.873  75 82 W channel139887621699328 self_thread_id = 139887621699328, last time delay.time = 9, now count = 719, i = 0
2023-01-11 18:08:28.873  75 82 E channel139887621699328 self_thread_id = 139887621699328, last time delay.time = 9, now count = 719, i = 0
2023-01-11 18:08:28.873  75 83 I channel139887613306624 self_thread_id = 139887613306624, last time delay.time = 9, now count = 720, i = 0
2023-01-11 18:08:28.873  75 83 I channel139887613306624 self_thread_id = 139887613306624, last time delay.time = 9, now count = 720, i = 0
2023-01-11 18:08:28.873  75 83 W channel139887613306624 self_thread_id = 139887613306624, last time delay.time = 9, now count = 720, i = 0
2023-01-11 18:08:28.873  75 83 E channel139887613306624 self_thread_id = 139887613306624, last time delay.time = 9, now count = 720, i = 0
2023-01-11 18:08:29.873  75 78 I channel139887862236928 self_thread_id = 139887862236928, last time delay.time = 10, now count = 713, i = 1
2023-01-11 18:08:29.873  75 78 I channel139887862236928 self_thread_id = 139887862236928, last time delay.time = 10, now count = 713, i = 1
2023-01-11 18:08:29.873  75 78 W channel139887862236928 self_thread_id = 139887862236928, last time delay.time = 10, now count = 713, i = 1
2023-01-11 18:08:29.873  75 78 E channel139887862236928 self_thread_id = 139887862236928, last time delay.time = 10, now count = 713, i = 1
2023-01-11 18:08:29.873  75 81 I channel139887837058816 self_thread_id = 139887837058816, last time delay.time = 8, now count = 714, i = 1
2023-01-11 18:08:29.873  75 81 I channel139887837058816 self_thread_id = 139887837058816, last time delay.time = 8, now count = 714, i = 1
2023-01-11 18:08:29.873  75 81 W channel139887837058816 self_thread_id = 139887837058816, last time delay.time = 8, now count = 714, i = 1
2023-01-11 18:08:29.873  75 81 E channel139887837058816 self_thread_id = 139887837058816, last time delay.time = 8, now count = 714, i = 1
2023-01-11 18:08:29.873  75 84 I channel139887604913920 self_thread_id = 139887604913920, last time delay.time = 26, now count = 716, i = 1
2023-01-11 18:08:29.873  75 84 I channel139887604913920 self_thread_id = 139887604913920, last time delay.time = 26, now count = 716, i = 1
2023-01-11 18:08:29.873  75 84 W channel139887604913920 self_thread_id = 139887604913920, last time delay.time = 26, now count = 716, i = 1
2023-01-11 18:08:29.873  75 84 E channel139887604913920 self_thread_id = 139887604913920, last time delay.time = 26, now count = 716, i = 1
2023-01-11 18:08:29.873  75 79 I channel139887853844224 self_thread_id = 139887853844224, last time delay.time = 9, now count = 715, i = 1
2023-01-11 18:08:29.873  75 79 I channel139887853844224 self_thread_id = 139887853844224, last time delay.time = 9, now count = 715, i = 1
2023-01-11 18:08:29.873  75 79 W channel139887853844224 self_thread_id = 139887853844224, last time delay.time = 9, now count = 715, i = 1
2023-01-11 18:08:29.873  75 79 E channel139887853844224 self_thread_id = 139887853844224, last time delay.time = 9, now count = 715, i = 1
2023-01-11 18:08:29.873  75 77 I channel139887870629632 self_thread_id = 139887870629632, last time delay.time = 9, now count = 718, i = 1
2023-01-11 18:08:29.873  75 77 I channel139887870629632 self_thread_id = 139887870629632, last time delay.time = 9, now count = 718, i = 1
2023-01-11 18:08:29.873  75 77 W channel139887870629632 self_thread_id = 139887870629632, last time delay.time = 9, now count = 718, i = 1
2023-01-11 18:08:29.873  75 77 E channel139887870629632 self_thread_id = 139887870629632, last time delay.time = 9, now count = 718, i = 1
2023-01-11 18:08:29.873  75 80 I channel139887845451520 self_thread_id = 139887845451520, last time delay.time = 8, now count = 717, i = 1
2023-01-11 18:08:29.873  75 80 I channel139887845451520 self_thread_id = 139887845451520, last time delay.time = 8, now count = 717, i = 1
2023-01-11 18:08:29.873  75 80 W channel139887845451520 self_thread_id = 139887845451520, last time delay.time = 8, now count = 717, i = 1
2023-01-11 18:08:29.873  75 80 E channel139887845451520 self_thread_id = 139887845451520, last time delay.time = 8, now count = 717, i = 1
2023-01-11 18:08:29.873  75 82 I channel139887621699328 self_thread_id = 139887621699328, last time delay.time = 9, now count = 719, i = 1
2023-01-11 18:08:29.873  75 82 I channel139887621699328 self_thread_id = 139887621699328, last time delay.time = 9, now count = 719, i = 1
2023-01-11 18:08:29.873  75 82 W channel139887621699328 self_thread_id = 139887621699328, last time delay.time = 9, now count = 719, i = 1
2023-01-11 18:08:29.873  75 82 E channel139887621699328 self_thread_id = 139887621699328, last time delay.time = 9, now count = 719, i = 1
2023-01-11 18:08:29.874  75 83 I channel139887613306624 self_thread_id = 139887613306624, last time delay.time = 9, now count = 720, i = 1
2023-01-11 18:08:29.874  75 83 I channel139887613306624 self_thread_id = 139887613306624, last time delay.time = 9, now count = 720, i = 1
2023-01-11 18:08:29.874  75 83 W channel139887613306624 self_thread_id = 139887613306624, last time delay.time = 9, now count = 720, i = 1
2023-01-11 18:08:29.874  75 83 E channel139887613306624 self_thread_id = 139887613306624, last time delay.time = 9, now count = 720, i = 1
2023-01-11 18:08:30.873  75 78 I channel139887862236928 self_thread_id = 139887862236928, last time delay.time = 10, now count = 713, i = 2
2023-01-11 18:08:30.873  75 78 I channel139887862236928 self_thread_id = 139887862236928, last time delay.time = 10, now count = 713, i = 2
2023-01-11 18:08:30.873  75 78 W channel139887862236928 self_thread_id = 139887862236928, last time delay.time = 10, now count = 713, i = 2
2023-01-11 18:08:30.873  75 78 E channel139887862236928 self_thread_id = 139887862236928, last time delay.time = 10, now count = 713, i = 2
2023-01-11 18:08:30.873  75 81 I channel139887837058816 self_thread_id = 139887837058816, last time delay.time = 8, now count = 714, i = 2
2023-01-11 18:08:30.873  75 81 I channel139887837058816 self_thread_id = 139887837058816, last time delay.time = 8, now count = 714, i = 2
2023-01-11 18:08:30.873  75 81 W channel139887837058816 self_thread_id = 139887837058816, last time delay.time = 8, now count = 714, i = 2
2023-01-11 18:08:30.873  75 81 E channel139887837058816 self_thread_id = 139887837058816, last time delay.time = 8, now count = 714, i = 2
2023-01-11 18:08:30.873  75 84 I channel139887604913920 self_thread_id = 139887604913920, last time delay.time = 26, now count = 716, i = 2
2023-01-11 18:08:30.873  75 84 I channel139887604913920 self_thread_id = 139887604913920, last time delay.time = 26, now count = 716, i = 2
2023-01-11 18:08:30.873  75 84 W channel139887604913920 self_thread_id = 139887604913920, last time delay.time = 26, now count = 716, i = 2
2023-01-11 18:08:30.873  75 79 I channel139887853844224 self_thread_id = 139887853844224, last time delay.time = 9, now count = 715, i = 2
2023-01-11 18:08:30.873  75 84 E channel139887604913920 self_thread_id = 139887604913920, last time delay.time = 26, now count = 716, i = 2
2023-01-11 18:08:30.873  75 79 I channel139887853844224 self_thread_id = 139887853844224, last time delay.time = 9, now count = 715, i = 2
2023-01-11 18:08:30.873  75 79 W channel139887853844224 self_thread_id = 139887853844224, last time delay.time = 9, now count = 715, i = 2
2023-01-11 18:08:30.873  75 79 E channel139887853844224 self_thread_id = 139887853844224, last time delay.time = 9, now count = 715, i = 2
2023-01-11 18:08:30.873  75 77 I channel139887870629632 self_thread_id = 139887870629632, last time delay.time = 9, now count = 718, i = 2
2023-01-11 18:08:30.873  75 77 I channel139887870629632 self_thread_id = 139887870629632, last time delay.time = 9, now count = 718, i = 2
2023-01-11 18:08:30.873  75 77 W channel139887870629632 self_thread_id = 139887870629632, last time delay.time = 9, now count = 718, i = 2
2023-01-11 18:08:30.873  75 80 I channel139887845451520 self_thread_id = 139887845451520, last time delay.time = 8, now count = 717, i = 2
2023-01-11 18:08:30.873  75 77 E channel139887870629632 self_thread_id = 139887870629632, last time delay.time = 9, now count = 718, i = 2
2023-01-11 18:08:30.873  75 80 I channel139887845451520 self_thread_id = 139887845451520, last time delay.time = 8, now count = 717, i = 2
2023-01-11 18:08:30.873  75 80 W channel139887845451520 self_thread_id = 139887845451520, last time delay.time = 8, now count = 717, i = 2
2023-01-11 18:08:30.873  75 80 E channel139887845451520 self_thread_id = 139887845451520, last time delay.time = 8, now count = 717, i = 2
2023-01-11 18:08:30.873  75 82 I channel139887621699328 self_thread_id = 139887621699328, last time delay.time = 9, now count = 719, i = 2
2023-01-11 18:08:30.873  75 82 I channel139887621699328 self_thread_id = 139887621699328, last time delay.time = 9, now count = 719, i = 2
2023-01-11 18:08:30.873  75 82 W channel139887621699328 self_thread_id = 139887621699328, last time delay.time = 9, now count = 719, i = 2
2023-01-11 18:08:30.873  75 82 E channel139887621699328 self_thread_id = 139887621699328, last time delay.time = 9, now count = 719, i = 2
2023-01-11 18:08:30.874  75 83 I channel139887613306624 self_thread_id = 139887613306624, last time delay.time = 9, now count = 720, i = 2
2023-01-11 18:08:30.874  75 83 I channel139887613306624 self_thread_id = 139887613306624, last time delay.time = 9, now count = 720, i = 2
2023-01-11 18:08:30.874  75 83 W channel139887613306624 self_thread_id = 139887613306624, last time delay.time = 9, now count = 720, i = 2
2023-01-11 18:08:30.874  75 83 E channel139887613306624 self_thread_id = 139887613306624, last time delay.time = 9, now count = 720, i = 2
2023-01-11 18:08:31.873  75 78 I channel139887862236928 self_thread_id = 139887862236928, last time delay.time = 10, now count = 713, i = 3
2023-01-11 18:08:31.873  75 78 I channel139887862236928 self_thread_id = 139887862236928, last time delay.time = 10, now count = 713, i = 3
2023-01-11 18:08:31.873  75 78 W channel139887862236928 self_thread_id = 139887862236928, last time delay.time = 10, now count = 713, i = 3
2023-01-11 18:08:31.873  75 78 E channel139887862236928 self_thread_id = 139887862236928, last time delay.time = 10, now count = 713, i = 3
2023-01-11 18:08:31.873  75 81 I channel139887837058816 self_thread_id = 139887837058816, last time delay.time = 8, now count = 714, i = 3
2023-01-11 18:08:31.873  75 81 I channel139887837058816 self_thread_id = 139887837058816, last time delay.time = 8, now count = 714, i = 3
2023-01-11 18:08:31.873  75 81 W channel139887837058816 self_thread_id = 139887837058816, last time delay.time = 8, now count = 714, i = 3
2023-01-11 18:08:31.873  75 81 E channel139887837058816 self_thread_id = 139887837058816, last time delay.time = 8, now count = 714, i = 3
2023-01-11 18:08:31.873  75 84 I channel139887604913920 self_thread_id = 139887604913920, last time delay.time = 26, now count = 716, i = 3
2023-01-11 18:08:31.873  75 84 I channel139887604913920 self_thread_id = 139887604913920, last time delay.time = 26, now count = 716, i = 3
2023-01-11 18:08:31.873  75 84 W channel139887604913920 self_thread_id = 139887604913920, last time delay.time = 26, now count = 716, i = 3
2023-01-11 18:08:31.873  75 84 E channel139887604913920 self_thread_id = 139887604913920, last time delay.time = 26, now count = 716, i = 3
