2023-01-11 18:08:52.878  75 81 I channel139887837058816 self_thread_id = 139887837058816, last time delay.time = 14, now count = 747, i = 4
2023-01-11 18:08:52.878  75 84 E channel139887604913920 self_thread_id = 139887604913920, last time delay.time = 10, now count = 748, i = 4
2023-01-11 18:08:52.877  75 78 I channel139887862236928 self_thread_id = 139887862236928, last time delay.time = 10, now count = 745, i = 4
2023-01-11 18:08:52.878  75 82 W channel139887621699328 self_thread_id = 139887621699328, last time delay.time = 31, now count = 746, i = 4
2023-01-11 18:08:52.878  75 80 I channel139887845451520 self_thread_id = 139887845451520, last time delay.time = 8, now count = 749, i = 4
2023-01-11 18:08:52.878  75 84 I channel139887604913920 self_thread_id = 139887604913920, last time delay.time = 10, now count = 753
2023-01-11 18:08:52.878  75 81 W channel139887837058816 self_thread_id = 139887837058816, last time delay.time = 14, now count = 747, i = 4
2023-01-11 18:08:52.878  75 80 I channel139887845451520 self_thread_id = 139887845451520, last time delay.time = 8, now count = 749, i = 4
2023-01-11 18:08:52.878  75 82 E channel139887621699328 self_thread_id = 139887621699328, last time delay.time = 31, now count = 746, i = 4
2023-01-11 18:08:52.878  75 81 E channel139887837058816 self_thread_id = 139887837058816, last time delay.time = 14, now count = 747, i = 4
2023-01-11 18:08:52.878  75 80 W channel139887845451520 self_thread_id = 139887845451520, last time delay.time = 8, now count = 749, i = 4
2023-01-11 18:08:52.878  75 82 I channel139887621699328 self_thread_id = 139887621699328, last time delay.time = 31, now count = 754
2023-01-11 18:08:52.878  75 78 W channel139887862236928 self_thread_id = 139887862236928, last time delay.time = 10, now count = 745, i = 4
2023-01-11 18:08:52.878  75 78 E channel139887862236928 self_thread_id = 139887862236928, last time delay.time = 10, now count = 745, i = 4
2023-01-11 18:08:52.878  75 81 I channel139887837058816 self_thread_id = 139887837058816, last time delay.time = 14, now count = 756
2023-01-11 18:08:52.878  75 80 E channel139887845451520 self_thread_id = 139887845451520, last time delay.time = 8, now count = 749, i = 4
2023-01-11 18:08:52.878  75 80 I channel139887845451520 self_thread_id = 139887845451520, last time delay.time = 8, now count = 757
2023-01-11 18:08:52.878  75 78 I channel139887862236928 self_thread_id = 139887862236928, last time delay.time = 10, now count = 755
2023-01-11 18:08:52.878  75 77 I channel139887870629632 self_thread_id = 139887870629632, last time delay.time = 11, now count = 750, i = 4
2023-01-11 18:08:52.878  75 77 I channel139887870629632 self_thread_id = 139887870629632, last time delay.time = 11, now count = 750, i = 4
2023-01-11 18:08:52.878  75 77 W channel139887870629632 self_thread_id = 139887870629632, last time delay.time = 11, now count = 750, i = 4
2023-01-11 18:08:52.878  75 83 I channel139887613306624 self_thread_id = 139887613306624, last time delay.time = 8, now count = 752, i = 4
2023-01-11 18:08:52.878  75 77 E channel139887870629632 self_thread_id = 139887870629632, last time delay.time = 11, now count = 750, i = 4
2023-01-11 18:08:52.878  75 79 I channel139887853844224 self_thread_id = 139887853844224, last time delay.time = 9, now count = 751, i = 4
2023-01-11 18:08:52.878  75 77 I channel139887870629632 self_thread_id = 139887870629632, last time delay.time = 11, now count = 758
2023-01-11 18:08:52.878  75 83 I channel139887613306624 self_thread_id = 139887613306624, last time delay.time = 8, now count = 752, i = 4
2023-01-11 18:08:52.878  75 83 W channel139887613306624 self_thread_id = 139887613306624, last time delay.time = 8, now count = 752, i = 4
2023-01-11 18:08:52.878  75 79 I channel139887853844224 self_thread_id = 139887853844224, last time delay.time = 9, now count = 751, i = 4
2023-01-11 18:08:52.878  75 83 E channel139887613306624 self_thread_id = 139887613306624, last time delay.time = 8, now count = 752, i = 4
2023-01-11 18:08:52.878  75 79 W channel139887853844224 self_thread_id = 139887853844224, last time delay.time = 9, now count = 751, i = 4
2023-01-11 18:08:52.878  75 83 I channel139887613306624 self_thread_id = 139887613306624, last time delay.time = 8, now count = 759
2023-01-11 18:08:52.878  75 79 E channel139887853844224 self_thread_id = 139887853844224, last time delay.time = 9, now count = 751, i = 4
2023-01-11 18:08:52.878  75 79 I channel139887853844224 self_thread_id = 139887853844224, last time delay.time = 9, now count = 760
2023-01-11 18:08:53.878  75 78 I channel139887862236928 self_thread_id = 139887862236928, last time delay.time = 12, now count = 755, i = 0
2023-01-11 18:08:53.878  75 78 I channel139887862236928 self_thread_id = 139887862236928, last time delay.time = 12, now count = 755, i = 0
2023-01-11 18:08:53.878  75 82 I channel139887621699328 self_thread_id = 139887621699328, last time delay.time = 18, now count = 754, i = 0
2023-01-11 18:08:53.878  75 78 W channel139887862236928 self_thread_id = 139887862236928, last time delay.time = 12, now count = 755, i = 0
2023-01-11 18:08:53.878  75 84 I channel139887604913920 self_thread_id = 139887604913920, last time delay.time = 10, now count = 753, i = 0
2023-01-11 18:08:53.878  75 78 E channel139887862236928 self_thread_id = 139887862236928, last time delay.time = 12, now count = 755, i = 0
2023-01-11 18:08:53.878  75 84 I channel139887604913920 self_thread_id = 139887604913920, last time delay.time = 10, now count = 753, i = 0
2023-01-11 18:08:53.878  75 82 I channel139887621699328 self_thread_id = 139887621699328, last time delay.time = 18, now count = 754, i = 0
2023-01-11 18:08:53.878  75 84 W channel139887604913920 self_thread_id = 139887604913920, last time delay.time = 10, now count = 753, i = 0
2023-01-11 18:08:53.878  75 82 W channel139887621699328 self_thread_id = 139887621699328, last time delay.time = 18, now count = 754, i = 0
2023-01-11 18:08:53.878  75 84 E channel139887604913920 self_thread_id = 139887604913920, last time delay.time = 10, now count = 753, i = 0
2023-01-11 18:08:53.878  75 81 I channel139887837058816 self_thread_id = 139887837058816, last time delay.time = 17, now count = 756, i = 0
2023-01-11 18:08:53.878  75 82 E channel139887621699328 self_thread_id = 139887621699328, last time delay.time = 18, now count = 754, i = 0
2023-01-11 18:08:53.878  75 81 I channel139887837058816 self_thread_id = 139887837058816, last time delay.time = 17, now count = 756, i = 0
2023-01-11 18:08:53.878  75 81 W channel139887837058816 self_thread_id = 139887837058816, last time delay.time = 17, now count = 756, i = 0
2023-01-11 18:08:53.878  75 79 I channel139887853844224 self_thread_id = 139887853844224, last time delay.time = 9, now count = 760, i = 0
2023-01-11 18:08:53.878  75 81 E channel139887837058816 self_thread_id = 139887837058816, last time delay.time = 17, now count = 756, i = 0
2023-01-11 18:08:53.878  75 80 I channel139887845451520 self_thread_id = 139887845451520, last time delay.time = 29, now count = 757, i = 0
2023-01-11 18:08:53.878  75 79 I channel139887853844224 self_thread_id = 139887853844224, last time delay.time = 9, now count = 760, i = 0
2023-01-11 18:08:53.878  75 80 I channel139887845451520 self_thread_id = 139887845451520, last time delay.time = 29, now count = 757, i = 0
2023-01-11 18:08:53.878  75 79 W channel139887853844224 self_thread_id = 139887853844224, last time delay.time = 9, now count = 760, i = 0
2023-01-11 18:08:53.878  75 80 W channel139887845451520 self_thread_id = 139887845451520, last time delay.time = 29, now count = 757, i = 0
2023-01-11 18:08:53.878  75 79 E channel139887853844224 self_thread_id = 139887853844224, last time delay.time = 9, now count = 760, i = 0
2023-01-11 18:08:53.878  75 77 I channel139887870629632 self_thread_id = 139887870629632, last time delay.time = 13, now count = 758, i = 0
2023-01-11 18:08:53.878  75 83 I channel139887613306624 self_thread_id = 139887613306624, last time delay.time = 11, now count = 759, i = 0
2023-01-11 18:08:53.878  75 80 E channel139887845451520 self_thread_id = 139887845451520, last time delay.time = 29, now count = 757, i = 0
2023-01-11 18:08:53.878  75 77 I channel139887870629632 self_thread_id = 139887870629632, last time delay.time = 13, now count = 758, i = 0
2023-01-11 18:08:53.878  75 83 I channel139887613306624 self_thread_id = 139887613306624, last time delay.time = 11, now count = 759, i = 0
2023-01-11 18:08:53.878  75 77 W channel139887870629632 self_thread_id = 139887870629632, last time delay.time = 13, now count = 758, i = 0
2023-01-11 18:08:53.878  75 83 W channel139887613306624 self_thread_id = 139887613306624, last time delay.time = 11, now count = 759, i = 0
2023-01-11 18:08:53.878  75 77 E channel139887870629632 self_thread_id = 139887870629632, last time delay.time = 13, now count = 758, i = 0
2023-01-11 18:08:53.878  75 83 E channel139887613306624 self_thread_id = 139887613306624, last time delay.time = 11, now count = 759, i = 0
2023-01-11 18:08:54.878  75 78 I channel139887862236928 self_thread_id = 139887862236928, last time delay.time = 12, now count = 755, i = 1
2023-01-11 18:08:54.878  75 78 I channel139887862236928 self_thread_id = 139887862236928, last time delay.time = 12, now count = 755, i = 1
2023-01-11 18:08:54.878  75 78 W channel139887862236928 self_thread_id = 139887862236928, last time delay.time = 12, now count = 755, i = 1
2023-01-11 18:08:54.878  75 78 E channel139887862236928 self_thread_id = 139887862236928, last time delay.time = 12, now count = 755, i = 1
2023-01-11 18:08:54.878  75 81 I channel139887837058816 self_thread_id = 139887837058816, last time delay.time = 17, now count = 756, i = 1
2023-01-11 18:08:54.878  75 84 I channel139887604913920 self_thread_id = 139887604913920, last time delay.time = 10, now count = 753, i = 1
2023-01-11 18:08:54.878  75 81 I channel139887837058816 self_thread_id = 139887837058816, last time delay.time = 17, now count = 756, i = 1
2023-01-11 18:08:54.878  75 79 I channel139887853844224 self_thread_id = 139887853844224, last time delay.time = 9, now count = 760, i = 1
2023-01-11 18:08:54.878  75 79 I channel139887853844224 self_thread_id = 139887853844224, last time delay.time = 9, now count = 760, i = 1
2023-01-11 18:08:54.878  75 82 I channel139887621699328 self_thread_id = 139887621699328, last time delay.time = 18, now count = 754, i = 1
2023-01-11 18:08:54.878  75 79 W channel139887853844224 self_thread_id = 139887853844224, last time delay.time = 9, now count = 760, i = 1
2023-01-11 18:08:54.878  75 84 I channel139887604913920 self_thread_id = 139887604913920, last time delay.time = 10, now count = 753, i = 1
2023-01-11 18:08:54.878  75 81 W channel139887837058816 self_thread_id = 139887837058816, last time delay.time = 17, now count = 756, i = 1
2023-01-11 18:08:54.878  75 79 E channel139887853844224 self_thread_id = 139887853844224, last time delay.time = 9, now count = 760, i = 1
2023-01-11 18:08:54.878  75 84 W channel139887604913920 self_thread_id = 139887604913920, last time delay.time = 10, now count = 753, i = 1
2023-01-11 18:08:54.878  75 81 E channel139887837058816 self_thread_id = 139887837058816, last time delay.time = 17, now count = 756, i = 1
2023-01-11 18:08:54.878  75 84 E channel139887604913920 self_thread_id = 139887604913920, last time delay.time = 10, now count = 753, i = 1
2023-01-11 18:08:54.878  75 82 I channel139887621699328 self_thread_id = 139887621699328, last time delay.time = 18, now count = 754, i = 1
2023-01-11 18:08:54.878  75 82 W channel139887621699328 self_thread_id = 139887621699328, last time delay.time = 18, now count = 754, i = 1
2023-01-11 18:08:54.878  75 82 E channel139887621699328 self_thread_id = 139887621699328, last time delay.time = 18, now count = 754, i = 1
2023-01-11 18:08:54.878  75 77 I channel139887870629632 self_thread_id = 139887870629632, last time delay.time = 13, now count = 758, i = 1
2023-01-11 18:08:54.878  75 77 I channel139887870629632 self_thread_id = 139887870629632, last time delay.time = 13, now count = 758, i = 1
2023-01-11 18:08:54.878  75 80 I channel139887845451520 self_thread_id = 139887845451520, last time delay.time = 29, now count = 757, i = 1
2023-01-11 18:08:54.878  75 77 W channel139887870629632 self_thread_id = 139887870629632, last time delay.time = 13, now count = 758, i = 1
2023-01-11 18:08:54.878  75 83 I channel139887613306624 self_thread_id = 139887613306624, last time delay.time = 11, now count = 759, i = 1
2023-01-11 18:08:54.878  75 80 I channel139887845451520 self_thread_id = 139887845451520, last time delay.time = 29, now count = 757, i = 1
2023-01-11 18:08:54.878  75 77 E channel139887870629632 self_thread_id = 139887870629632, last time delay.time = 13, now count = 758, i = 1
2023-01-11 18:08:54.878  75 80 W channel139887845451520 self_thread_id = 139887845451520, last time delay.time = 29, now count = 757, i = 1
2023-01-11 18:08:54.878  75 83 I channel139887613306624 self_thread_id = 139887613306624, last time delay.time = 11, now count = 759, i = 1
2023-01-11 18:08:54.878  75 80 E channel139887845451520 self_thread_id = 139887845451520, last time delay.time = 29, now count = 757, i = 1
2023-01-11 18:08:54.878  75 83 W channel139887613306624 self_thread_id = 139887613306624, last time delay.time = 11, now count = 759, i = 1
2023-01-11 18:08:54.878  75 83 E channel139887613306624 self_thread_id = 139887613306624, last time delay.time = 11, now count = 759, i = 1
2023-01-11 18:08:55.878  75 78 I channel139887862236928 self_thread_id = 139887862236928, last time delay.time = 12, now count = 755, i = 2
2023-01-11 18:08:55.878  75 78 I channel139887862236928 self_thread_id = 139887862236928, last time delay.time = 12, now count = 755, i = 2
2023-01-11 18:08:55.878  75 78 W channel139887862236928 self_thread_id = 139887862236928, last time delay.time = 12, now count = 755, i = 2
2023-01-11 18:08:55.878  75 78 E channel139887862236928 self_thread_id = 139887862236928, last time delay.time = 12, now count = 755, i = 2
2023-01-11 18:08:55.878  75 79 I channel139887853844224 self_thread_id = 139887853844224, last time delay.time = 9, now count = 760, i = 2
2023-01-11 18:08:55.878  75 79 I channel139887853844224 self_thread_id = 139887853844224, last time delay.time = 9, now count = 760, i = 2
2023-01-11 18:08:55.878  75 79 W channel139887853844224 self_thread_id = 139887853844224, last time delay.time = 9, now count = 760, i = 2
2023-01-11 18:08:55.878  75 79 E channel139887853844224 self_thread_id = 139887853844224, last time delay.time = 9, now count = 760, i = 2
2023-01-11 18:08:55.878  75 81 I channel139887837058816 self_thread_id = 139887837058816, last time delay.time = 17, now count = 756, i = 2
2023-01-11 18:08:55.878  75 84 I channel139887604913920 self_thread_id = 139887604913920, last time delay.time = 10, now count = 753, i = 2
2023-01-11 18:08:55.878  75 81 I channel139887837058816 self_thread_id = 139887837058816, last time delay.time = 17, now count = 756, i = 2
2023-01-11 18:08:55.878  75 84 I channel139887604913920 self_thread_id = 139887604913920, last time delay.time = 10, now count = 753, i = 2
2023-01-11 18:08:55.878  75 82 I channel139887621699328 self_thread_id = 139887621699328, last time delay.time = 18, now count = 754, i = 2
2023-01-11 18:08:55.878  75 81 W channel139887837058816 self_thread_id = 139887837058816, last time delay.time = 17, now count = 756, i = 2
2023-01-11 18:08:55.878  75 84 W channel139887604913920 self_thread_id = 139887604913920, last time delay.time = 10, now count = 753, i = 2
2023-01-11 18:08:55.878  75 82 I channel139887621699328 self_thread_id = 139887621699328, last time delay.time = 18, now count = 754, i = 2
2023-01-11 18:08:55.878  75 80 I channel139887845451520 self_thread_id = 139887845451520, last time delay.time = 29, now count = 757, i = 2
2023-01-11 18:08:55.878  75 84 E channel139887604913920 self_thread_id = 139887604913920, last time delay.time = 10, now count = 753, i = 2
2023-01-11 18:08:55.878  75 80 I channel139887845451520 self_thread_id = 139887845451520, last time delay.time = 29, now count = 757, i = 2
2023-01-11 18:08:55.878  75 81 E channel139887837058816 self_thread_id = 139887837058816, last time delay.time = 17, now count = 756, i = 2
2023-01-11 18:08:55.878  75 80 W channel139887845451520 self_thread_id = 139887845451520, last time delay.time = 29, now count = 757, i = 2
2023-01-11 18:08:55.878  75 77 I channel139887870629632 self_thread_id = 139887870629632, last time delay.time = 13, now count = 758, i = 2
2023-01-11 18:08:55.878  75 82 W channel139887621699328 self_thread_id = 139887621699328, last time delay.time = 18, now count = 754, i = 2
2023-01-11 18:08:55.878  75 80 E channel139887845451520 self_thread_id = 139887845451520, last time delay.time = 29, now count = 757, i = 2
2023-01-11 18:08:55.878  75 82 E channel139887621699328 self_thread_id = 139887621699328, last time delay.time = 18, now count = 754, i = 2
2023-01-11 18:08:55.878  75 77 I channel139887870629632 self_thread_id = 139887870629632, last time delay.time = 13, now count = 758, i = 2
2023-01-11 18:08:55.878  75 77 W channel139887870629632 self_thread_id = 139887870629632, last time delay.time = 13, now count = 758, i = 2
2023-01-11 18:08:55.878  75 77 E channel139887870629632 self_thread_id = 139887870629632, last time delay.time = 13, now count = 758, i = 2
2023-01-11 18:08:55.878  75 83 I channel139887613306624 self_thread_id = 139887613306624, last time delay.time = 11, now count = 759, i = 2
2023-01-11 18:08:55.878  75 83 I channel139887613306624 self_thread_id = 139887613306624, last time delay.time = 11, now count = 759, i = 2
2023-01-11 18:08:55.878  75 83 W channel139887613306624 self_thread_id = 139887613306624, last time delay.time = 11, now count = 759, i = 2
2023-01-11 18:08:55.878  75 83 E channel139887613306624 self_thread_id = 139887613306624, last time delay.time = 11, now count = 759, i = 2
2023-01-11 18:08:56.538  75 75 I APP.tag TestComponent::Proc
2023-01-11 18:08:56.538  75 75 I APP.tag ****************test INFO begin****************
2023-01-11 18:08:56.538  75 75 I APP.tag 测试 index = 861组
2023-01-11 18:08:56.538  75 75 E APP.tag 循环计数 i = 1次
2023-01-11 18:08:56.538  75 75 I APP.tag test LOG_Trace()
2023-01-11 18:08:56.538  75 75 I vscode 循环计数 i = 1次,test LOG_Channel_Trace()
2023-01-11 18:08:56.538  75 75 E APP.tag 循环计数 i = 2次
2023-01-11 18:08:56.538  75 75 E APP.tag 循环计数 i = 3次
2023-01-11 18:08:56.538  75 75 I APP.tag test LOG_Info()
2023-01-11 18:08:56.538  75 75 I baidu 循环计数 i = 3次,test LOG_Channel_Info()
2023-01-11 18:08:56.538  75 75 E APP.tag 循环计数 i = 4次
2023-01-11 18:08:56.538  75 75 W APP.tag test LOG_Warn()
2023-01-11 18:08:56.538  75 75 W google 循环计数 i = 4次,test LOG_Channel_Warn()
2023-01-11 18:08:56.538  75 75 E APP.tag 循环计数 i = 5次
2023-01-11 18:08:56.538  75 75 E APP.tag test LOG_Error()
2023-01-11 18:08:56.538  75 75 E visio 循环计数 i = 5次,test LOG_Channel_Error()
2023-01-11 18:08:56.538  75 75 I APP.tag print coredump DataLen:2 Data[01 00]
2023-01-11 18:08:56.538  75 75 W coredump 0x0000000a 0a 00 00 00 0b 00 00 00 0c 00 00 00 0d 00 00 00 0e 00 00 00
2023-01-11 18:08:56.538  75 75 I APP.tag ****************test INFO end****************
2023-01-11 18:08:56.878  75 78 I channel139887862236928 self_thread_id = 139887862236928, last time delay.time = 12, now count = 755, i = 3
2023-01-11 18:08:56.878  75 78 I channel139887862236928 self_thread_id = 139887862236928, last time delay.time = 12, now count = 755, i = 3
2023-01-11 18:08:56.878  75 78 W channel139887862236928 self_thread_id = 139887862236928, last time delay.time = 12, now count = 755, i = 3
2023-01-11 18:08:56.878  75 78 E channel139887862236928 self_thread_id = 139887862236928, last time delay.time = 12, now count = 755, i = 3
2023-01-11 18:08:56.878  75 79 I channel139887853844224 self_thread_id = 139887853844224, last time delay.time = 9, now count = 760, i = 3
2023-01-11 18:08:56.878  75 79 I channel139887853844224 self_thread_id = 139887853844224, last time delay.time = 9, now count = 760, i = 3
2023-01-11 18:08:56.878  75 79 W channel139887853844224 self_thread_id = 139887853844224, last time delay.time = 9, now count = 760, i = 3
2023-01-11 18:08:56.878  75 79 E channel139887853844224 self_thread_id = 139887853844224, last time delay.time = 9, now count = 760, i = 3
2023-01-11 18:08:56.878  75 81 I channel139887837058816 self_thread_id = 139887837058816, last time delay.time = 17, now count = 756, i = 3
2023-01-11 18:08:56.878  75 81 I channel139887837058816 self_thread_id = 139887837058816, last time delay.time = 17, now count = 756, i = 3
2023-01-11 18:08:56.878  75 81 W channel139887837058816 self_thread_id = 139887837058816, last time delay.time = 17, now count = 756, i = 3
2023-01-11 18:08:56.878  75 81 E channel139887837058816 self_thread_id = 139887837058816, last time delay.time = 17, now count = 756, i = 3
2023-01-11 18:08:56.878  75 84 I channel139887604913920 self_thread_id = 139887604913920, last time delay.time = 10, now count = 753, i = 3
2023-01-11 18:08:56.878  75 80 I channel139887845451520 self_thread_id = 139887845451520, last time delay.time = 29, now count = 757, i = 3
2023-01-11 18:08:56.878  75 80 I channel139887845451520 self_thread_id = 139887845451520, last time delay.time = 29, now count = 757, i = 3
2023-01-11 18:08:56.878  75 83 I channel139887613306624 self_thread_id = 139887613306624, last time delay.time = 11, now count = 759, i = 3
2023-01-11 18:08:56.878  75 84 I channel139887604913920 self_thread_id = 139887604913920, last time delay.time = 10, now count = 753, i = 3
2023-01-11 18:08:56.878  75 83 I channel139887613306624 self_thread_id = 139887613306624, last time delay.time = 11, now count = 759, i = 3
2023-01-11 18:08:56.878  75 82 I channel139887621699328 self_thread_id = 139887621699328, last time delay.time = 18, now count = 754, i = 3
2023-01-11 18:08:56.878  75 83 W channel139887613306624 self_thread_id = 139887613306624, last time delay.time = 11, now count = 759, i = 3
2023-01-11 18:08:56.878  75 84 W channel139887604913920 self_thread_id = 139887604913920, last time delay.time = 10, now count = 753, i = 3
2023-01-11 18:08:56.878  75 80 W channel139887845451520 self_thread_id = 139887845451520, last time delay.time = 29, now count = 757, i = 3
2023-01-11 18:08:56.878  75 83 E channel139887613306624 self_thread_id = 139887613306624, last time delay.time = 11, now count = 759, i = 3
2023-01-11 18:08:56.878  75 82 I channel139887621699328 self_thread_id = 139887621699328, last time delay.time = 18, now count = 754, i = 3
2023-01-11 18:08:56.878  75 84 E channel139887604913920 self_thread_id = 139887604913920, last time delay.time = 10, now count = 753, i = 3
2023-01-11 18:08:56.878  75 82 W channel139887621699328 self_thread_id = 139887621699328, last time delay.time = 18, now count = 754, i = 3
2023-01-11 18:08:56.878  75 80 E channel139887845451520 self_thread_id = 139887845451520, last time delay.time = 29, now count = 757, i = 3
2023-01-11 18:08:56.878  75 77 I channel139887870629632 self_thread_id = 139887870629632, last time delay.time = 13, now count = 758, i = 3
2023-01-11 18:08:56.878  75 82 E channel139887621699328 self_thread_id = 139887621699328, last time delay.time = 18, now count = 754, i = 3
2023-01-11 18:08:56.879  75 77 I channel139887870629632 self_thread_id = 139887870629632, last time delay.time = 13, now count = 758, i = 3
2023-01-11 18:08:56.879  75 77 W channel139887870629632 self_thread_id = 139887870629632, last time delay.time = 13, now count = 758, i = 3
2023-01-11 18:08:56.879  75 77 E channel139887870629632 self_thread_id = 139887870629632, last time delay.time = 13, now count = 758, i = 3
2023-01-11 18:08:57.878  75 79 I channel139887853844224 self_thread_id = 139887853844224, last time delay.time = 9, now count = 760, i = 4
2023-01-11 18:08:57.878  75 78 I channel139887862236928 self_thread_id = 139887862236928, last time delay.time = 12, now count = 755, i = 4
2023-01-11 18:08:57.878  75 79 I channel139887853844224 self_thread_id = 139887853844224, last time delay.time = 9, now count = 760, i = 4
2023-01-11 18:08:57.878  75 79 W channel139887853844224 self_thread_id = 139887853844224, last time delay.time = 9, now count = 760, i = 4
2023-01-11 18:08:57.878  75 78 I channel139887862236928 self_thread_id = 139887862236928, last time delay.time = 12, now count = 755, i = 4
2023-01-11 18:08:57.878  75 78 W channel139887862236928 self_thread_id = 139887862236928, last time delay.time = 12, now count = 755, i = 4
2023-01-11 18:08:57.878  75 81 I channel139887837058816 self_thread_id = 139887837058816, last time delay.time = 17, now count = 756, i = 4
2023-01-11 18:08:57.878  75 79 E channel139887853844224 self_thread_id = 139887853844224, last time delay.time = 9, now count = 760, i = 4
2023-01-11 18:08:57.878  75 78 E channel139887862236928 self_thread_id = 139887862236928, last time delay.time = 12, now count = 755, i = 4
2023-01-11 18:08:57.878  75 79 I channel139887853844224 self_thread_id = 139887853844224, last time delay.time = 9, now count = 761
2023-01-11 18:08:57.878  75 81 I channel139887837058816 self_thread_id = 139887837058816, last time delay.time = 17, now count = 756, i = 4
2023-01-11 18:08:57.878  75 78 I channel139887862236928 self_thread_id = 139887862236928, last time delay.time = 12, now count = 762
2023-01-11 18:08:57.878  75 81 W channel139887837058816 self_thread_id = 139887837058816, last time delay.time = 17, now count = 756, i = 4
2023-01-11 18:08:57.878  75 81 E channel139887837058816 self_thread_id = 139887837058816, last time delay.time = 17, now count = 756, i = 4
2023-01-11 18:08:57.879  75 81 I channel139887837058816 self_thread_id = 139887837058816, last time delay.time = 17, now count = 763
2023-01-11 18:08:57.879  75 83 I channel139887613306624 self_thread_id = 139887613306624, last time delay.time = 11, now count = 759, i = 4
2023-01-11 18:08:57.879  75 84 I channel139887604913920 self_thread_id = 139887604913920, last time delay.time = 10, now count = 753, i = 4
2023-01-11 18:08:57.879  75 84 I channel139887604913920 self_thread_id = 139887604913920, last time delay.time = 10, now count = 753, i = 4
2023-01-11 18:08:57.879  75 83 I channel139887613306624 self_thread_id = 139887613306624, last time delay.time = 11, now count = 759, i = 4
2023-01-11 18:08:57.879  75 80 I channel139887845451520 self_thread_id = 139887845451520, last time delay.time = 29, now count = 757, i = 4
2023-01-11 18:08:57.879  75 84 W channel139887604913920 self_thread_id = 139887604913920, last time delay.time = 10, now count = 753, i = 4
2023-01-11 18:08:57.879  75 84 E channel139887604913920 self_thread_id = 139887604913920, last time delay.time = 10, now count = 753, i = 4
2023-01-11 18:08:57.879  75 82 I channel139887621699328 self_thread_id = 139887621699328, last time delay.time = 18, now count = 754, i = 4
2023-01-11 18:08:57.879  75 83 W channel139887613306624 self_thread_id = 139887613306624, last time delay.time = 11, now count = 759, i = 4
2023-01-11 18:08:57.879  75 80 I channel139887845451520 self_thread_id = 139887845451520, last time delay.time = 29, now count = 757, i = 4
2023-01-11 18:08:57.879  75 83 E channel139887613306624 self_thread_id = 139887613306624, last time delay.time = 11, now count = 759, i = 4
2023-01-11 18:08:57.879  75 84 I channel139887604913920 self_thread_id = 139887604913920, last time delay.time = 10, now count = 764
2023-01-11 18:08:57.879  75 82 I channel139887621699328 self_thread_id = 139887621699328, last time delay.time = 18, now count = 754, i = 4
2023-01-11 18:08:57.879  75 83 I channel139887613306624 self_thread_id = 139887613306624, last time delay.time = 11, now count = 765
2023-01-11 18:08:57.879  75 80 W channel139887845451520 self_thread_id = 139887845451520, last time delay.time = 29, now count = 757, i = 4
2023-01-11 18:08:57.879  75 80 E channel139887845451520 self_thread_id = 139887845451520, last time delay.time = 29, now count = 757, i = 4
2023-01-11 18:08:57.879  75 80 I channel139887845451520 self_thread_id = 139887845451520, last time delay.time = 29, now count = 766
2023-01-11 18:08:57.879  75 77 I channel139887870629632 self_thread_id = 139887870629632, last time delay.time = 13, now count = 758, i = 4
2023-01-11 18:08:57.879  75 82 W channel139887621699328 self_thread_id = 139887621699328, last time delay.time = 18, now count = 754, i = 4
2023-01-11 18:08:57.879  75 82 E channel139887621699328 self_thread_id = 139887621699328, last time delay.time = 18, now count = 754, i = 4
2023-01-11 18:08:57.879  75 77 I channel139887870629632 self_thread_id = 139887870629632, last time delay.time = 13, now count = 758, i = 4
2023-01-11 18:08:57.879  75 77 W channel139887870629632 self_thread_id = 139887870629632, last time delay.time = 13, now count = 758, i = 4
2023-01-11 18:08:57.879  75 82 I channel139887621699328 self_thread_id = 139887621699328, last time delay.time = 18, now count = 767
2023-01-11 18:08:57.879  75 77 E channel139887870629632 self_thread_id = 139887870629632, last time delay.time = 13, now count = 758, i = 4
2023-01-11 18:08:57.879  75 77 I channel139887870629632 self_thread_id = 139887870629632, last time delay.time = 13, now count = 768
2023-01-11 18:08:58.879  75 79 I channel139887853844224 self_thread_id = 139887853844224, last time delay.time = 12, now count = 761, i = 0
2023-01-11 18:08:58.879  75 79 I channel139887853844224 self_thread_id = 139887853844224, last time delay.time = 12, now count = 761, i = 0
2023-01-11 18:08:58.879  75 78 I channel139887862236928 self_thread_id = 139887862236928, last time delay.time = 21, now count = 762, i = 0
2023-01-11 18:08:58.879  75 78 I channel139887862236928 self_thread_id = 139887862236928, last time delay.time = 21, now count = 762, i = 0
2023-01-11 18:08:58.879  75 81 I channel139887837058816 self_thread_id = 139887837058816, last time delay.time = 8, now count = 763, i = 0
2023-01-11 18:08:58.879  75 79 W channel139887853844224 self_thread_id = 139887853844224, last time delay.time = 12, now count = 761, i = 0
2023-01-11 18:08:58.879  75 78 W channel139887862236928 self_thread_id = 139887862236928, last time delay.time = 21, now count = 762, i = 0
2023-01-11 18:08:58.879  75 79 E channel139887853844224 self_thread_id = 139887853844224, last time delay.time = 12, now count = 761, i = 0
2023-01-11 18:08:58.879  75 81 I channel139887837058816 self_thread_id = 139887837058816, last time delay.time = 8, now count = 763, i = 0
2023-01-11 18:08:58.879  75 78 E channel139887862236928 self_thread_id = 139887862236928, last time delay.time = 21, now count = 762, i = 0
2023-01-11 18:08:58.879  75 81 W channel139887837058816 self_thread_id = 139887837058816, last time delay.time = 8, now count = 763, i = 0
2023-01-11 18:08:58.879  75 81 E channel139887837058816 self_thread_id = 139887837058816, last time delay.time = 8, now count = 763, i = 0
2023-01-11 18:08:58.879  75 83 I channel139887613306624 self_thread_id = 139887613306624, last time delay.time = 11, now count = 765, i = 0
2023-01-11 18:08:58.879  75 83 I channel139887613306624 self_thread_id = 139887613306624, last time delay.time = 11, now count = 765, i = 0
2023-01-11 18:08:58.879  75 83 W channel139887613306624 self_thread_id = 139887613306624, last time delay.time = 11, now count = 765, i = 0
2023-01-11 18:08:58.879  75 83 E channel139887613306624 self_thread_id = 139887613306624, last time delay.time = 11, now count = 765, i = 0
2023-01-11 18:08:58.879  75 84 I channel139887604913920 self_thread_id = 139887604913920, last time delay.time = 12, now count = 764, i = 0
2023-01-11 18:08:58.879  75 84 I channel139887604913920 self_thread_id = 139887604913920, last time delay.time = 12, now count = 764, i = 0
2023-01-11 18:08:58.879  75 84 W channel139887604913920 self_thread_id = 139887604913920, last time delay.time = 12, now count = 764, i = 0
2023-01-11 18:08:58.879  75 77 I channel139887870629632 self_thread_id = 139887870629632, last time delay.time = 8, now count = 768, i = 0
2023-01-11 18:08:58.879  75 84 E channel139887604913920 self_thread_id = 139887604913920, last time delay.time = 12, now count = 764, i = 0
2023-01-11 18:08:58.879  75 77 I channel139887870629632 self_thread_id = 139887870629632, last time delay.time = 8, now count = 768, i = 0
2023-01-11 18:08:58.879  75 80 I channel139887845451520 self_thread_id = 139887845451520, last time delay.time = 9, now count = 766, i = 0
2023-01-11 18:08:58.879  75 77 W channel139887870629632 self_thread_id = 139887870629632, last time delay.time = 8, now count = 768, i = 0
2023-01-11 18:08:58.879  75 80 I channel139887845451520 self_thread_id = 139887845451520, last time delay.time = 9, now count = 766, i = 0
2023-01-11 18:08:58.879  75 77 E channel139887870629632 self_thread_id = 139887870629632, last time delay.time = 8, now count = 768, i = 0
2023-01-11 18:08:58.879  75 80 W channel139887845451520 self_thread_id = 139887845451520, last time delay.time = 9, now count = 766, i = 0
2023-01-11 18:08:58.879  75 82 I channel139887621699328 self_thread_id = 139887621699328, last time delay.time = 10, now count = 767, i = 0
2023-01-11 18:08:58.879  75 80 E channel139887845451520 self_thread_id = 139887845451520, last time delay.time = 9, now count = 766, i = 0
2023-01-11 18:08:58.879  75 82 I channel139887621699328 self_thread_id = 139887621699328, last time delay.time = 10, now count = 767, i = 0
2023-01-11 18:08:58.879  75 82 W channel139887621699328 self_thread_id = 139887621699328, last time delay.time = 10, now count = 767, i = 0
2023-01-11 18:08:58.879  75 82 E channel139887621699328 self_thread_id = 139887621699328, last time delay.time = 10, now count = 767, i = 0
2023-01-11 18:08:59.879  75 79 I channel139887853844224 self_thread_id = 139887853844224, last time delay.time = 12, now count = 761, i = 1
2023-01-11 18:08:59.879  75 78 I channel139887862236928 self_thread_id = 139887862236928, last time delay.time = 21, now count = 762, i = 1
2023-01-11 18:08:59.879  75 81 I channel139887837058816 self_thread_id = 139887837058816, last time delay.time = 8, now count = 763, i = 1
2023-01-11 18:08:59.879  75 79 I channel139887853844224 self_thread_id = 139887853844224, last time delay.time = 12, now count = 761, i = 1
2023-01-11 18:08:59.879  75 79 W channel139887853844224 self_thread_id = 139887853844224, last time delay.time = 12, now count = 761, i = 1
2023-01-11 18:08:59.879  75 81 I channel139887837058816 self_thread_id = 139887837058816, last time delay.time = 8, now count = 763, i = 1
2023-01-11 18:08:59.879  75 78 I channel139887862236928 self_thread_id = 139887862236928, last time delay.time = 21, now count = 762, i = 1
2023-01-11 18:08:59.879  75 81 W channel139887837058816 self_thread_id = 139887837058816, last time delay.time = 8, now count = 763, i = 1
2023-01-11 18:08:59.879  75 78 W channel139887862236928 self_thread_id = 139887862236928, last time delay.time = 21, now count = 762, i = 1
2023-01-11 18:08:59.879  75 81 E channel139887837058816 self_thread_id = 139887837058816, last time delay.time = 8, now count = 763, i = 1
2023-01-11 18:08:59.879  75 79 E channel139887853844224 self_thread_id = 139887853844224, last time delay.time = 12, now count = 761, i = 1
2023-01-11 18:08:59.879  75 78 E channel139887862236928 self_thread_id = 139887862236928, last time delay.time = 21, now count = 762, i = 1
2023-01-11 18:08:59.879  75 83 I channel139887613306624 self_thread_id = 139887613306624, last time delay.time = 11, now count = 765, i = 1
2023-01-11 18:08:59.879  75 83 I channel139887613306624 self_thread_id = 139887613306624, last time delay.time = 11, now count = 765, i = 1
2023-01-11 18:08:59.879  75 83 W channel139887613306624 self_thread_id = 139887613306624, last time delay.time = 11, now count = 765, i = 1
2023-01-11 18:08:59.879  75 83 E channel139887613306624 self_thread_id = 139887613306624, last time delay.time = 11, now count = 765, i = 1
2023-01-11 18:08:59.879  75 84 I channel139887604913920 self_thread_id = 139887604913920, last time delay.time = 12, now count = 764, i = 1
2023-01-11 18:08:59.879  75 84 I channel139887604913920 self_thread_id = 139887604913920, last time delay.time = 12, now count = 764, i = 1
2023-01-11 18:08:59.879  75 80 I channel139887845451520 self_thread_id = 139887845451520, last time delay.time = 9, now count = 766, i = 1
2023-01-11 18:08:59.879  75 84 W channel139887604913920 self_thread_id = 139887604913920, last time delay.time = 12, now count = 764, i = 1
2023-01-11 18:08:59.879  75 82 I channel139887621699328 self_thread_id = 139887621699328, last time delay.time = 10, now count = 767, i = 1
2023-01-11 18:08:59.879  75 80 I channel139887845451520 self_thread_id = 139887845451520, last time delay.time = 9, now count = 766, i = 1
2023-01-11 18:08:59.879  75 80 W channel139887845451520 self_thread_id = 139887845451520, last time delay.time = 9, now count = 766, i = 1
2023-01-11 18:08:59.879  75 77 I channel139887870629632 self_thread_id = 139887870629632, last time delay.time = 8, now count = 768, i = 1
2023-01-11 18:08:59.879  75 84 E channel139887604913920 self_thread_id = 139887604913920, last time delay.time = 12, now count = 764, i = 1
2023-01-11 18:08:59.879  75 82 I channel139887621699328 self_thread_id = 139887621699328, last time delay.time = 10, now count = 767, i = 1
2023-01-11 18:08:59.879  75 82 W channel139887621699328 self_thread_id = 139887621699328, last time delay.time = 10, now count = 767, i = 1
2023-01-11 18:08:59.879  75 80 E channel139887845451520 self_thread_id = 139887845451520, last time delay.time = 9, now count = 766, i = 1
2023-01-11 18:08:59.879  75 77 I channel139887870629632 self_thread_id = 139887870629632, last time delay.time = 8, now count = 768, i = 1
2023-01-11 18:08:59.879  75 82 E channel139887621699328 self_thread_id = 139887621699328, last time delay.time = 10, now count = 767, i = 1
2023-01-11 18:08:59.879  75 77 W channel139887870629632 self_thread_id = 139887870629632, last time delay.time = 8, now count = 768, i = 1
2023-01-11 18:08:59.879  75 77 E channel139887870629632 self_thread_id = 139887870629632, last time delay.time = 8, now count = 768, i = 1
2023-01-11 18:09:00.879  75 81 I channel139887837058816 self_thread_id = 139887837058816, last time delay.time = 8, now count = 763, i = 2
2023-01-11 18:09:00.879  75 81 I channel139887837058816 self_thread_id = 139887837058816, last time delay.time = 8, now count = 763, i = 2
2023-01-11 18:09:00.879  75 81 W channel139887837058816 self_thread_id = 139887837058816, last time delay.time = 8, now count = 763, i = 2
2023-01-11 18:09:00.879  75 79 I channel139887853844224 self_thread_id = 139887853844224, last time delay.time = 12, now count = 761, i = 2
2023-01-11 18:09:00.879  75 81 E channel139887837058816 self_thread_id = 139887837058816, last time delay.time = 8, now count = 763, i = 2
2023-01-11 18:09:00.879  75 79 I channel139887853844224 self_thread_id = 139887853844224, last time delay.time = 12, now count = 761, i = 2
2023-01-11 18:09:00.879  75 79 W channel139887853844224 self_thread_id = 139887853844224, last time delay.time = 12, now count = 761, i = 2
2023-01-11 18:09:00.879  75 78 I channel139887862236928 self_thread_id = 139887862236928, last time delay.time = 21, now count = 762, i = 2
2023-01-11 18:09:00.879  75 79 E channel139887853844224 self_thread_id = 139887853844224, last time delay.time = 12, now count = 761, i = 2
2023-01-11 18:09:00.879  75 78 I channel139887862236928 self_thread_id = 139887862236928, last time delay.time = 21, now count = 762, i = 2
2023-01-11 18:09:00.879  75 78 W channel139887862236928 self_thread_id = 139887862236928, last time delay.time = 21, now count = 762, i = 2
2023-01-11 18:09:00.879  75 78 E channel139887862236928 self_thread_id = 139887862236928, last time delay.time = 21, now count = 762, i = 2
2023-01-11 18:09:00.879  75 83 I channel139887613306624 self_thread_id = 139887613306624, last time delay.time = 11, now count = 765, i = 2
2023-01-11 18:09:00.879  75 80 I channel139887845451520 self_thread_id = 139887845451520, last time delay.time = 9, now count = 766, i = 2
2023-01-11 18:09:00.879  75 83 I channel139887613306624 self_thread_id = 139887613306624, last time delay.time = 11, now count = 765, i = 2
2023-01-11 18:09:00.879  75 80 I channel139887845451520 self_thread_id = 139887845451520, last time delay.time = 9, now count = 766, i = 2
2023-01-11 18:09:00.879  75 83 W channel139887613306624 self_thread_id = 139887613306624, last time delay.time = 11, now count = 765, i = 2
2023-01-11 18:09:00.879  75 80 W channel139887845451520 self_thread_id = 139887845451520, last time delay.time = 9, now count = 766, i = 2
2023-01-11 18:09:00.879  75 83 E channel139887613306624 self_thread_id = 139887613306624, last time delay.time = 11, now count = 765, i = 2
2023-01-11 18:09:00.879  75 80 E channel139887845451520 self_thread_id = 139887845451520, last time delay.time = 9, now count = 766, i = 2
2023-01-11 18:09:00.879  75 84 I channel139887604913920 self_thread_id = 139887604913920, last time delay.time = 12, now count = 764, i = 2
2023-01-11 18:09:00.879  75 84 I channel139887604913920 self_thread_id = 139887604913920, last time delay.time = 12, now count = 764, i = 2
2023-01-11 18:09:00.879  75 84 W channel139887604913920 self_thread_id = 139887604913920, last time delay.time = 12, now count = 764, i = 2
2023-01-11 18:09:00.879  75 84 E channel139887604913920 self_thread_id = 139887604913920, last time delay.time = 12, now count = 764, i = 2
2023-01-11 18:09:00.879  75 82 I channel139887621699328 self_thread_id = 139887621699328, last time delay.time = 10, now count = 767, i = 2
2023-01-11 18:09:00.879  75 77 I channel139887870629632 self_thread_id = 139887870629632, last time delay.time = 8, now count = 768, i = 2
2023-01-11 18:09:00.879  75 82 I channel139887621699328 self_thread_id = 139887621699328, last time delay.time = 10, now count = 767, i = 2
2023-01-11 18:09:00.879  75 82 W channel139887621699328 self_thread_id = 139887621699328, last time delay.time = 10, now count = 767, i = 2
2023-01-11 18:09:00.879  75 77 I channel139887870629632 self_thread_id = 139887870629632, last time delay.time = 8, now count = 768, i = 2
2023-01-11 18:09:00.879  75 82 E channel139887621699328 self_thread_id = 139887621699328, last time delay.time = 10, now count = 767, i = 2
2023-01-11 18:09:00.879  75 77 W channel139887870629632 self_thread_id = 139887870629632, last time delay.time = 8, now count = 768, i = 2
2023-01-11 18:09:00.879  75 77 E channel139887870629632 self_thread_id = 139887870629632, last time delay.time = 8, now count = 768, i = 2
2023-01-11 18:09:01.879  75 81 I channel139887837058816 self_thread_id = 139887837058816, last time delay.time = 8, now count = 763, i = 3
2023-01-11 18:09:01.879  75 78 I channel139887862236928 self_thread_id = 139887862236928, last time delay.time = 21, now count = 762, i = 3
2023-01-11 18:09:01.879  75 79 I channel139887853844224 self_thread_id = 139887853844224, last time delay.time = 12, now count = 761, i = 3
2023-01-11 18:09:01.879  75 81 I channel139887837058816 self_thread_id = 139887837058816, last time delay.time = 8, now count = 763, i = 3
2023-01-11 18:09:01.879  75 78 I channel139887862236928 self_thread_id = 139887862236928, last time delay.time = 21, now count = 762, i = 3
2023-01-11 18:09:01.879  75 81 W channel139887837058816 self_thread_id = 139887837058816, last time delay.time = 8, now count = 763, i = 3
2023-01-11 18:09:01.879  75 79 I channel139887853844224 self_thread_id = 139887853844224, last time delay.time = 12, now count = 761, i = 3
2023-01-11 18:09:01.879  75 81 E channel139887837058816 self_thread_id = 139887837058816, last time delay.time = 8, now count = 763, i = 3
2023-01-11 18:09:01.879  75 78 W channel139887862236928 self_thread_id = 139887862236928, last time delay.time = 21, now count = 762, i = 3
2023-01-11 18:09:01.879  75 79 W channel139887853844224 self_thread_id = 139887853844224, last time delay.time = 12, now count = 761, i = 3
2023-01-11 18:09:01.879  75 79 E channel139887853844224 self_thread_id = 139887853844224, last time delay.time = 12, now count = 761, i = 3
2023-01-11 18:09:01.879  75 78 E channel139887862236928 self_thread_id = 139887862236928, last time delay.time = 21, now count = 762, i = 3
2023-01-11 18:09:01.879  75 83 I channel139887613306624 self_thread_id = 139887613306624, last time delay.time = 11, now count = 765, i = 3
2023-01-11 18:09:01.879  75 80 I channel139887845451520 self_thread_id = 139887845451520, last time delay.time = 9, now count = 766, i = 3
2023-01-11 18:09:01.879  75 83 I channel139887613306624 self_thread_id = 139887613306624, last time delay.time = 11, now count = 765, i = 3
2023-01-11 18:09:01.879  75 83 W channel139887613306624 self_thread_id = 139887613306624, last time delay.time = 11, now count = 765, i = 3
2023-01-11 18:09:01.879  75 80 I channel139887845451520 self_thread_id = 139887845451520, last time delay.time = 9, now count = 766, i = 3
2023-01-11 18:09:01.879  75 83 E channel139887613306624 self_thread_id = 139887613306624, last time delay.time = 11, now count = 765, i = 3
2023-01-11 18:09:01.879  75 80 W channel139887845451520 self_thread_id = 139887845451520, last time delay.time = 9, now count = 766, i = 3
2023-01-11 18:09:01.879  75 80 E channel139887845451520 self_thread_id = 139887845451520, last time delay.time = 9, now count = 766, i = 3
2023-01-11 18:09:01.879  75 84 I channel139887604913920 self_thread_id = 139887604913920, last time delay.time = 12, now count = 764, i = 3
2023-01-11 18:09:01.879  75 84 I channel139887604913920 self_thread_id = 139887604913920, last time delay.time = 12, now count = 764, i = 3
2023-01-11 18:09:01.879  75 84 W channel139887604913920 self_thread_id = 139887604913920, last time delay.time = 12, now count = 764, i = 3
2023-01-11 18:09:01.879  75 84 E channel139887604913920 self_thread_id = 139887604913920, last time delay.time = 12, now count = 764, i = 3
2023-01-11 18:09:01.880  75 82 I channel139887621699328 self_thread_id = 139887621699328, last time delay.time = 10, now count = 767, i = 3
2023-01-11 18:09:01.880  75 77 I channel139887870629632 self_thread_id = 139887870629632, last time delay.time = 8, now count = 768, i = 3
2023-01-11 18:09:01.880  75 82 I channel139887621699328 self_thread_id = 139887621699328, last time delay.time = 10, now count = 767, i = 3
2023-01-11 18:09:01.880  75 82 W channel139887621699328 self_thread_id = 139887621699328, last time delay.time = 10, now count = 767, i = 3
2023-01-11 18:09:01.880  75 82 E channel139887621699328 self_thread_id = 139887621699328, last time delay.time = 10, now count = 767, i = 3
2023-01-11 18:09:01.880  75 77 I channel139887870629632 self_thread_id = 139887870629632, last time delay.time = 8, now count = 768, i = 3
2023-01-11 18:09:01.880  75 77 W channel139887870629632 self_thread_id = 139887870629632, last time delay.time = 8, now count = 768, i = 3
2023-01-11 18:09:01.880  75 77 E channel139887870629632 self_thread_id = 139887870629632, last time delay.time = 8, now count = 768, i = 3
2023-01-11 18:09:02.879  75 81 I channel139887837058816 self_thread_id = 139887837058816, last time delay.time = 8, now count = 763, i = 4
2023-01-11 18:09:02.880  75 81 I channel139887837058816 self_thread_id = 139887837058816, last time delay.time = 8, now count = 763, i = 4
2023-01-11 18:09:02.880  75 81 W channel139887837058816 self_thread_id = 139887837058816, last time delay.time = 8, now count = 763, i = 4
2023-01-11 18:09:02.879  75 79 I channel139887853844224 self_thread_id = 139887853844224, last time delay.time = 12, now count = 761, i = 4
2023-01-11 18:09:02.879  75 78 I channel139887862236928 self_thread_id = 139887862236928, last time delay.time = 21, now count = 762, i = 4
2023-01-11 18:09:02.880  75 81 E channel139887837058816 self_thread_id = 139887837058816, last time delay.time = 8, now count = 763, i = 4
2023-01-11 18:09:02.880  75 81 I channel139887837058816 self_thread_id = 139887837058816, last time delay.time = 8, now count = 769
2023-01-11 18:09:02.880  75 78 I channel139887862236928 self_thread_id = 139887862236928, last time delay.time = 21, now count = 762, i = 4
2023-01-11 18:09:02.880  75 79 I channel139887853844224 self_thread_id = 139887853844224, last time delay.time = 12, now count = 761, i = 4
2023-01-11 18:09:02.880  75 78 W channel139887862236928 self_thread_id = 139887862236928, last time delay.time = 21, now count = 762, i = 4
2023-01-11 18:09:02.880  75 79 W channel139887853844224 self_thread_id = 139887853844224, last time delay.time = 12, now count = 761, i = 4
2023-01-11 18:09:02.880  75 78 E channel139887862236928 self_thread_id = 139887862236928, last time delay.time = 21, now count = 762, i = 4
2023-01-11 18:09:02.880  75 79 E channel139887853844224 self_thread_id = 139887853844224, last time delay.time = 12, now count = 761, i = 4
2023-01-11 18:09:02.880  75 78 I channel139887862236928 self_thread_id = 139887862236928, last time delay.time = 21, now count = 770
2023-01-11 18:09:02.880  75 79 I channel139887853844224 self_thread_id = 139887853844224, last time delay.time = 12, now count = 771
2023-01-11 18:09:02.880  75 83 I channel139887613306624 self_thread_id = 139887613306624, last time delay.time = 11, now count = 765, i = 4
2023-01-11 18:09:02.880  75 83 I channel139887613306624 self_thread_id = 139887613306624, last time delay.time = 11, now count = 765, i = 4
2023-01-11 18:09:02.880  75 83 W channel139887613306624 self_thread_id = 139887613306624, last time delay.time = 11, now count = 765, i = 4
2023-01-11 18:09:02.880  75 80 I channel139887845451520 self_thread_id = 139887845451520, last time delay.time = 9, now count = 766, i = 4
2023-01-11 18:09:02.880  75 84 I channel139887604913920 self_thread_id = 139887604913920, last time delay.time = 12, now count = 764, i = 4
