2023-01-11 18:04:53.833  75 79 I channel139887853844224 self_thread_id = 139887853844224, last time delay.time = 8, now count = 370, i = 0
2023-01-11 18:04:53.833  75 79 I channel139887853844224 self_thread_id = 139887853844224, last time delay.time = 8, now count = 370, i = 0
2023-01-11 18:04:53.833  75 79 W channel139887853844224 self_thread_id = 139887853844224, last time delay.time = 8, now count = 370, i = 0
2023-01-11 18:04:53.833  75 79 E channel139887853844224 self_thread_id = 139887853844224, last time delay.time = 8, now count = 370, i = 0
2023-01-11 18:04:53.833  75 80 I channel139887845451520 self_thread_id = 139887845451520, last time delay.time = 38, now count = 371, i = 0
2023-01-11 18:04:53.833  75 80 I channel139887845451520 self_thread_id = 139887845451520, last time delay.time = 38, now count = 371, i = 0
2023-01-11 18:04:53.833  75 80 W channel139887845451520 self_thread_id = 139887845451520, last time delay.time = 38, now count = 371, i = 0
2023-01-11 18:04:53.833  75 80 E channel139887845451520 self_thread_id = 139887845451520, last time delay.time = 38, now count = 371, i = 0
2023-01-11 18:04:53.833  75 77 I channel139887870629632 self_thread_id = 139887870629632, last time delay.time = 16, now count = 372, i = 0
2023-01-11 18:04:53.833  75 77 I channel139887870629632 self_thread_id = 139887870629632, last time delay.time = 16, now count = 372, i = 0
2023-01-11 18:04:53.833  75 78 I channel139887862236928 self_thread_id = 139887862236928, last time delay.time = 13, now count = 374, i = 0
2023-01-11 18:04:53.833  75 77 W channel139887870629632 self_thread_id = 139887870629632, last time delay.time = 16, now count = 372, i = 0
2023-01-11 18:04:53.833  75 82 I channel139887621699328 self_thread_id = 139887621699328, last time delay.time = 14, now count = 373, i = 0
2023-01-11 18:04:53.833  75 77 E channel139887870629632 self_thread_id = 139887870629632, last time delay.time = 16, now count = 372, i = 0
2023-01-11 18:04:53.833  75 78 I channel139887862236928 self_thread_id = 139887862236928, last time delay.time = 13, now count = 374, i = 0
2023-01-11 18:04:53.833  75 82 I channel139887621699328 self_thread_id = 139887621699328, last time delay.time = 14, now count = 373, i = 0
2023-01-11 18:04:53.833  75 78 W channel139887862236928 self_thread_id = 139887862236928, last time delay.time = 13, now count = 374, i = 0
2023-01-11 18:04:53.833  75 82 W channel139887621699328 self_thread_id = 139887621699328, last time delay.time = 14, now count = 373, i = 0
2023-01-11 18:04:53.833  75 82 E channel139887621699328 self_thread_id = 139887621699328, last time delay.time = 14, now count = 373, i = 0
2023-01-11 18:04:53.833  75 78 E channel139887862236928 self_thread_id = 139887862236928, last time delay.time = 13, now count = 374, i = 0
2023-01-11 18:04:53.834  75 81 I channel139887837058816 self_thread_id = 139887837058816, last time delay.time = 8, now count = 375, i = 0
2023-01-11 18:04:53.834  75 81 I channel139887837058816 self_thread_id = 139887837058816, last time delay.time = 8, now count = 375, i = 0
2023-01-11 18:04:53.834  75 81 W channel139887837058816 self_thread_id = 139887837058816, last time delay.time = 8, now count = 375, i = 0
2023-01-11 18:04:53.834  75 81 E channel139887837058816 self_thread_id = 139887837058816, last time delay.time = 8, now count = 375, i = 0
2023-01-11 18:04:53.834  75 84 I channel139887604913920 self_thread_id = 139887604913920, last time delay.time = 8, now count = 376, i = 0
2023-01-11 18:04:53.834  75 84 I channel139887604913920 self_thread_id = 139887604913920, last time delay.time = 8, now count = 376, i = 0
2023-01-11 18:04:53.834  75 84 W channel139887604913920 self_thread_id = 139887604913920, last time delay.time = 8, now count = 376, i = 0
2023-01-11 18:04:53.834  75 84 E channel139887604913920 self_thread_id = 139887604913920, last time delay.time = 8, now count = 376, i = 0
2023-01-11 18:04:54.833  75 83 I channel139887613306624 self_thread_id = 139887613306624, last time delay.time = 4, now count = 369, i = 1
2023-01-11 18:04:54.833  75 83 I channel139887613306624 self_thread_id = 139887613306624, last time delay.time = 4, now count = 369, i = 1
2023-01-11 18:04:54.833  75 83 W channel139887613306624 self_thread_id = 139887613306624, last time delay.time = 4, now count = 369, i = 1
2023-01-11 18:04:54.833  75 83 E channel139887613306624 self_thread_id = 139887613306624, last time delay.time = 4, now count = 369, i = 1
2023-01-11 18:04:54.833  75 79 I channel139887853844224 self_thread_id = 139887853844224, last time delay.time = 8, now count = 370, i = 1
2023-01-11 18:04:54.833  75 79 I channel139887853844224 self_thread_id = 139887853844224, last time delay.time = 8, now count = 370, i = 1
2023-01-11 18:04:54.833  75 79 W channel139887853844224 self_thread_id = 139887853844224, last time delay.time = 8, now count = 370, i = 1
2023-01-11 18:04:54.833  75 79 E channel139887853844224 self_thread_id = 139887853844224, last time delay.time = 8, now count = 370, i = 1
2023-01-11 18:04:54.833  75 80 I channel139887845451520 self_thread_id = 139887845451520, last time delay.time = 38, now count = 371, i = 1
2023-01-11 18:04:54.833  75 80 I channel139887845451520 self_thread_id = 139887845451520, last time delay.time = 38, now count = 371, i = 1
2023-01-11 18:04:54.833  75 80 W channel139887845451520 self_thread_id = 139887845451520, last time delay.time = 38, now count = 371, i = 1
2023-01-11 18:04:54.833  75 80 E channel139887845451520 self_thread_id = 139887845451520, last time delay.time = 38, now count = 371, i = 1
2023-01-11 18:04:54.834  75 77 I channel139887870629632 self_thread_id = 139887870629632, last time delay.time = 16, now count = 372, i = 1
2023-01-11 18:04:54.834  75 77 I channel139887870629632 self_thread_id = 139887870629632, last time delay.time = 16, now count = 372, i = 1
2023-01-11 18:04:54.834  75 77 W channel139887870629632 self_thread_id = 139887870629632, last time delay.time = 16, now count = 372, i = 1
2023-01-11 18:04:54.834  75 77 E channel139887870629632 self_thread_id = 139887870629632, last time delay.time = 16, now count = 372, i = 1
2023-01-11 18:04:54.834  75 78 I channel139887862236928 self_thread_id = 139887862236928, last time delay.time = 13, now count = 374, i = 1
2023-01-11 18:04:54.834  75 82 I channel139887621699328 self_thread_id = 139887621699328, last time delay.time = 14, now count = 373, i = 1
2023-01-11 18:04:54.834  75 78 I channel139887862236928 self_thread_id = 139887862236928, last time delay.time = 13, now count = 374, i = 1
2023-01-11 18:04:54.834  75 82 I channel139887621699328 self_thread_id = 139887621699328, last time delay.time = 14, now count = 373, i = 1
2023-01-11 18:04:54.834  75 78 W channel139887862236928 self_thread_id = 139887862236928, last time delay.time = 13, now count = 374, i = 1
2023-01-11 18:04:54.834  75 82 W channel139887621699328 self_thread_id = 139887621699328, last time delay.time = 14, now count = 373, i = 1
2023-01-11 18:04:54.834  75 78 E channel139887862236928 self_thread_id = 139887862236928, last time delay.time = 13, now count = 374, i = 1
2023-01-11 18:04:54.834  75 82 E channel139887621699328 self_thread_id = 139887621699328, last time delay.time = 14, now count = 373, i = 1
2023-01-11 18:04:54.834  75 81 I channel139887837058816 self_thread_id = 139887837058816, last time delay.time = 8, now count = 375, i = 1
2023-01-11 18:04:54.834  75 81 I channel139887837058816 self_thread_id = 139887837058816, last time delay.time = 8, now count = 375, i = 1
2023-01-11 18:04:54.834  75 81 W channel139887837058816 self_thread_id = 139887837058816, last time delay.time = 8, now count = 375, i = 1
2023-01-11 18:04:54.834  75 81 E channel139887837058816 self_thread_id = 139887837058816, last time delay.time = 8, now count = 375, i = 1
2023-01-11 18:04:54.834  75 84 I channel139887604913920 self_thread_id = 139887604913920, last time delay.time = 8, now count = 376, i = 1
2023-01-11 18:04:54.834  75 84 I channel139887604913920 self_thread_id = 139887604913920, last time delay.time = 8, now count = 376, i = 1
2023-01-11 18:04:54.834  75 84 W channel139887604913920 self_thread_id = 139887604913920, last time delay.time = 8, now count = 376, i = 1
2023-01-11 18:04:54.834  75 84 E channel139887604913920 self_thread_id = 139887604913920, last time delay.time = 8, now count = 376, i = 1
2023-01-11 18:04:55.833  75 83 I channel139887613306624 self_thread_id = 139887613306624, last time delay.time = 4, now count = 369, i = 2
2023-01-11 18:04:55.833  75 83 I channel139887613306624 self_thread_id = 139887613306624, last time delay.time = 4, now count = 369, i = 2
2023-01-11 18:04:55.833  75 83 W channel139887613306624 self_thread_id = 139887613306624, last time delay.time = 4, now count = 369, i = 2
2023-01-11 18:04:55.833  75 83 E channel139887613306624 self_thread_id = 139887613306624, last time delay.time = 4, now count = 369, i = 2
2023-01-11 18:04:55.833  75 79 I channel139887853844224 self_thread_id = 139887853844224, last time delay.time = 8, now count = 370, i = 2
2023-01-11 18:04:55.833  75 79 I channel139887853844224 self_thread_id = 139887853844224, last time delay.time = 8, now count = 370, i = 2
2023-01-11 18:04:55.833  75 79 W channel139887853844224 self_thread_id = 139887853844224, last time delay.time = 8, now count = 370, i = 2
2023-01-11 18:04:55.833  75 79 E channel139887853844224 self_thread_id = 139887853844224, last time delay.time = 8, now count = 370, i = 2
2023-01-11 18:04:55.834  75 80 I channel139887845451520 self_thread_id = 139887845451520, last time delay.time = 38, now count = 371, i = 2
2023-01-11 18:04:55.834  75 80 I channel139887845451520 self_thread_id = 139887845451520, last time delay.time = 38, now count = 371, i = 2
2023-01-11 18:04:55.834  75 80 W channel139887845451520 self_thread_id = 139887845451520, last time delay.time = 38, now count = 371, i = 2
2023-01-11 18:04:55.834  75 80 E channel139887845451520 self_thread_id = 139887845451520, last time delay.time = 38, now count = 371, i = 2
2023-01-11 18:04:55.834  75 77 I channel139887870629632 self_thread_id = 139887870629632, last time delay.time = 16, now count = 372, i = 2
2023-01-11 18:04:55.834  75 77 I channel139887870629632 self_thread_id = 139887870629632, last time delay.time = 16, now count = 372, i = 2
2023-01-11 18:04:55.834  75 77 W channel139887870629632 self_thread_id = 139887870629632, last time delay.time = 16, now count = 372, i = 2
2023-01-11 18:04:55.834  75 77 E channel139887870629632 self_thread_id = 139887870629632, last time delay.time = 16, now count = 372, i = 2
2023-01-11 18:04:55.834  75 82 I channel139887621699328 self_thread_id = 139887621699328, last time delay.time = 14, now count = 373, i = 2
2023-01-11 18:04:55.834  75 78 I channel139887862236928 self_thread_id = 139887862236928, last time delay.time = 13, now count = 374, i = 2
2023-01-11 18:04:55.834  75 82 I channel139887621699328 self_thread_id = 139887621699328, last time delay.time = 14, now count = 373, i = 2
2023-01-11 18:04:55.834  75 78 I channel139887862236928 self_thread_id = 139887862236928, last time delay.time = 13, now count = 374, i = 2
2023-01-11 18:04:55.834  75 82 W channel139887621699328 self_thread_id = 139887621699328, last time delay.time = 14, now count = 373, i = 2
2023-01-11 18:04:55.834  75 78 W channel139887862236928 self_thread_id = 139887862236928, last time delay.time = 13, now count = 374, i = 2
2023-01-11 18:04:55.834  75 82 E channel139887621699328 self_thread_id = 139887621699328, last time delay.time = 14, now count = 373, i = 2
2023-01-11 18:04:55.834  75 78 E channel139887862236928 self_thread_id = 139887862236928, last time delay.time = 13, now count = 374, i = 2
2023-01-11 18:04:55.834  75 81 I channel139887837058816 self_thread_id = 139887837058816, last time delay.time = 8, now count = 375, i = 2
2023-01-11 18:04:55.835  75 81 I channel139887837058816 self_thread_id = 139887837058816, last time delay.time = 8, now count = 375, i = 2
2023-01-11 18:04:55.835  75 81 W channel139887837058816 self_thread_id = 139887837058816, last time delay.time = 8, now count = 375, i = 2
2023-01-11 18:04:55.835  75 81 E channel139887837058816 self_thread_id = 139887837058816, last time delay.time = 8, now count = 375, i = 2
2023-01-11 18:04:55.835  75 84 I channel139887604913920 self_thread_id = 139887604913920, last time delay.time = 8, now count = 376, i = 2
2023-01-11 18:04:55.835  75 84 I channel139887604913920 self_thread_id = 139887604913920, last time delay.time = 8, now count = 376, i = 2
2023-01-11 18:04:55.835  75 84 W channel139887604913920 self_thread_id = 139887604913920, last time delay.time = 8, now count = 376, i = 2
2023-01-11 18:04:55.835  75 84 E channel139887604913920 self_thread_id = 139887604913920, last time delay.time = 8, now count = 376, i = 2
2023-01-11 18:04:56.531  75 75 I APP.tag TestComponent::Proc
2023-01-11 18:04:56.531  75 75 I APP.tag ****************test INFO begin****************
2023-01-11 18:04:56.531  75 75 I APP.tag 测试 index = 837组
2023-01-11 18:04:56.531  75 75 E APP.tag 循环计数 i = 1次
2023-01-11 18:04:56.531  75 75 I APP.tag test LOG_Trace()
2023-01-11 18:04:56.531  75 75 I vscode 循环计数 i = 1次,test LOG_Channel_Trace()
2023-01-11 18:04:56.531  75 75 E APP.tag 循环计数 i = 2次
2023-01-11 18:04:56.531  75 75 E APP.tag 循环计数 i = 3次
2023-01-11 18:04:56.531  75 75 I APP.tag test LOG_Info()
2023-01-11 18:04:56.531  75 75 I baidu 循环计数 i = 3次,test LOG_Channel_Info()
2023-01-11 18:04:56.531  75 75 E APP.tag 循环计数 i = 4次
2023-01-11 18:04:56.531  75 75 W APP.tag test LOG_Warn()
2023-01-11 18:04:56.531  75 75 W google 循环计数 i = 4次,test LOG_Channel_Warn()
2023-01-11 18:04:56.531  75 75 E APP.tag 循环计数 i = 5次
2023-01-11 18:04:56.531  75 75 E APP.tag test LOG_Error()
2023-01-11 18:04:56.531  75 75 E visio 循环计数 i = 5次,test LOG_Channel_Error()
2023-01-11 18:04:56.531  75 75 I APP.tag print coredump DataLen:2 Data[01 00]
2023-01-11 18:04:56.531  75 75 W coredump 0x0000000a 0a 00 00 00 0b 00 00 00 0c 00 00 00 0d 00 00 00 0e 00 00 00
2023-01-11 18:04:56.531  75 75 I APP.tag ****************test INFO end****************
2023-01-11 18:04:56.833  75 83 I channel139887613306624 self_thread_id = 139887613306624, last time delay.time = 4, now count = 369, i = 3
2023-01-11 18:04:56.833  75 83 I channel139887613306624 self_thread_id = 139887613306624, last time delay.time = 4, now count = 369, i = 3
2023-01-11 18:04:56.833  75 83 W channel139887613306624 self_thread_id = 139887613306624, last time delay.time = 4, now count = 369, i = 3
2023-01-11 18:04:56.833  75 83 E channel139887613306624 self_thread_id = 139887613306624, last time delay.time = 4, now count = 369, i = 3
2023-01-11 18:04:56.834  75 79 I channel139887853844224 self_thread_id = 139887853844224, last time delay.time = 8, now count = 370, i = 3
2023-01-11 18:04:56.834  75 79 I channel139887853844224 self_thread_id = 139887853844224, last time delay.time = 8, now count = 370, i = 3
2023-01-11 18:04:56.834  75 79 W channel139887853844224 self_thread_id = 139887853844224, last time delay.time = 8, now count = 370, i = 3
2023-01-11 18:04:56.834  75 79 E channel139887853844224 self_thread_id = 139887853844224, last time delay.time = 8, now count = 370, i = 3
2023-01-11 18:04:56.834  75 80 I channel139887845451520 self_thread_id = 139887845451520, last time delay.time = 38, now count = 371, i = 3
2023-01-11 18:04:56.834  75 80 I channel139887845451520 self_thread_id = 139887845451520, last time delay.time = 38, now count = 371, i = 3
2023-01-11 18:04:56.834  75 80 W channel139887845451520 self_thread_id = 139887845451520, last time delay.time = 38, now count = 371, i = 3
2023-01-11 18:04:56.834  75 80 E channel139887845451520 self_thread_id = 139887845451520, last time delay.time = 38, now count = 371, i = 3
2023-01-11 18:04:56.834  75 77 I channel139887870629632 self_thread_id = 139887870629632, last time delay.time = 16, now count = 372, i = 3
2023-01-11 18:04:56.834  75 77 I channel139887870629632 self_thread_id = 139887870629632, last time delay.time = 16, now count = 372, i = 3
2023-01-11 18:04:56.834  75 77 W channel139887870629632 self_thread_id = 139887870629632, last time delay.time = 16, now count = 372, i = 3
2023-01-11 18:04:56.834  75 77 E channel139887870629632 self_thread_id = 139887870629632, last time delay.time = 16, now count = 372, i = 3
2023-01-11 18:04:56.834  75 78 I channel139887862236928 self_thread_id = 139887862236928, last time delay.time = 13, now count = 374, i = 3
2023-01-11 18:04:56.834  75 82 I channel139887621699328 self_thread_id = 139887621699328, last time delay.time = 14, now count = 373, i = 3
2023-01-11 18:04:56.834  75 78 I channel139887862236928 self_thread_id = 139887862236928, last time delay.time = 13, now count = 374, i = 3
2023-01-11 18:04:56.834  75 82 I channel139887621699328 self_thread_id = 139887621699328, last time delay.time = 14, now count = 373, i = 3
2023-01-11 18:04:56.834  75 78 W channel139887862236928 self_thread_id = 139887862236928, last time delay.time = 13, now count = 374, i = 3
2023-01-11 18:04:56.834  75 82 W channel139887621699328 self_thread_id = 139887621699328, last time delay.time = 14, now count = 373, i = 3
2023-01-11 18:04:56.834  75 78 E channel139887862236928 self_thread_id = 139887862236928, last time delay.time = 13, now count = 374, i = 3
2023-01-11 18:04:56.834  75 82 E channel139887621699328 self_thread_id = 139887621699328, last time delay.time = 14, now count = 373, i = 3
2023-01-11 18:04:56.835  75 81 I channel139887837058816 self_thread_id = 139887837058816, last time delay.time = 8, now count = 375, i = 3
2023-01-11 18:04:56.835  75 81 I channel139887837058816 self_thread_id = 139887837058816, last time delay.time = 8, now count = 375, i = 3
2023-01-11 18:04:56.835  75 81 W channel139887837058816 self_thread_id = 139887837058816, last time delay.time = 8, now count = 375, i = 3
2023-01-11 18:04:56.835  75 81 E channel139887837058816 self_thread_id = 139887837058816, last time delay.time = 8, now count = 375, i = 3
2023-01-11 18:04:56.835  75 84 I channel139887604913920 self_thread_id = 139887604913920, last time delay.time = 8, now count = 376, i = 3
2023-01-11 18:04:56.835  75 84 I channel139887604913920 self_thread_id = 139887604913920, last time delay.time = 8, now count = 376, i = 3
2023-01-11 18:04:56.835  75 84 W channel139887604913920 self_thread_id = 139887604913920, last time delay.time = 8, now count = 376, i = 3
2023-01-11 18:04:56.835  75 84 E channel139887604913920 self_thread_id = 139887604913920, last time delay.time = 8, now count = 376, i = 3
2023-01-11 18:04:57.833  75 83 I channel139887613306624 self_thread_id = 139887613306624, last time delay.time = 4, now count = 369, i = 4
2023-01-11 18:04:57.833  75 83 I channel139887613306624 self_thread_id = 139887613306624, last time delay.time = 4, now count = 369, i = 4
2023-01-11 18:04:57.833  75 83 W channel139887613306624 self_thread_id = 139887613306624, last time delay.time = 4, now count = 369, i = 4
2023-01-11 18:04:57.833  75 83 E channel139887613306624 self_thread_id = 139887613306624, last time delay.time = 4, now count = 369, i = 4
2023-01-11 18:04:57.833  75 83 I channel139887613306624 self_thread_id = 139887613306624, last time delay.time = 4, now count = 377
2023-01-11 18:04:57.834  75 79 I channel139887853844224 self_thread_id = 139887853844224, last time delay.time = 8, now count = 370, i = 4
2023-01-11 18:04:57.834  75 79 I channel139887853844224 self_thread_id = 139887853844224, last time delay.time = 8, now count = 370, i = 4
2023-01-11 18:04:57.834  75 79 W channel139887853844224 self_thread_id = 139887853844224, last time delay.time = 8, now count = 370, i = 4
2023-01-11 18:04:57.834  75 79 E channel139887853844224 self_thread_id = 139887853844224, last time delay.time = 8, now count = 370, i = 4
2023-01-11 18:04:57.834  75 79 I channel139887853844224 self_thread_id = 139887853844224, last time delay.time = 8, now count = 378
2023-01-11 18:04:57.834  75 80 I channel139887845451520 self_thread_id = 139887845451520, last time delay.time = 38, now count = 371, i = 4
2023-01-11 18:04:57.834  75 80 I channel139887845451520 self_thread_id = 139887845451520, last time delay.time = 38, now count = 371, i = 4
2023-01-11 18:04:57.834  75 80 W channel139887845451520 self_thread_id = 139887845451520, last time delay.time = 38, now count = 371, i = 4
2023-01-11 18:04:57.834  75 80 E channel139887845451520 self_thread_id = 139887845451520, last time delay.time = 38, now count = 371, i = 4
2023-01-11 18:04:57.834  75 80 I channel139887845451520 self_thread_id = 139887845451520, last time delay.time = 38, now count = 379
2023-01-11 18:04:57.834  75 77 I channel139887870629632 self_thread_id = 139887870629632, last time delay.time = 16, now count = 372, i = 4
2023-01-11 18:04:57.834  75 77 I channel139887870629632 self_thread_id = 139887870629632, last time delay.time = 16, now count = 372, i = 4
2023-01-11 18:04:57.834  75 77 W channel139887870629632 self_thread_id = 139887870629632, last time delay.time = 16, now count = 372, i = 4
2023-01-11 18:04:57.834  75 77 E channel139887870629632 self_thread_id = 139887870629632, last time delay.time = 16, now count = 372, i = 4
2023-01-11 18:04:57.834  75 77 I channel139887870629632 self_thread_id = 139887870629632, last time delay.time = 16, now count = 380
2023-01-11 18:04:57.834  75 78 I channel139887862236928 self_thread_id = 139887862236928, last time delay.time = 13, now count = 374, i = 4
2023-01-11 18:04:57.834  75 82 I channel139887621699328 self_thread_id = 139887621699328, last time delay.time = 14, now count = 373, i = 4
2023-01-11 18:04:57.834  75 78 I channel139887862236928 self_thread_id = 139887862236928, last time delay.time = 13, now count = 374, i = 4
2023-01-11 18:04:57.834  75 82 I channel139887621699328 self_thread_id = 139887621699328, last time delay.time = 14, now count = 373, i = 4
2023-01-11 18:04:57.834  75 78 W channel139887862236928 self_thread_id = 139887862236928, last time delay.time = 13, now count = 374, i = 4
2023-01-11 18:04:57.834  75 82 W channel139887621699328 self_thread_id = 139887621699328, last time delay.time = 14, now count = 373, i = 4
2023-01-11 18:04:57.834  75 78 E channel139887862236928 self_thread_id = 139887862236928, last time delay.time = 13, now count = 374, i = 4
2023-01-11 18:04:57.834  75 82 E channel139887621699328 self_thread_id = 139887621699328, last time delay.time = 14, now count = 373, i = 4
2023-01-11 18:04:57.834  75 78 I channel139887862236928 self_thread_id = 139887862236928, last time delay.time = 13, now count = 381
2023-01-11 18:04:57.834  75 82 I channel139887621699328 self_thread_id = 139887621699328, last time delay.time = 14, now count = 382
2023-01-11 18:04:57.835  75 81 I channel139887837058816 self_thread_id = 139887837058816, last time delay.time = 8, now count = 375, i = 4
2023-01-11 18:04:57.835  75 81 I channel139887837058816 self_thread_id = 139887837058816, last time delay.time = 8, now count = 375, i = 4
2023-01-11 18:04:57.835  75 81 W channel139887837058816 self_thread_id = 139887837058816, last time delay.time = 8, now count = 375, i = 4
2023-01-11 18:04:57.835  75 81 E channel139887837058816 self_thread_id = 139887837058816, last time delay.time = 8, now count = 375, i = 4
2023-01-11 18:04:57.835  75 81 I channel139887837058816 self_thread_id = 139887837058816, last time delay.time = 8, now count = 383
2023-01-11 18:04:57.835  75 84 I channel139887604913920 self_thread_id = 139887604913920, last time delay.time = 8, now count = 376, i = 4
2023-01-11 18:04:57.835  75 84 I channel139887604913920 self_thread_id = 139887604913920, last time delay.time = 8, now count = 376, i = 4
2023-01-11 18:04:57.835  75 84 W channel139887604913920 self_thread_id = 139887604913920, last time delay.time = 8, now count = 376, i = 4
2023-01-11 18:04:57.835  75 84 E channel139887604913920 self_thread_id = 139887604913920, last time delay.time = 8, now count = 376, i = 4
2023-01-11 18:04:57.835  75 84 I channel139887604913920 self_thread_id = 139887604913920, last time delay.time = 8, now count = 384
2023-01-11 18:04:58.834  75 83 I channel139887613306624 self_thread_id = 139887613306624, last time delay.time = 3, now count = 377, i = 0
2023-01-11 18:04:58.834  75 83 I channel139887613306624 self_thread_id = 139887613306624, last time delay.time = 3, now count = 377, i = 0
2023-01-11 18:04:58.834  75 83 W channel139887613306624 self_thread_id = 139887613306624, last time delay.time = 3, now count = 377, i = 0
2023-01-11 18:04:58.834  75 83 E channel139887613306624 self_thread_id = 139887613306624, last time delay.time = 3, now count = 377, i = 0
2023-01-11 18:04:58.834  75 79 I channel139887853844224 self_thread_id = 139887853844224, last time delay.time = 9, now count = 378, i = 0
2023-01-11 18:04:58.834  75 79 I channel139887853844224 self_thread_id = 139887853844224, last time delay.time = 9, now count = 378, i = 0
2023-01-11 18:04:58.834  75 79 W channel139887853844224 self_thread_id = 139887853844224, last time delay.time = 9, now count = 378, i = 0
2023-01-11 18:04:58.834  75 79 E channel139887853844224 self_thread_id = 139887853844224, last time delay.time = 9, now count = 378, i = 0
2023-01-11 18:04:58.834  75 80 I channel139887845451520 self_thread_id = 139887845451520, last time delay.time = 8, now count = 379, i = 0
2023-01-11 18:04:58.834  75 80 I channel139887845451520 self_thread_id = 139887845451520, last time delay.time = 8, now count = 379, i = 0
2023-01-11 18:04:58.834  75 80 W channel139887845451520 self_thread_id = 139887845451520, last time delay.time = 8, now count = 379, i = 0
2023-01-11 18:04:58.834  75 80 E channel139887845451520 self_thread_id = 139887845451520, last time delay.time = 8, now count = 379, i = 0
2023-01-11 18:04:58.834  75 77 I channel139887870629632 self_thread_id = 139887870629632, last time delay.time = 8, now count = 380, i = 0
2023-01-11 18:04:58.834  75 77 I channel139887870629632 self_thread_id = 139887870629632, last time delay.time = 8, now count = 380, i = 0
2023-01-11 18:04:58.834  75 77 W channel139887870629632 self_thread_id = 139887870629632, last time delay.time = 8, now count = 380, i = 0
2023-01-11 18:04:58.834  75 77 E channel139887870629632 self_thread_id = 139887870629632, last time delay.time = 8, now count = 380, i = 0
2023-01-11 18:04:58.834  75 82 I channel139887621699328 self_thread_id = 139887621699328, last time delay.time = 14, now count = 382, i = 0
2023-01-11 18:04:58.834  75 78 I channel139887862236928 self_thread_id = 139887862236928, last time delay.time = 13, now count = 381, i = 0
2023-01-11 18:04:58.834  75 82 I channel139887621699328 self_thread_id = 139887621699328, last time delay.time = 14, now count = 382, i = 0
2023-01-11 18:04:58.834  75 78 I channel139887862236928 self_thread_id = 139887862236928, last time delay.time = 13, now count = 381, i = 0
2023-01-11 18:04:58.834  75 82 W channel139887621699328 self_thread_id = 139887621699328, last time delay.time = 14, now count = 382, i = 0
2023-01-11 18:04:58.834  75 78 W channel139887862236928 self_thread_id = 139887862236928, last time delay.time = 13, now count = 381, i = 0
2023-01-11 18:04:58.834  75 82 E channel139887621699328 self_thread_id = 139887621699328, last time delay.time = 14, now count = 382, i = 0
2023-01-11 18:04:58.834  75 78 E channel139887862236928 self_thread_id = 139887862236928, last time delay.time = 13, now count = 381, i = 0
2023-01-11 18:04:58.835  75 81 I channel139887837058816 self_thread_id = 139887837058816, last time delay.time = 8, now count = 383, i = 0
2023-01-11 18:04:58.835  75 81 I channel139887837058816 self_thread_id = 139887837058816, last time delay.time = 8, now count = 383, i = 0
2023-01-11 18:04:58.835  75 81 W channel139887837058816 self_thread_id = 139887837058816, last time delay.time = 8, now count = 383, i = 0
2023-01-11 18:04:58.835  75 81 E channel139887837058816 self_thread_id = 139887837058816, last time delay.time = 8, now count = 383, i = 0
2023-01-11 18:04:58.835  75 84 I channel139887604913920 self_thread_id = 139887604913920, last time delay.time = 8, now count = 384, i = 0
2023-01-11 18:04:58.835  75 84 I channel139887604913920 self_thread_id = 139887604913920, last time delay.time = 8, now count = 384, i = 0
2023-01-11 18:04:58.835  75 84 W channel139887604913920 self_thread_id = 139887604913920, last time delay.time = 8, now count = 384, i = 0
2023-01-11 18:04:58.835  75 84 E channel139887604913920 self_thread_id = 139887604913920, last time delay.time = 8, now count = 384, i = 0
2023-01-11 18:04:59.834  75 83 I channel139887613306624 self_thread_id = 139887613306624, last time delay.time = 3, now count = 377, i = 1
2023-01-11 18:04:59.834  75 83 I channel139887613306624 self_thread_id = 139887613306624, last time delay.time = 3, now count = 377, i = 1
2023-01-11 18:04:59.834  75 83 W channel139887613306624 self_thread_id = 139887613306624, last time delay.time = 3, now count = 377, i = 1
2023-01-11 18:04:59.834  75 83 E channel139887613306624 self_thread_id = 139887613306624, last time delay.time = 3, now count = 377, i = 1
2023-01-11 18:04:59.834  75 79 I channel139887853844224 self_thread_id = 139887853844224, last time delay.time = 9, now count = 378, i = 1
2023-01-11 18:04:59.834  75 79 I channel139887853844224 self_thread_id = 139887853844224, last time delay.time = 9, now count = 378, i = 1
2023-01-11 18:04:59.834  75 79 W channel139887853844224 self_thread_id = 139887853844224, last time delay.time = 9, now count = 378, i = 1
2023-01-11 18:04:59.834  75 79 E channel139887853844224 self_thread_id = 139887853844224, last time delay.time = 9, now count = 378, i = 1
2023-01-11 18:04:59.834  75 80 I channel139887845451520 self_thread_id = 139887845451520, last time delay.time = 8, now count = 379, i = 1
2023-01-11 18:04:59.834  75 80 I channel139887845451520 self_thread_id = 139887845451520, last time delay.time = 8, now count = 379, i = 1
2023-01-11 18:04:59.834  75 80 W channel139887845451520 self_thread_id = 139887845451520, last time delay.time = 8, now count = 379, i = 1
2023-01-11 18:04:59.834  75 80 E channel139887845451520 self_thread_id = 139887845451520, last time delay.time = 8, now count = 379, i = 1
2023-01-11 18:04:59.834  75 77 I channel139887870629632 self_thread_id = 139887870629632, last time delay.time = 8, now count = 380, i = 1
2023-01-11 18:04:59.834  75 77 I channel139887870629632 self_thread_id = 139887870629632, last time delay.time = 8, now count = 380, i = 1
2023-01-11 18:04:59.834  75 77 W channel139887870629632 self_thread_id = 139887870629632, last time delay.time = 8, now count = 380, i = 1
2023-01-11 18:04:59.834  75 77 E channel139887870629632 self_thread_id = 139887870629632, last time delay.time = 8, now count = 380, i = 1
2023-01-11 18:04:59.835  75 78 I channel139887862236928 self_thread_id = 139887862236928, last time delay.time = 13, now count = 381, i = 1
2023-01-11 18:04:59.835  75 82 I channel139887621699328 self_thread_id = 139887621699328, last time delay.time = 14, now count = 382, i = 1
2023-01-11 18:04:59.835  75 78 I channel139887862236928 self_thread_id = 139887862236928, last time delay.time = 13, now count = 381, i = 1
2023-01-11 18:04:59.835  75 82 I channel139887621699328 self_thread_id = 139887621699328, last time delay.time = 14, now count = 382, i = 1
2023-01-11 18:04:59.835  75 78 W channel139887862236928 self_thread_id = 139887862236928, last time delay.time = 13, now count = 381, i = 1
2023-01-11 18:04:59.835  75 82 W channel139887621699328 self_thread_id = 139887621699328, last time delay.time = 14, now count = 382, i = 1
2023-01-11 18:04:59.835  75 78 E channel139887862236928 self_thread_id = 139887862236928, last time delay.time = 13, now count = 381, i = 1
2023-01-11 18:04:59.835  75 82 E channel139887621699328 self_thread_id = 139887621699328, last time delay.time = 14, now count = 382, i = 1
2023-01-11 18:04:59.835  75 81 I channel139887837058816 self_thread_id = 139887837058816, last time delay.time = 8, now count = 383, i = 1
2023-01-11 18:04:59.835  75 81 I channel139887837058816 self_thread_id = 139887837058816, last time delay.time = 8, now count = 383, i = 1
2023-01-11 18:04:59.835  75 81 W channel139887837058816 self_thread_id = 139887837058816, last time delay.time = 8, now count = 383, i = 1
2023-01-11 18:04:59.835  75 81 E channel139887837058816 self_thread_id = 139887837058816, last time delay.time = 8, now count = 383, i = 1
2023-01-11 18:04:59.835  75 84 I channel139887604913920 self_thread_id = 139887604913920, last time delay.time = 8, now count = 384, i = 1
2023-01-11 18:04:59.835  75 84 I channel139887604913920 self_thread_id = 139887604913920, last time delay.time = 8, now count = 384, i = 1
2023-01-11 18:04:59.835  75 84 W channel139887604913920 self_thread_id = 139887604913920, last time delay.time = 8, now count = 384, i = 1
2023-01-11 18:04:59.835  75 84 E channel139887604913920 self_thread_id = 139887604913920, last time delay.time = 8, now count = 384, i = 1
2023-01-11 18:05:00.834  75 83 I channel139887613306624 self_thread_id = 139887613306624, last time delay.time = 3, now count = 377, i = 2
2023-01-11 18:05:00.834  75 83 I channel139887613306624 self_thread_id = 139887613306624, last time delay.time = 3, now count = 377, i = 2
2023-01-11 18:05:00.834  75 83 W channel139887613306624 self_thread_id = 139887613306624, last time delay.time = 3, now count = 377, i = 2
2023-01-11 18:05:00.834  75 83 E channel139887613306624 self_thread_id = 139887613306624, last time delay.time = 3, now count = 377, i = 2
2023-01-11 18:05:00.834  75 79 I channel139887853844224 self_thread_id = 139887853844224, last time delay.time = 9, now count = 378, i = 2
2023-01-11 18:05:00.834  75 79 I channel139887853844224 self_thread_id = 139887853844224, last time delay.time = 9, now count = 378, i = 2
2023-01-11 18:05:00.834  75 79 W channel139887853844224 self_thread_id = 139887853844224, last time delay.time = 9, now count = 378, i = 2
2023-01-11 18:05:00.834  75 79 E channel139887853844224 self_thread_id = 139887853844224, last time delay.time = 9, now count = 378, i = 2
2023-01-11 18:05:00.834  75 80 I channel139887845451520 self_thread_id = 139887845451520, last time delay.time = 8, now count = 379, i = 2
2023-01-11 18:05:00.834  75 80 I channel139887845451520 self_thread_id = 139887845451520, last time delay.time = 8, now count = 379, i = 2
2023-01-11 18:05:00.834  75 80 W channel139887845451520 self_thread_id = 139887845451520, last time delay.time = 8, now count = 379, i = 2
2023-01-11 18:05:00.834  75 80 E channel139887845451520 self_thread_id = 139887845451520, last time delay.time = 8, now count = 379, i = 2
2023-01-11 18:05:00.835  75 77 I channel139887870629632 self_thread_id = 139887870629632, last time delay.time = 8, now count = 380, i = 2
2023-01-11 18:05:00.835  75 77 I channel139887870629632 self_thread_id = 139887870629632, last time delay.time = 8, now count = 380, i = 2
2023-01-11 18:05:00.835  75 77 W channel139887870629632 self_thread_id = 139887870629632, last time delay.time = 8, now count = 380, i = 2
2023-01-11 18:05:00.835  75 77 E channel139887870629632 self_thread_id = 139887870629632, last time delay.time = 8, now count = 380, i = 2
2023-01-11 18:05:00.835  75 82 I channel139887621699328 self_thread_id = 139887621699328, last time delay.time = 14, now count = 382, i = 2
2023-01-11 18:05:00.835  75 78 I channel139887862236928 self_thread_id = 139887862236928, last time delay.time = 13, now count = 381, i = 2
2023-01-11 18:05:00.835  75 82 I channel139887621699328 self_thread_id = 139887621699328, last time delay.time = 14, now count = 382, i = 2
2023-01-11 18:05:00.835  75 82 W channel139887621699328 self_thread_id = 139887621699328, last time delay.time = 14, now count = 382, i = 2
2023-01-11 18:05:00.835  75 78 I channel139887862236928 self_thread_id = 139887862236928, last time delay.time = 13, now count = 381, i = 2
2023-01-11 18:05:00.835  75 78 W channel139887862236928 self_thread_id = 139887862236928, last time delay.time = 13, now count = 381, i = 2
2023-01-11 18:05:00.835  75 82 E channel139887621699328 self_thread_id = 139887621699328, last time delay.time = 14, now count = 382, i = 2
2023-01-11 18:05:00.835  75 78 E channel139887862236928 self_thread_id = 139887862236928, last time delay.time = 13, now count = 381, i = 2
2023-01-11 18:05:00.835  75 81 I channel139887837058816 self_thread_id = 139887837058816, last time delay.time = 8, now count = 383, i = 2
2023-01-11 18:05:00.835  75 81 I channel139887837058816 self_thread_id = 139887837058816, last time delay.time = 8, now count = 383, i = 2
2023-01-11 18:05:00.835  75 81 W channel139887837058816 self_thread_id = 139887837058816, last time delay.time = 8, now count = 383, i = 2
2023-01-11 18:05:00.835  75 81 E channel139887837058816 self_thread_id = 139887837058816, last time delay.time = 8, now count = 383, i = 2
2023-01-11 18:05:00.835  75 84 I channel139887604913920 self_thread_id = 139887604913920, last time delay.time = 8, now count = 384, i = 2
2023-01-11 18:05:00.835  75 84 I channel139887604913920 self_thread_id = 139887604913920, last time delay.time = 8, now count = 384, i = 2
2023-01-11 18:05:00.835  75 84 W channel139887604913920 self_thread_id = 139887604913920, last time delay.time = 8, now count = 384, i = 2
2023-01-11 18:05:00.836  75 84 E channel139887604913920 self_thread_id = 139887604913920, last time delay.time = 8, now count = 384, i = 2
2023-01-11 18:05:01.834  75 83 I channel139887613306624 self_thread_id = 139887613306624, last time delay.time = 3, now count = 377, i = 3
2023-01-11 18:05:01.834  75 83 I channel139887613306624 self_thread_id = 139887613306624, last time delay.time = 3, now count = 377, i = 3
2023-01-11 18:05:01.834  75 83 W channel139887613306624 self_thread_id = 139887613306624, last time delay.time = 3, now count = 377, i = 3
2023-01-11 18:05:01.834  75 83 E channel139887613306624 self_thread_id = 139887613306624, last time delay.time = 3, now count = 377, i = 3
2023-01-11 18:05:01.834  75 79 I channel139887853844224 self_thread_id = 139887853844224, last time delay.time = 9, now count = 378, i = 3
2023-01-11 18:05:01.834  75 79 I channel139887853844224 self_thread_id = 139887853844224, last time delay.time = 9, now count = 378, i = 3
2023-01-11 18:05:01.834  75 79 W channel139887853844224 self_thread_id = 139887853844224, last time delay.time = 9, now count = 378, i = 3
2023-01-11 18:05:01.834  75 79 E channel139887853844224 self_thread_id = 139887853844224, last time delay.time = 9, now count = 378, i = 3
2023-01-11 18:05:01.835  75 80 I channel139887845451520 self_thread_id = 139887845451520, last time delay.time = 8, now count = 379, i = 3
2023-01-11 18:05:01.835  75 80 I channel139887845451520 self_thread_id = 139887845451520, last time delay.time = 8, now count = 379, i = 3
2023-01-11 18:05:01.835  75 80 W channel139887845451520 self_thread_id = 139887845451520, last time delay.time = 8, now count = 379, i = 3
2023-01-11 18:05:01.835  75 80 E channel139887845451520 self_thread_id = 139887845451520, last time delay.time = 8, now count = 379, i = 3
2023-01-11 18:05:01.835  75 77 I channel139887870629632 self_thread_id = 139887870629632, last time delay.time = 8, now count = 380, i = 3
2023-01-11 18:05:01.835  75 77 I channel139887870629632 self_thread_id = 139887870629632, last time delay.time = 8, now count = 380, i = 3
2023-01-11 18:05:01.835  75 77 W channel139887870629632 self_thread_id = 139887870629632, last time delay.time = 8, now count = 380, i = 3
2023-01-11 18:05:01.835  75 77 E channel139887870629632 self_thread_id = 139887870629632, last time delay.time = 8, now count = 380, i = 3
2023-01-11 18:05:01.835  75 78 I channel139887862236928 self_thread_id = 139887862236928, last time delay.time = 13, now count = 381, i = 3
2023-01-11 18:05:01.835  75 82 I channel139887621699328 self_thread_id = 139887621699328, last time delay.time = 14, now count = 382, i = 3
2023-01-11 18:05:01.835  75 78 I channel139887862236928 self_thread_id = 139887862236928, last time delay.time = 13, now count = 381, i = 3
2023-01-11 18:05:01.835  75 82 I channel139887621699328 self_thread_id = 139887621699328, last time delay.time = 14, now count = 382, i = 3
2023-01-11 18:05:01.835  75 78 W channel139887862236928 self_thread_id = 139887862236928, last time delay.time = 13, now count = 381, i = 3
2023-01-11 18:05:01.835  75 82 W channel139887621699328 self_thread_id = 139887621699328, last time delay.time = 14, now count = 382, i = 3
2023-01-11 18:05:01.835  75 78 E channel139887862236928 self_thread_id = 139887862236928, last time delay.time = 13, now count = 381, i = 3
2023-01-11 18:05:01.835  75 82 E channel139887621699328 self_thread_id = 139887621699328, last time delay.time = 14, now count = 382, i = 3
2023-01-11 18:05:01.836  75 81 I channel139887837058816 self_thread_id = 139887837058816, last time delay.time = 8, now count = 383, i = 3
2023-01-11 18:05:01.836  75 81 I channel139887837058816 self_thread_id = 139887837058816, last time delay.time = 8, now count = 383, i = 3
2023-01-11 18:05:01.836  75 81 W channel139887837058816 self_thread_id = 139887837058816, last time delay.time = 8, now count = 383, i = 3
2023-01-11 18:05:01.836  75 81 E channel139887837058816 self_thread_id = 139887837058816, last time delay.time = 8, now count = 383, i = 3
2023-01-11 18:05:01.836  75 84 I channel139887604913920 self_thread_id = 139887604913920, last time delay.time = 8, now count = 384, i = 3
2023-01-11 18:05:01.836  75 84 I channel139887604913920 self_thread_id = 139887604913920, last time delay.time = 8, now count = 384, i = 3
2023-01-11 18:05:01.836  75 84 W channel139887604913920 self_thread_id = 139887604913920, last time delay.time = 8, now count = 384, i = 3
2023-01-11 18:05:01.836  75 84 E channel139887604913920 self_thread_id = 139887604913920, last time delay.time = 8, now count = 384, i = 3
2023-01-11 18:05:02.834  75 83 I channel139887613306624 self_thread_id = 139887613306624, last time delay.time = 3, now count = 377, i = 4
2023-01-11 18:05:02.834  75 83 I channel139887613306624 self_thread_id = 139887613306624, last time delay.time = 3, now count = 377, i = 4
2023-01-11 18:05:02.834  75 83 W channel139887613306624 self_thread_id = 139887613306624, last time delay.time = 3, now count = 377, i = 4
2023-01-11 18:05:02.834  75 83 E channel139887613306624 self_thread_id = 139887613306624, last time delay.time = 3, now count = 377, i = 4
2023-01-11 18:05:02.834  75 83 I channel139887613306624 self_thread_id = 139887613306624, last time delay.time = 3, now count = 385
2023-01-11 18:05:02.835  75 79 I channel139887853844224 self_thread_id = 139887853844224, last time delay.time = 9, now count = 378, i = 4
2023-01-11 18:05:02.835  75 79 I channel139887853844224 self_thread_id = 139887853844224, last time delay.time = 9, now count = 378, i = 4
2023-01-11 18:05:02.835  75 79 W channel139887853844224 self_thread_id = 139887853844224, last time delay.time = 9, now count = 378, i = 4
2023-01-11 18:05:02.835  75 79 E channel139887853844224 self_thread_id = 139887853844224, last time delay.time = 9, now count = 378, i = 4
2023-01-11 18:05:02.835  75 79 I channel139887853844224 self_thread_id = 139887853844224, last time delay.time = 9, now count = 386
2023-01-11 18:05:02.835  75 80 I channel139887845451520 self_thread_id = 139887845451520, last time delay.time = 8, now count = 379, i = 4
2023-01-11 18:05:02.835  75 80 I channel139887845451520 self_thread_id = 139887845451520, last time delay.time = 8, now count = 379, i = 4
2023-01-11 18:05:02.835  75 80 W channel139887845451520 self_thread_id = 139887845451520, last time delay.time = 8, now count = 379, i = 4
2023-01-11 18:05:02.835  75 80 E channel139887845451520 self_thread_id = 139887845451520, last time delay.time = 8, now count = 379, i = 4
2023-01-11 18:05:02.835  75 80 I channel139887845451520 self_thread_id = 139887845451520, last time delay.time = 8, now count = 387
2023-01-11 18:05:02.835  75 77 I channel139887870629632 self_thread_id = 139887870629632, last time delay.time = 8, now count = 380, i = 4
2023-01-11 18:05:02.835  75 77 I channel139887870629632 self_thread_id = 139887870629632, last time delay.time = 8, now count = 380, i = 4
2023-01-11 18:05:02.835  75 77 W channel139887870629632 self_thread_id = 139887870629632, last time delay.time = 8, now count = 380, i = 4
2023-01-11 18:05:02.835  75 77 E channel139887870629632 self_thread_id = 139887870629632, last time delay.time = 8, now count = 380, i = 4
2023-01-11 18:05:02.835  75 77 I channel139887870629632 self_thread_id = 139887870629632, last time delay.time = 8, now count = 388
2023-01-11 18:05:02.835  75 82 I channel139887621699328 self_thread_id = 139887621699328, last time delay.time = 14, now count = 382, i = 4
2023-01-11 18:05:02.835  75 78 I channel139887862236928 self_thread_id = 139887862236928, last time delay.time = 13, now count = 381, i = 4
2023-01-11 18:05:02.835  75 82 I channel139887621699328 self_thread_id = 139887621699328, last time delay.time = 14, now count = 382, i = 4
2023-01-11 18:05:02.835  75 82 W channel139887621699328 self_thread_id = 139887621699328, last time delay.time = 14, now count = 382, i = 4
2023-01-11 18:05:02.835  75 78 I channel139887862236928 self_thread_id = 139887862236928, last time delay.time = 13, now count = 381, i = 4
2023-01-11 18:05:02.835  75 78 W channel139887862236928 self_thread_id = 139887862236928, last time delay.time = 13, now count = 381, i = 4
2023-01-11 18:05:02.835  75 82 E channel139887621699328 self_thread_id = 139887621699328, last time delay.time = 14, now count = 382, i = 4
2023-01-11 18:05:02.835  75 78 E channel139887862236928 self_thread_id = 139887862236928, last time delay.time = 13, now count = 381, i = 4
2023-01-11 18:05:02.835  75 82 I channel139887621699328 self_thread_id = 139887621699328, last time delay.time = 14, now count = 389
2023-01-11 18:05:02.835  75 78 I channel139887862236928 self_thread_id = 139887862236928, last time delay.time = 13, now count = 390
2023-01-11 18:05:02.836  75 81 I channel139887837058816 self_thread_id = 139887837058816, last time delay.time = 8, now count = 383, i = 4
2023-01-11 18:05:02.836  75 81 I channel139887837058816 self_thread_id = 139887837058816, last time delay.time = 8, now count = 383, i = 4
2023-01-11 18:05:02.836  75 81 W channel139887837058816 self_thread_id = 139887837058816, last time delay.time = 8, now count = 383, i = 4
2023-01-11 18:05:02.836  75 81 E channel139887837058816 self_thread_id = 139887837058816, last time delay.time = 8, now count = 383, i = 4
2023-01-11 18:05:02.836  75 81 I channel139887837058816 self_thread_id = 139887837058816, last time delay.time = 8, now count = 391
2023-01-11 18:05:02.836  75 84 I channel139887604913920 self_thread_id = 139887604913920, last time delay.time = 8, now count = 384, i = 4
2023-01-11 18:05:02.836  75 84 I channel139887604913920 self_thread_id = 139887604913920, last time delay.time = 8, now count = 384, i = 4
2023-01-11 18:05:02.836  75 84 W channel139887604913920 self_thread_id = 139887604913920, last time delay.time = 8, now count = 384, i = 4
2023-01-11 18:05:02.836  75 84 E channel139887604913920 self_thread_id = 139887604913920, last time delay.time = 8, now count = 384, i = 4
2023-01-11 18:05:02.836  75 84 I channel139887604913920 self_thread_id = 139887604913920, last time delay.time = 8, now count = 392
2023-01-11 18:05:03.834  75 83 I channel139887613306624 self_thread_id = 139887613306624, last time delay.time = 8, now count = 385, i = 0
2023-01-11 18:05:03.834  75 83 I channel139887613306624 self_thread_id = 139887613306624, last time delay.time = 8, now count = 385, i = 0
2023-01-11 18:05:03.834  75 83 W channel139887613306624 self_thread_id = 139887613306624, last time delay.time = 8, now count = 385, i = 0
2023-01-11 18:05:03.834  75 83 E channel139887613306624 self_thread_id = 139887613306624, last time delay.time = 8, now count = 385, i = 0
2023-01-11 18:05:03.835  75 79 I channel139887853844224 self_thread_id = 139887853844224, last time delay.time = 7, now count = 386, i = 0
2023-01-11 18:05:03.835  75 79 I channel139887853844224 self_thread_id = 139887853844224, last time delay.time = 7, now count = 386, i = 0
2023-01-11 18:05:03.835  75 79 W channel139887853844224 self_thread_id = 139887853844224, last time delay.time = 7, now count = 386, i = 0
2023-01-11 18:05:03.835  75 79 E channel139887853844224 self_thread_id = 139887853844224, last time delay.time = 7, now count = 386, i = 0
2023-01-11 18:05:03.835  75 80 I channel139887845451520 self_thread_id = 139887845451520, last time delay.time = 8, now count = 387, i = 0
2023-01-11 18:05:03.835  75 80 I channel139887845451520 self_thread_id = 139887845451520, last time delay.time = 8, now count = 387, i = 0
2023-01-11 18:05:03.835  75 80 W channel139887845451520 self_thread_id = 139887845451520, last time delay.time = 8, now count = 387, i = 0
2023-01-11 18:05:03.835  75 80 E channel139887845451520 self_thread_id = 139887845451520, last time delay.time = 8, now count = 387, i = 0
2023-01-11 18:05:03.835  75 77 I channel139887870629632 self_thread_id = 139887870629632, last time delay.time = 8, now count = 388, i = 0
2023-01-11 18:05:03.835  75 77 I channel139887870629632 self_thread_id = 139887870629632, last time delay.time = 8, now count = 388, i = 0
2023-01-11 18:05:03.835  75 77 W channel139887870629632 self_thread_id = 139887870629632, last time delay.time = 8, now count = 388, i = 0
2023-01-11 18:05:03.835  75 77 E channel139887870629632 self_thread_id = 139887870629632, last time delay.time = 8, now count = 388, i = 0
2023-01-11 18:05:03.835  75 82 I channel139887621699328 self_thread_id = 139887621699328, last time delay.time = 9, now count = 389, i = 0
2023-01-11 18:05:03.835  75 82 I channel139887621699328 self_thread_id = 139887621699328, last time delay.time = 9, now count = 389, i = 0
