2023-01-11 17:58:07.756  75 83 I channel139887613306624 self_thread_id = 139887613306624, last time delay.time = 14, now count = 719, i = 4
2023-01-11 17:58:07.756  75 79 I channel139887853844224 self_thread_id = 139887853844224, last time delay.time = 13, now count = 720, i = 4
2023-01-11 17:58:07.756  75 83 W channel139887613306624 self_thread_id = 139887613306624, last time delay.time = 14, now count = 719, i = 4
2023-01-11 17:58:07.756  75 79 W channel139887853844224 self_thread_id = 139887853844224, last time delay.time = 13, now count = 720, i = 4
2023-01-11 17:58:07.756  75 83 E channel139887613306624 self_thread_id = 139887613306624, last time delay.time = 14, now count = 719, i = 4
2023-01-11 17:58:07.756  75 79 E channel139887853844224 self_thread_id = 139887853844224, last time delay.time = 13, now count = 720, i = 4
2023-01-11 17:58:07.756  75 83 I channel139887613306624 self_thread_id = 139887613306624, last time delay.time = 14, now count = 727
2023-01-11 17:58:07.756  75 79 I channel139887853844224 self_thread_id = 139887853844224, last time delay.time = 13, now count = 728
2023-01-11 17:58:08.754  75 82 I channel139887621699328 self_thread_id = 139887621699328, last time delay.time = 7, now count = 721, i = 0
2023-01-11 17:58:08.754  75 82 I channel139887621699328 self_thread_id = 139887621699328, last time delay.time = 7, now count = 721, i = 0
2023-01-11 17:58:08.754  75 82 W channel139887621699328 self_thread_id = 139887621699328, last time delay.time = 7, now count = 721, i = 0
2023-01-11 17:58:08.754  75 82 E channel139887621699328 self_thread_id = 139887621699328, last time delay.time = 7, now count = 721, i = 0
2023-01-11 17:58:08.755  75 80 I channel139887845451520 self_thread_id = 139887845451520, last time delay.time = 10, now count = 722, i = 0
2023-01-11 17:58:08.755  75 80 I channel139887845451520 self_thread_id = 139887845451520, last time delay.time = 10, now count = 722, i = 0
2023-01-11 17:58:08.755  75 84 I channel139887604913920 self_thread_id = 139887604913920, last time delay.time = 10, now count = 723, i = 0
2023-01-11 17:58:08.755  75 80 W channel139887845451520 self_thread_id = 139887845451520, last time delay.time = 10, now count = 722, i = 0
2023-01-11 17:58:08.755  75 80 E channel139887845451520 self_thread_id = 139887845451520, last time delay.time = 10, now count = 722, i = 0
2023-01-11 17:58:08.755  75 77 I channel139887870629632 self_thread_id = 139887870629632, last time delay.time = 10, now count = 724, i = 0
2023-01-11 17:58:08.755  75 84 I channel139887604913920 self_thread_id = 139887604913920, last time delay.time = 10, now count = 723, i = 0
2023-01-11 17:58:08.755  75 84 W channel139887604913920 self_thread_id = 139887604913920, last time delay.time = 10, now count = 723, i = 0
2023-01-11 17:58:08.755  75 81 I channel139887837058816 self_thread_id = 139887837058816, last time delay.time = 8, now count = 725, i = 0
2023-01-11 17:58:08.755  75 84 E channel139887604913920 self_thread_id = 139887604913920, last time delay.time = 10, now count = 723, i = 0
2023-01-11 17:58:08.755  75 77 I channel139887870629632 self_thread_id = 139887870629632, last time delay.time = 10, now count = 724, i = 0
2023-01-11 17:58:08.755  75 81 I channel139887837058816 self_thread_id = 139887837058816, last time delay.time = 8, now count = 725, i = 0
2023-01-11 17:58:08.755  75 77 W channel139887870629632 self_thread_id = 139887870629632, last time delay.time = 10, now count = 724, i = 0
2023-01-11 17:58:08.755  75 81 W channel139887837058816 self_thread_id = 139887837058816, last time delay.time = 8, now count = 725, i = 0
2023-01-11 17:58:08.755  75 77 E channel139887870629632 self_thread_id = 139887870629632, last time delay.time = 10, now count = 724, i = 0
2023-01-11 17:58:08.755  75 81 E channel139887837058816 self_thread_id = 139887837058816, last time delay.time = 8, now count = 725, i = 0
2023-01-11 17:58:08.755  75 78 I channel139887862236928 self_thread_id = 139887862236928, last time delay.time = 9, now count = 726, i = 0
2023-01-11 17:58:08.755  75 78 I channel139887862236928 self_thread_id = 139887862236928, last time delay.time = 9, now count = 726, i = 0
2023-01-11 17:58:08.755  75 78 W channel139887862236928 self_thread_id = 139887862236928, last time delay.time = 9, now count = 726, i = 0
2023-01-11 17:58:08.755  75 78 E channel139887862236928 self_thread_id = 139887862236928, last time delay.time = 9, now count = 726, i = 0
2023-01-11 17:58:08.756  75 79 I channel139887853844224 self_thread_id = 139887853844224, last time delay.time = 14, now count = 728, i = 0
2023-01-11 17:58:08.756  75 83 I channel139887613306624 self_thread_id = 139887613306624, last time delay.time = 13, now count = 727, i = 0
2023-01-11 17:58:08.756  75 79 I channel139887853844224 self_thread_id = 139887853844224, last time delay.time = 14, now count = 728, i = 0
2023-01-11 17:58:08.756  75 79 W channel139887853844224 self_thread_id = 139887853844224, last time delay.time = 14, now count = 728, i = 0
2023-01-11 17:58:08.756  75 83 I channel139887613306624 self_thread_id = 139887613306624, last time delay.time = 13, now count = 727, i = 0
2023-01-11 17:58:08.756  75 79 E channel139887853844224 self_thread_id = 139887853844224, last time delay.time = 14, now count = 728, i = 0
2023-01-11 17:58:08.756  75 83 W channel139887613306624 self_thread_id = 139887613306624, last time delay.time = 13, now count = 727, i = 0
2023-01-11 17:58:08.756  75 83 E channel139887613306624 self_thread_id = 139887613306624, last time delay.time = 13, now count = 727, i = 0
2023-01-11 17:58:09.754  75 82 I channel139887621699328 self_thread_id = 139887621699328, last time delay.time = 7, now count = 721, i = 1
2023-01-11 17:58:09.754  75 82 I channel139887621699328 self_thread_id = 139887621699328, last time delay.time = 7, now count = 721, i = 1
2023-01-11 17:58:09.754  75 82 W channel139887621699328 self_thread_id = 139887621699328, last time delay.time = 7, now count = 721, i = 1
2023-01-11 17:58:09.754  75 82 E channel139887621699328 self_thread_id = 139887621699328, last time delay.time = 7, now count = 721, i = 1
2023-01-11 17:58:09.755  75 80 I channel139887845451520 self_thread_id = 139887845451520, last time delay.time = 10, now count = 722, i = 1
2023-01-11 17:58:09.755  75 80 I channel139887845451520 self_thread_id = 139887845451520, last time delay.time = 10, now count = 722, i = 1
2023-01-11 17:58:09.755  75 80 W channel139887845451520 self_thread_id = 139887845451520, last time delay.time = 10, now count = 722, i = 1
2023-01-11 17:58:09.755  75 84 I channel139887604913920 self_thread_id = 139887604913920, last time delay.time = 10, now count = 723, i = 1
2023-01-11 17:58:09.755  75 80 E channel139887845451520 self_thread_id = 139887845451520, last time delay.time = 10, now count = 722, i = 1
2023-01-11 17:58:09.755  75 84 I channel139887604913920 self_thread_id = 139887604913920, last time delay.time = 10, now count = 723, i = 1
2023-01-11 17:58:09.755  75 84 W channel139887604913920 self_thread_id = 139887604913920, last time delay.time = 10, now count = 723, i = 1
2023-01-11 17:58:09.755  75 77 I channel139887870629632 self_thread_id = 139887870629632, last time delay.time = 10, now count = 724, i = 1
2023-01-11 17:58:09.755  75 84 E channel139887604913920 self_thread_id = 139887604913920, last time delay.time = 10, now count = 723, i = 1
2023-01-11 17:58:09.755  75 77 I channel139887870629632 self_thread_id = 139887870629632, last time delay.time = 10, now count = 724, i = 1
2023-01-11 17:58:09.755  75 77 W channel139887870629632 self_thread_id = 139887870629632, last time delay.time = 10, now count = 724, i = 1
2023-01-11 17:58:09.755  75 77 E channel139887870629632 self_thread_id = 139887870629632, last time delay.time = 10, now count = 724, i = 1
2023-01-11 17:58:09.755  75 78 I channel139887862236928 self_thread_id = 139887862236928, last time delay.time = 9, now count = 726, i = 1
2023-01-11 17:58:09.755  75 81 I channel139887837058816 self_thread_id = 139887837058816, last time delay.time = 8, now count = 725, i = 1
2023-01-11 17:58:09.755  75 78 I channel139887862236928 self_thread_id = 139887862236928, last time delay.time = 9, now count = 726, i = 1
2023-01-11 17:58:09.755  75 78 W channel139887862236928 self_thread_id = 139887862236928, last time delay.time = 9, now count = 726, i = 1
2023-01-11 17:58:09.755  75 81 I channel139887837058816 self_thread_id = 139887837058816, last time delay.time = 8, now count = 725, i = 1
2023-01-11 17:58:09.755  75 81 W channel139887837058816 self_thread_id = 139887837058816, last time delay.time = 8, now count = 725, i = 1
2023-01-11 17:58:09.755  75 78 E channel139887862236928 self_thread_id = 139887862236928, last time delay.time = 9, now count = 726, i = 1
2023-01-11 17:58:09.755  75 81 E channel139887837058816 self_thread_id = 139887837058816, last time delay.time = 8, now count = 725, i = 1
2023-01-11 17:58:09.756  75 83 I channel139887613306624 self_thread_id = 139887613306624, last time delay.time = 13, now count = 727, i = 1
2023-01-11 17:58:09.756  75 79 I channel139887853844224 self_thread_id = 139887853844224, last time delay.time = 14, now count = 728, i = 1
2023-01-11 17:58:09.756  75 83 I channel139887613306624 self_thread_id = 139887613306624, last time delay.time = 13, now count = 727, i = 1
2023-01-11 17:58:09.756  75 79 I channel139887853844224 self_thread_id = 139887853844224, last time delay.time = 14, now count = 728, i = 1
2023-01-11 17:58:09.756  75 83 W channel139887613306624 self_thread_id = 139887613306624, last time delay.time = 13, now count = 727, i = 1
2023-01-11 17:58:09.756  75 79 W channel139887853844224 self_thread_id = 139887853844224, last time delay.time = 14, now count = 728, i = 1
2023-01-11 17:58:09.756  75 83 E channel139887613306624 self_thread_id = 139887613306624, last time delay.time = 13, now count = 727, i = 1
2023-01-11 17:58:09.756  75 79 E channel139887853844224 self_thread_id = 139887853844224, last time delay.time = 14, now count = 728, i = 1
2023-01-11 17:58:10.755  75 82 I channel139887621699328 self_thread_id = 139887621699328, last time delay.time = 7, now count = 721, i = 2
2023-01-11 17:58:10.755  75 82 I channel139887621699328 self_thread_id = 139887621699328, last time delay.time = 7, now count = 721, i = 2
2023-01-11 17:58:10.755  75 82 W channel139887621699328 self_thread_id = 139887621699328, last time delay.time = 7, now count = 721, i = 2
2023-01-11 17:58:10.755  75 82 E channel139887621699328 self_thread_id = 139887621699328, last time delay.time = 7, now count = 721, i = 2
2023-01-11 17:58:10.755  75 80 I channel139887845451520 self_thread_id = 139887845451520, last time delay.time = 10, now count = 722, i = 2
2023-01-11 17:58:10.755  75 80 I channel139887845451520 self_thread_id = 139887845451520, last time delay.time = 10, now count = 722, i = 2
2023-01-11 17:58:10.755  75 84 I channel139887604913920 self_thread_id = 139887604913920, last time delay.time = 10, now count = 723, i = 2
2023-01-11 17:58:10.755  75 80 W channel139887845451520 self_thread_id = 139887845451520, last time delay.time = 10, now count = 722, i = 2
2023-01-11 17:58:10.755  75 80 E channel139887845451520 self_thread_id = 139887845451520, last time delay.time = 10, now count = 722, i = 2
2023-01-11 17:58:10.755  75 84 I channel139887604913920 self_thread_id = 139887604913920, last time delay.time = 10, now count = 723, i = 2
2023-01-11 17:58:10.755  75 84 W channel139887604913920 self_thread_id = 139887604913920, last time delay.time = 10, now count = 723, i = 2
2023-01-11 17:58:10.755  75 84 E channel139887604913920 self_thread_id = 139887604913920, last time delay.time = 10, now count = 723, i = 2
2023-01-11 17:58:10.755  75 77 I channel139887870629632 self_thread_id = 139887870629632, last time delay.time = 10, now count = 724, i = 2
2023-01-11 17:58:10.755  75 77 I channel139887870629632 self_thread_id = 139887870629632, last time delay.time = 10, now count = 724, i = 2
2023-01-11 17:58:10.755  75 77 W channel139887870629632 self_thread_id = 139887870629632, last time delay.time = 10, now count = 724, i = 2
2023-01-11 17:58:10.755  75 78 I channel139887862236928 self_thread_id = 139887862236928, last time delay.time = 9, now count = 726, i = 2
2023-01-11 17:58:10.755  75 77 E channel139887870629632 self_thread_id = 139887870629632, last time delay.time = 10, now count = 724, i = 2
2023-01-11 17:58:10.755  75 78 I channel139887862236928 self_thread_id = 139887862236928, last time delay.time = 9, now count = 726, i = 2
2023-01-11 17:58:10.755  75 81 I channel139887837058816 self_thread_id = 139887837058816, last time delay.time = 8, now count = 725, i = 2
2023-01-11 17:58:10.755  75 78 W channel139887862236928 self_thread_id = 139887862236928, last time delay.time = 9, now count = 726, i = 2
2023-01-11 17:58:10.755  75 78 E channel139887862236928 self_thread_id = 139887862236928, last time delay.time = 9, now count = 726, i = 2
2023-01-11 17:58:10.755  75 81 I channel139887837058816 self_thread_id = 139887837058816, last time delay.time = 8, now count = 725, i = 2
2023-01-11 17:58:10.755  75 81 W channel139887837058816 self_thread_id = 139887837058816, last time delay.time = 8, now count = 725, i = 2
2023-01-11 17:58:10.755  75 81 E channel139887837058816 self_thread_id = 139887837058816, last time delay.time = 8, now count = 725, i = 2
2023-01-11 17:58:10.756  75 83 I channel139887613306624 self_thread_id = 139887613306624, last time delay.time = 13, now count = 727, i = 2
2023-01-11 17:58:10.756  75 79 I channel139887853844224 self_thread_id = 139887853844224, last time delay.time = 14, now count = 728, i = 2
2023-01-11 17:58:10.756  75 79 I channel139887853844224 self_thread_id = 139887853844224, last time delay.time = 14, now count = 728, i = 2
2023-01-11 17:58:10.756  75 83 I channel139887613306624 self_thread_id = 139887613306624, last time delay.time = 13, now count = 727, i = 2
2023-01-11 17:58:10.756  75 79 W channel139887853844224 self_thread_id = 139887853844224, last time delay.time = 14, now count = 728, i = 2
2023-01-11 17:58:10.756  75 83 W channel139887613306624 self_thread_id = 139887613306624, last time delay.time = 13, now count = 727, i = 2
2023-01-11 17:58:10.756  75 79 E channel139887853844224 self_thread_id = 139887853844224, last time delay.time = 14, now count = 728, i = 2
2023-01-11 17:58:10.756  75 83 E channel139887613306624 self_thread_id = 139887613306624, last time delay.time = 13, now count = 727, i = 2
2023-01-11 17:58:11.755  75 82 I channel139887621699328 self_thread_id = 139887621699328, last time delay.time = 7, now count = 721, i = 3
2023-01-11 17:58:11.755  75 82 I channel139887621699328 self_thread_id = 139887621699328, last time delay.time = 7, now count = 721, i = 3
2023-01-11 17:58:11.755  75 82 W channel139887621699328 self_thread_id = 139887621699328, last time delay.time = 7, now count = 721, i = 3
2023-01-11 17:58:11.755  75 82 E channel139887621699328 self_thread_id = 139887621699328, last time delay.time = 7, now count = 721, i = 3
2023-01-11 17:58:11.755  75 80 I channel139887845451520 self_thread_id = 139887845451520, last time delay.time = 10, now count = 722, i = 3
2023-01-11 17:58:11.755  75 80 I channel139887845451520 self_thread_id = 139887845451520, last time delay.time = 10, now count = 722, i = 3
2023-01-11 17:58:11.755  75 80 W channel139887845451520 self_thread_id = 139887845451520, last time delay.time = 10, now count = 722, i = 3
2023-01-11 17:58:11.755  75 80 E channel139887845451520 self_thread_id = 139887845451520, last time delay.time = 10, now count = 722, i = 3
2023-01-11 17:58:11.755  75 77 I channel139887870629632 self_thread_id = 139887870629632, last time delay.time = 10, now count = 724, i = 3
2023-01-11 17:58:11.755  75 84 I channel139887604913920 self_thread_id = 139887604913920, last time delay.time = 10, now count = 723, i = 3
2023-01-11 17:58:11.755  75 77 I channel139887870629632 self_thread_id = 139887870629632, last time delay.time = 10, now count = 724, i = 3
2023-01-11 17:58:11.755  75 78 I channel139887862236928 self_thread_id = 139887862236928, last time delay.time = 9, now count = 726, i = 3
2023-01-11 17:58:11.755  75 77 W channel139887870629632 self_thread_id = 139887870629632, last time delay.time = 10, now count = 724, i = 3
2023-01-11 17:58:11.755  75 84 I channel139887604913920 self_thread_id = 139887604913920, last time delay.time = 10, now count = 723, i = 3
2023-01-11 17:58:11.755  75 77 E channel139887870629632 self_thread_id = 139887870629632, last time delay.time = 10, now count = 724, i = 3
2023-01-11 17:58:11.755  75 84 W channel139887604913920 self_thread_id = 139887604913920, last time delay.time = 10, now count = 723, i = 3
2023-01-11 17:58:11.755  75 84 E channel139887604913920 self_thread_id = 139887604913920, last time delay.time = 10, now count = 723, i = 3
2023-01-11 17:58:11.755  75 81 I channel139887837058816 self_thread_id = 139887837058816, last time delay.time = 8, now count = 725, i = 3
2023-01-11 17:58:11.755  75 78 I channel139887862236928 self_thread_id = 139887862236928, last time delay.time = 9, now count = 726, i = 3
2023-01-11 17:58:11.755  75 78 W channel139887862236928 self_thread_id = 139887862236928, last time delay.time = 9, now count = 726, i = 3
2023-01-11 17:58:11.755  75 81 I channel139887837058816 self_thread_id = 139887837058816, last time delay.time = 8, now count = 725, i = 3
2023-01-11 17:58:11.755  75 78 E channel139887862236928 self_thread_id = 139887862236928, last time delay.time = 9, now count = 726, i = 3
2023-01-11 17:58:11.755  75 81 W channel139887837058816 self_thread_id = 139887837058816, last time delay.time = 8, now count = 725, i = 3
2023-01-11 17:58:11.755  75 81 E channel139887837058816 self_thread_id = 139887837058816, last time delay.time = 8, now count = 725, i = 3
2023-01-11 17:58:11.756  75 83 I channel139887613306624 self_thread_id = 139887613306624, last time delay.time = 13, now count = 727, i = 3
2023-01-11 17:58:11.756  75 79 I channel139887853844224 self_thread_id = 139887853844224, last time delay.time = 14, now count = 728, i = 3
2023-01-11 17:58:11.756  75 83 I channel139887613306624 self_thread_id = 139887613306624, last time delay.time = 13, now count = 727, i = 3
2023-01-11 17:58:11.756  75 79 I channel139887853844224 self_thread_id = 139887853844224, last time delay.time = 14, now count = 728, i = 3
2023-01-11 17:58:11.756  75 83 W channel139887613306624 self_thread_id = 139887613306624, last time delay.time = 13, now count = 727, i = 3
2023-01-11 17:58:11.756  75 79 W channel139887853844224 self_thread_id = 139887853844224, last time delay.time = 14, now count = 728, i = 3
2023-01-11 17:58:11.756  75 83 E channel139887613306624 self_thread_id = 139887613306624, last time delay.time = 13, now count = 727, i = 3
2023-01-11 17:58:11.756  75 79 E channel139887853844224 self_thread_id = 139887853844224, last time delay.time = 14, now count = 728, i = 3
2023-01-11 17:58:12.755  75 82 I channel139887621699328 self_thread_id = 139887621699328, last time delay.time = 7, now count = 721, i = 4
2023-01-11 17:58:12.755  75 82 I channel139887621699328 self_thread_id = 139887621699328, last time delay.time = 7, now count = 721, i = 4
2023-01-11 17:58:12.755  75 82 W channel139887621699328 self_thread_id = 139887621699328, last time delay.time = 7, now count = 721, i = 4
2023-01-11 17:58:12.755  75 82 E channel139887621699328 self_thread_id = 139887621699328, last time delay.time = 7, now count = 721, i = 4
2023-01-11 17:58:12.755  75 82 I channel139887621699328 self_thread_id = 139887621699328, last time delay.time = 7, now count = 729
2023-01-11 17:58:12.755  75 80 I channel139887845451520 self_thread_id = 139887845451520, last time delay.time = 10, now count = 722, i = 4
2023-01-11 17:58:12.755  75 80 I channel139887845451520 self_thread_id = 139887845451520, last time delay.time = 10, now count = 722, i = 4
2023-01-11 17:58:12.755  75 80 W channel139887845451520 self_thread_id = 139887845451520, last time delay.time = 10, now count = 722, i = 4
2023-01-11 17:58:12.755  75 78 I channel139887862236928 self_thread_id = 139887862236928, last time delay.time = 9, now count = 726, i = 4
2023-01-11 17:58:12.755  75 80 E channel139887845451520 self_thread_id = 139887845451520, last time delay.time = 10, now count = 722, i = 4
2023-01-11 17:58:12.755  75 80 I channel139887845451520 self_thread_id = 139887845451520, last time delay.time = 10, now count = 730
2023-01-11 17:58:12.755  75 84 I channel139887604913920 self_thread_id = 139887604913920, last time delay.time = 10, now count = 723, i = 4
2023-01-11 17:58:12.756  75 77 I channel139887870629632 self_thread_id = 139887870629632, last time delay.time = 10, now count = 724, i = 4
2023-01-11 17:58:12.755  75 78 I channel139887862236928 self_thread_id = 139887862236928, last time delay.time = 9, now count = 726, i = 4
2023-01-11 17:58:12.756  75 84 I channel139887604913920 self_thread_id = 139887604913920, last time delay.time = 10, now count = 723, i = 4
2023-01-11 17:58:12.756  75 78 W channel139887862236928 self_thread_id = 139887862236928, last time delay.time = 9, now count = 726, i = 4
2023-01-11 17:58:12.756  75 84 W channel139887604913920 self_thread_id = 139887604913920, last time delay.time = 10, now count = 723, i = 4
2023-01-11 17:58:12.756  75 78 E channel139887862236928 self_thread_id = 139887862236928, last time delay.time = 9, now count = 726, i = 4
2023-01-11 17:58:12.756  75 84 E channel139887604913920 self_thread_id = 139887604913920, last time delay.time = 10, now count = 723, i = 4
2023-01-11 17:58:12.756  75 77 I channel139887870629632 self_thread_id = 139887870629632, last time delay.time = 10, now count = 724, i = 4
2023-01-11 17:58:12.756  75 77 W channel139887870629632 self_thread_id = 139887870629632, last time delay.time = 10, now count = 724, i = 4
2023-01-11 17:58:12.756  75 77 E channel139887870629632 self_thread_id = 139887870629632, last time delay.time = 10, now count = 724, i = 4
2023-01-11 17:58:12.756  75 84 I channel139887604913920 self_thread_id = 139887604913920, last time delay.time = 10, now count = 732
2023-01-11 17:58:12.756  75 78 I channel139887862236928 self_thread_id = 139887862236928, last time delay.time = 9, now count = 731
2023-01-11 17:58:12.756  75 77 I channel139887870629632 self_thread_id = 139887870629632, last time delay.time = 10, now count = 733
2023-01-11 17:58:12.756  75 81 I channel139887837058816 self_thread_id = 139887837058816, last time delay.time = 8, now count = 725, i = 4
2023-01-11 17:58:12.756  75 81 I channel139887837058816 self_thread_id = 139887837058816, last time delay.time = 8, now count = 725, i = 4
2023-01-11 17:58:12.756  75 81 W channel139887837058816 self_thread_id = 139887837058816, last time delay.time = 8, now count = 725, i = 4
2023-01-11 17:58:12.756  75 81 E channel139887837058816 self_thread_id = 139887837058816, last time delay.time = 8, now count = 725, i = 4
2023-01-11 17:58:12.756  75 81 I channel139887837058816 self_thread_id = 139887837058816, last time delay.time = 8, now count = 734
2023-01-11 17:58:12.757  75 83 I channel139887613306624 self_thread_id = 139887613306624, last time delay.time = 13, now count = 727, i = 4
2023-01-11 17:58:12.757  75 79 I channel139887853844224 self_thread_id = 139887853844224, last time delay.time = 14, now count = 728, i = 4
2023-01-11 17:58:12.757  75 83 I channel139887613306624 self_thread_id = 139887613306624, last time delay.time = 13, now count = 727, i = 4
2023-01-11 17:58:12.757  75 79 I channel139887853844224 self_thread_id = 139887853844224, last time delay.time = 14, now count = 728, i = 4
2023-01-11 17:58:12.757  75 83 W channel139887613306624 self_thread_id = 139887613306624, last time delay.time = 13, now count = 727, i = 4
2023-01-11 17:58:12.757  75 79 W channel139887853844224 self_thread_id = 139887853844224, last time delay.time = 14, now count = 728, i = 4
2023-01-11 17:58:12.757  75 83 E channel139887613306624 self_thread_id = 139887613306624, last time delay.time = 13, now count = 727, i = 4
2023-01-11 17:58:12.757  75 79 E channel139887853844224 self_thread_id = 139887853844224, last time delay.time = 14, now count = 728, i = 4
2023-01-11 17:58:12.757  75 83 I channel139887613306624 self_thread_id = 139887613306624, last time delay.time = 13, now count = 735
2023-01-11 17:58:12.757  75 79 I channel139887853844224 self_thread_id = 139887853844224, last time delay.time = 14, now count = 736
2023-01-11 17:58:13.755  75 82 I channel139887621699328 self_thread_id = 139887621699328, last time delay.time = 8, now count = 729, i = 0
2023-01-11 17:58:13.755  75 82 I channel139887621699328 self_thread_id = 139887621699328, last time delay.time = 8, now count = 729, i = 0
2023-01-11 17:58:13.755  75 82 W channel139887621699328 self_thread_id = 139887621699328, last time delay.time = 8, now count = 729, i = 0
2023-01-11 17:58:13.755  75 82 E channel139887621699328 self_thread_id = 139887621699328, last time delay.time = 8, now count = 729, i = 0
2023-01-11 17:58:13.756  75 80 I channel139887845451520 self_thread_id = 139887845451520, last time delay.time = 11, now count = 730, i = 0
2023-01-11 17:58:13.756  75 80 I channel139887845451520 self_thread_id = 139887845451520, last time delay.time = 11, now count = 730, i = 0
2023-01-11 17:58:13.756  75 78 I channel139887862236928 self_thread_id = 139887862236928, last time delay.time = 9, now count = 731, i = 0
2023-01-11 17:58:13.756  75 80 W channel139887845451520 self_thread_id = 139887845451520, last time delay.time = 11, now count = 730, i = 0
2023-01-11 17:58:13.756  75 80 E channel139887845451520 self_thread_id = 139887845451520, last time delay.time = 11, now count = 730, i = 0
2023-01-11 17:58:13.756  75 84 I channel139887604913920 self_thread_id = 139887604913920, last time delay.time = 8, now count = 732, i = 0
2023-01-11 17:58:13.756  75 78 I channel139887862236928 self_thread_id = 139887862236928, last time delay.time = 9, now count = 731, i = 0
2023-01-11 17:58:13.756  75 78 W channel139887862236928 self_thread_id = 139887862236928, last time delay.time = 9, now count = 731, i = 0
2023-01-11 17:58:13.756  75 77 I channel139887870629632 self_thread_id = 139887870629632, last time delay.time = 8, now count = 733, i = 0
2023-01-11 17:58:13.756  75 84 I channel139887604913920 self_thread_id = 139887604913920, last time delay.time = 8, now count = 732, i = 0
2023-01-11 17:58:13.756  75 78 E channel139887862236928 self_thread_id = 139887862236928, last time delay.time = 9, now count = 731, i = 0
2023-01-11 17:58:13.756  75 77 I channel139887870629632 self_thread_id = 139887870629632, last time delay.time = 8, now count = 733, i = 0
2023-01-11 17:58:13.756  75 84 W channel139887604913920 self_thread_id = 139887604913920, last time delay.time = 8, now count = 732, i = 0
2023-01-11 17:58:13.756  75 84 E channel139887604913920 self_thread_id = 139887604913920, last time delay.time = 8, now count = 732, i = 0
2023-01-11 17:58:13.756  75 77 W channel139887870629632 self_thread_id = 139887870629632, last time delay.time = 8, now count = 733, i = 0
2023-01-11 17:58:13.756  75 77 E channel139887870629632 self_thread_id = 139887870629632, last time delay.time = 8, now count = 733, i = 0
2023-01-11 17:58:13.756  75 81 I channel139887837058816 self_thread_id = 139887837058816, last time delay.time = 22, now count = 734, i = 0
2023-01-11 17:58:13.756  75 81 I channel139887837058816 self_thread_id = 139887837058816, last time delay.time = 22, now count = 734, i = 0
2023-01-11 17:58:13.756  75 81 W channel139887837058816 self_thread_id = 139887837058816, last time delay.time = 22, now count = 734, i = 0
2023-01-11 17:58:13.756  75 81 E channel139887837058816 self_thread_id = 139887837058816, last time delay.time = 22, now count = 734, i = 0
2023-01-11 17:58:13.757  75 83 I channel139887613306624 self_thread_id = 139887613306624, last time delay.time = 17, now count = 735, i = 0
2023-01-11 17:58:13.757  75 79 I channel139887853844224 self_thread_id = 139887853844224, last time delay.time = 28, now count = 736, i = 0
2023-01-11 17:58:13.757  75 79 I channel139887853844224 self_thread_id = 139887853844224, last time delay.time = 28, now count = 736, i = 0
2023-01-11 17:58:13.757  75 79 W channel139887853844224 self_thread_id = 139887853844224, last time delay.time = 28, now count = 736, i = 0
2023-01-11 17:58:13.757  75 83 I channel139887613306624 self_thread_id = 139887613306624, last time delay.time = 17, now count = 735, i = 0
2023-01-11 17:58:13.757  75 79 E channel139887853844224 self_thread_id = 139887853844224, last time delay.time = 28, now count = 736, i = 0
2023-01-11 17:58:13.757  75 83 W channel139887613306624 self_thread_id = 139887613306624, last time delay.time = 17, now count = 735, i = 0
2023-01-11 17:58:13.757  75 83 E channel139887613306624 self_thread_id = 139887613306624, last time delay.time = 17, now count = 735, i = 0
2023-01-11 17:58:14.755  75 82 I channel139887621699328 self_thread_id = 139887621699328, last time delay.time = 8, now count = 729, i = 1
2023-01-11 17:58:14.755  75 82 I channel139887621699328 self_thread_id = 139887621699328, last time delay.time = 8, now count = 729, i = 1
2023-01-11 17:58:14.755  75 82 W channel139887621699328 self_thread_id = 139887621699328, last time delay.time = 8, now count = 729, i = 1
2023-01-11 17:58:14.755  75 82 E channel139887621699328 self_thread_id = 139887621699328, last time delay.time = 8, now count = 729, i = 1
2023-01-11 17:58:14.756  75 80 I channel139887845451520 self_thread_id = 139887845451520, last time delay.time = 11, now count = 730, i = 1
2023-01-11 17:58:14.756  75 78 I channel139887862236928 self_thread_id = 139887862236928, last time delay.time = 9, now count = 731, i = 1
2023-01-11 17:58:14.756  75 80 I channel139887845451520 self_thread_id = 139887845451520, last time delay.time = 11, now count = 730, i = 1
2023-01-11 17:58:14.756  75 78 I channel139887862236928 self_thread_id = 139887862236928, last time delay.time = 9, now count = 731, i = 1
2023-01-11 17:58:14.756  75 80 W channel139887845451520 self_thread_id = 139887845451520, last time delay.time = 11, now count = 730, i = 1
2023-01-11 17:58:14.756  75 78 W channel139887862236928 self_thread_id = 139887862236928, last time delay.time = 9, now count = 731, i = 1
2023-01-11 17:58:14.756  75 78 E channel139887862236928 self_thread_id = 139887862236928, last time delay.time = 9, now count = 731, i = 1
2023-01-11 17:58:14.756  75 80 E channel139887845451520 self_thread_id = 139887845451520, last time delay.time = 11, now count = 730, i = 1
2023-01-11 17:58:14.756  75 84 I channel139887604913920 self_thread_id = 139887604913920, last time delay.time = 8, now count = 732, i = 1
2023-01-11 17:58:14.756  75 84 I channel139887604913920 self_thread_id = 139887604913920, last time delay.time = 8, now count = 732, i = 1
2023-01-11 17:58:14.756  75 84 W channel139887604913920 self_thread_id = 139887604913920, last time delay.time = 8, now count = 732, i = 1
2023-01-11 17:58:14.756  75 77 I channel139887870629632 self_thread_id = 139887870629632, last time delay.time = 8, now count = 733, i = 1
2023-01-11 17:58:14.756  75 84 E channel139887604913920 self_thread_id = 139887604913920, last time delay.time = 8, now count = 732, i = 1
2023-01-11 17:58:14.756  75 77 I channel139887870629632 self_thread_id = 139887870629632, last time delay.time = 8, now count = 733, i = 1
2023-01-11 17:58:14.756  75 77 W channel139887870629632 self_thread_id = 139887870629632, last time delay.time = 8, now count = 733, i = 1
2023-01-11 17:58:14.756  75 77 E channel139887870629632 self_thread_id = 139887870629632, last time delay.time = 8, now count = 733, i = 1
2023-01-11 17:58:14.756  75 81 I channel139887837058816 self_thread_id = 139887837058816, last time delay.time = 22, now count = 734, i = 1
2023-01-11 17:58:14.756  75 81 I channel139887837058816 self_thread_id = 139887837058816, last time delay.time = 22, now count = 734, i = 1
2023-01-11 17:58:14.756  75 81 W channel139887837058816 self_thread_id = 139887837058816, last time delay.time = 22, now count = 734, i = 1
2023-01-11 17:58:14.756  75 81 E channel139887837058816 self_thread_id = 139887837058816, last time delay.time = 22, now count = 734, i = 1
2023-01-11 17:58:14.757  75 79 I channel139887853844224 self_thread_id = 139887853844224, last time delay.time = 28, now count = 736, i = 1
2023-01-11 17:58:14.757  75 83 I channel139887613306624 self_thread_id = 139887613306624, last time delay.time = 17, now count = 735, i = 1
2023-01-11 17:58:14.757  75 79 I channel139887853844224 self_thread_id = 139887853844224, last time delay.time = 28, now count = 736, i = 1
2023-01-11 17:58:14.757  75 83 I channel139887613306624 self_thread_id = 139887613306624, last time delay.time = 17, now count = 735, i = 1
2023-01-11 17:58:14.757  75 79 W channel139887853844224 self_thread_id = 139887853844224, last time delay.time = 28, now count = 736, i = 1
2023-01-11 17:58:14.757  75 83 W channel139887613306624 self_thread_id = 139887613306624, last time delay.time = 17, now count = 735, i = 1
2023-01-11 17:58:14.757  75 79 E channel139887853844224 self_thread_id = 139887853844224, last time delay.time = 28, now count = 736, i = 1
2023-01-11 17:58:14.757  75 83 E channel139887613306624 self_thread_id = 139887613306624, last time delay.time = 17, now count = 735, i = 1
2023-01-11 17:58:15.756  75 82 I channel139887621699328 self_thread_id = 139887621699328, last time delay.time = 8, now count = 729, i = 2
2023-01-11 17:58:15.756  75 82 I channel139887621699328 self_thread_id = 139887621699328, last time delay.time = 8, now count = 729, i = 2
2023-01-11 17:58:15.756  75 82 W channel139887621699328 self_thread_id = 139887621699328, last time delay.time = 8, now count = 729, i = 2
2023-01-11 17:58:15.756  75 82 E channel139887621699328 self_thread_id = 139887621699328, last time delay.time = 8, now count = 729, i = 2
2023-01-11 17:58:15.756  75 78 I channel139887862236928 self_thread_id = 139887862236928, last time delay.time = 9, now count = 731, i = 2
2023-01-11 17:58:15.756  75 80 I channel139887845451520 self_thread_id = 139887845451520, last time delay.time = 11, now count = 730, i = 2
2023-01-11 17:58:15.756  75 78 I channel139887862236928 self_thread_id = 139887862236928, last time delay.time = 9, now count = 731, i = 2
2023-01-11 17:58:15.756  75 84 I channel139887604913920 self_thread_id = 139887604913920, last time delay.time = 8, now count = 732, i = 2
2023-01-11 17:58:15.756  75 80 I channel139887845451520 self_thread_id = 139887845451520, last time delay.time = 11, now count = 730, i = 2
2023-01-11 17:58:15.756  75 78 W channel139887862236928 self_thread_id = 139887862236928, last time delay.time = 9, now count = 731, i = 2
2023-01-11 17:58:15.756  75 80 W channel139887845451520 self_thread_id = 139887845451520, last time delay.time = 11, now count = 730, i = 2
2023-01-11 17:58:15.756  75 78 E channel139887862236928 self_thread_id = 139887862236928, last time delay.time = 9, now count = 731, i = 2
2023-01-11 17:58:15.756  75 84 I channel139887604913920 self_thread_id = 139887604913920, last time delay.time = 8, now count = 732, i = 2
2023-01-11 17:58:15.756  75 80 E channel139887845451520 self_thread_id = 139887845451520, last time delay.time = 11, now count = 730, i = 2
2023-01-11 17:58:15.756  75 77 I channel139887870629632 self_thread_id = 139887870629632, last time delay.time = 8, now count = 733, i = 2
2023-01-11 17:58:15.756  75 84 W channel139887604913920 self_thread_id = 139887604913920, last time delay.time = 8, now count = 732, i = 2
2023-01-11 17:58:15.756  75 77 I channel139887870629632 self_thread_id = 139887870629632, last time delay.time = 8, now count = 733, i = 2
2023-01-11 17:58:15.756  75 84 E channel139887604913920 self_thread_id = 139887604913920, last time delay.time = 8, now count = 732, i = 2
2023-01-11 17:58:15.756  75 77 W channel139887870629632 self_thread_id = 139887870629632, last time delay.time = 8, now count = 733, i = 2
2023-01-11 17:58:15.756  75 77 E channel139887870629632 self_thread_id = 139887870629632, last time delay.time = 8, now count = 733, i = 2
2023-01-11 17:58:15.756  75 81 I channel139887837058816 self_thread_id = 139887837058816, last time delay.time = 22, now count = 734, i = 2
2023-01-11 17:58:15.756  75 81 I channel139887837058816 self_thread_id = 139887837058816, last time delay.time = 22, now count = 734, i = 2
2023-01-11 17:58:15.756  75 81 W channel139887837058816 self_thread_id = 139887837058816, last time delay.time = 22, now count = 734, i = 2
2023-01-11 17:58:15.756  75 81 E channel139887837058816 self_thread_id = 139887837058816, last time delay.time = 22, now count = 734, i = 2
2023-01-11 17:58:15.757  75 79 I channel139887853844224 self_thread_id = 139887853844224, last time delay.time = 28, now count = 736, i = 2
2023-01-11 17:58:15.757  75 83 I channel139887613306624 self_thread_id = 139887613306624, last time delay.time = 17, now count = 735, i = 2
2023-01-11 17:58:15.757  75 79 I channel139887853844224 self_thread_id = 139887853844224, last time delay.time = 28, now count = 736, i = 2
2023-01-11 17:58:15.757  75 83 I channel139887613306624 self_thread_id = 139887613306624, last time delay.time = 17, now count = 735, i = 2
2023-01-11 17:58:15.757  75 79 W channel139887853844224 self_thread_id = 139887853844224, last time delay.time = 28, now count = 736, i = 2
2023-01-11 17:58:15.757  75 83 W channel139887613306624 self_thread_id = 139887613306624, last time delay.time = 17, now count = 735, i = 2
2023-01-11 17:58:15.757  75 79 E channel139887853844224 self_thread_id = 139887853844224, last time delay.time = 28, now count = 736, i = 2
2023-01-11 17:58:15.757  75 83 E channel139887613306624 self_thread_id = 139887613306624, last time delay.time = 17, now count = 735, i = 2
2023-01-11 17:58:16.518  75 75 I APP.tag TestComponent::Proc
2023-01-11 17:58:16.518  75 75 I APP.tag ****************test INFO begin****************
2023-01-11 17:58:16.518  75 75 I APP.tag 测试 index = 797组
2023-01-11 17:58:16.518  75 75 E APP.tag 循环计数 i = 1次
2023-01-11 17:58:16.518  75 75 I APP.tag test LOG_Trace()
2023-01-11 17:58:16.518  75 75 I vscode 循环计数 i = 1次,test LOG_Channel_Trace()
2023-01-11 17:58:16.518  75 75 E APP.tag 循环计数 i = 2次
2023-01-11 17:58:16.518  75 75 E APP.tag 循环计数 i = 3次
2023-01-11 17:58:16.518  75 75 I APP.tag test LOG_Info()
2023-01-11 17:58:16.518  75 75 I baidu 循环计数 i = 3次,test LOG_Channel_Info()
2023-01-11 17:58:16.518  75 75 E APP.tag 循环计数 i = 4次
2023-01-11 17:58:16.518  75 75 W APP.tag test LOG_Warn()
2023-01-11 17:58:16.518  75 75 W google 循环计数 i = 4次,test LOG_Channel_Warn()
2023-01-11 17:58:16.518  75 75 E APP.tag 循环计数 i = 5次
2023-01-11 17:58:16.518  75 75 E APP.tag test LOG_Error()
2023-01-11 17:58:16.518  75 75 E visio 循环计数 i = 5次,test LOG_Channel_Error()
2023-01-11 17:58:16.518  75 75 I APP.tag print coredump DataLen:2 Data[01 00]
2023-01-11 17:58:16.518  75 75 W coredump 0x0000000a 0a 00 00 00 0b 00 00 00 0c 00 00 00 0d 00 00 00 0e 00 00 00
2023-01-11 17:58:16.518  75 75 I APP.tag ****************test INFO end****************
2023-01-11 17:58:16.756  75 82 I channel139887621699328 self_thread_id = 139887621699328, last time delay.time = 8, now count = 729, i = 3
2023-01-11 17:58:16.756  75 82 I channel139887621699328 self_thread_id = 139887621699328, last time delay.time = 8, now count = 729, i = 3
2023-01-11 17:58:16.756  75 82 W channel139887621699328 self_thread_id = 139887621699328, last time delay.time = 8, now count = 729, i = 3
2023-01-11 17:58:16.756  75 82 E channel139887621699328 self_thread_id = 139887621699328, last time delay.time = 8, now count = 729, i = 3
2023-01-11 17:58:16.756  75 78 I channel139887862236928 self_thread_id = 139887862236928, last time delay.time = 9, now count = 731, i = 3
2023-01-11 17:58:16.756  75 80 I channel139887845451520 self_thread_id = 139887845451520, last time delay.time = 11, now count = 730, i = 3
2023-01-11 17:58:16.756  75 78 I channel139887862236928 self_thread_id = 139887862236928, last time delay.time = 9, now count = 731, i = 3
2023-01-11 17:58:16.756  75 81 I channel139887837058816 self_thread_id = 139887837058816, last time delay.time = 22, now count = 734, i = 3
2023-01-11 17:58:16.756  75 78 W channel139887862236928 self_thread_id = 139887862236928, last time delay.time = 9, now count = 731, i = 3
2023-01-11 17:58:16.756  75 80 I channel139887845451520 self_thread_id = 139887845451520, last time delay.time = 11, now count = 730, i = 3
2023-01-11 17:58:16.756  75 78 E channel139887862236928 self_thread_id = 139887862236928, last time delay.time = 9, now count = 731, i = 3
2023-01-11 17:58:16.756  75 81 I channel139887837058816 self_thread_id = 139887837058816, last time delay.time = 22, now count = 734, i = 3
2023-01-11 17:58:16.756  75 80 W channel139887845451520 self_thread_id = 139887845451520, last time delay.time = 11, now count = 730, i = 3
2023-01-11 17:58:16.756  75 81 W channel139887837058816 self_thread_id = 139887837058816, last time delay.time = 22, now count = 734, i = 3
2023-01-11 17:58:16.756  75 81 E channel139887837058816 self_thread_id = 139887837058816, last time delay.time = 22, now count = 734, i = 3
2023-01-11 17:58:16.756  75 80 E channel139887845451520 self_thread_id = 139887845451520, last time delay.time = 11, now count = 730, i = 3
2023-01-11 17:58:16.756  75 84 I channel139887604913920 self_thread_id = 139887604913920, last time delay.time = 8, now count = 732, i = 3
2023-01-11 17:58:16.756  75 77 I channel139887870629632 self_thread_id = 139887870629632, last time delay.time = 8, now count = 733, i = 3
2023-01-11 17:58:16.756  75 84 I channel139887604913920 self_thread_id = 139887604913920, last time delay.time = 8, now count = 732, i = 3
2023-01-11 17:58:16.756  75 84 W channel139887604913920 self_thread_id = 139887604913920, last time delay.time = 8, now count = 732, i = 3
2023-01-11 17:58:16.756  75 77 I channel139887870629632 self_thread_id = 139887870629632, last time delay.time = 8, now count = 733, i = 3
2023-01-11 17:58:16.756  75 84 E channel139887604913920 self_thread_id = 139887604913920, last time delay.time = 8, now count = 732, i = 3
2023-01-11 17:58:16.756  75 77 W channel139887870629632 self_thread_id = 139887870629632, last time delay.time = 8, now count = 733, i = 3
2023-01-11 17:58:16.756  75 77 E channel139887870629632 self_thread_id = 139887870629632, last time delay.time = 8, now count = 733, i = 3
2023-01-11 17:58:16.757  75 83 I channel139887613306624 self_thread_id = 139887613306624, last time delay.time = 17, now count = 735, i = 3
2023-01-11 17:58:16.757  75 79 I channel139887853844224 self_thread_id = 139887853844224, last time delay.time = 28, now count = 736, i = 3
2023-01-11 17:58:16.757  75 83 I channel139887613306624 self_thread_id = 139887613306624, last time delay.time = 17, now count = 735, i = 3
2023-01-11 17:58:16.757  75 79 I channel139887853844224 self_thread_id = 139887853844224, last time delay.time = 28, now count = 736, i = 3
2023-01-11 17:58:16.757  75 83 W channel139887613306624 self_thread_id = 139887613306624, last time delay.time = 17, now count = 735, i = 3
2023-01-11 17:58:16.757  75 79 W channel139887853844224 self_thread_id = 139887853844224, last time delay.time = 28, now count = 736, i = 3
2023-01-11 17:58:16.757  75 83 E channel139887613306624 self_thread_id = 139887613306624, last time delay.time = 17, now count = 735, i = 3
2023-01-11 17:58:16.757  75 79 E channel139887853844224 self_thread_id = 139887853844224, last time delay.time = 28, now count = 736, i = 3
2023-01-11 17:58:17.756  75 82 I channel139887621699328 self_thread_id = 139887621699328, last time delay.time = 8, now count = 729, i = 4
2023-01-11 17:58:17.756  75 82 I channel139887621699328 self_thread_id = 139887621699328, last time delay.time = 8, now count = 729, i = 4
2023-01-11 17:58:17.756  75 82 W channel139887621699328 self_thread_id = 139887621699328, last time delay.time = 8, now count = 729, i = 4
2023-01-11 17:58:17.756  75 82 E channel139887621699328 self_thread_id = 139887621699328, last time delay.time = 8, now count = 729, i = 4
2023-01-11 17:58:17.756  75 82 I channel139887621699328 self_thread_id = 139887621699328, last time delay.time = 8, now count = 737
2023-01-11 17:58:17.756  75 78 I channel139887862236928 self_thread_id = 139887862236928, last time delay.time = 9, now count = 731, i = 4
2023-01-11 17:58:17.756  75 78 I channel139887862236928 self_thread_id = 139887862236928, last time delay.time = 9, now count = 731, i = 4
2023-01-11 17:58:17.756  75 78 W channel139887862236928 self_thread_id = 139887862236928, last time delay.time = 9, now count = 731, i = 4
2023-01-11 17:58:17.756  75 78 E channel139887862236928 self_thread_id = 139887862236928, last time delay.time = 9, now count = 731, i = 4
2023-01-11 17:58:17.756  75 78 I channel139887862236928 self_thread_id = 139887862236928, last time delay.time = 9, now count = 738
2023-01-11 17:58:17.756  75 81 I channel139887837058816 self_thread_id = 139887837058816, last time delay.time = 22, now count = 734, i = 4
2023-01-11 17:58:17.756  75 80 I channel139887845451520 self_thread_id = 139887845451520, last time delay.time = 11, now count = 730, i = 4
2023-01-11 17:58:17.756  75 81 I channel139887837058816 self_thread_id = 139887837058816, last time delay.time = 22, now count = 734, i = 4
2023-01-11 17:58:17.756  75 80 I channel139887845451520 self_thread_id = 139887845451520, last time delay.time = 11, now count = 730, i = 4
2023-01-11 17:58:17.756  75 81 W channel139887837058816 self_thread_id = 139887837058816, last time delay.time = 22, now count = 734, i = 4
2023-01-11 17:58:17.756  75 80 W channel139887845451520 self_thread_id = 139887845451520, last time delay.time = 11, now count = 730, i = 4
2023-01-11 17:58:17.756  75 81 E channel139887837058816 self_thread_id = 139887837058816, last time delay.time = 22, now count = 734, i = 4
2023-01-11 17:58:17.756  75 81 I channel139887837058816 self_thread_id = 139887837058816, last time delay.time = 22, now count = 739
2023-01-11 17:58:17.756  75 84 I channel139887604913920 self_thread_id = 139887604913920, last time delay.time = 8, now count = 732, i = 4
2023-01-11 17:58:17.756  75 80 E channel139887845451520 self_thread_id = 139887845451520, last time delay.time = 11, now count = 730, i = 4
2023-01-11 17:58:17.756  75 80 I channel139887845451520 self_thread_id = 139887845451520, last time delay.time = 11, now count = 740
2023-01-11 17:58:17.757  75 84 I channel139887604913920 self_thread_id = 139887604913920, last time delay.time = 8, now count = 732, i = 4
2023-01-11 17:58:17.757  75 84 W channel139887604913920 self_thread_id = 139887604913920, last time delay.time = 8, now count = 732, i = 4
2023-01-11 17:58:17.757  75 84 E channel139887604913920 self_thread_id = 139887604913920, last time delay.time = 8, now count = 732, i = 4
2023-01-11 17:58:17.757  75 84 I channel139887604913920 self_thread_id = 139887604913920, last time delay.time = 8, now count = 741
2023-01-11 17:58:17.757  75 77 I channel139887870629632 self_thread_id = 139887870629632, last time delay.time = 8, now count = 733, i = 4
2023-01-11 17:58:17.757  75 77 I channel139887870629632 self_thread_id = 139887870629632, last time delay.time = 8, now count = 733, i = 4
2023-01-11 17:58:17.757  75 77 W channel139887870629632 self_thread_id = 139887870629632, last time delay.time = 8, now count = 733, i = 4
2023-01-11 17:58:17.757  75 77 E channel139887870629632 self_thread_id = 139887870629632, last time delay.time = 8, now count = 733, i = 4
2023-01-11 17:58:17.757  75 77 I channel139887870629632 self_thread_id = 139887870629632, last time delay.time = 8, now count = 742
2023-01-11 17:58:17.758  75 79 I channel139887853844224 self_thread_id = 139887853844224, last time delay.time = 28, now count = 736, i = 4
2023-01-11 17:58:17.758  75 83 I channel139887613306624 self_thread_id = 139887613306624, last time delay.time = 17, now count = 735, i = 4
2023-01-11 17:58:17.758  75 79 I channel139887853844224 self_thread_id = 139887853844224, last time delay.time = 28, now count = 736, i = 4
2023-01-11 17:58:17.758  75 83 I channel139887613306624 self_thread_id = 139887613306624, last time delay.time = 17, now count = 735, i = 4
2023-01-11 17:58:17.758  75 79 W channel139887853844224 self_thread_id = 139887853844224, last time delay.time = 28, now count = 736, i = 4
2023-01-11 17:58:17.758  75 83 W channel139887613306624 self_thread_id = 139887613306624, last time delay.time = 17, now count = 735, i = 4
2023-01-11 17:58:17.758  75 79 E channel139887853844224 self_thread_id = 139887853844224, last time delay.time = 28, now count = 736, i = 4
2023-01-11 17:58:17.758  75 83 E channel139887613306624 self_thread_id = 139887613306624, last time delay.time = 17, now count = 735, i = 4
2023-01-11 17:58:17.758  75 79 I channel139887853844224 self_thread_id = 139887853844224, last time delay.time = 28, now count = 743
2023-01-11 17:58:17.758  75 83 I channel139887613306624 self_thread_id = 139887613306624, last time delay.time = 17, now count = 744
2023-01-11 17:58:18.756  75 82 I channel139887621699328 self_thread_id = 139887621699328, last time delay.time = 8, now count = 737, i = 0
2023-01-11 17:58:18.756  75 82 I channel139887621699328 self_thread_id = 139887621699328, last time delay.time = 8, now count = 737, i = 0
2023-01-11 17:58:18.756  75 82 W channel139887621699328 self_thread_id = 139887621699328, last time delay.time = 8, now count = 737, i = 0
2023-01-11 17:58:18.756  75 82 E channel139887621699328 self_thread_id = 139887621699328, last time delay.time = 8, now count = 737, i = 0
2023-01-11 17:58:18.757  75 78 I channel139887862236928 self_thread_id = 139887862236928, last time delay.time = 17, now count = 738, i = 0
