2023-01-11 18:11:27.908  75 77 I channel139887870629632 self_thread_id = 139887870629632, last time delay.time = 10, now count = 997, i = 4
2023-01-11 18:11:27.908  75 84 I channel139887604913920 self_thread_id = 139887604913920, last time delay.time = 9, now count = 998, i = 4
2023-01-11 18:11:27.908  75 84 W channel139887604913920 self_thread_id = 139887604913920, last time delay.time = 9, now count = 998, i = 4
2023-01-11 18:11:27.908  75 84 E channel139887604913920 self_thread_id = 139887604913920, last time delay.time = 9, now count = 998, i = 4
2023-01-11 18:11:27.908  75 77 I channel139887870629632 self_thread_id = 139887870629632, last time delay.time = 10, now count = 997, i = 4
2023-01-11 18:11:27.908  75 84 I channel139887604913920 self_thread_id = 139887604913920, last time delay.time = 9, now count = 5
2023-01-11 18:11:27.908  75 77 W channel139887870629632 self_thread_id = 139887870629632, last time delay.time = 10, now count = 997, i = 4
2023-01-11 18:11:27.908  75 77 E channel139887870629632 self_thread_id = 139887870629632, last time delay.time = 10, now count = 997, i = 4
2023-01-11 18:11:27.908  75 82 I channel139887621699328 self_thread_id = 139887621699328, last time delay.time = 8, now count = 0, i = 4
2023-01-11 18:11:27.908  75 77 I channel139887870629632 self_thread_id = 139887870629632, last time delay.time = 10, now count = 6
2023-01-11 18:11:27.908  75 82 I channel139887621699328 self_thread_id = 139887621699328, last time delay.time = 8, now count = 0, i = 4
2023-01-11 18:11:27.908  75 82 W channel139887621699328 self_thread_id = 139887621699328, last time delay.time = 8, now count = 0, i = 4
2023-01-11 18:11:27.908  75 82 E channel139887621699328 self_thread_id = 139887621699328, last time delay.time = 8, now count = 0, i = 4
2023-01-11 18:11:27.908  75 81 I channel139887837058816 self_thread_id = 139887837058816, last time delay.time = 10, now count = 999, i = 4
2023-01-11 18:11:27.908  75 82 I channel139887621699328 self_thread_id = 139887621699328, last time delay.time = 8, now count = 7
2023-01-11 18:11:27.908  75 81 I channel139887837058816 self_thread_id = 139887837058816, last time delay.time = 10, now count = 999, i = 4
2023-01-11 18:11:27.908  75 81 W channel139887837058816 self_thread_id = 139887837058816, last time delay.time = 10, now count = 999, i = 4
2023-01-11 18:11:27.908  75 81 E channel139887837058816 self_thread_id = 139887837058816, last time delay.time = 10, now count = 999, i = 4
2023-01-11 18:11:27.908  75 81 I channel139887837058816 self_thread_id = 139887837058816, last time delay.time = 10, now count = 8
2023-01-11 18:11:28.908  75 83 I channel139887613306624 self_thread_id = 139887613306624, last time delay.time = 8, now count = 1, i = 0
2023-01-11 18:11:28.908  75 83 I channel139887613306624 self_thread_id = 139887613306624, last time delay.time = 8, now count = 1, i = 0
2023-01-11 18:11:28.908  75 83 W channel139887613306624 self_thread_id = 139887613306624, last time delay.time = 8, now count = 1, i = 0
2023-01-11 18:11:28.908  75 83 E channel139887613306624 self_thread_id = 139887613306624, last time delay.time = 8, now count = 1, i = 0
2023-01-11 18:11:28.908  75 78 I channel139887862236928 self_thread_id = 139887862236928, last time delay.time = 8, now count = 2, i = 0
2023-01-11 18:11:28.908  75 78 I channel139887862236928 self_thread_id = 139887862236928, last time delay.time = 8, now count = 2, i = 0
2023-01-11 18:11:28.908  75 78 W channel139887862236928 self_thread_id = 139887862236928, last time delay.time = 8, now count = 2, i = 0
2023-01-11 18:11:28.908  75 78 E channel139887862236928 self_thread_id = 139887862236928, last time delay.time = 8, now count = 2, i = 0
2023-01-11 18:11:28.908  75 79 I channel139887853844224 self_thread_id = 139887853844224, last time delay.time = 10, now count = 3, i = 0
2023-01-11 18:11:28.908  75 84 I channel139887604913920 self_thread_id = 139887604913920, last time delay.time = 8, now count = 5, i = 0
2023-01-11 18:11:28.908  75 79 I channel139887853844224 self_thread_id = 139887853844224, last time delay.time = 10, now count = 3, i = 0
2023-01-11 18:11:28.908  75 80 I channel139887845451520 self_thread_id = 139887845451520, last time delay.time = 9, now count = 4, i = 0
2023-01-11 18:11:28.908  75 84 I channel139887604913920 self_thread_id = 139887604913920, last time delay.time = 8, now count = 5, i = 0
2023-01-11 18:11:28.908  75 79 W channel139887853844224 self_thread_id = 139887853844224, last time delay.time = 10, now count = 3, i = 0
2023-01-11 18:11:28.908  75 79 E channel139887853844224 self_thread_id = 139887853844224, last time delay.time = 10, now count = 3, i = 0
2023-01-11 18:11:28.908  75 80 I channel139887845451520 self_thread_id = 139887845451520, last time delay.time = 9, now count = 4, i = 0
2023-01-11 18:11:28.908  75 84 W channel139887604913920 self_thread_id = 139887604913920, last time delay.time = 8, now count = 5, i = 0
2023-01-11 18:11:28.908  75 80 W channel139887845451520 self_thread_id = 139887845451520, last time delay.time = 9, now count = 4, i = 0
2023-01-11 18:11:28.908  75 84 E channel139887604913920 self_thread_id = 139887604913920, last time delay.time = 8, now count = 5, i = 0
2023-01-11 18:11:28.908  75 77 I channel139887870629632 self_thread_id = 139887870629632, last time delay.time = 20, now count = 6, i = 0
2023-01-11 18:11:28.908  75 80 E channel139887845451520 self_thread_id = 139887845451520, last time delay.time = 9, now count = 4, i = 0
2023-01-11 18:11:28.908  75 77 I channel139887870629632 self_thread_id = 139887870629632, last time delay.time = 20, now count = 6, i = 0
2023-01-11 18:11:28.908  75 77 W channel139887870629632 self_thread_id = 139887870629632, last time delay.time = 20, now count = 6, i = 0
2023-01-11 18:11:28.908  75 77 E channel139887870629632 self_thread_id = 139887870629632, last time delay.time = 20, now count = 6, i = 0
2023-01-11 18:11:28.908  75 82 I channel139887621699328 self_thread_id = 139887621699328, last time delay.time = 8, now count = 7, i = 0
2023-01-11 18:11:28.908  75 82 I channel139887621699328 self_thread_id = 139887621699328, last time delay.time = 8, now count = 7, i = 0
2023-01-11 18:11:28.908  75 82 W channel139887621699328 self_thread_id = 139887621699328, last time delay.time = 8, now count = 7, i = 0
2023-01-11 18:11:28.908  75 81 I channel139887837058816 self_thread_id = 139887837058816, last time delay.time = 8, now count = 8, i = 0
2023-01-11 18:11:28.908  75 82 E channel139887621699328 self_thread_id = 139887621699328, last time delay.time = 8, now count = 7, i = 0
2023-01-11 18:11:28.908  75 81 I channel139887837058816 self_thread_id = 139887837058816, last time delay.time = 8, now count = 8, i = 0
2023-01-11 18:11:28.909  75 81 W channel139887837058816 self_thread_id = 139887837058816, last time delay.time = 8, now count = 8, i = 0
2023-01-11 18:11:28.909  75 81 E channel139887837058816 self_thread_id = 139887837058816, last time delay.time = 8, now count = 8, i = 0
2023-01-11 18:11:29.908  75 83 I channel139887613306624 self_thread_id = 139887613306624, last time delay.time = 8, now count = 1, i = 1
2023-01-11 18:11:29.908  75 83 I channel139887613306624 self_thread_id = 139887613306624, last time delay.time = 8, now count = 1, i = 1
2023-01-11 18:11:29.908  75 83 W channel139887613306624 self_thread_id = 139887613306624, last time delay.time = 8, now count = 1, i = 1
2023-01-11 18:11:29.908  75 83 E channel139887613306624 self_thread_id = 139887613306624, last time delay.time = 8, now count = 1, i = 1
2023-01-11 18:11:29.908  75 78 I channel139887862236928 self_thread_id = 139887862236928, last time delay.time = 8, now count = 2, i = 1
2023-01-11 18:11:29.908  75 78 I channel139887862236928 self_thread_id = 139887862236928, last time delay.time = 8, now count = 2, i = 1
2023-01-11 18:11:29.908  75 78 W channel139887862236928 self_thread_id = 139887862236928, last time delay.time = 8, now count = 2, i = 1
2023-01-11 18:11:29.908  75 78 E channel139887862236928 self_thread_id = 139887862236928, last time delay.time = 8, now count = 2, i = 1
2023-01-11 18:11:29.909  75 79 I channel139887853844224 self_thread_id = 139887853844224, last time delay.time = 10, now count = 3, i = 1
2023-01-11 18:11:29.909  75 80 I channel139887845451520 self_thread_id = 139887845451520, last time delay.time = 9, now count = 4, i = 1
2023-01-11 18:11:29.909  75 80 I channel139887845451520 self_thread_id = 139887845451520, last time delay.time = 9, now count = 4, i = 1
2023-01-11 18:11:29.909  75 84 I channel139887604913920 self_thread_id = 139887604913920, last time delay.time = 8, now count = 5, i = 1
2023-01-11 18:11:29.909  75 77 I channel139887870629632 self_thread_id = 139887870629632, last time delay.time = 20, now count = 6, i = 1
2023-01-11 18:11:29.909  75 80 W channel139887845451520 self_thread_id = 139887845451520, last time delay.time = 9, now count = 4, i = 1
2023-01-11 18:11:29.909  75 79 I channel139887853844224 self_thread_id = 139887853844224, last time delay.time = 10, now count = 3, i = 1
2023-01-11 18:11:29.909  75 80 E channel139887845451520 self_thread_id = 139887845451520, last time delay.time = 9, now count = 4, i = 1
2023-01-11 18:11:29.909  75 84 I channel139887604913920 self_thread_id = 139887604913920, last time delay.time = 8, now count = 5, i = 1
2023-01-11 18:11:29.909  75 82 I channel139887621699328 self_thread_id = 139887621699328, last time delay.time = 8, now count = 7, i = 1
2023-01-11 18:11:29.909  75 84 W channel139887604913920 self_thread_id = 139887604913920, last time delay.time = 8, now count = 5, i = 1
2023-01-11 18:11:29.909  75 77 I channel139887870629632 self_thread_id = 139887870629632, last time delay.time = 20, now count = 6, i = 1
2023-01-11 18:11:29.909  75 82 I channel139887621699328 self_thread_id = 139887621699328, last time delay.time = 8, now count = 7, i = 1
2023-01-11 18:11:29.909  75 77 W channel139887870629632 self_thread_id = 139887870629632, last time delay.time = 20, now count = 6, i = 1
2023-01-11 18:11:29.909  75 84 E channel139887604913920 self_thread_id = 139887604913920, last time delay.time = 8, now count = 5, i = 1
2023-01-11 18:11:29.909  75 82 W channel139887621699328 self_thread_id = 139887621699328, last time delay.time = 8, now count = 7, i = 1
2023-01-11 18:11:29.909  75 81 I channel139887837058816 self_thread_id = 139887837058816, last time delay.time = 8, now count = 8, i = 1
2023-01-11 18:11:29.909  75 79 W channel139887853844224 self_thread_id = 139887853844224, last time delay.time = 10, now count = 3, i = 1
2023-01-11 18:11:29.909  75 81 I channel139887837058816 self_thread_id = 139887837058816, last time delay.time = 8, now count = 8, i = 1
2023-01-11 18:11:29.909  75 81 W channel139887837058816 self_thread_id = 139887837058816, last time delay.time = 8, now count = 8, i = 1
2023-01-11 18:11:29.909  75 82 E channel139887621699328 self_thread_id = 139887621699328, last time delay.time = 8, now count = 7, i = 1
2023-01-11 18:11:29.909  75 81 E channel139887837058816 self_thread_id = 139887837058816, last time delay.time = 8, now count = 8, i = 1
2023-01-11 18:11:29.909  75 79 E channel139887853844224 self_thread_id = 139887853844224, last time delay.time = 10, now count = 3, i = 1
2023-01-11 18:11:29.909  75 77 E channel139887870629632 self_thread_id = 139887870629632, last time delay.time = 20, now count = 6, i = 1
2023-01-11 18:11:30.908  75 83 I channel139887613306624 self_thread_id = 139887613306624, last time delay.time = 8, now count = 1, i = 2
2023-01-11 18:11:30.908  75 83 I channel139887613306624 self_thread_id = 139887613306624, last time delay.time = 8, now count = 1, i = 2
2023-01-11 18:11:30.908  75 83 W channel139887613306624 self_thread_id = 139887613306624, last time delay.time = 8, now count = 1, i = 2
2023-01-11 18:11:30.908  75 83 E channel139887613306624 self_thread_id = 139887613306624, last time delay.time = 8, now count = 1, i = 2
2023-01-11 18:11:30.908  75 78 I channel139887862236928 self_thread_id = 139887862236928, last time delay.time = 8, now count = 2, i = 2
2023-01-11 18:11:30.908  75 78 I channel139887862236928 self_thread_id = 139887862236928, last time delay.time = 8, now count = 2, i = 2
2023-01-11 18:11:30.908  75 78 W channel139887862236928 self_thread_id = 139887862236928, last time delay.time = 8, now count = 2, i = 2
2023-01-11 18:11:30.908  75 78 E channel139887862236928 self_thread_id = 139887862236928, last time delay.time = 8, now count = 2, i = 2
2023-01-11 18:11:30.909  75 80 I channel139887845451520 self_thread_id = 139887845451520, last time delay.time = 9, now count = 4, i = 2
2023-01-11 18:11:30.909  75 81 I channel139887837058816 self_thread_id = 139887837058816, last time delay.time = 8, now count = 8, i = 2
2023-01-11 18:11:30.909  75 80 I channel139887845451520 self_thread_id = 139887845451520, last time delay.time = 9, now count = 4, i = 2
2023-01-11 18:11:30.909  75 81 I channel139887837058816 self_thread_id = 139887837058816, last time delay.time = 8, now count = 8, i = 2
2023-01-11 18:11:30.909  75 80 W channel139887845451520 self_thread_id = 139887845451520, last time delay.time = 9, now count = 4, i = 2
2023-01-11 18:11:30.909  75 77 I channel139887870629632 self_thread_id = 139887870629632, last time delay.time = 20, now count = 6, i = 2
2023-01-11 18:11:30.909  75 81 W channel139887837058816 self_thread_id = 139887837058816, last time delay.time = 8, now count = 8, i = 2
2023-01-11 18:11:30.909  75 81 E channel139887837058816 self_thread_id = 139887837058816, last time delay.time = 8, now count = 8, i = 2
2023-01-11 18:11:30.909  75 79 I channel139887853844224 self_thread_id = 139887853844224, last time delay.time = 10, now count = 3, i = 2
2023-01-11 18:11:30.909  75 80 E channel139887845451520 self_thread_id = 139887845451520, last time delay.time = 9, now count = 4, i = 2
2023-01-11 18:11:30.909  75 77 I channel139887870629632 self_thread_id = 139887870629632, last time delay.time = 20, now count = 6, i = 2
2023-01-11 18:11:30.909  75 82 I channel139887621699328 self_thread_id = 139887621699328, last time delay.time = 8, now count = 7, i = 2
2023-01-11 18:11:30.909  75 79 I channel139887853844224 self_thread_id = 139887853844224, last time delay.time = 10, now count = 3, i = 2
2023-01-11 18:11:30.909  75 84 I channel139887604913920 self_thread_id = 139887604913920, last time delay.time = 8, now count = 5, i = 2
2023-01-11 18:11:30.909  75 79 W channel139887853844224 self_thread_id = 139887853844224, last time delay.time = 10, now count = 3, i = 2
2023-01-11 18:11:30.909  75 77 W channel139887870629632 self_thread_id = 139887870629632, last time delay.time = 20, now count = 6, i = 2
2023-01-11 18:11:30.909  75 82 I channel139887621699328 self_thread_id = 139887621699328, last time delay.time = 8, now count = 7, i = 2
2023-01-11 18:11:30.909  75 84 I channel139887604913920 self_thread_id = 139887604913920, last time delay.time = 8, now count = 5, i = 2
2023-01-11 18:11:30.909  75 82 W channel139887621699328 self_thread_id = 139887621699328, last time delay.time = 8, now count = 7, i = 2
2023-01-11 18:11:30.909  75 84 W channel139887604913920 self_thread_id = 139887604913920, last time delay.time = 8, now count = 5, i = 2
2023-01-11 18:11:30.909  75 84 E channel139887604913920 self_thread_id = 139887604913920, last time delay.time = 8, now count = 5, i = 2
2023-01-11 18:11:30.909  75 82 E channel139887621699328 self_thread_id = 139887621699328, last time delay.time = 8, now count = 7, i = 2
2023-01-11 18:11:30.909  75 79 E channel139887853844224 self_thread_id = 139887853844224, last time delay.time = 10, now count = 3, i = 2
2023-01-11 18:11:30.909  75 77 E channel139887870629632 self_thread_id = 139887870629632, last time delay.time = 20, now count = 6, i = 2
2023-01-11 18:11:31.908  75 83 I channel139887613306624 self_thread_id = 139887613306624, last time delay.time = 8, now count = 1, i = 3
2023-01-11 18:11:31.908  75 83 I channel139887613306624 self_thread_id = 139887613306624, last time delay.time = 8, now count = 1, i = 3
2023-01-11 18:11:31.908  75 83 W channel139887613306624 self_thread_id = 139887613306624, last time delay.time = 8, now count = 1, i = 3
2023-01-11 18:11:31.908  75 83 E channel139887613306624 self_thread_id = 139887613306624, last time delay.time = 8, now count = 1, i = 3
2023-01-11 18:11:31.909  75 78 I channel139887862236928 self_thread_id = 139887862236928, last time delay.time = 8, now count = 2, i = 3
2023-01-11 18:11:31.909  75 78 I channel139887862236928 self_thread_id = 139887862236928, last time delay.time = 8, now count = 2, i = 3
2023-01-11 18:11:31.909  75 78 W channel139887862236928 self_thread_id = 139887862236928, last time delay.time = 8, now count = 2, i = 3
2023-01-11 18:11:31.909  75 78 E channel139887862236928 self_thread_id = 139887862236928, last time delay.time = 8, now count = 2, i = 3
2023-01-11 18:11:31.909  75 81 I channel139887837058816 self_thread_id = 139887837058816, last time delay.time = 8, now count = 8, i = 3
2023-01-11 18:11:31.909  75 81 I channel139887837058816 self_thread_id = 139887837058816, last time delay.time = 8, now count = 8, i = 3
2023-01-11 18:11:31.909  75 81 W channel139887837058816 self_thread_id = 139887837058816, last time delay.time = 8, now count = 8, i = 3
2023-01-11 18:11:31.909  75 81 E channel139887837058816 self_thread_id = 139887837058816, last time delay.time = 8, now count = 8, i = 3
2023-01-11 18:11:31.909  75 80 I channel139887845451520 self_thread_id = 139887845451520, last time delay.time = 9, now count = 4, i = 3
2023-01-11 18:11:31.909  75 77 I channel139887870629632 self_thread_id = 139887870629632, last time delay.time = 20, now count = 6, i = 3
2023-01-11 18:11:31.909  75 77 I channel139887870629632 self_thread_id = 139887870629632, last time delay.time = 20, now count = 6, i = 3
2023-01-11 18:11:31.909  75 80 I channel139887845451520 self_thread_id = 139887845451520, last time delay.time = 9, now count = 4, i = 3
2023-01-11 18:11:31.909  75 79 I channel139887853844224 self_thread_id = 139887853844224, last time delay.time = 10, now count = 3, i = 3
2023-01-11 18:11:31.909  75 77 W channel139887870629632 self_thread_id = 139887870629632, last time delay.time = 20, now count = 6, i = 3
2023-01-11 18:11:31.909  75 80 W channel139887845451520 self_thread_id = 139887845451520, last time delay.time = 9, now count = 4, i = 3
2023-01-11 18:11:31.909  75 80 E channel139887845451520 self_thread_id = 139887845451520, last time delay.time = 9, now count = 4, i = 3
2023-01-11 18:11:31.909  75 82 I channel139887621699328 self_thread_id = 139887621699328, last time delay.time = 8, now count = 7, i = 3
2023-01-11 18:11:31.909  75 82 I channel139887621699328 self_thread_id = 139887621699328, last time delay.time = 8, now count = 7, i = 3
2023-01-11 18:11:31.909  75 84 I channel139887604913920 self_thread_id = 139887604913920, last time delay.time = 8, now count = 5, i = 3
2023-01-11 18:11:31.909  75 82 W channel139887621699328 self_thread_id = 139887621699328, last time delay.time = 8, now count = 7, i = 3
2023-01-11 18:11:31.909  75 82 E channel139887621699328 self_thread_id = 139887621699328, last time delay.time = 8, now count = 7, i = 3
2023-01-11 18:11:31.909  75 79 I channel139887853844224 self_thread_id = 139887853844224, last time delay.time = 10, now count = 3, i = 3
2023-01-11 18:11:31.909  75 84 I channel139887604913920 self_thread_id = 139887604913920, last time delay.time = 8, now count = 5, i = 3
2023-01-11 18:11:31.909  75 79 W channel139887853844224 self_thread_id = 139887853844224, last time delay.time = 10, now count = 3, i = 3
2023-01-11 18:11:31.909  75 84 W channel139887604913920 self_thread_id = 139887604913920, last time delay.time = 8, now count = 5, i = 3
2023-01-11 18:11:31.909  75 84 E channel139887604913920 self_thread_id = 139887604913920, last time delay.time = 8, now count = 5, i = 3
2023-01-11 18:11:31.909  75 79 E channel139887853844224 self_thread_id = 139887853844224, last time delay.time = 10, now count = 3, i = 3
2023-01-11 18:11:31.909  75 77 E channel139887870629632 self_thread_id = 139887870629632, last time delay.time = 20, now count = 6, i = 3
2023-01-11 18:11:32.908  75 83 I channel139887613306624 self_thread_id = 139887613306624, last time delay.time = 8, now count = 1, i = 4
2023-01-11 18:11:32.908  75 83 I channel139887613306624 self_thread_id = 139887613306624, last time delay.time = 8, now count = 1, i = 4
2023-01-11 18:11:32.908  75 83 W channel139887613306624 self_thread_id = 139887613306624, last time delay.time = 8, now count = 1, i = 4
2023-01-11 18:11:32.908  75 83 E channel139887613306624 self_thread_id = 139887613306624, last time delay.time = 8, now count = 1, i = 4
2023-01-11 18:11:32.908  75 83 I channel139887613306624 self_thread_id = 139887613306624, last time delay.time = 8, now count = 9
2023-01-11 18:11:32.909  75 78 I channel139887862236928 self_thread_id = 139887862236928, last time delay.time = 8, now count = 2, i = 4
2023-01-11 18:11:32.909  75 78 I channel139887862236928 self_thread_id = 139887862236928, last time delay.time = 8, now count = 2, i = 4
2023-01-11 18:11:32.909  75 78 W channel139887862236928 self_thread_id = 139887862236928, last time delay.time = 8, now count = 2, i = 4
2023-01-11 18:11:32.909  75 78 E channel139887862236928 self_thread_id = 139887862236928, last time delay.time = 8, now count = 2, i = 4
2023-01-11 18:11:32.909  75 78 I channel139887862236928 self_thread_id = 139887862236928, last time delay.time = 8, now count = 10
2023-01-11 18:11:32.909  75 81 I channel139887837058816 self_thread_id = 139887837058816, last time delay.time = 8, now count = 8, i = 4
2023-01-11 18:11:32.909  75 81 I channel139887837058816 self_thread_id = 139887837058816, last time delay.time = 8, now count = 8, i = 4
2023-01-11 18:11:32.909  75 81 W channel139887837058816 self_thread_id = 139887837058816, last time delay.time = 8, now count = 8, i = 4
2023-01-11 18:11:32.909  75 81 E channel139887837058816 self_thread_id = 139887837058816, last time delay.time = 8, now count = 8, i = 4
2023-01-11 18:11:32.909  75 81 I channel139887837058816 self_thread_id = 139887837058816, last time delay.time = 8, now count = 11
2023-01-11 18:11:32.909  75 80 I channel139887845451520 self_thread_id = 139887845451520, last time delay.time = 9, now count = 4, i = 4
2023-01-11 18:11:32.909  75 80 I channel139887845451520 self_thread_id = 139887845451520, last time delay.time = 9, now count = 4, i = 4
2023-01-11 18:11:32.909  75 80 W channel139887845451520 self_thread_id = 139887845451520, last time delay.time = 9, now count = 4, i = 4
2023-01-11 18:11:32.909  75 82 I channel139887621699328 self_thread_id = 139887621699328, last time delay.time = 8, now count = 7, i = 4
2023-01-11 18:11:32.909  75 80 E channel139887845451520 self_thread_id = 139887845451520, last time delay.time = 9, now count = 4, i = 4
2023-01-11 18:11:32.909  75 84 I channel139887604913920 self_thread_id = 139887604913920, last time delay.time = 8, now count = 5, i = 4
2023-01-11 18:11:32.909  75 77 I channel139887870629632 self_thread_id = 139887870629632, last time delay.time = 20, now count = 6, i = 4
2023-01-11 18:11:32.909  75 79 I channel139887853844224 self_thread_id = 139887853844224, last time delay.time = 10, now count = 3, i = 4
2023-01-11 18:11:32.909  75 77 I channel139887870629632 self_thread_id = 139887870629632, last time delay.time = 20, now count = 6, i = 4
2023-01-11 18:11:32.909  75 84 I channel139887604913920 self_thread_id = 139887604913920, last time delay.time = 8, now count = 5, i = 4
2023-01-11 18:11:32.909  75 82 I channel139887621699328 self_thread_id = 139887621699328, last time delay.time = 8, now count = 7, i = 4
2023-01-11 18:11:32.909  75 84 W channel139887604913920 self_thread_id = 139887604913920, last time delay.time = 8, now count = 5, i = 4
2023-01-11 18:11:32.909  75 80 I channel139887845451520 self_thread_id = 139887845451520, last time delay.time = 9, now count = 12
2023-01-11 18:11:32.909  75 79 I channel139887853844224 self_thread_id = 139887853844224, last time delay.time = 10, now count = 3, i = 4
2023-01-11 18:11:32.909  75 77 W channel139887870629632 self_thread_id = 139887870629632, last time delay.time = 20, now count = 6, i = 4
2023-01-11 18:11:32.909  75 84 E channel139887604913920 self_thread_id = 139887604913920, last time delay.time = 8, now count = 5, i = 4
2023-01-11 18:11:32.909  75 79 W channel139887853844224 self_thread_id = 139887853844224, last time delay.time = 10, now count = 3, i = 4
2023-01-11 18:11:32.909  75 77 E channel139887870629632 self_thread_id = 139887870629632, last time delay.time = 20, now count = 6, i = 4
2023-01-11 18:11:32.909  75 84 I channel139887604913920 self_thread_id = 139887604913920, last time delay.time = 8, now count = 13
2023-01-11 18:11:32.909  75 82 W channel139887621699328 self_thread_id = 139887621699328, last time delay.time = 8, now count = 7, i = 4
2023-01-11 18:11:32.909  75 79 E channel139887853844224 self_thread_id = 139887853844224, last time delay.time = 10, now count = 3, i = 4
2023-01-11 18:11:32.909  75 82 E channel139887621699328 self_thread_id = 139887621699328, last time delay.time = 8, now count = 7, i = 4
2023-01-11 18:11:32.909  75 79 I channel139887853844224 self_thread_id = 139887853844224, last time delay.time = 10, now count = 15
2023-01-11 18:11:32.909  75 82 I channel139887621699328 self_thread_id = 139887621699328, last time delay.time = 8, now count = 16
2023-01-11 18:11:32.909  75 77 I channel139887870629632 self_thread_id = 139887870629632, last time delay.time = 20, now count = 14
2023-01-11 18:11:33.909  75 83 I channel139887613306624 self_thread_id = 139887613306624, last time delay.time = 8, now count = 9, i = 0
2023-01-11 18:11:33.909  75 83 I channel139887613306624 self_thread_id = 139887613306624, last time delay.time = 8, now count = 9, i = 0
2023-01-11 18:11:33.909  75 83 W channel139887613306624 self_thread_id = 139887613306624, last time delay.time = 8, now count = 9, i = 0
2023-01-11 18:11:33.909  75 83 E channel139887613306624 self_thread_id = 139887613306624, last time delay.time = 8, now count = 9, i = 0
2023-01-11 18:11:33.909  75 78 I channel139887862236928 self_thread_id = 139887862236928, last time delay.time = 8, now count = 10, i = 0
2023-01-11 18:11:33.909  75 78 I channel139887862236928 self_thread_id = 139887862236928, last time delay.time = 8, now count = 10, i = 0
2023-01-11 18:11:33.909  75 78 W channel139887862236928 self_thread_id = 139887862236928, last time delay.time = 8, now count = 10, i = 0
2023-01-11 18:11:33.909  75 78 E channel139887862236928 self_thread_id = 139887862236928, last time delay.time = 8, now count = 10, i = 0
2023-01-11 18:11:33.909  75 81 I channel139887837058816 self_thread_id = 139887837058816, last time delay.time = 12, now count = 11, i = 0
2023-01-11 18:11:33.909  75 81 I channel139887837058816 self_thread_id = 139887837058816, last time delay.time = 12, now count = 11, i = 0
2023-01-11 18:11:33.909  75 81 W channel139887837058816 self_thread_id = 139887837058816, last time delay.time = 12, now count = 11, i = 0
2023-01-11 18:11:33.909  75 81 E channel139887837058816 self_thread_id = 139887837058816, last time delay.time = 12, now count = 11, i = 0
2023-01-11 18:11:33.909  75 80 I channel139887845451520 self_thread_id = 139887845451520, last time delay.time = 39, now count = 12, i = 0
2023-01-11 18:11:33.909  75 80 I channel139887845451520 self_thread_id = 139887845451520, last time delay.time = 39, now count = 12, i = 0
2023-01-11 18:11:33.909  75 84 I channel139887604913920 self_thread_id = 139887604913920, last time delay.time = 14, now count = 13, i = 0
2023-01-11 18:11:33.909  75 80 W channel139887845451520 self_thread_id = 139887845451520, last time delay.time = 39, now count = 12, i = 0
2023-01-11 18:11:33.909  75 80 E channel139887845451520 self_thread_id = 139887845451520, last time delay.time = 39, now count = 12, i = 0
2023-01-11 18:11:33.909  75 84 I channel139887604913920 self_thread_id = 139887604913920, last time delay.time = 14, now count = 13, i = 0
2023-01-11 18:11:33.910  75 84 W channel139887604913920 self_thread_id = 139887604913920, last time delay.time = 14, now count = 13, i = 0
2023-01-11 18:11:33.910  75 84 E channel139887604913920 self_thread_id = 139887604913920, last time delay.time = 14, now count = 13, i = 0
2023-01-11 18:11:33.910  75 77 I channel139887870629632 self_thread_id = 139887870629632, last time delay.time = 11, now count = 14, i = 0
2023-01-11 18:11:33.910  75 77 I channel139887870629632 self_thread_id = 139887870629632, last time delay.time = 11, now count = 14, i = 0
2023-01-11 18:11:33.910  75 79 I channel139887853844224 self_thread_id = 139887853844224, last time delay.time = 10, now count = 15, i = 0
2023-01-11 18:11:33.910  75 77 W channel139887870629632 self_thread_id = 139887870629632, last time delay.time = 11, now count = 14, i = 0
2023-01-11 18:11:33.910  75 82 I channel139887621699328 self_thread_id = 139887621699328, last time delay.time = 8, now count = 16, i = 0
2023-01-11 18:11:33.910  75 79 I channel139887853844224 self_thread_id = 139887853844224, last time delay.time = 10, now count = 15, i = 0
2023-01-11 18:11:33.910  75 77 E channel139887870629632 self_thread_id = 139887870629632, last time delay.time = 11, now count = 14, i = 0
2023-01-11 18:11:33.910  75 79 W channel139887853844224 self_thread_id = 139887853844224, last time delay.time = 10, now count = 15, i = 0
2023-01-11 18:11:33.910  75 82 I channel139887621699328 self_thread_id = 139887621699328, last time delay.time = 8, now count = 16, i = 0
2023-01-11 18:11:33.910  75 79 E channel139887853844224 self_thread_id = 139887853844224, last time delay.time = 10, now count = 15, i = 0
2023-01-11 18:11:33.910  75 82 W channel139887621699328 self_thread_id = 139887621699328, last time delay.time = 8, now count = 16, i = 0
2023-01-11 18:11:33.910  75 82 E channel139887621699328 self_thread_id = 139887621699328, last time delay.time = 8, now count = 16, i = 0
2023-01-11 18:11:34.909  75 83 I channel139887613306624 self_thread_id = 139887613306624, last time delay.time = 8, now count = 9, i = 1
2023-01-11 18:11:34.909  75 83 I channel139887613306624 self_thread_id = 139887613306624, last time delay.time = 8, now count = 9, i = 1
2023-01-11 18:11:34.909  75 83 W channel139887613306624 self_thread_id = 139887613306624, last time delay.time = 8, now count = 9, i = 1
2023-01-11 18:11:34.909  75 83 E channel139887613306624 self_thread_id = 139887613306624, last time delay.time = 8, now count = 9, i = 1
2023-01-11 18:11:34.909  75 78 I channel139887862236928 self_thread_id = 139887862236928, last time delay.time = 8, now count = 10, i = 1
2023-01-11 18:11:34.909  75 78 I channel139887862236928 self_thread_id = 139887862236928, last time delay.time = 8, now count = 10, i = 1
2023-01-11 18:11:34.909  75 78 W channel139887862236928 self_thread_id = 139887862236928, last time delay.time = 8, now count = 10, i = 1
2023-01-11 18:11:34.909  75 78 E channel139887862236928 self_thread_id = 139887862236928, last time delay.time = 8, now count = 10, i = 1
2023-01-11 18:11:34.910  75 81 I channel139887837058816 self_thread_id = 139887837058816, last time delay.time = 12, now count = 11, i = 1
2023-01-11 18:11:34.910  75 81 I channel139887837058816 self_thread_id = 139887837058816, last time delay.time = 12, now count = 11, i = 1
2023-01-11 18:11:34.910  75 81 W channel139887837058816 self_thread_id = 139887837058816, last time delay.time = 12, now count = 11, i = 1
2023-01-11 18:11:34.910  75 81 E channel139887837058816 self_thread_id = 139887837058816, last time delay.time = 12, now count = 11, i = 1
2023-01-11 18:11:34.910  75 80 I channel139887845451520 self_thread_id = 139887845451520, last time delay.time = 39, now count = 12, i = 1
2023-01-11 18:11:34.910  75 77 I channel139887870629632 self_thread_id = 139887870629632, last time delay.time = 11, now count = 14, i = 1
2023-01-11 18:11:34.910  75 80 I channel139887845451520 self_thread_id = 139887845451520, last time delay.time = 39, now count = 12, i = 1
2023-01-11 18:11:34.910  75 77 I channel139887870629632 self_thread_id = 139887870629632, last time delay.time = 11, now count = 14, i = 1
2023-01-11 18:11:34.910  75 84 I channel139887604913920 self_thread_id = 139887604913920, last time delay.time = 14, now count = 13, i = 1
2023-01-11 18:11:34.910  75 77 W channel139887870629632 self_thread_id = 139887870629632, last time delay.time = 11, now count = 14, i = 1
2023-01-11 18:11:34.910  75 82 I channel139887621699328 self_thread_id = 139887621699328, last time delay.time = 8, now count = 16, i = 1
2023-01-11 18:11:34.910  75 80 W channel139887845451520 self_thread_id = 139887845451520, last time delay.time = 39, now count = 12, i = 1
2023-01-11 18:11:34.910  75 84 I channel139887604913920 self_thread_id = 139887604913920, last time delay.time = 14, now count = 13, i = 1
2023-01-11 18:11:34.910  75 82 I channel139887621699328 self_thread_id = 139887621699328, last time delay.time = 8, now count = 16, i = 1
2023-01-11 18:11:34.910  75 80 E channel139887845451520 self_thread_id = 139887845451520, last time delay.time = 39, now count = 12, i = 1
2023-01-11 18:11:34.910  75 84 W channel139887604913920 self_thread_id = 139887604913920, last time delay.time = 14, now count = 13, i = 1
2023-01-11 18:11:34.910  75 82 W channel139887621699328 self_thread_id = 139887621699328, last time delay.time = 8, now count = 16, i = 1
2023-01-11 18:11:34.910  75 84 E channel139887604913920 self_thread_id = 139887604913920, last time delay.time = 14, now count = 13, i = 1
2023-01-11 18:11:34.910  75 82 E channel139887621699328 self_thread_id = 139887621699328, last time delay.time = 8, now count = 16, i = 1
2023-01-11 18:11:34.910  75 77 E channel139887870629632 self_thread_id = 139887870629632, last time delay.time = 11, now count = 14, i = 1
2023-01-11 18:11:34.910  75 79 I channel139887853844224 self_thread_id = 139887853844224, last time delay.time = 10, now count = 15, i = 1
2023-01-11 18:11:34.910  75 79 I channel139887853844224 self_thread_id = 139887853844224, last time delay.time = 10, now count = 15, i = 1
2023-01-11 18:11:34.910  75 79 W channel139887853844224 self_thread_id = 139887853844224, last time delay.time = 10, now count = 15, i = 1
2023-01-11 18:11:34.910  75 79 E channel139887853844224 self_thread_id = 139887853844224, last time delay.time = 10, now count = 15, i = 1
2023-01-11 18:11:35.909  75 83 I channel139887613306624 self_thread_id = 139887613306624, last time delay.time = 8, now count = 9, i = 2
2023-01-11 18:11:35.909  75 83 I channel139887613306624 self_thread_id = 139887613306624, last time delay.time = 8, now count = 9, i = 2
2023-01-11 18:11:35.909  75 83 W channel139887613306624 self_thread_id = 139887613306624, last time delay.time = 8, now count = 9, i = 2
2023-01-11 18:11:35.909  75 83 E channel139887613306624 self_thread_id = 139887613306624, last time delay.time = 8, now count = 9, i = 2
2023-01-11 18:11:35.909  75 78 I channel139887862236928 self_thread_id = 139887862236928, last time delay.time = 8, now count = 10, i = 2
2023-01-11 18:11:35.909  75 78 I channel139887862236928 self_thread_id = 139887862236928, last time delay.time = 8, now count = 10, i = 2
2023-01-11 18:11:35.909  75 78 W channel139887862236928 self_thread_id = 139887862236928, last time delay.time = 8, now count = 10, i = 2
2023-01-11 18:11:35.909  75 78 E channel139887862236928 self_thread_id = 139887862236928, last time delay.time = 8, now count = 10, i = 2
2023-01-11 18:11:35.910  75 81 I channel139887837058816 self_thread_id = 139887837058816, last time delay.time = 12, now count = 11, i = 2
2023-01-11 18:11:35.910  75 81 I channel139887837058816 self_thread_id = 139887837058816, last time delay.time = 12, now count = 11, i = 2
2023-01-11 18:11:35.910  75 81 W channel139887837058816 self_thread_id = 139887837058816, last time delay.time = 12, now count = 11, i = 2
2023-01-11 18:11:35.910  75 81 E channel139887837058816 self_thread_id = 139887837058816, last time delay.time = 12, now count = 11, i = 2
2023-01-11 18:11:35.910  75 77 I channel139887870629632 self_thread_id = 139887870629632, last time delay.time = 11, now count = 14, i = 2
2023-01-11 18:11:35.910  75 77 I channel139887870629632 self_thread_id = 139887870629632, last time delay.time = 11, now count = 14, i = 2
2023-01-11 18:11:35.910  75 77 W channel139887870629632 self_thread_id = 139887870629632, last time delay.time = 11, now count = 14, i = 2
2023-01-11 18:11:35.910  75 77 E channel139887870629632 self_thread_id = 139887870629632, last time delay.time = 11, now count = 14, i = 2
2023-01-11 18:11:35.910  75 80 I channel139887845451520 self_thread_id = 139887845451520, last time delay.time = 39, now count = 12, i = 2
2023-01-11 18:11:35.910  75 84 I channel139887604913920 self_thread_id = 139887604913920, last time delay.time = 14, now count = 13, i = 2
2023-01-11 18:11:35.910  75 84 I channel139887604913920 self_thread_id = 139887604913920, last time delay.time = 14, now count = 13, i = 2
2023-01-11 18:11:35.910  75 82 I channel139887621699328 self_thread_id = 139887621699328, last time delay.time = 8, now count = 16, i = 2
2023-01-11 18:11:35.910  75 84 W channel139887604913920 self_thread_id = 139887604913920, last time delay.time = 14, now count = 13, i = 2
2023-01-11 18:11:35.910  75 80 I channel139887845451520 self_thread_id = 139887845451520, last time delay.time = 39, now count = 12, i = 2
2023-01-11 18:11:35.910  75 84 E channel139887604913920 self_thread_id = 139887604913920, last time delay.time = 14, now count = 13, i = 2
2023-01-11 18:11:35.910  75 82 I channel139887621699328 self_thread_id = 139887621699328, last time delay.time = 8, now count = 16, i = 2
2023-01-11 18:11:35.910  75 80 W channel139887845451520 self_thread_id = 139887845451520, last time delay.time = 39, now count = 12, i = 2
2023-01-11 18:11:35.910  75 82 W channel139887621699328 self_thread_id = 139887621699328, last time delay.time = 8, now count = 16, i = 2
2023-01-11 18:11:35.910  75 80 E channel139887845451520 self_thread_id = 139887845451520, last time delay.time = 39, now count = 12, i = 2
2023-01-11 18:11:35.910  75 82 E channel139887621699328 self_thread_id = 139887621699328, last time delay.time = 8, now count = 16, i = 2
2023-01-11 18:11:35.910  75 79 I channel139887853844224 self_thread_id = 139887853844224, last time delay.time = 10, now count = 15, i = 2
2023-01-11 18:11:35.910  75 79 I channel139887853844224 self_thread_id = 139887853844224, last time delay.time = 10, now count = 15, i = 2
2023-01-11 18:11:35.910  75 79 W channel139887853844224 self_thread_id = 139887853844224, last time delay.time = 10, now count = 15, i = 2
2023-01-11 18:11:35.910  75 79 E channel139887853844224 self_thread_id = 139887853844224, last time delay.time = 10, now count = 15, i = 2
2023-01-11 18:11:36.543  75 75 I APP.tag TestComponent::Proc
2023-01-11 18:11:36.543  75 75 I APP.tag ****************test INFO begin****************
2023-01-11 18:11:36.543  75 75 I APP.tag 测试 index = 877组
2023-01-11 18:11:36.543  75 75 E APP.tag 循环计数 i = 1次
2023-01-11 18:11:36.543  75 75 I APP.tag test LOG_Trace()
2023-01-11 18:11:36.543  75 75 I vscode 循环计数 i = 1次,test LOG_Channel_Trace()
2023-01-11 18:11:36.543  75 75 E APP.tag 循环计数 i = 2次
2023-01-11 18:11:36.543  75 75 E APP.tag 循环计数 i = 3次
2023-01-11 18:11:36.543  75 75 I APP.tag test LOG_Info()
2023-01-11 18:11:36.543  75 75 I baidu 循环计数 i = 3次,test LOG_Channel_Info()
2023-01-11 18:11:36.543  75 75 E APP.tag 循环计数 i = 4次
2023-01-11 18:11:36.543  75 75 W APP.tag test LOG_Warn()
2023-01-11 18:11:36.543  75 75 W google 循环计数 i = 4次,test LOG_Channel_Warn()
2023-01-11 18:11:36.543  75 75 E APP.tag 循环计数 i = 5次
2023-01-11 18:11:36.544  75 75 E APP.tag test LOG_Error()
2023-01-11 18:11:36.544  75 75 E visio 循环计数 i = 5次,test LOG_Channel_Error()
2023-01-11 18:11:36.544  75 75 I APP.tag print coredump DataLen:2 Data[01 00]
2023-01-11 18:11:36.544  75 75 W coredump 0x0000000a 0a 00 00 00 0b 00 00 00 0c 00 00 00 0d 00 00 00 0e 00 00 00
2023-01-11 18:11:36.544  75 75 I APP.tag ****************test INFO end****************
2023-01-11 18:11:36.909  75 83 I channel139887613306624 self_thread_id = 139887613306624, last time delay.time = 8, now count = 9, i = 3
2023-01-11 18:11:36.909  75 83 I channel139887613306624 self_thread_id = 139887613306624, last time delay.time = 8, now count = 9, i = 3
2023-01-11 18:11:36.909  75 83 W channel139887613306624 self_thread_id = 139887613306624, last time delay.time = 8, now count = 9, i = 3
2023-01-11 18:11:36.909  75 83 E channel139887613306624 self_thread_id = 139887613306624, last time delay.time = 8, now count = 9, i = 3
2023-01-11 18:11:36.910  75 78 I channel139887862236928 self_thread_id = 139887862236928, last time delay.time = 8, now count = 10, i = 3
2023-01-11 18:11:36.910  75 78 I channel139887862236928 self_thread_id = 139887862236928, last time delay.time = 8, now count = 10, i = 3
2023-01-11 18:11:36.910  75 78 W channel139887862236928 self_thread_id = 139887862236928, last time delay.time = 8, now count = 10, i = 3
2023-01-11 18:11:36.910  75 78 E channel139887862236928 self_thread_id = 139887862236928, last time delay.time = 8, now count = 10, i = 3
2023-01-11 18:11:36.910  75 81 I channel139887837058816 self_thread_id = 139887837058816, last time delay.time = 12, now count = 11, i = 3
2023-01-11 18:11:36.910  75 81 I channel139887837058816 self_thread_id = 139887837058816, last time delay.time = 12, now count = 11, i = 3
2023-01-11 18:11:36.910  75 81 W channel139887837058816 self_thread_id = 139887837058816, last time delay.time = 12, now count = 11, i = 3
2023-01-11 18:11:36.910  75 81 E channel139887837058816 self_thread_id = 139887837058816, last time delay.time = 12, now count = 11, i = 3
2023-01-11 18:11:36.910  75 77 I channel139887870629632 self_thread_id = 139887870629632, last time delay.time = 11, now count = 14, i = 3
2023-01-11 18:11:36.910  75 77 I channel139887870629632 self_thread_id = 139887870629632, last time delay.time = 11, now count = 14, i = 3
2023-01-11 18:11:36.910  75 77 W channel139887870629632 self_thread_id = 139887870629632, last time delay.time = 11, now count = 14, i = 3
2023-01-11 18:11:36.910  75 77 E channel139887870629632 self_thread_id = 139887870629632, last time delay.time = 11, now count = 14, i = 3
2023-01-11 18:11:36.910  75 84 I channel139887604913920 self_thread_id = 139887604913920, last time delay.time = 14, now count = 13, i = 3
2023-01-11 18:11:36.910  75 84 I channel139887604913920 self_thread_id = 139887604913920, last time delay.time = 14, now count = 13, i = 3
2023-01-11 18:11:36.910  75 84 W channel139887604913920 self_thread_id = 139887604913920, last time delay.time = 14, now count = 13, i = 3
2023-01-11 18:11:36.910  75 84 E channel139887604913920 self_thread_id = 139887604913920, last time delay.time = 14, now count = 13, i = 3
2023-01-11 18:11:36.910  75 80 I channel139887845451520 self_thread_id = 139887845451520, last time delay.time = 39, now count = 12, i = 3
2023-01-11 18:11:36.910  75 82 I channel139887621699328 self_thread_id = 139887621699328, last time delay.time = 8, now count = 16, i = 3
2023-01-11 18:11:36.910  75 80 I channel139887845451520 self_thread_id = 139887845451520, last time delay.time = 39, now count = 12, i = 3
2023-01-11 18:11:36.910  75 80 W channel139887845451520 self_thread_id = 139887845451520, last time delay.time = 39, now count = 12, i = 3
2023-01-11 18:11:36.910  75 82 I channel139887621699328 self_thread_id = 139887621699328, last time delay.time = 8, now count = 16, i = 3
2023-01-11 18:11:36.910  75 82 W channel139887621699328 self_thread_id = 139887621699328, last time delay.time = 8, now count = 16, i = 3
2023-01-11 18:11:36.910  75 79 I channel139887853844224 self_thread_id = 139887853844224, last time delay.time = 10, now count = 15, i = 3
2023-01-11 18:11:36.910  75 82 E channel139887621699328 self_thread_id = 139887621699328, last time delay.time = 8, now count = 16, i = 3
2023-01-11 18:11:36.910  75 80 E channel139887845451520 self_thread_id = 139887845451520, last time delay.time = 39, now count = 12, i = 3
2023-01-11 18:11:36.910  75 79 I channel139887853844224 self_thread_id = 139887853844224, last time delay.time = 10, now count = 15, i = 3
2023-01-11 18:11:36.910  75 79 W channel139887853844224 self_thread_id = 139887853844224, last time delay.time = 10, now count = 15, i = 3
2023-01-11 18:11:36.910  75 79 E channel139887853844224 self_thread_id = 139887853844224, last time delay.time = 10, now count = 15, i = 3
2023-01-11 18:11:37.909  75 83 I channel139887613306624 self_thread_id = 139887613306624, last time delay.time = 8, now count = 9, i = 4
2023-01-11 18:11:37.909  75 83 I channel139887613306624 self_thread_id = 139887613306624, last time delay.time = 8, now count = 9, i = 4
2023-01-11 18:11:37.909  75 83 W channel139887613306624 self_thread_id = 139887613306624, last time delay.time = 8, now count = 9, i = 4
2023-01-11 18:11:37.909  75 83 E channel139887613306624 self_thread_id = 139887613306624, last time delay.time = 8, now count = 9, i = 4
2023-01-11 18:11:37.909  75 83 I channel139887613306624 self_thread_id = 139887613306624, last time delay.time = 8, now count = 17
2023-01-11 18:11:37.910  75 78 I channel139887862236928 self_thread_id = 139887862236928, last time delay.time = 8, now count = 10, i = 4
2023-01-11 18:11:37.910  75 78 I channel139887862236928 self_thread_id = 139887862236928, last time delay.time = 8, now count = 10, i = 4
2023-01-11 18:11:37.910  75 78 W channel139887862236928 self_thread_id = 139887862236928, last time delay.time = 8, now count = 10, i = 4
2023-01-11 18:11:37.910  75 78 E channel139887862236928 self_thread_id = 139887862236928, last time delay.time = 8, now count = 10, i = 4
2023-01-11 18:11:37.910  75 78 I channel139887862236928 self_thread_id = 139887862236928, last time delay.time = 8, now count = 18
2023-01-11 18:11:37.910  75 81 I channel139887837058816 self_thread_id = 139887837058816, last time delay.time = 12, now count = 11, i = 4
2023-01-11 18:11:37.910  75 81 I channel139887837058816 self_thread_id = 139887837058816, last time delay.time = 12, now count = 11, i = 4
2023-01-11 18:11:37.910  75 81 W channel139887837058816 self_thread_id = 139887837058816, last time delay.time = 12, now count = 11, i = 4
2023-01-11 18:11:37.910  75 81 E channel139887837058816 self_thread_id = 139887837058816, last time delay.time = 12, now count = 11, i = 4
2023-01-11 18:11:37.910  75 81 I channel139887837058816 self_thread_id = 139887837058816, last time delay.time = 12, now count = 19
2023-01-11 18:11:37.910  75 77 I channel139887870629632 self_thread_id = 139887870629632, last time delay.time = 11, now count = 14, i = 4
2023-01-11 18:11:37.910  75 77 I channel139887870629632 self_thread_id = 139887870629632, last time delay.time = 11, now count = 14, i = 4
2023-01-11 18:11:37.910  75 77 W channel139887870629632 self_thread_id = 139887870629632, last time delay.time = 11, now count = 14, i = 4
2023-01-11 18:11:37.910  75 77 E channel139887870629632 self_thread_id = 139887870629632, last time delay.time = 11, now count = 14, i = 4
2023-01-11 18:11:37.910  75 84 I channel139887604913920 self_thread_id = 139887604913920, last time delay.time = 14, now count = 13, i = 4
2023-01-11 18:11:37.910  75 77 I channel139887870629632 self_thread_id = 139887870629632, last time delay.time = 11, now count = 20
2023-01-11 18:11:37.910  75 84 I channel139887604913920 self_thread_id = 139887604913920, last time delay.time = 14, now count = 13, i = 4
2023-01-11 18:11:37.910  75 84 W channel139887604913920 self_thread_id = 139887604913920, last time delay.time = 14, now count = 13, i = 4
2023-01-11 18:11:37.910  75 84 E channel139887604913920 self_thread_id = 139887604913920, last time delay.time = 14, now count = 13, i = 4
2023-01-11 18:11:37.910  75 84 I channel139887604913920 self_thread_id = 139887604913920, last time delay.time = 14, now count = 21
2023-01-11 18:11:37.910  75 82 I channel139887621699328 self_thread_id = 139887621699328, last time delay.time = 8, now count = 16, i = 4
2023-01-11 18:11:37.910  75 82 I channel139887621699328 self_thread_id = 139887621699328, last time delay.time = 8, now count = 16, i = 4
2023-01-11 18:11:37.910  75 82 W channel139887621699328 self_thread_id = 139887621699328, last time delay.time = 8, now count = 16, i = 4
2023-01-11 18:11:37.910  75 82 E channel139887621699328 self_thread_id = 139887621699328, last time delay.time = 8, now count = 16, i = 4
2023-01-11 18:11:37.910  75 82 I channel139887621699328 self_thread_id = 139887621699328, last time delay.time = 8, now count = 22
2023-01-11 18:11:37.910  75 80 I channel139887845451520 self_thread_id = 139887845451520, last time delay.time = 39, now count = 12, i = 4
2023-01-11 18:11:37.910  75 80 I channel139887845451520 self_thread_id = 139887845451520, last time delay.time = 39, now count = 12, i = 4
2023-01-11 18:11:37.910  75 80 W channel139887845451520 self_thread_id = 139887845451520, last time delay.time = 39, now count = 12, i = 4
2023-01-11 18:11:37.910  75 80 E channel139887845451520 self_thread_id = 139887845451520, last time delay.time = 39, now count = 12, i = 4
2023-01-11 18:11:37.910  75 80 I channel139887845451520 self_thread_id = 139887845451520, last time delay.time = 39, now count = 23
2023-01-11 18:11:37.910  75 79 I channel139887853844224 self_thread_id = 139887853844224, last time delay.time = 10, now count = 15, i = 4
2023-01-11 18:11:37.910  75 79 I channel139887853844224 self_thread_id = 139887853844224, last time delay.time = 10, now count = 15, i = 4
2023-01-11 18:11:37.910  75 79 W channel139887853844224 self_thread_id = 139887853844224, last time delay.time = 10, now count = 15, i = 4
2023-01-11 18:11:37.910  75 79 E channel139887853844224 self_thread_id = 139887853844224, last time delay.time = 10, now count = 15, i = 4
