2023-01-11 18:00:43.784  75 81 E channel139887837058816 self_thread_id = 139887837058816, last time delay.time = 8, now count = 974, i = 0
2023-01-11 18:00:43.784  75 82 E channel139887621699328 self_thread_id = 139887621699328, last time delay.time = 11, now count = 972, i = 0
2023-01-11 18:00:43.784  75 80 I channel139887845451520 self_thread_id = 139887845451520, last time delay.time = 28, now count = 973, i = 0
2023-01-11 18:00:43.784  75 80 W channel139887845451520 self_thread_id = 139887845451520, last time delay.time = 28, now count = 973, i = 0
2023-01-11 18:00:43.784  75 80 E channel139887845451520 self_thread_id = 139887845451520, last time delay.time = 28, now count = 973, i = 0
2023-01-11 18:00:43.785  75 79 I channel139887853844224 self_thread_id = 139887853844224, last time delay.time = 8, now count = 975, i = 0
2023-01-11 18:00:43.785  75 79 I channel139887853844224 self_thread_id = 139887853844224, last time delay.time = 8, now count = 975, i = 0
2023-01-11 18:00:43.785  75 79 W channel139887853844224 self_thread_id = 139887853844224, last time delay.time = 8, now count = 975, i = 0
2023-01-11 18:00:43.785  75 79 E channel139887853844224 self_thread_id = 139887853844224, last time delay.time = 8, now count = 975, i = 0
2023-01-11 18:00:43.786  75 83 I channel139887613306624 self_thread_id = 139887613306624, last time delay.time = 8, now count = 976, i = 0
2023-01-11 18:00:43.786  75 83 I channel139887613306624 self_thread_id = 139887613306624, last time delay.time = 8, now count = 976, i = 0
2023-01-11 18:00:43.786  75 83 W channel139887613306624 self_thread_id = 139887613306624, last time delay.time = 8, now count = 976, i = 0
2023-01-11 18:00:43.786  75 83 E channel139887613306624 self_thread_id = 139887613306624, last time delay.time = 8, now count = 976, i = 0
2023-01-11 18:00:44.784  75 77 I channel139887870629632 self_thread_id = 139887870629632, last time delay.time = 5, now count = 969, i = 1
2023-01-11 18:00:44.784  75 77 I channel139887870629632 self_thread_id = 139887870629632, last time delay.time = 5, now count = 969, i = 1
2023-01-11 18:00:44.784  75 78 I channel139887862236928 self_thread_id = 139887862236928, last time delay.time = 10, now count = 970, i = 1
2023-01-11 18:00:44.784  75 77 W channel139887870629632 self_thread_id = 139887870629632, last time delay.time = 5, now count = 969, i = 1
2023-01-11 18:00:44.784  75 78 I channel139887862236928 self_thread_id = 139887862236928, last time delay.time = 10, now count = 970, i = 1
2023-01-11 18:00:44.784  75 77 E channel139887870629632 self_thread_id = 139887870629632, last time delay.time = 5, now count = 969, i = 1
2023-01-11 18:00:44.784  75 78 W channel139887862236928 self_thread_id = 139887862236928, last time delay.time = 10, now count = 970, i = 1
2023-01-11 18:00:44.784  75 78 E channel139887862236928 self_thread_id = 139887862236928, last time delay.time = 10, now count = 970, i = 1
2023-01-11 18:00:44.784  75 82 I channel139887621699328 self_thread_id = 139887621699328, last time delay.time = 11, now count = 972, i = 1
2023-01-11 18:00:44.784  75 82 I channel139887621699328 self_thread_id = 139887621699328, last time delay.time = 11, now count = 972, i = 1
2023-01-11 18:00:44.784  75 82 W channel139887621699328 self_thread_id = 139887621699328, last time delay.time = 11, now count = 972, i = 1
2023-01-11 18:00:44.784  75 82 E channel139887621699328 self_thread_id = 139887621699328, last time delay.time = 11, now count = 972, i = 1
2023-01-11 18:00:44.784  75 84 I channel139887604913920 self_thread_id = 139887604913920, last time delay.time = 11, now count = 971, i = 1
2023-01-11 18:00:44.784  75 84 I channel139887604913920 self_thread_id = 139887604913920, last time delay.time = 11, now count = 971, i = 1
2023-01-11 18:00:44.784  75 84 W channel139887604913920 self_thread_id = 139887604913920, last time delay.time = 11, now count = 971, i = 1
2023-01-11 18:00:44.784  75 84 E channel139887604913920 self_thread_id = 139887604913920, last time delay.time = 11, now count = 971, i = 1
2023-01-11 18:00:44.784  75 81 I channel139887837058816 self_thread_id = 139887837058816, last time delay.time = 8, now count = 974, i = 1
2023-01-11 18:00:44.784  75 80 I channel139887845451520 self_thread_id = 139887845451520, last time delay.time = 28, now count = 973, i = 1
2023-01-11 18:00:44.784  75 81 I channel139887837058816 self_thread_id = 139887837058816, last time delay.time = 8, now count = 974, i = 1
2023-01-11 18:00:44.784  75 80 I channel139887845451520 self_thread_id = 139887845451520, last time delay.time = 28, now count = 973, i = 1
2023-01-11 18:00:44.784  75 81 W channel139887837058816 self_thread_id = 139887837058816, last time delay.time = 8, now count = 974, i = 1
2023-01-11 18:00:44.784  75 80 W channel139887845451520 self_thread_id = 139887845451520, last time delay.time = 28, now count = 973, i = 1
2023-01-11 18:00:44.784  75 81 E channel139887837058816 self_thread_id = 139887837058816, last time delay.time = 8, now count = 974, i = 1
2023-01-11 18:00:44.784  75 80 E channel139887845451520 self_thread_id = 139887845451520, last time delay.time = 28, now count = 973, i = 1
2023-01-11 18:00:44.785  75 79 I channel139887853844224 self_thread_id = 139887853844224, last time delay.time = 8, now count = 975, i = 1
2023-01-11 18:00:44.785  75 79 I channel139887853844224 self_thread_id = 139887853844224, last time delay.time = 8, now count = 975, i = 1
2023-01-11 18:00:44.785  75 79 W channel139887853844224 self_thread_id = 139887853844224, last time delay.time = 8, now count = 975, i = 1
2023-01-11 18:00:44.785  75 79 E channel139887853844224 self_thread_id = 139887853844224, last time delay.time = 8, now count = 975, i = 1
2023-01-11 18:00:44.786  75 83 I channel139887613306624 self_thread_id = 139887613306624, last time delay.time = 8, now count = 976, i = 1
2023-01-11 18:00:44.786  75 83 I channel139887613306624 self_thread_id = 139887613306624, last time delay.time = 8, now count = 976, i = 1
2023-01-11 18:00:44.786  75 83 W channel139887613306624 self_thread_id = 139887613306624, last time delay.time = 8, now count = 976, i = 1
2023-01-11 18:00:44.786  75 83 E channel139887613306624 self_thread_id = 139887613306624, last time delay.time = 8, now count = 976, i = 1
2023-01-11 18:00:45.784  75 77 I channel139887870629632 self_thread_id = 139887870629632, last time delay.time = 5, now count = 969, i = 2
2023-01-11 18:00:45.784  75 78 I channel139887862236928 self_thread_id = 139887862236928, last time delay.time = 10, now count = 970, i = 2
2023-01-11 18:00:45.784  75 77 I channel139887870629632 self_thread_id = 139887870629632, last time delay.time = 5, now count = 969, i = 2
2023-01-11 18:00:45.784  75 78 I channel139887862236928 self_thread_id = 139887862236928, last time delay.time = 10, now count = 970, i = 2
2023-01-11 18:00:45.784  75 78 W channel139887862236928 self_thread_id = 139887862236928, last time delay.time = 10, now count = 970, i = 2
2023-01-11 18:00:45.784  75 77 W channel139887870629632 self_thread_id = 139887870629632, last time delay.time = 5, now count = 969, i = 2
2023-01-11 18:00:45.784  75 78 E channel139887862236928 self_thread_id = 139887862236928, last time delay.time = 10, now count = 970, i = 2
2023-01-11 18:00:45.784  75 77 E channel139887870629632 self_thread_id = 139887870629632, last time delay.time = 5, now count = 969, i = 2
2023-01-11 18:00:45.784  75 82 I channel139887621699328 self_thread_id = 139887621699328, last time delay.time = 11, now count = 972, i = 2
2023-01-11 18:00:45.784  75 82 I channel139887621699328 self_thread_id = 139887621699328, last time delay.time = 11, now count = 972, i = 2
2023-01-11 18:00:45.784  75 82 W channel139887621699328 self_thread_id = 139887621699328, last time delay.time = 11, now count = 972, i = 2
2023-01-11 18:00:45.784  75 82 E channel139887621699328 self_thread_id = 139887621699328, last time delay.time = 11, now count = 972, i = 2
2023-01-11 18:00:45.784  75 84 I channel139887604913920 self_thread_id = 139887604913920, last time delay.time = 11, now count = 971, i = 2
2023-01-11 18:00:45.784  75 80 I channel139887845451520 self_thread_id = 139887845451520, last time delay.time = 28, now count = 973, i = 2
2023-01-11 18:00:45.784  75 84 I channel139887604913920 self_thread_id = 139887604913920, last time delay.time = 11, now count = 971, i = 2
2023-01-11 18:00:45.784  75 80 I channel139887845451520 self_thread_id = 139887845451520, last time delay.time = 28, now count = 973, i = 2
2023-01-11 18:00:45.784  75 84 W channel139887604913920 self_thread_id = 139887604913920, last time delay.time = 11, now count = 971, i = 2
2023-01-11 18:00:45.784  75 81 I channel139887837058816 self_thread_id = 139887837058816, last time delay.time = 8, now count = 974, i = 2
2023-01-11 18:00:45.784  75 84 E channel139887604913920 self_thread_id = 139887604913920, last time delay.time = 11, now count = 971, i = 2
2023-01-11 18:00:45.784  75 81 I channel139887837058816 self_thread_id = 139887837058816, last time delay.time = 8, now count = 974, i = 2
2023-01-11 18:00:45.784  75 80 W channel139887845451520 self_thread_id = 139887845451520, last time delay.time = 28, now count = 973, i = 2
2023-01-11 18:00:45.784  75 81 W channel139887837058816 self_thread_id = 139887837058816, last time delay.time = 8, now count = 974, i = 2
2023-01-11 18:00:45.784  75 80 E channel139887845451520 self_thread_id = 139887845451520, last time delay.time = 28, now count = 973, i = 2
2023-01-11 18:00:45.784  75 81 E channel139887837058816 self_thread_id = 139887837058816, last time delay.time = 8, now count = 974, i = 2
2023-01-11 18:00:45.785  75 79 I channel139887853844224 self_thread_id = 139887853844224, last time delay.time = 8, now count = 975, i = 2
2023-01-11 18:00:45.785  75 79 I channel139887853844224 self_thread_id = 139887853844224, last time delay.time = 8, now count = 975, i = 2
2023-01-11 18:00:45.785  75 79 W channel139887853844224 self_thread_id = 139887853844224, last time delay.time = 8, now count = 975, i = 2
2023-01-11 18:00:45.785  75 79 E channel139887853844224 self_thread_id = 139887853844224, last time delay.time = 8, now count = 975, i = 2
2023-01-11 18:00:45.786  75 83 I channel139887613306624 self_thread_id = 139887613306624, last time delay.time = 8, now count = 976, i = 2
2023-01-11 18:00:45.786  75 83 I channel139887613306624 self_thread_id = 139887613306624, last time delay.time = 8, now count = 976, i = 2
2023-01-11 18:00:45.786  75 83 W channel139887613306624 self_thread_id = 139887613306624, last time delay.time = 8, now count = 976, i = 2
2023-01-11 18:00:45.786  75 83 E channel139887613306624 self_thread_id = 139887613306624, last time delay.time = 8, now count = 976, i = 2
2023-01-11 18:00:46.523  75 75 I APP.tag TestComponent::Proc
2023-01-11 18:00:46.523  75 75 I APP.tag ****************test INFO begin****************
2023-01-11 18:00:46.523  75 75 I APP.tag 测试 index = 812组
2023-01-11 18:00:46.523  75 75 E APP.tag 循环计数 i = 1次
2023-01-11 18:00:46.523  75 75 I APP.tag test LOG_Trace()
2023-01-11 18:00:46.523  75 75 I vscode 循环计数 i = 1次,test LOG_Channel_Trace()
2023-01-11 18:00:46.523  75 75 E APP.tag 循环计数 i = 2次
2023-01-11 18:00:46.523  75 75 E APP.tag 循环计数 i = 3次
2023-01-11 18:00:46.523  75 75 I APP.tag test LOG_Info()
2023-01-11 18:00:46.523  75 75 I baidu 循环计数 i = 3次,test LOG_Channel_Info()
2023-01-11 18:00:46.523  75 75 E APP.tag 循环计数 i = 4次
2023-01-11 18:00:46.523  75 75 W APP.tag test LOG_Warn()
2023-01-11 18:00:46.523  75 75 W google 循环计数 i = 4次,test LOG_Channel_Warn()
2023-01-11 18:00:46.523  75 75 E APP.tag 循环计数 i = 5次
2023-01-11 18:00:46.523  75 75 E APP.tag test LOG_Error()
2023-01-11 18:00:46.523  75 75 E visio 循环计数 i = 5次,test LOG_Channel_Error()
2023-01-11 18:00:46.523  75 75 I APP.tag print coredump DataLen:2 Data[01 00]
2023-01-11 18:00:46.523  75 75 W coredump 0x0000000a 0a 00 00 00 0b 00 00 00 0c 00 00 00 0d 00 00 00 0e 00 00 00
2023-01-11 18:00:46.523  75 75 I APP.tag ****************test INFO end****************
2023-01-11 18:00:46.784  75 77 I channel139887870629632 self_thread_id = 139887870629632, last time delay.time = 5, now count = 969, i = 3
2023-01-11 18:00:46.784  75 77 I channel139887870629632 self_thread_id = 139887870629632, last time delay.time = 5, now count = 969, i = 3
2023-01-11 18:00:46.784  75 78 I channel139887862236928 self_thread_id = 139887862236928, last time delay.time = 10, now count = 970, i = 3
2023-01-11 18:00:46.784  75 77 W channel139887870629632 self_thread_id = 139887870629632, last time delay.time = 5, now count = 969, i = 3
2023-01-11 18:00:46.784  75 78 I channel139887862236928 self_thread_id = 139887862236928, last time delay.time = 10, now count = 970, i = 3
2023-01-11 18:00:46.784  75 77 E channel139887870629632 self_thread_id = 139887870629632, last time delay.time = 5, now count = 969, i = 3
2023-01-11 18:00:46.784  75 78 W channel139887862236928 self_thread_id = 139887862236928, last time delay.time = 10, now count = 970, i = 3
2023-01-11 18:00:46.784  75 78 E channel139887862236928 self_thread_id = 139887862236928, last time delay.time = 10, now count = 970, i = 3
2023-01-11 18:00:46.784  75 82 I channel139887621699328 self_thread_id = 139887621699328, last time delay.time = 11, now count = 972, i = 3
2023-01-11 18:00:46.784  75 82 I channel139887621699328 self_thread_id = 139887621699328, last time delay.time = 11, now count = 972, i = 3
2023-01-11 18:00:46.784  75 82 W channel139887621699328 self_thread_id = 139887621699328, last time delay.time = 11, now count = 972, i = 3
2023-01-11 18:00:46.784  75 82 E channel139887621699328 self_thread_id = 139887621699328, last time delay.time = 11, now count = 972, i = 3
2023-01-11 18:00:46.784  75 80 I channel139887845451520 self_thread_id = 139887845451520, last time delay.time = 28, now count = 973, i = 3
2023-01-11 18:00:46.785  75 80 I channel139887845451520 self_thread_id = 139887845451520, last time delay.time = 28, now count = 973, i = 3
2023-01-11 18:00:46.785  75 80 W channel139887845451520 self_thread_id = 139887845451520, last time delay.time = 28, now count = 973, i = 3
2023-01-11 18:00:46.785  75 80 E channel139887845451520 self_thread_id = 139887845451520, last time delay.time = 28, now count = 973, i = 3
2023-01-11 18:00:46.785  75 84 I channel139887604913920 self_thread_id = 139887604913920, last time delay.time = 11, now count = 971, i = 3
2023-01-11 18:00:46.785  75 84 I channel139887604913920 self_thread_id = 139887604913920, last time delay.time = 11, now count = 971, i = 3
2023-01-11 18:00:46.785  75 84 W channel139887604913920 self_thread_id = 139887604913920, last time delay.time = 11, now count = 971, i = 3
2023-01-11 18:00:46.785  75 81 I channel139887837058816 self_thread_id = 139887837058816, last time delay.time = 8, now count = 974, i = 3
2023-01-11 18:00:46.785  75 84 E channel139887604913920 self_thread_id = 139887604913920, last time delay.time = 11, now count = 971, i = 3
2023-01-11 18:00:46.785  75 81 I channel139887837058816 self_thread_id = 139887837058816, last time delay.time = 8, now count = 974, i = 3
2023-01-11 18:00:46.785  75 81 W channel139887837058816 self_thread_id = 139887837058816, last time delay.time = 8, now count = 974, i = 3
2023-01-11 18:00:46.785  75 81 E channel139887837058816 self_thread_id = 139887837058816, last time delay.time = 8, now count = 974, i = 3
2023-01-11 18:00:46.785  75 79 I channel139887853844224 self_thread_id = 139887853844224, last time delay.time = 8, now count = 975, i = 3
2023-01-11 18:00:46.785  75 79 I channel139887853844224 self_thread_id = 139887853844224, last time delay.time = 8, now count = 975, i = 3
2023-01-11 18:00:46.785  75 79 W channel139887853844224 self_thread_id = 139887853844224, last time delay.time = 8, now count = 975, i = 3
2023-01-11 18:00:46.785  75 79 E channel139887853844224 self_thread_id = 139887853844224, last time delay.time = 8, now count = 975, i = 3
2023-01-11 18:00:46.787  75 83 I channel139887613306624 self_thread_id = 139887613306624, last time delay.time = 8, now count = 976, i = 3
2023-01-11 18:00:46.787  75 83 I channel139887613306624 self_thread_id = 139887613306624, last time delay.time = 8, now count = 976, i = 3
2023-01-11 18:00:46.787  75 83 W channel139887613306624 self_thread_id = 139887613306624, last time delay.time = 8, now count = 976, i = 3
2023-01-11 18:00:46.787  75 83 E channel139887613306624 self_thread_id = 139887613306624, last time delay.time = 8, now count = 976, i = 3
2023-01-11 18:00:47.784  75 77 I channel139887870629632 self_thread_id = 139887870629632, last time delay.time = 5, now count = 969, i = 4
2023-01-11 18:00:47.784  75 77 I channel139887870629632 self_thread_id = 139887870629632, last time delay.time = 5, now count = 969, i = 4
2023-01-11 18:00:47.784  75 77 W channel139887870629632 self_thread_id = 139887870629632, last time delay.time = 5, now count = 969, i = 4
2023-01-11 18:00:47.784  75 78 I channel139887862236928 self_thread_id = 139887862236928, last time delay.time = 10, now count = 970, i = 4
2023-01-11 18:00:47.784  75 77 E channel139887870629632 self_thread_id = 139887870629632, last time delay.time = 5, now count = 969, i = 4
2023-01-11 18:00:47.784  75 78 I channel139887862236928 self_thread_id = 139887862236928, last time delay.time = 10, now count = 970, i = 4
2023-01-11 18:00:47.784  75 78 W channel139887862236928 self_thread_id = 139887862236928, last time delay.time = 10, now count = 970, i = 4
2023-01-11 18:00:47.784  75 78 E channel139887862236928 self_thread_id = 139887862236928, last time delay.time = 10, now count = 970, i = 4
2023-01-11 18:00:47.784  75 77 I channel139887870629632 self_thread_id = 139887870629632, last time delay.time = 5, now count = 977
2023-01-11 18:00:47.785  75 78 I channel139887862236928 self_thread_id = 139887862236928, last time delay.time = 10, now count = 978
2023-01-11 18:00:47.785  75 82 I channel139887621699328 self_thread_id = 139887621699328, last time delay.time = 11, now count = 972, i = 4
2023-01-11 18:00:47.785  75 82 I channel139887621699328 self_thread_id = 139887621699328, last time delay.time = 11, now count = 972, i = 4
2023-01-11 18:00:47.785  75 82 W channel139887621699328 self_thread_id = 139887621699328, last time delay.time = 11, now count = 972, i = 4
2023-01-11 18:00:47.785  75 82 E channel139887621699328 self_thread_id = 139887621699328, last time delay.time = 11, now count = 972, i = 4
2023-01-11 18:00:47.785  75 82 I channel139887621699328 self_thread_id = 139887621699328, last time delay.time = 11, now count = 979
2023-01-11 18:00:47.785  75 80 I channel139887845451520 self_thread_id = 139887845451520, last time delay.time = 28, now count = 973, i = 4
2023-01-11 18:00:47.785  75 80 I channel139887845451520 self_thread_id = 139887845451520, last time delay.time = 28, now count = 973, i = 4
2023-01-11 18:00:47.785  75 80 W channel139887845451520 self_thread_id = 139887845451520, last time delay.time = 28, now count = 973, i = 4
2023-01-11 18:00:47.785  75 80 E channel139887845451520 self_thread_id = 139887845451520, last time delay.time = 28, now count = 973, i = 4
2023-01-11 18:00:47.785  75 84 I channel139887604913920 self_thread_id = 139887604913920, last time delay.time = 11, now count = 971, i = 4
2023-01-11 18:00:47.785  75 80 I channel139887845451520 self_thread_id = 139887845451520, last time delay.time = 28, now count = 980
2023-01-11 18:00:47.785  75 84 I channel139887604913920 self_thread_id = 139887604913920, last time delay.time = 11, now count = 971, i = 4
2023-01-11 18:00:47.785  75 84 W channel139887604913920 self_thread_id = 139887604913920, last time delay.time = 11, now count = 971, i = 4
2023-01-11 18:00:47.785  75 81 I channel139887837058816 self_thread_id = 139887837058816, last time delay.time = 8, now count = 974, i = 4
2023-01-11 18:00:47.785  75 84 E channel139887604913920 self_thread_id = 139887604913920, last time delay.time = 11, now count = 971, i = 4
2023-01-11 18:00:47.785  75 84 I channel139887604913920 self_thread_id = 139887604913920, last time delay.time = 11, now count = 981
2023-01-11 18:00:47.785  75 81 I channel139887837058816 self_thread_id = 139887837058816, last time delay.time = 8, now count = 974, i = 4
2023-01-11 18:00:47.785  75 81 W channel139887837058816 self_thread_id = 139887837058816, last time delay.time = 8, now count = 974, i = 4
2023-01-11 18:00:47.785  75 81 E channel139887837058816 self_thread_id = 139887837058816, last time delay.time = 8, now count = 974, i = 4
2023-01-11 18:00:47.785  75 81 I channel139887837058816 self_thread_id = 139887837058816, last time delay.time = 8, now count = 982
2023-01-11 18:00:47.785  75 79 I channel139887853844224 self_thread_id = 139887853844224, last time delay.time = 8, now count = 975, i = 4
2023-01-11 18:00:47.785  75 79 I channel139887853844224 self_thread_id = 139887853844224, last time delay.time = 8, now count = 975, i = 4
2023-01-11 18:00:47.785  75 79 W channel139887853844224 self_thread_id = 139887853844224, last time delay.time = 8, now count = 975, i = 4
2023-01-11 18:00:47.785  75 79 E channel139887853844224 self_thread_id = 139887853844224, last time delay.time = 8, now count = 975, i = 4
2023-01-11 18:00:47.785  75 79 I channel139887853844224 self_thread_id = 139887853844224, last time delay.time = 8, now count = 983
2023-01-11 18:00:47.787  75 83 I channel139887613306624 self_thread_id = 139887613306624, last time delay.time = 8, now count = 976, i = 4
2023-01-11 18:00:47.787  75 83 I channel139887613306624 self_thread_id = 139887613306624, last time delay.time = 8, now count = 976, i = 4
2023-01-11 18:00:47.787  75 83 W channel139887613306624 self_thread_id = 139887613306624, last time delay.time = 8, now count = 976, i = 4
2023-01-11 18:00:47.787  75 83 E channel139887613306624 self_thread_id = 139887613306624, last time delay.time = 8, now count = 976, i = 4
2023-01-11 18:00:47.787  75 83 I channel139887613306624 self_thread_id = 139887613306624, last time delay.time = 8, now count = 984
2023-01-11 18:00:48.785  75 78 I channel139887862236928 self_thread_id = 139887862236928, last time delay.time = 8, now count = 978, i = 0
2023-01-11 18:00:48.785  75 78 I channel139887862236928 self_thread_id = 139887862236928, last time delay.time = 8, now count = 978, i = 0
2023-01-11 18:00:48.785  75 78 W channel139887862236928 self_thread_id = 139887862236928, last time delay.time = 8, now count = 978, i = 0
2023-01-11 18:00:48.785  75 78 E channel139887862236928 self_thread_id = 139887862236928, last time delay.time = 8, now count = 978, i = 0
2023-01-11 18:00:48.785  75 77 I channel139887870629632 self_thread_id = 139887870629632, last time delay.time = 6, now count = 977, i = 0
2023-01-11 18:00:48.785  75 77 I channel139887870629632 self_thread_id = 139887870629632, last time delay.time = 6, now count = 977, i = 0
2023-01-11 18:00:48.785  75 77 W channel139887870629632 self_thread_id = 139887870629632, last time delay.time = 6, now count = 977, i = 0
2023-01-11 18:00:48.785  75 77 E channel139887870629632 self_thread_id = 139887870629632, last time delay.time = 6, now count = 977, i = 0
2023-01-11 18:00:48.785  75 82 I channel139887621699328 self_thread_id = 139887621699328, last time delay.time = 9, now count = 979, i = 0
2023-01-11 18:00:48.785  75 82 I channel139887621699328 self_thread_id = 139887621699328, last time delay.time = 9, now count = 979, i = 0
2023-01-11 18:00:48.785  75 82 W channel139887621699328 self_thread_id = 139887621699328, last time delay.time = 9, now count = 979, i = 0
2023-01-11 18:00:48.785  75 82 E channel139887621699328 self_thread_id = 139887621699328, last time delay.time = 9, now count = 979, i = 0
2023-01-11 18:00:48.785  75 80 I channel139887845451520 self_thread_id = 139887845451520, last time delay.time = 27, now count = 980, i = 0
2023-01-11 18:00:48.785  75 80 I channel139887845451520 self_thread_id = 139887845451520, last time delay.time = 27, now count = 980, i = 0
2023-01-11 18:00:48.785  75 80 W channel139887845451520 self_thread_id = 139887845451520, last time delay.time = 27, now count = 980, i = 0
2023-01-11 18:00:48.785  75 80 E channel139887845451520 self_thread_id = 139887845451520, last time delay.time = 27, now count = 980, i = 0
2023-01-11 18:00:48.785  75 84 I channel139887604913920 self_thread_id = 139887604913920, last time delay.time = 10, now count = 981, i = 0
2023-01-11 18:00:48.785  75 84 I channel139887604913920 self_thread_id = 139887604913920, last time delay.time = 10, now count = 981, i = 0
2023-01-11 18:00:48.785  75 84 W channel139887604913920 self_thread_id = 139887604913920, last time delay.time = 10, now count = 981, i = 0
2023-01-11 18:00:48.785  75 81 I channel139887837058816 self_thread_id = 139887837058816, last time delay.time = 8, now count = 982, i = 0
2023-01-11 18:00:48.785  75 84 E channel139887604913920 self_thread_id = 139887604913920, last time delay.time = 10, now count = 981, i = 0
2023-01-11 18:00:48.785  75 81 I channel139887837058816 self_thread_id = 139887837058816, last time delay.time = 8, now count = 982, i = 0
2023-01-11 18:00:48.785  75 81 W channel139887837058816 self_thread_id = 139887837058816, last time delay.time = 8, now count = 982, i = 0
2023-01-11 18:00:48.785  75 81 E channel139887837058816 self_thread_id = 139887837058816, last time delay.time = 8, now count = 982, i = 0
2023-01-11 18:00:48.786  75 79 I channel139887853844224 self_thread_id = 139887853844224, last time delay.time = 8, now count = 983, i = 0
2023-01-11 18:00:48.786  75 79 I channel139887853844224 self_thread_id = 139887853844224, last time delay.time = 8, now count = 983, i = 0
2023-01-11 18:00:48.786  75 79 W channel139887853844224 self_thread_id = 139887853844224, last time delay.time = 8, now count = 983, i = 0
2023-01-11 18:00:48.786  75 79 E channel139887853844224 self_thread_id = 139887853844224, last time delay.time = 8, now count = 983, i = 0
2023-01-11 18:00:48.787  75 83 I channel139887613306624 self_thread_id = 139887613306624, last time delay.time = 5, now count = 984, i = 0
2023-01-11 18:00:48.787  75 83 I channel139887613306624 self_thread_id = 139887613306624, last time delay.time = 5, now count = 984, i = 0
2023-01-11 18:00:48.787  75 83 W channel139887613306624 self_thread_id = 139887613306624, last time delay.time = 5, now count = 984, i = 0
2023-01-11 18:00:48.787  75 83 E channel139887613306624 self_thread_id = 139887613306624, last time delay.time = 5, now count = 984, i = 0
2023-01-11 18:00:49.785  75 78 I channel139887862236928 self_thread_id = 139887862236928, last time delay.time = 8, now count = 978, i = 1
2023-01-11 18:00:49.785  75 78 I channel139887862236928 self_thread_id = 139887862236928, last time delay.time = 8, now count = 978, i = 1
2023-01-11 18:00:49.785  75 78 W channel139887862236928 self_thread_id = 139887862236928, last time delay.time = 8, now count = 978, i = 1
2023-01-11 18:00:49.785  75 78 E channel139887862236928 self_thread_id = 139887862236928, last time delay.time = 8, now count = 978, i = 1
2023-01-11 18:00:49.785  75 82 I channel139887621699328 self_thread_id = 139887621699328, last time delay.time = 9, now count = 979, i = 1
2023-01-11 18:00:49.785  75 77 I channel139887870629632 self_thread_id = 139887870629632, last time delay.time = 6, now count = 977, i = 1
2023-01-11 18:00:49.785  75 77 I channel139887870629632 self_thread_id = 139887870629632, last time delay.time = 6, now count = 977, i = 1
2023-01-11 18:00:49.785  75 82 I channel139887621699328 self_thread_id = 139887621699328, last time delay.time = 9, now count = 979, i = 1
2023-01-11 18:00:49.785  75 77 W channel139887870629632 self_thread_id = 139887870629632, last time delay.time = 6, now count = 977, i = 1
2023-01-11 18:00:49.785  75 82 W channel139887621699328 self_thread_id = 139887621699328, last time delay.time = 9, now count = 979, i = 1
2023-01-11 18:00:49.785  75 77 E channel139887870629632 self_thread_id = 139887870629632, last time delay.time = 6, now count = 977, i = 1
2023-01-11 18:00:49.785  75 82 E channel139887621699328 self_thread_id = 139887621699328, last time delay.time = 9, now count = 979, i = 1
2023-01-11 18:00:49.785  75 80 I channel139887845451520 self_thread_id = 139887845451520, last time delay.time = 27, now count = 980, i = 1
2023-01-11 18:00:49.785  75 80 I channel139887845451520 self_thread_id = 139887845451520, last time delay.time = 27, now count = 980, i = 1
2023-01-11 18:00:49.785  75 80 W channel139887845451520 self_thread_id = 139887845451520, last time delay.time = 27, now count = 980, i = 1
2023-01-11 18:00:49.785  75 80 E channel139887845451520 self_thread_id = 139887845451520, last time delay.time = 27, now count = 980, i = 1
2023-01-11 18:00:49.785  75 84 I channel139887604913920 self_thread_id = 139887604913920, last time delay.time = 10, now count = 981, i = 1
2023-01-11 18:00:49.785  75 84 I channel139887604913920 self_thread_id = 139887604913920, last time delay.time = 10, now count = 981, i = 1
2023-01-11 18:00:49.785  75 84 W channel139887604913920 self_thread_id = 139887604913920, last time delay.time = 10, now count = 981, i = 1
2023-01-11 18:00:49.785  75 84 E channel139887604913920 self_thread_id = 139887604913920, last time delay.time = 10, now count = 981, i = 1
2023-01-11 18:00:49.785  75 81 I channel139887837058816 self_thread_id = 139887837058816, last time delay.time = 8, now count = 982, i = 1
2023-01-11 18:00:49.785  75 81 I channel139887837058816 self_thread_id = 139887837058816, last time delay.time = 8, now count = 982, i = 1
2023-01-11 18:00:49.785  75 81 W channel139887837058816 self_thread_id = 139887837058816, last time delay.time = 8, now count = 982, i = 1
2023-01-11 18:00:49.785  75 81 E channel139887837058816 self_thread_id = 139887837058816, last time delay.time = 8, now count = 982, i = 1
2023-01-11 18:00:49.786  75 79 I channel139887853844224 self_thread_id = 139887853844224, last time delay.time = 8, now count = 983, i = 1
2023-01-11 18:00:49.786  75 79 I channel139887853844224 self_thread_id = 139887853844224, last time delay.time = 8, now count = 983, i = 1
2023-01-11 18:00:49.786  75 79 W channel139887853844224 self_thread_id = 139887853844224, last time delay.time = 8, now count = 983, i = 1
2023-01-11 18:00:49.786  75 79 E channel139887853844224 self_thread_id = 139887853844224, last time delay.time = 8, now count = 983, i = 1
2023-01-11 18:00:49.787  75 83 I channel139887613306624 self_thread_id = 139887613306624, last time delay.time = 5, now count = 984, i = 1
2023-01-11 18:00:49.787  75 83 I channel139887613306624 self_thread_id = 139887613306624, last time delay.time = 5, now count = 984, i = 1
2023-01-11 18:00:49.787  75 83 W channel139887613306624 self_thread_id = 139887613306624, last time delay.time = 5, now count = 984, i = 1
2023-01-11 18:00:49.787  75 83 E channel139887613306624 self_thread_id = 139887613306624, last time delay.time = 5, now count = 984, i = 1
2023-01-11 18:00:50.785  75 78 I channel139887862236928 self_thread_id = 139887862236928, last time delay.time = 8, now count = 978, i = 2
2023-01-11 18:00:50.785  75 78 I channel139887862236928 self_thread_id = 139887862236928, last time delay.time = 8, now count = 978, i = 2
2023-01-11 18:00:50.785  75 77 I channel139887870629632 self_thread_id = 139887870629632, last time delay.time = 6, now count = 977, i = 2
2023-01-11 18:00:50.785  75 78 W channel139887862236928 self_thread_id = 139887862236928, last time delay.time = 8, now count = 978, i = 2
2023-01-11 18:00:50.785  75 77 I channel139887870629632 self_thread_id = 139887870629632, last time delay.time = 6, now count = 977, i = 2
2023-01-11 18:00:50.785  75 78 E channel139887862236928 self_thread_id = 139887862236928, last time delay.time = 8, now count = 978, i = 2
2023-01-11 18:00:50.785  75 77 W channel139887870629632 self_thread_id = 139887870629632, last time delay.time = 6, now count = 977, i = 2
2023-01-11 18:00:50.785  75 77 E channel139887870629632 self_thread_id = 139887870629632, last time delay.time = 6, now count = 977, i = 2
2023-01-11 18:00:50.785  75 82 I channel139887621699328 self_thread_id = 139887621699328, last time delay.time = 9, now count = 979, i = 2
2023-01-11 18:00:50.785  75 82 I channel139887621699328 self_thread_id = 139887621699328, last time delay.time = 9, now count = 979, i = 2
2023-01-11 18:00:50.785  75 82 W channel139887621699328 self_thread_id = 139887621699328, last time delay.time = 9, now count = 979, i = 2
2023-01-11 18:00:50.785  75 82 E channel139887621699328 self_thread_id = 139887621699328, last time delay.time = 9, now count = 979, i = 2
2023-01-11 18:00:50.785  75 80 I channel139887845451520 self_thread_id = 139887845451520, last time delay.time = 27, now count = 980, i = 2
2023-01-11 18:00:50.785  75 80 I channel139887845451520 self_thread_id = 139887845451520, last time delay.time = 27, now count = 980, i = 2
2023-01-11 18:00:50.785  75 80 W channel139887845451520 self_thread_id = 139887845451520, last time delay.time = 27, now count = 980, i = 2
2023-01-11 18:00:50.785  75 80 E channel139887845451520 self_thread_id = 139887845451520, last time delay.time = 27, now count = 980, i = 2
2023-01-11 18:00:50.785  75 84 I channel139887604913920 self_thread_id = 139887604913920, last time delay.time = 10, now count = 981, i = 2
2023-01-11 18:00:50.785  75 84 I channel139887604913920 self_thread_id = 139887604913920, last time delay.time = 10, now count = 981, i = 2
2023-01-11 18:00:50.785  75 81 I channel139887837058816 self_thread_id = 139887837058816, last time delay.time = 8, now count = 982, i = 2
2023-01-11 18:00:50.785  75 84 W channel139887604913920 self_thread_id = 139887604913920, last time delay.time = 10, now count = 981, i = 2
2023-01-11 18:00:50.785  75 84 E channel139887604913920 self_thread_id = 139887604913920, last time delay.time = 10, now count = 981, i = 2
2023-01-11 18:00:50.785  75 81 I channel139887837058816 self_thread_id = 139887837058816, last time delay.time = 8, now count = 982, i = 2
2023-01-11 18:00:50.785  75 81 W channel139887837058816 self_thread_id = 139887837058816, last time delay.time = 8, now count = 982, i = 2
2023-01-11 18:00:50.785  75 81 E channel139887837058816 self_thread_id = 139887837058816, last time delay.time = 8, now count = 982, i = 2
2023-01-11 18:00:50.786  75 79 I channel139887853844224 self_thread_id = 139887853844224, last time delay.time = 8, now count = 983, i = 2
2023-01-11 18:00:50.786  75 79 I channel139887853844224 self_thread_id = 139887853844224, last time delay.time = 8, now count = 983, i = 2
2023-01-11 18:00:50.786  75 79 W channel139887853844224 self_thread_id = 139887853844224, last time delay.time = 8, now count = 983, i = 2
2023-01-11 18:00:50.786  75 79 E channel139887853844224 self_thread_id = 139887853844224, last time delay.time = 8, now count = 983, i = 2
2023-01-11 18:00:50.787  75 83 I channel139887613306624 self_thread_id = 139887613306624, last time delay.time = 5, now count = 984, i = 2
2023-01-11 18:00:50.787  75 83 I channel139887613306624 self_thread_id = 139887613306624, last time delay.time = 5, now count = 984, i = 2
2023-01-11 18:00:50.787  75 83 W channel139887613306624 self_thread_id = 139887613306624, last time delay.time = 5, now count = 984, i = 2
2023-01-11 18:00:50.787  75 83 E channel139887613306624 self_thread_id = 139887613306624, last time delay.time = 5, now count = 984, i = 2
2023-01-11 18:00:51.785  75 78 I channel139887862236928 self_thread_id = 139887862236928, last time delay.time = 8, now count = 978, i = 3
2023-01-11 18:00:51.785  75 78 I channel139887862236928 self_thread_id = 139887862236928, last time delay.time = 8, now count = 978, i = 3
2023-01-11 18:00:51.785  75 78 W channel139887862236928 self_thread_id = 139887862236928, last time delay.time = 8, now count = 978, i = 3
2023-01-11 18:00:51.785  75 77 I channel139887870629632 self_thread_id = 139887870629632, last time delay.time = 6, now count = 977, i = 3
2023-01-11 18:00:51.785  75 78 E channel139887862236928 self_thread_id = 139887862236928, last time delay.time = 8, now count = 978, i = 3
2023-01-11 18:00:51.785  75 77 I channel139887870629632 self_thread_id = 139887870629632, last time delay.time = 6, now count = 977, i = 3
2023-01-11 18:00:51.785  75 77 W channel139887870629632 self_thread_id = 139887870629632, last time delay.time = 6, now count = 977, i = 3
2023-01-11 18:00:51.785  75 82 I channel139887621699328 self_thread_id = 139887621699328, last time delay.time = 9, now count = 979, i = 3
2023-01-11 18:00:51.785  75 77 E channel139887870629632 self_thread_id = 139887870629632, last time delay.time = 6, now count = 977, i = 3
2023-01-11 18:00:51.785  75 82 I channel139887621699328 self_thread_id = 139887621699328, last time delay.time = 9, now count = 979, i = 3
2023-01-11 18:00:51.785  75 82 W channel139887621699328 self_thread_id = 139887621699328, last time delay.time = 9, now count = 979, i = 3
2023-01-11 18:00:51.785  75 82 E channel139887621699328 self_thread_id = 139887621699328, last time delay.time = 9, now count = 979, i = 3
2023-01-11 18:00:51.785  75 80 I channel139887845451520 self_thread_id = 139887845451520, last time delay.time = 27, now count = 980, i = 3
2023-01-11 18:00:51.785  75 80 I channel139887845451520 self_thread_id = 139887845451520, last time delay.time = 27, now count = 980, i = 3
2023-01-11 18:00:51.785  75 80 W channel139887845451520 self_thread_id = 139887845451520, last time delay.time = 27, now count = 980, i = 3
2023-01-11 18:00:51.785  75 80 E channel139887845451520 self_thread_id = 139887845451520, last time delay.time = 27, now count = 980, i = 3
2023-01-11 18:00:51.786  75 84 I channel139887604913920 self_thread_id = 139887604913920, last time delay.time = 10, now count = 981, i = 3
2023-01-11 18:00:51.786  75 84 I channel139887604913920 self_thread_id = 139887604913920, last time delay.time = 10, now count = 981, i = 3
2023-01-11 18:00:51.786  75 81 I channel139887837058816 self_thread_id = 139887837058816, last time delay.time = 8, now count = 982, i = 3
2023-01-11 18:00:51.786  75 84 W channel139887604913920 self_thread_id = 139887604913920, last time delay.time = 10, now count = 981, i = 3
2023-01-11 18:00:51.786  75 84 E channel139887604913920 self_thread_id = 139887604913920, last time delay.time = 10, now count = 981, i = 3
2023-01-11 18:00:51.786  75 81 I channel139887837058816 self_thread_id = 139887837058816, last time delay.time = 8, now count = 982, i = 3
2023-01-11 18:00:51.786  75 81 W channel139887837058816 self_thread_id = 139887837058816, last time delay.time = 8, now count = 982, i = 3
2023-01-11 18:00:51.786  75 81 E channel139887837058816 self_thread_id = 139887837058816, last time delay.time = 8, now count = 982, i = 3
2023-01-11 18:00:51.786  75 79 I channel139887853844224 self_thread_id = 139887853844224, last time delay.time = 8, now count = 983, i = 3
2023-01-11 18:00:51.786  75 79 I channel139887853844224 self_thread_id = 139887853844224, last time delay.time = 8, now count = 983, i = 3
2023-01-11 18:00:51.786  75 79 W channel139887853844224 self_thread_id = 139887853844224, last time delay.time = 8, now count = 983, i = 3
2023-01-11 18:00:51.786  75 79 E channel139887853844224 self_thread_id = 139887853844224, last time delay.time = 8, now count = 983, i = 3
2023-01-11 18:00:51.787  75 83 I channel139887613306624 self_thread_id = 139887613306624, last time delay.time = 5, now count = 984, i = 3
2023-01-11 18:00:51.787  75 83 I channel139887613306624 self_thread_id = 139887613306624, last time delay.time = 5, now count = 984, i = 3
2023-01-11 18:00:51.787  75 83 W channel139887613306624 self_thread_id = 139887613306624, last time delay.time = 5, now count = 984, i = 3
2023-01-11 18:00:51.787  75 83 E channel139887613306624 self_thread_id = 139887613306624, last time delay.time = 5, now count = 984, i = 3
2023-01-11 18:00:52.785  75 77 I channel139887870629632 self_thread_id = 139887870629632, last time delay.time = 6, now count = 977, i = 4
2023-01-11 18:00:52.785  75 82 I channel139887621699328 self_thread_id = 139887621699328, last time delay.time = 9, now count = 979, i = 4
2023-01-11 18:00:52.785  75 78 I channel139887862236928 self_thread_id = 139887862236928, last time delay.time = 8, now count = 978, i = 4
2023-01-11 18:00:52.785  75 77 I channel139887870629632 self_thread_id = 139887870629632, last time delay.time = 6, now count = 977, i = 4
2023-01-11 18:00:52.786  75 82 I channel139887621699328 self_thread_id = 139887621699328, last time delay.time = 9, now count = 979, i = 4
2023-01-11 18:00:52.786  75 82 W channel139887621699328 self_thread_id = 139887621699328, last time delay.time = 9, now count = 979, i = 4
2023-01-11 18:00:52.786  75 78 I channel139887862236928 self_thread_id = 139887862236928, last time delay.time = 8, now count = 978, i = 4
2023-01-11 18:00:52.786  75 77 W channel139887870629632 self_thread_id = 139887870629632, last time delay.time = 6, now count = 977, i = 4
2023-01-11 18:00:52.786  75 78 W channel139887862236928 self_thread_id = 139887862236928, last time delay.time = 8, now count = 978, i = 4
2023-01-11 18:00:52.786  75 77 E channel139887870629632 self_thread_id = 139887870629632, last time delay.time = 6, now count = 977, i = 4
2023-01-11 18:00:52.786  75 82 E channel139887621699328 self_thread_id = 139887621699328, last time delay.time = 9, now count = 979, i = 4
2023-01-11 18:00:52.786  75 78 E channel139887862236928 self_thread_id = 139887862236928, last time delay.time = 8, now count = 978, i = 4
2023-01-11 18:00:52.786  75 80 I channel139887845451520 self_thread_id = 139887845451520, last time delay.time = 27, now count = 980, i = 4
2023-01-11 18:00:52.786  75 82 I channel139887621699328 self_thread_id = 139887621699328, last time delay.time = 9, now count = 986
2023-01-11 18:00:52.786  75 78 I channel139887862236928 self_thread_id = 139887862236928, last time delay.time = 8, now count = 987
2023-01-11 18:00:52.786  75 77 I channel139887870629632 self_thread_id = 139887870629632, last time delay.time = 6, now count = 985
2023-01-11 18:00:52.786  75 80 I channel139887845451520 self_thread_id = 139887845451520, last time delay.time = 27, now count = 980, i = 4
2023-01-11 18:00:52.786  75 80 W channel139887845451520 self_thread_id = 139887845451520, last time delay.time = 27, now count = 980, i = 4
2023-01-11 18:00:52.786  75 80 E channel139887845451520 self_thread_id = 139887845451520, last time delay.time = 27, now count = 980, i = 4
2023-01-11 18:00:52.786  75 80 I channel139887845451520 self_thread_id = 139887845451520, last time delay.time = 27, now count = 988
2023-01-11 18:00:52.786  75 84 I channel139887604913920 self_thread_id = 139887604913920, last time delay.time = 10, now count = 981, i = 4
2023-01-11 18:00:52.786  75 84 I channel139887604913920 self_thread_id = 139887604913920, last time delay.time = 10, now count = 981, i = 4
2023-01-11 18:00:52.786  75 84 W channel139887604913920 self_thread_id = 139887604913920, last time delay.time = 10, now count = 981, i = 4
2023-01-11 18:00:52.786  75 84 E channel139887604913920 self_thread_id = 139887604913920, last time delay.time = 10, now count = 981, i = 4
2023-01-11 18:00:52.786  75 84 I channel139887604913920 self_thread_id = 139887604913920, last time delay.time = 10, now count = 989
2023-01-11 18:00:52.786  75 81 I channel139887837058816 self_thread_id = 139887837058816, last time delay.time = 8, now count = 982, i = 4
2023-01-11 18:00:52.786  75 81 I channel139887837058816 self_thread_id = 139887837058816, last time delay.time = 8, now count = 982, i = 4
2023-01-11 18:00:52.786  75 81 W channel139887837058816 self_thread_id = 139887837058816, last time delay.time = 8, now count = 982, i = 4
2023-01-11 18:00:52.786  75 81 E channel139887837058816 self_thread_id = 139887837058816, last time delay.time = 8, now count = 982, i = 4
2023-01-11 18:00:52.786  75 81 I channel139887837058816 self_thread_id = 139887837058816, last time delay.time = 8, now count = 990
2023-01-11 18:00:52.786  75 79 I channel139887853844224 self_thread_id = 139887853844224, last time delay.time = 8, now count = 983, i = 4
2023-01-11 18:00:52.786  75 79 I channel139887853844224 self_thread_id = 139887853844224, last time delay.time = 8, now count = 983, i = 4
2023-01-11 18:00:52.786  75 79 W channel139887853844224 self_thread_id = 139887853844224, last time delay.time = 8, now count = 983, i = 4
2023-01-11 18:00:52.786  75 79 E channel139887853844224 self_thread_id = 139887853844224, last time delay.time = 8, now count = 983, i = 4
2023-01-11 18:00:52.786  75 79 I channel139887853844224 self_thread_id = 139887853844224, last time delay.time = 8, now count = 991
2023-01-11 18:00:52.788  75 83 I channel139887613306624 self_thread_id = 139887613306624, last time delay.time = 5, now count = 984, i = 4
2023-01-11 18:00:52.788  75 83 I channel139887613306624 self_thread_id = 139887613306624, last time delay.time = 5, now count = 984, i = 4
2023-01-11 18:00:52.788  75 83 W channel139887613306624 self_thread_id = 139887613306624, last time delay.time = 5, now count = 984, i = 4
2023-01-11 18:00:52.788  75 83 E channel139887613306624 self_thread_id = 139887613306624, last time delay.time = 5, now count = 984, i = 4
2023-01-11 18:00:52.788  75 83 I channel139887613306624 self_thread_id = 139887613306624, last time delay.time = 5, now count = 992
2023-01-11 18:00:53.786  75 78 I channel139887862236928 self_thread_id = 139887862236928, last time delay.time = 8, now count = 987, i = 0
2023-01-11 18:00:53.786  75 77 I channel139887870629632 self_thread_id = 139887870629632, last time delay.time = 11, now count = 985, i = 0
2023-01-11 18:00:53.786  75 78 I channel139887862236928 self_thread_id = 139887862236928, last time delay.time = 8, now count = 987, i = 0
2023-01-11 18:00:53.786  75 78 W channel139887862236928 self_thread_id = 139887862236928, last time delay.time = 8, now count = 987, i = 0
2023-01-11 18:00:53.786  75 77 I channel139887870629632 self_thread_id = 139887870629632, last time delay.time = 11, now count = 985, i = 0
2023-01-11 18:00:53.786  75 78 E channel139887862236928 self_thread_id = 139887862236928, last time delay.time = 8, now count = 987, i = 0
2023-01-11 18:00:53.786  75 77 W channel139887870629632 self_thread_id = 139887870629632, last time delay.time = 11, now count = 985, i = 0
2023-01-11 18:00:53.786  75 82 I channel139887621699328 self_thread_id = 139887621699328, last time delay.time = 26, now count = 986, i = 0
2023-01-11 18:00:53.786  75 77 E channel139887870629632 self_thread_id = 139887870629632, last time delay.time = 11, now count = 985, i = 0
2023-01-11 18:00:53.786  75 82 I channel139887621699328 self_thread_id = 139887621699328, last time delay.time = 26, now count = 986, i = 0
2023-01-11 18:00:53.786  75 82 W channel139887621699328 self_thread_id = 139887621699328, last time delay.time = 26, now count = 986, i = 0
2023-01-11 18:00:53.786  75 82 E channel139887621699328 self_thread_id = 139887621699328, last time delay.time = 26, now count = 986, i = 0
2023-01-11 18:00:53.786  75 80 I channel139887845451520 self_thread_id = 139887845451520, last time delay.time = 8, now count = 988, i = 0
2023-01-11 18:00:53.786  75 80 I channel139887845451520 self_thread_id = 139887845451520, last time delay.time = 8, now count = 988, i = 0
2023-01-11 18:00:53.786  75 80 W channel139887845451520 self_thread_id = 139887845451520, last time delay.time = 8, now count = 988, i = 0
2023-01-11 18:00:53.786  75 80 E channel139887845451520 self_thread_id = 139887845451520, last time delay.time = 8, now count = 988, i = 0
2023-01-11 18:00:53.786  75 84 I channel139887604913920 self_thread_id = 139887604913920, last time delay.time = 11, now count = 989, i = 0
2023-01-11 18:00:53.786  75 84 I channel139887604913920 self_thread_id = 139887604913920, last time delay.time = 11, now count = 989, i = 0
2023-01-11 18:00:53.786  75 84 W channel139887604913920 self_thread_id = 139887604913920, last time delay.time = 11, now count = 989, i = 0
2023-01-11 18:00:53.786  75 84 E channel139887604913920 self_thread_id = 139887604913920, last time delay.time = 11, now count = 989, i = 0
2023-01-11 18:00:53.786  75 81 I channel139887837058816 self_thread_id = 139887837058816, last time delay.time = 8, now count = 990, i = 0
2023-01-11 18:00:53.786  75 81 I channel139887837058816 self_thread_id = 139887837058816, last time delay.time = 8, now count = 990, i = 0
2023-01-11 18:00:53.786  75 81 W channel139887837058816 self_thread_id = 139887837058816, last time delay.time = 8, now count = 990, i = 0
2023-01-11 18:00:53.786  75 81 E channel139887837058816 self_thread_id = 139887837058816, last time delay.time = 8, now count = 990, i = 0
2023-01-11 18:00:53.786  75 79 I channel139887853844224 self_thread_id = 139887853844224, last time delay.time = 9, now count = 991, i = 0
2023-01-11 18:00:53.786  75 79 I channel139887853844224 self_thread_id = 139887853844224, last time delay.time = 9, now count = 991, i = 0
2023-01-11 18:00:53.786  75 79 W channel139887853844224 self_thread_id = 139887853844224, last time delay.time = 9, now count = 991, i = 0
2023-01-11 18:00:53.786  75 79 E channel139887853844224 self_thread_id = 139887853844224, last time delay.time = 9, now count = 991, i = 0
2023-01-11 18:00:53.788  75 83 I channel139887613306624 self_thread_id = 139887613306624, last time delay.time = 8, now count = 992, i = 0
2023-01-11 18:00:53.788  75 83 I channel139887613306624 self_thread_id = 139887613306624, last time delay.time = 8, now count = 992, i = 0
2023-01-11 18:00:53.788  75 83 W channel139887613306624 self_thread_id = 139887613306624, last time delay.time = 8, now count = 992, i = 0
2023-01-11 18:00:53.788  75 83 E channel139887613306624 self_thread_id = 139887613306624, last time delay.time = 8, now count = 992, i = 0
2023-01-11 18:00:54.786  75 78 I channel139887862236928 self_thread_id = 139887862236928, last time delay.time = 8, now count = 987, i = 1
