2023-01-11 18:19:25.997  75 78 E channel139887862236928 self_thread_id = 139887862236928, last time delay.time = 9, now count = 767, i = 2
2023-01-11 18:19:25.997  75 81 I channel139887837058816 self_thread_id = 139887837058816, last time delay.time = 9, now count = 768, i = 2
2023-01-11 18:19:25.997  75 81 I channel139887837058816 self_thread_id = 139887837058816, last time delay.time = 9, now count = 768, i = 2
2023-01-11 18:19:25.997  75 81 W channel139887837058816 self_thread_id = 139887837058816, last time delay.time = 9, now count = 768, i = 2
2023-01-11 18:19:25.997  75 81 E channel139887837058816 self_thread_id = 139887837058816, last time delay.time = 9, now count = 768, i = 2
2023-01-11 18:19:26.557  75 75 I APP.tag TestComponent::Proc
2023-01-11 18:19:26.557  75 75 I APP.tag ****************test INFO begin****************
2023-01-11 18:19:26.557  75 75 I APP.tag 测试 index = 924组
2023-01-11 18:19:26.557  75 75 E APP.tag 循环计数 i = 1次
2023-01-11 18:19:26.557  75 75 I APP.tag test LOG_Trace()
2023-01-11 18:19:26.557  75 75 I vscode 循环计数 i = 1次,test LOG_Channel_Trace()
2023-01-11 18:19:26.558  75 75 E APP.tag 循环计数 i = 2次
2023-01-11 18:19:26.558  75 75 E APP.tag 循环计数 i = 3次
2023-01-11 18:19:26.558  75 75 I APP.tag test LOG_Info()
2023-01-11 18:19:26.558  75 75 I baidu 循环计数 i = 3次,test LOG_Channel_Info()
2023-01-11 18:19:26.558  75 75 E APP.tag 循环计数 i = 4次
2023-01-11 18:19:26.558  75 75 W APP.tag test LOG_Warn()
2023-01-11 18:19:26.558  75 75 W google 循环计数 i = 4次,test LOG_Channel_Warn()
2023-01-11 18:19:26.558  75 75 E APP.tag 循环计数 i = 5次
2023-01-11 18:19:26.558  75 75 E APP.tag test LOG_Error()
2023-01-11 18:19:26.558  75 75 E visio 循环计数 i = 5次,test LOG_Channel_Error()
2023-01-11 18:19:26.558  75 75 I APP.tag print coredump DataLen:2 Data[01 00]
2023-01-11 18:19:26.558  75 75 W coredump 0x0000000a 0a 00 00 00 0b 00 00 00 0c 00 00 00 0d 00 00 00 0e 00 00 00
2023-01-11 18:19:26.558  75 75 I APP.tag ****************test INFO end****************
2023-01-11 18:19:26.996  75 77 I channel139887870629632 self_thread_id = 139887870629632, last time delay.time = 12, now count = 761, i = 3
2023-01-11 18:19:26.996  75 83 I channel139887613306624 self_thread_id = 139887613306624, last time delay.time = 8, now count = 766, i = 3
2023-01-11 18:19:26.997  75 83 I channel139887613306624 self_thread_id = 139887613306624, last time delay.time = 8, now count = 766, i = 3
2023-01-11 18:19:26.996  75 80 I channel139887845451520 self_thread_id = 139887845451520, last time delay.time = 19, now count = 762, i = 3
2023-01-11 18:19:26.996  75 84 I channel139887604913920 self_thread_id = 139887604913920, last time delay.time = 11, now count = 763, i = 3
2023-01-11 18:19:26.997  75 80 I channel139887845451520 self_thread_id = 139887845451520, last time delay.time = 19, now count = 762, i = 3
2023-01-11 18:19:26.997  75 83 W channel139887613306624 self_thread_id = 139887613306624, last time delay.time = 8, now count = 766, i = 3
2023-01-11 18:19:26.997  75 80 W channel139887845451520 self_thread_id = 139887845451520, last time delay.time = 19, now count = 762, i = 3
2023-01-11 18:19:26.997  75 84 I channel139887604913920 self_thread_id = 139887604913920, last time delay.time = 11, now count = 763, i = 3
2023-01-11 18:19:26.997  75 83 E channel139887613306624 self_thread_id = 139887613306624, last time delay.time = 8, now count = 766, i = 3
2023-01-11 18:19:26.996  75 79 I channel139887853844224 self_thread_id = 139887853844224, last time delay.time = 9, now count = 765, i = 3
2023-01-11 18:19:26.997  75 79 I channel139887853844224 self_thread_id = 139887853844224, last time delay.time = 9, now count = 765, i = 3
2023-01-11 18:19:26.997  75 84 W channel139887604913920 self_thread_id = 139887604913920, last time delay.time = 11, now count = 763, i = 3
2023-01-11 18:19:26.997  75 79 W channel139887853844224 self_thread_id = 139887853844224, last time delay.time = 9, now count = 765, i = 3
2023-01-11 18:19:26.997  75 84 E channel139887604913920 self_thread_id = 139887604913920, last time delay.time = 11, now count = 763, i = 3
2023-01-11 18:19:26.997  75 77 I channel139887870629632 self_thread_id = 139887870629632, last time delay.time = 12, now count = 761, i = 3
2023-01-11 18:19:26.997  75 82 I channel139887621699328 self_thread_id = 139887621699328, last time delay.time = 8, now count = 764, i = 3
2023-01-11 18:19:26.997  75 77 W channel139887870629632 self_thread_id = 139887870629632, last time delay.time = 12, now count = 761, i = 3
2023-01-11 18:19:26.997  75 80 E channel139887845451520 self_thread_id = 139887845451520, last time delay.time = 19, now count = 762, i = 3
2023-01-11 18:19:26.997  75 79 E channel139887853844224 self_thread_id = 139887853844224, last time delay.time = 9, now count = 765, i = 3
2023-01-11 18:19:26.997  75 82 I channel139887621699328 self_thread_id = 139887621699328, last time delay.time = 8, now count = 764, i = 3
2023-01-11 18:19:26.997  75 77 E channel139887870629632 self_thread_id = 139887870629632, last time delay.time = 12, now count = 761, i = 3
2023-01-11 18:19:26.997  75 82 W channel139887621699328 self_thread_id = 139887621699328, last time delay.time = 8, now count = 764, i = 3
2023-01-11 18:19:26.997  75 82 E channel139887621699328 self_thread_id = 139887621699328, last time delay.time = 8, now count = 764, i = 3
2023-01-11 18:19:26.997  75 78 I channel139887862236928 self_thread_id = 139887862236928, last time delay.time = 9, now count = 767, i = 3
2023-01-11 18:19:26.997  75 78 I channel139887862236928 self_thread_id = 139887862236928, last time delay.time = 9, now count = 767, i = 3
2023-01-11 18:19:26.997  75 78 W channel139887862236928 self_thread_id = 139887862236928, last time delay.time = 9, now count = 767, i = 3
2023-01-11 18:19:26.997  75 78 E channel139887862236928 self_thread_id = 139887862236928, last time delay.time = 9, now count = 767, i = 3
2023-01-11 18:19:26.997  75 81 I channel139887837058816 self_thread_id = 139887837058816, last time delay.time = 9, now count = 768, i = 3
2023-01-11 18:19:26.997  75 81 I channel139887837058816 self_thread_id = 139887837058816, last time delay.time = 9, now count = 768, i = 3
2023-01-11 18:19:26.997  75 81 W channel139887837058816 self_thread_id = 139887837058816, last time delay.time = 9, now count = 768, i = 3
2023-01-11 18:19:26.997  75 81 E channel139887837058816 self_thread_id = 139887837058816, last time delay.time = 9, now count = 768, i = 3
2023-01-11 18:19:27.997  75 83 I channel139887613306624 self_thread_id = 139887613306624, last time delay.time = 8, now count = 766, i = 4
2023-01-11 18:19:27.997  75 84 I channel139887604913920 self_thread_id = 139887604913920, last time delay.time = 11, now count = 763, i = 4
2023-01-11 18:19:27.997  75 83 I channel139887613306624 self_thread_id = 139887613306624, last time delay.time = 8, now count = 766, i = 4
2023-01-11 18:19:27.997  75 80 I channel139887845451520 self_thread_id = 139887845451520, last time delay.time = 19, now count = 762, i = 4
2023-01-11 18:19:27.997  75 83 W channel139887613306624 self_thread_id = 139887613306624, last time delay.time = 8, now count = 766, i = 4
2023-01-11 18:19:27.997  75 84 I channel139887604913920 self_thread_id = 139887604913920, last time delay.time = 11, now count = 763, i = 4
2023-01-11 18:19:27.997  75 79 I channel139887853844224 self_thread_id = 139887853844224, last time delay.time = 9, now count = 765, i = 4
2023-01-11 18:19:27.997  75 77 I channel139887870629632 self_thread_id = 139887870629632, last time delay.time = 12, now count = 761, i = 4
2023-01-11 18:19:27.997  75 82 I channel139887621699328 self_thread_id = 139887621699328, last time delay.time = 8, now count = 764, i = 4
2023-01-11 18:19:27.997  75 79 I channel139887853844224 self_thread_id = 139887853844224, last time delay.time = 9, now count = 765, i = 4
2023-01-11 18:19:27.997  75 77 I channel139887870629632 self_thread_id = 139887870629632, last time delay.time = 12, now count = 761, i = 4
2023-01-11 18:19:27.997  75 83 E channel139887613306624 self_thread_id = 139887613306624, last time delay.time = 8, now count = 766, i = 4
2023-01-11 18:19:27.997  75 77 W channel139887870629632 self_thread_id = 139887870629632, last time delay.time = 12, now count = 761, i = 4
2023-01-11 18:19:27.997  75 84 W channel139887604913920 self_thread_id = 139887604913920, last time delay.time = 11, now count = 763, i = 4
2023-01-11 18:19:27.997  75 84 E channel139887604913920 self_thread_id = 139887604913920, last time delay.time = 11, now count = 763, i = 4
2023-01-11 18:19:27.997  75 82 I channel139887621699328 self_thread_id = 139887621699328, last time delay.time = 8, now count = 764, i = 4
2023-01-11 18:19:27.997  75 80 I channel139887845451520 self_thread_id = 139887845451520, last time delay.time = 19, now count = 762, i = 4
2023-01-11 18:19:27.997  75 83 I channel139887613306624 self_thread_id = 139887613306624, last time delay.time = 8, now count = 769
2023-01-11 18:19:27.997  75 82 W channel139887621699328 self_thread_id = 139887621699328, last time delay.time = 8, now count = 764, i = 4
2023-01-11 18:19:27.997  75 80 W channel139887845451520 self_thread_id = 139887845451520, last time delay.time = 19, now count = 762, i = 4
2023-01-11 18:19:27.997  75 80 E channel139887845451520 self_thread_id = 139887845451520, last time delay.time = 19, now count = 762, i = 4
2023-01-11 18:19:27.997  75 82 E channel139887621699328 self_thread_id = 139887621699328, last time delay.time = 8, now count = 764, i = 4
2023-01-11 18:19:27.997  75 84 I channel139887604913920 self_thread_id = 139887604913920, last time delay.time = 11, now count = 771
2023-01-11 18:19:27.997  75 79 W channel139887853844224 self_thread_id = 139887853844224, last time delay.time = 9, now count = 765, i = 4
2023-01-11 18:19:27.997  75 79 E channel139887853844224 self_thread_id = 139887853844224, last time delay.time = 9, now count = 765, i = 4
2023-01-11 18:19:27.997  75 82 I channel139887621699328 self_thread_id = 139887621699328, last time delay.time = 8, now count = 774
2023-01-11 18:19:27.997  75 77 E channel139887870629632 self_thread_id = 139887870629632, last time delay.time = 12, now count = 761, i = 4
2023-01-11 18:19:27.997  75 80 I channel139887845451520 self_thread_id = 139887845451520, last time delay.time = 19, now count = 773
2023-01-11 18:19:27.997  75 79 I channel139887853844224 self_thread_id = 139887853844224, last time delay.time = 9, now count = 772
2023-01-11 18:19:27.997  75 77 I channel139887870629632 self_thread_id = 139887870629632, last time delay.time = 12, now count = 770
2023-01-11 18:19:27.997  75 78 I channel139887862236928 self_thread_id = 139887862236928, last time delay.time = 9, now count = 767, i = 4
2023-01-11 18:19:27.997  75 78 I channel139887862236928 self_thread_id = 139887862236928, last time delay.time = 9, now count = 767, i = 4
2023-01-11 18:19:27.997  75 78 W channel139887862236928 self_thread_id = 139887862236928, last time delay.time = 9, now count = 767, i = 4
2023-01-11 18:19:27.997  75 78 E channel139887862236928 self_thread_id = 139887862236928, last time delay.time = 9, now count = 767, i = 4
2023-01-11 18:19:27.997  75 78 I channel139887862236928 self_thread_id = 139887862236928, last time delay.time = 9, now count = 775
2023-01-11 18:19:27.997  75 81 I channel139887837058816 self_thread_id = 139887837058816, last time delay.time = 9, now count = 768, i = 4
2023-01-11 18:19:27.997  75 81 I channel139887837058816 self_thread_id = 139887837058816, last time delay.time = 9, now count = 768, i = 4
2023-01-11 18:19:27.997  75 81 W channel139887837058816 self_thread_id = 139887837058816, last time delay.time = 9, now count = 768, i = 4
2023-01-11 18:19:27.997  75 81 E channel139887837058816 self_thread_id = 139887837058816, last time delay.time = 9, now count = 768, i = 4
2023-01-11 18:19:27.997  75 81 I channel139887837058816 self_thread_id = 139887837058816, last time delay.time = 9, now count = 776
2023-01-11 18:19:28.997  75 83 I channel139887613306624 self_thread_id = 139887613306624, last time delay.time = 34, now count = 769, i = 0
2023-01-11 18:19:28.997  75 79 I channel139887853844224 self_thread_id = 139887853844224, last time delay.time = 9, now count = 772, i = 0
2023-01-11 18:19:28.997  75 77 I channel139887870629632 self_thread_id = 139887870629632, last time delay.time = 26, now count = 770, i = 0
2023-01-11 18:19:28.997  75 80 I channel139887845451520 self_thread_id = 139887845451520, last time delay.time = 10, now count = 773, i = 0
2023-01-11 18:19:28.997  75 84 I channel139887604913920 self_thread_id = 139887604913920, last time delay.time = 11, now count = 771, i = 0
2023-01-11 18:19:28.997  75 83 I channel139887613306624 self_thread_id = 139887613306624, last time delay.time = 34, now count = 769, i = 0
2023-01-11 18:19:28.997  75 77 I channel139887870629632 self_thread_id = 139887870629632, last time delay.time = 26, now count = 770, i = 0
2023-01-11 18:19:28.997  75 79 I channel139887853844224 self_thread_id = 139887853844224, last time delay.time = 9, now count = 772, i = 0
2023-01-11 18:19:28.997  75 80 I channel139887845451520 self_thread_id = 139887845451520, last time delay.time = 10, now count = 773, i = 0
2023-01-11 18:19:28.997  75 84 I channel139887604913920 self_thread_id = 139887604913920, last time delay.time = 11, now count = 771, i = 0
2023-01-11 18:19:28.997  75 83 W channel139887613306624 self_thread_id = 139887613306624, last time delay.time = 34, now count = 769, i = 0
2023-01-11 18:19:28.997  75 84 W channel139887604913920 self_thread_id = 139887604913920, last time delay.time = 11, now count = 771, i = 0
2023-01-11 18:19:28.997  75 80 W channel139887845451520 self_thread_id = 139887845451520, last time delay.time = 10, now count = 773, i = 0
2023-01-11 18:19:28.997  75 83 E channel139887613306624 self_thread_id = 139887613306624, last time delay.time = 34, now count = 769, i = 0
2023-01-11 18:19:28.997  75 79 W channel139887853844224 self_thread_id = 139887853844224, last time delay.time = 9, now count = 772, i = 0
2023-01-11 18:19:28.997  75 84 E channel139887604913920 self_thread_id = 139887604913920, last time delay.time = 11, now count = 771, i = 0
2023-01-11 18:19:28.997  75 77 W channel139887870629632 self_thread_id = 139887870629632, last time delay.time = 26, now count = 770, i = 0
2023-01-11 18:19:28.997  75 80 E channel139887845451520 self_thread_id = 139887845451520, last time delay.time = 10, now count = 773, i = 0
2023-01-11 18:19:28.997  75 79 E channel139887853844224 self_thread_id = 139887853844224, last time delay.time = 9, now count = 772, i = 0
2023-01-11 18:19:28.997  75 82 I channel139887621699328 self_thread_id = 139887621699328, last time delay.time = 11, now count = 774, i = 0
2023-01-11 18:19:28.997  75 77 E channel139887870629632 self_thread_id = 139887870629632, last time delay.time = 26, now count = 770, i = 0
2023-01-11 18:19:28.997  75 82 I channel139887621699328 self_thread_id = 139887621699328, last time delay.time = 11, now count = 774, i = 0
2023-01-11 18:19:28.997  75 82 W channel139887621699328 self_thread_id = 139887621699328, last time delay.time = 11, now count = 774, i = 0
2023-01-11 18:19:28.997  75 82 E channel139887621699328 self_thread_id = 139887621699328, last time delay.time = 11, now count = 774, i = 0
2023-01-11 18:19:28.998  75 81 I channel139887837058816 self_thread_id = 139887837058816, last time delay.time = 7, now count = 776, i = 0
2023-01-11 18:19:28.998  75 78 I channel139887862236928 self_thread_id = 139887862236928, last time delay.time = 13, now count = 775, i = 0
2023-01-11 18:19:28.998  75 81 I channel139887837058816 self_thread_id = 139887837058816, last time delay.time = 7, now count = 776, i = 0
2023-01-11 18:19:28.998  75 78 I channel139887862236928 self_thread_id = 139887862236928, last time delay.time = 13, now count = 775, i = 0
2023-01-11 18:19:28.998  75 81 W channel139887837058816 self_thread_id = 139887837058816, last time delay.time = 7, now count = 776, i = 0
2023-01-11 18:19:28.998  75 78 W channel139887862236928 self_thread_id = 139887862236928, last time delay.time = 13, now count = 775, i = 0
2023-01-11 18:19:28.998  75 81 E channel139887837058816 self_thread_id = 139887837058816, last time delay.time = 7, now count = 776, i = 0
2023-01-11 18:19:28.998  75 78 E channel139887862236928 self_thread_id = 139887862236928, last time delay.time = 13, now count = 775, i = 0
2023-01-11 18:19:29.997  75 84 I channel139887604913920 self_thread_id = 139887604913920, last time delay.time = 11, now count = 771, i = 1
2023-01-11 18:19:29.997  75 84 I channel139887604913920 self_thread_id = 139887604913920, last time delay.time = 11, now count = 771, i = 1
2023-01-11 18:19:29.997  75 84 W channel139887604913920 self_thread_id = 139887604913920, last time delay.time = 11, now count = 771, i = 1
2023-01-11 18:19:29.997  75 84 E channel139887604913920 self_thread_id = 139887604913920, last time delay.time = 11, now count = 771, i = 1
2023-01-11 18:19:29.997  75 79 I channel139887853844224 self_thread_id = 139887853844224, last time delay.time = 9, now count = 772, i = 1
2023-01-11 18:19:29.997  75 79 I channel139887853844224 self_thread_id = 139887853844224, last time delay.time = 9, now count = 772, i = 1
2023-01-11 18:19:29.997  75 79 W channel139887853844224 self_thread_id = 139887853844224, last time delay.time = 9, now count = 772, i = 1
2023-01-11 18:19:29.997  75 80 I channel139887845451520 self_thread_id = 139887845451520, last time delay.time = 10, now count = 773, i = 1
2023-01-11 18:19:29.997  75 79 E channel139887853844224 self_thread_id = 139887853844224, last time delay.time = 9, now count = 772, i = 1
2023-01-11 18:19:29.997  75 80 I channel139887845451520 self_thread_id = 139887845451520, last time delay.time = 10, now count = 773, i = 1
2023-01-11 18:19:29.997  75 80 W channel139887845451520 self_thread_id = 139887845451520, last time delay.time = 10, now count = 773, i = 1
2023-01-11 18:19:29.997  75 80 E channel139887845451520 self_thread_id = 139887845451520, last time delay.time = 10, now count = 773, i = 1
2023-01-11 18:19:29.997  75 83 I channel139887613306624 self_thread_id = 139887613306624, last time delay.time = 34, now count = 769, i = 1
2023-01-11 18:19:29.997  75 77 I channel139887870629632 self_thread_id = 139887870629632, last time delay.time = 26, now count = 770, i = 1
2023-01-11 18:19:29.997  75 83 I channel139887613306624 self_thread_id = 139887613306624, last time delay.time = 34, now count = 769, i = 1
2023-01-11 18:19:29.997  75 83 W channel139887613306624 self_thread_id = 139887613306624, last time delay.time = 34, now count = 769, i = 1
2023-01-11 18:19:29.997  75 77 I channel139887870629632 self_thread_id = 139887870629632, last time delay.time = 26, now count = 770, i = 1
2023-01-11 18:19:29.997  75 83 E channel139887613306624 self_thread_id = 139887613306624, last time delay.time = 34, now count = 769, i = 1
2023-01-11 18:19:29.997  75 77 W channel139887870629632 self_thread_id = 139887870629632, last time delay.time = 26, now count = 770, i = 1
2023-01-11 18:19:29.997  75 82 I channel139887621699328 self_thread_id = 139887621699328, last time delay.time = 11, now count = 774, i = 1
2023-01-11 18:19:29.997  75 77 E channel139887870629632 self_thread_id = 139887870629632, last time delay.time = 26, now count = 770, i = 1
2023-01-11 18:19:29.997  75 82 I channel139887621699328 self_thread_id = 139887621699328, last time delay.time = 11, now count = 774, i = 1
2023-01-11 18:19:29.997  75 82 W channel139887621699328 self_thread_id = 139887621699328, last time delay.time = 11, now count = 774, i = 1
2023-01-11 18:19:29.997  75 82 E channel139887621699328 self_thread_id = 139887621699328, last time delay.time = 11, now count = 774, i = 1
2023-01-11 18:19:29.998  75 81 I channel139887837058816 self_thread_id = 139887837058816, last time delay.time = 7, now count = 776, i = 1
2023-01-11 18:19:29.998  75 78 I channel139887862236928 self_thread_id = 139887862236928, last time delay.time = 13, now count = 775, i = 1
2023-01-11 18:19:29.998  75 81 I channel139887837058816 self_thread_id = 139887837058816, last time delay.time = 7, now count = 776, i = 1
2023-01-11 18:19:29.998  75 78 I channel139887862236928 self_thread_id = 139887862236928, last time delay.time = 13, now count = 775, i = 1
2023-01-11 18:19:29.998  75 81 W channel139887837058816 self_thread_id = 139887837058816, last time delay.time = 7, now count = 776, i = 1
2023-01-11 18:19:29.998  75 78 W channel139887862236928 self_thread_id = 139887862236928, last time delay.time = 13, now count = 775, i = 1
2023-01-11 18:19:29.998  75 81 E channel139887837058816 self_thread_id = 139887837058816, last time delay.time = 7, now count = 776, i = 1
2023-01-11 18:19:29.998  75 78 E channel139887862236928 self_thread_id = 139887862236928, last time delay.time = 13, now count = 775, i = 1
2023-01-11 18:19:30.997  75 84 I channel139887604913920 self_thread_id = 139887604913920, last time delay.time = 11, now count = 771, i = 2
2023-01-11 18:19:30.997  75 80 I channel139887845451520 self_thread_id = 139887845451520, last time delay.time = 10, now count = 773, i = 2
2023-01-11 18:19:30.997  75 84 I channel139887604913920 self_thread_id = 139887604913920, last time delay.time = 11, now count = 771, i = 2
2023-01-11 18:19:30.997  75 79 I channel139887853844224 self_thread_id = 139887853844224, last time delay.time = 9, now count = 772, i = 2
2023-01-11 18:19:30.997  75 84 W channel139887604913920 self_thread_id = 139887604913920, last time delay.time = 11, now count = 771, i = 2
2023-01-11 18:19:30.997  75 80 I channel139887845451520 self_thread_id = 139887845451520, last time delay.time = 10, now count = 773, i = 2
2023-01-11 18:19:30.997  75 84 E channel139887604913920 self_thread_id = 139887604913920, last time delay.time = 11, now count = 771, i = 2
2023-01-11 18:19:30.997  75 80 W channel139887845451520 self_thread_id = 139887845451520, last time delay.time = 10, now count = 773, i = 2
2023-01-11 18:19:30.997  75 79 I channel139887853844224 self_thread_id = 139887853844224, last time delay.time = 9, now count = 772, i = 2
2023-01-11 18:19:30.997  75 80 E channel139887845451520 self_thread_id = 139887845451520, last time delay.time = 10, now count = 773, i = 2
2023-01-11 18:19:30.997  75 79 W channel139887853844224 self_thread_id = 139887853844224, last time delay.time = 9, now count = 772, i = 2
2023-01-11 18:19:30.997  75 79 E channel139887853844224 self_thread_id = 139887853844224, last time delay.time = 9, now count = 772, i = 2
2023-01-11 18:19:30.997  75 83 I channel139887613306624 self_thread_id = 139887613306624, last time delay.time = 34, now count = 769, i = 2
2023-01-11 18:19:30.997  75 77 I channel139887870629632 self_thread_id = 139887870629632, last time delay.time = 26, now count = 770, i = 2
2023-01-11 18:19:30.997  75 82 I channel139887621699328 self_thread_id = 139887621699328, last time delay.time = 11, now count = 774, i = 2
2023-01-11 18:19:30.997  75 77 I channel139887870629632 self_thread_id = 139887870629632, last time delay.time = 26, now count = 770, i = 2
2023-01-11 18:19:30.997  75 83 I channel139887613306624 self_thread_id = 139887613306624, last time delay.time = 34, now count = 769, i = 2
2023-01-11 18:19:30.997  75 77 W channel139887870629632 self_thread_id = 139887870629632, last time delay.time = 26, now count = 770, i = 2
2023-01-11 18:19:30.997  75 83 W channel139887613306624 self_thread_id = 139887613306624, last time delay.time = 34, now count = 769, i = 2
2023-01-11 18:19:30.997  75 83 E channel139887613306624 self_thread_id = 139887613306624, last time delay.time = 34, now count = 769, i = 2
2023-01-11 18:19:30.997  75 82 I channel139887621699328 self_thread_id = 139887621699328, last time delay.time = 11, now count = 774, i = 2
2023-01-11 18:19:30.997  75 82 W channel139887621699328 self_thread_id = 139887621699328, last time delay.time = 11, now count = 774, i = 2
2023-01-11 18:19:30.997  75 82 E channel139887621699328 self_thread_id = 139887621699328, last time delay.time = 11, now count = 774, i = 2
2023-01-11 18:19:30.997  75 77 E channel139887870629632 self_thread_id = 139887870629632, last time delay.time = 26, now count = 770, i = 2
2023-01-11 18:19:30.998  75 78 I channel139887862236928 self_thread_id = 139887862236928, last time delay.time = 13, now count = 775, i = 2
2023-01-11 18:19:30.998  75 81 I channel139887837058816 self_thread_id = 139887837058816, last time delay.time = 7, now count = 776, i = 2
2023-01-11 18:19:30.998  75 78 I channel139887862236928 self_thread_id = 139887862236928, last time delay.time = 13, now count = 775, i = 2
2023-01-11 18:19:30.998  75 81 I channel139887837058816 self_thread_id = 139887837058816, last time delay.time = 7, now count = 776, i = 2
2023-01-11 18:19:30.998  75 78 W channel139887862236928 self_thread_id = 139887862236928, last time delay.time = 13, now count = 775, i = 2
2023-01-11 18:19:30.998  75 81 W channel139887837058816 self_thread_id = 139887837058816, last time delay.time = 7, now count = 776, i = 2
2023-01-11 18:19:30.998  75 78 E channel139887862236928 self_thread_id = 139887862236928, last time delay.time = 13, now count = 775, i = 2
2023-01-11 18:19:30.998  75 81 E channel139887837058816 self_thread_id = 139887837058816, last time delay.time = 7, now count = 776, i = 2
2023-01-11 18:19:31.997  75 84 I channel139887604913920 self_thread_id = 139887604913920, last time delay.time = 11, now count = 771, i = 3
2023-01-11 18:19:31.998  75 84 I channel139887604913920 self_thread_id = 139887604913920, last time delay.time = 11, now count = 771, i = 3
2023-01-11 18:19:31.998  75 84 W channel139887604913920 self_thread_id = 139887604913920, last time delay.time = 11, now count = 771, i = 3
2023-01-11 18:19:31.997  75 80 I channel139887845451520 self_thread_id = 139887845451520, last time delay.time = 10, now count = 773, i = 3
2023-01-11 18:19:31.998  75 80 I channel139887845451520 self_thread_id = 139887845451520, last time delay.time = 10, now count = 773, i = 3
2023-01-11 18:19:31.998  75 84 E channel139887604913920 self_thread_id = 139887604913920, last time delay.time = 11, now count = 771, i = 3
2023-01-11 18:19:31.997  75 79 I channel139887853844224 self_thread_id = 139887853844224, last time delay.time = 9, now count = 772, i = 3
2023-01-11 18:19:31.998  75 80 W channel139887845451520 self_thread_id = 139887845451520, last time delay.time = 10, now count = 773, i = 3
2023-01-11 18:19:31.998  75 80 E channel139887845451520 self_thread_id = 139887845451520, last time delay.time = 10, now count = 773, i = 3
2023-01-11 18:19:31.998  75 79 I channel139887853844224 self_thread_id = 139887853844224, last time delay.time = 9, now count = 772, i = 3
2023-01-11 18:19:31.998  75 79 W channel139887853844224 self_thread_id = 139887853844224, last time delay.time = 9, now count = 772, i = 3
2023-01-11 18:19:31.998  75 79 E channel139887853844224 self_thread_id = 139887853844224, last time delay.time = 9, now count = 772, i = 3
2023-01-11 18:19:31.998  75 77 I channel139887870629632 self_thread_id = 139887870629632, last time delay.time = 26, now count = 770, i = 3
2023-01-11 18:19:31.998  75 77 I channel139887870629632 self_thread_id = 139887870629632, last time delay.time = 26, now count = 770, i = 3
2023-01-11 18:19:31.998  75 77 W channel139887870629632 self_thread_id = 139887870629632, last time delay.time = 26, now count = 770, i = 3
2023-01-11 18:19:31.998  75 83 I channel139887613306624 self_thread_id = 139887613306624, last time delay.time = 34, now count = 769, i = 3
2023-01-11 18:19:31.998  75 77 E channel139887870629632 self_thread_id = 139887870629632, last time delay.time = 26, now count = 770, i = 3
2023-01-11 18:19:31.998  75 82 I channel139887621699328 self_thread_id = 139887621699328, last time delay.time = 11, now count = 774, i = 3
2023-01-11 18:19:31.998  75 83 I channel139887613306624 self_thread_id = 139887613306624, last time delay.time = 34, now count = 769, i = 3
2023-01-11 18:19:31.998  75 83 W channel139887613306624 self_thread_id = 139887613306624, last time delay.time = 34, now count = 769, i = 3
2023-01-11 18:19:31.998  75 82 I channel139887621699328 self_thread_id = 139887621699328, last time delay.time = 11, now count = 774, i = 3
2023-01-11 18:19:31.998  75 83 E channel139887613306624 self_thread_id = 139887613306624, last time delay.time = 34, now count = 769, i = 3
2023-01-11 18:19:31.998  75 82 W channel139887621699328 self_thread_id = 139887621699328, last time delay.time = 11, now count = 774, i = 3
2023-01-11 18:19:31.998  75 82 E channel139887621699328 self_thread_id = 139887621699328, last time delay.time = 11, now count = 774, i = 3
2023-01-11 18:19:31.998  75 78 I channel139887862236928 self_thread_id = 139887862236928, last time delay.time = 13, now count = 775, i = 3
2023-01-11 18:19:31.998  75 81 I channel139887837058816 self_thread_id = 139887837058816, last time delay.time = 7, now count = 776, i = 3
2023-01-11 18:19:31.998  75 78 I channel139887862236928 self_thread_id = 139887862236928, last time delay.time = 13, now count = 775, i = 3
2023-01-11 18:19:31.998  75 81 I channel139887837058816 self_thread_id = 139887837058816, last time delay.time = 7, now count = 776, i = 3
2023-01-11 18:19:31.998  75 78 W channel139887862236928 self_thread_id = 139887862236928, last time delay.time = 13, now count = 775, i = 3
2023-01-11 18:19:31.998  75 81 W channel139887837058816 self_thread_id = 139887837058816, last time delay.time = 7, now count = 776, i = 3
2023-01-11 18:19:31.998  75 78 E channel139887862236928 self_thread_id = 139887862236928, last time delay.time = 13, now count = 775, i = 3
2023-01-11 18:19:31.998  75 81 E channel139887837058816 self_thread_id = 139887837058816, last time delay.time = 7, now count = 776, i = 3
2023-01-11 18:19:32.998  75 84 I channel139887604913920 self_thread_id = 139887604913920, last time delay.time = 11, now count = 771, i = 4
2023-01-11 18:19:32.998  75 84 I channel139887604913920 self_thread_id = 139887604913920, last time delay.time = 11, now count = 771, i = 4
2023-01-11 18:19:32.998  75 84 W channel139887604913920 self_thread_id = 139887604913920, last time delay.time = 11, now count = 771, i = 4
2023-01-11 18:19:32.998  75 84 E channel139887604913920 self_thread_id = 139887604913920, last time delay.time = 11, now count = 771, i = 4
2023-01-11 18:19:32.998  75 80 I channel139887845451520 self_thread_id = 139887845451520, last time delay.time = 10, now count = 773, i = 4
2023-01-11 18:19:32.998  75 84 I channel139887604913920 self_thread_id = 139887604913920, last time delay.time = 11, now count = 777
2023-01-11 18:19:32.998  75 79 I channel139887853844224 self_thread_id = 139887853844224, last time delay.time = 9, now count = 772, i = 4
2023-01-11 18:19:32.998  75 77 I channel139887870629632 self_thread_id = 139887870629632, last time delay.time = 26, now count = 770, i = 4
2023-01-11 18:19:32.998  75 77 I channel139887870629632 self_thread_id = 139887870629632, last time delay.time = 26, now count = 770, i = 4
2023-01-11 18:19:32.998  75 80 I channel139887845451520 self_thread_id = 139887845451520, last time delay.time = 10, now count = 773, i = 4
2023-01-11 18:19:32.998  75 79 I channel139887853844224 self_thread_id = 139887853844224, last time delay.time = 9, now count = 772, i = 4
2023-01-11 18:19:32.998  75 77 W channel139887870629632 self_thread_id = 139887870629632, last time delay.time = 26, now count = 770, i = 4
2023-01-11 18:19:32.998  75 80 W channel139887845451520 self_thread_id = 139887845451520, last time delay.time = 10, now count = 773, i = 4
2023-01-11 18:19:32.998  75 79 W channel139887853844224 self_thread_id = 139887853844224, last time delay.time = 9, now count = 772, i = 4
2023-01-11 18:19:32.998  75 77 E channel139887870629632 self_thread_id = 139887870629632, last time delay.time = 26, now count = 770, i = 4
2023-01-11 18:19:32.998  75 80 E channel139887845451520 self_thread_id = 139887845451520, last time delay.time = 10, now count = 773, i = 4
2023-01-11 18:19:32.998  75 79 E channel139887853844224 self_thread_id = 139887853844224, last time delay.time = 9, now count = 772, i = 4
2023-01-11 18:19:32.998  75 80 I channel139887845451520 self_thread_id = 139887845451520, last time delay.time = 10, now count = 779
2023-01-11 18:19:32.998  75 79 I channel139887853844224 self_thread_id = 139887853844224, last time delay.time = 9, now count = 780
2023-01-11 18:19:32.998  75 77 I channel139887870629632 self_thread_id = 139887870629632, last time delay.time = 26, now count = 778
2023-01-11 18:19:32.998  75 83 I channel139887613306624 self_thread_id = 139887613306624, last time delay.time = 34, now count = 769, i = 4
2023-01-11 18:19:32.998  75 82 I channel139887621699328 self_thread_id = 139887621699328, last time delay.time = 11, now count = 774, i = 4
2023-01-11 18:19:32.998  75 83 I channel139887613306624 self_thread_id = 139887613306624, last time delay.time = 34, now count = 769, i = 4
2023-01-11 18:19:32.998  75 83 W channel139887613306624 self_thread_id = 139887613306624, last time delay.time = 34, now count = 769, i = 4
2023-01-11 18:19:32.998  75 82 I channel139887621699328 self_thread_id = 139887621699328, last time delay.time = 11, now count = 774, i = 4
2023-01-11 18:19:32.998  75 83 E channel139887613306624 self_thread_id = 139887613306624, last time delay.time = 34, now count = 769, i = 4
2023-01-11 18:19:32.998  75 82 W channel139887621699328 self_thread_id = 139887621699328, last time delay.time = 11, now count = 774, i = 4
2023-01-11 18:19:32.998  75 83 I channel139887613306624 self_thread_id = 139887613306624, last time delay.time = 34, now count = 781
2023-01-11 18:19:32.998  75 82 E channel139887621699328 self_thread_id = 139887621699328, last time delay.time = 11, now count = 774, i = 4
2023-01-11 18:19:32.998  75 82 I channel139887621699328 self_thread_id = 139887621699328, last time delay.time = 11, now count = 782
2023-01-11 18:19:32.998  75 78 I channel139887862236928 self_thread_id = 139887862236928, last time delay.time = 13, now count = 775, i = 4
2023-01-11 18:19:32.998  75 81 I channel139887837058816 self_thread_id = 139887837058816, last time delay.time = 7, now count = 776, i = 4
2023-01-11 18:19:32.999  75 78 I channel139887862236928 self_thread_id = 139887862236928, last time delay.time = 13, now count = 775, i = 4
2023-01-11 18:19:32.999  75 81 I channel139887837058816 self_thread_id = 139887837058816, last time delay.time = 7, now count = 776, i = 4
2023-01-11 18:19:32.999  75 78 W channel139887862236928 self_thread_id = 139887862236928, last time delay.time = 13, now count = 775, i = 4
2023-01-11 18:19:32.999  75 81 W channel139887837058816 self_thread_id = 139887837058816, last time delay.time = 7, now count = 776, i = 4
2023-01-11 18:19:32.999  75 78 E channel139887862236928 self_thread_id = 139887862236928, last time delay.time = 13, now count = 775, i = 4
2023-01-11 18:19:32.999  75 81 E channel139887837058816 self_thread_id = 139887837058816, last time delay.time = 7, now count = 776, i = 4
2023-01-11 18:19:32.999  75 78 I channel139887862236928 self_thread_id = 139887862236928, last time delay.time = 13, now count = 783
2023-01-11 18:19:32.999  75 81 I channel139887837058816 self_thread_id = 139887837058816, last time delay.time = 7, now count = 784
2023-01-11 18:19:33.998  75 84 I channel139887604913920 self_thread_id = 139887604913920, last time delay.time = 17, now count = 777, i = 0
2023-01-11 18:19:33.998  75 77 I channel139887870629632 self_thread_id = 139887870629632, last time delay.time = 11, now count = 778, i = 0
2023-01-11 18:19:33.998  75 84 I channel139887604913920 self_thread_id = 139887604913920, last time delay.time = 17, now count = 777, i = 0
2023-01-11 18:19:33.998  75 84 W channel139887604913920 self_thread_id = 139887604913920, last time delay.time = 17, now count = 777, i = 0
2023-01-11 18:19:33.998  75 84 E channel139887604913920 self_thread_id = 139887604913920, last time delay.time = 17, now count = 777, i = 0
2023-01-11 18:19:33.998  75 80 I channel139887845451520 self_thread_id = 139887845451520, last time delay.time = 13, now count = 779, i = 0
2023-01-11 18:19:33.998  75 77 I channel139887870629632 self_thread_id = 139887870629632, last time delay.time = 11, now count = 778, i = 0
2023-01-11 18:19:33.998  75 80 I channel139887845451520 self_thread_id = 139887845451520, last time delay.time = 13, now count = 779, i = 0
2023-01-11 18:19:33.998  75 79 I channel139887853844224 self_thread_id = 139887853844224, last time delay.time = 11, now count = 780, i = 0
2023-01-11 18:19:33.998  75 77 W channel139887870629632 self_thread_id = 139887870629632, last time delay.time = 11, now count = 778, i = 0
2023-01-11 18:19:33.998  75 80 W channel139887845451520 self_thread_id = 139887845451520, last time delay.time = 13, now count = 779, i = 0
2023-01-11 18:19:33.998  75 79 I channel139887853844224 self_thread_id = 139887853844224, last time delay.time = 11, now count = 780, i = 0
2023-01-11 18:19:33.998  75 80 E channel139887845451520 self_thread_id = 139887845451520, last time delay.time = 13, now count = 779, i = 0
2023-01-11 18:19:33.998  75 79 W channel139887853844224 self_thread_id = 139887853844224, last time delay.time = 11, now count = 780, i = 0
2023-01-11 18:19:33.998  75 79 E channel139887853844224 self_thread_id = 139887853844224, last time delay.time = 11, now count = 780, i = 0
2023-01-11 18:19:33.998  75 77 E channel139887870629632 self_thread_id = 139887870629632, last time delay.time = 11, now count = 778, i = 0
2023-01-11 18:19:33.998  75 83 I channel139887613306624 self_thread_id = 139887613306624, last time delay.time = 9, now count = 781, i = 0
2023-01-11 18:19:33.998  75 82 I channel139887621699328 self_thread_id = 139887621699328, last time delay.time = 8, now count = 782, i = 0
2023-01-11 18:19:33.998  75 83 I channel139887613306624 self_thread_id = 139887613306624, last time delay.time = 9, now count = 781, i = 0
2023-01-11 18:19:33.998  75 82 I channel139887621699328 self_thread_id = 139887621699328, last time delay.time = 8, now count = 782, i = 0
2023-01-11 18:19:33.998  75 83 W channel139887613306624 self_thread_id = 139887613306624, last time delay.time = 9, now count = 781, i = 0
2023-01-11 18:19:33.998  75 82 W channel139887621699328 self_thread_id = 139887621699328, last time delay.time = 8, now count = 782, i = 0
2023-01-11 18:19:33.998  75 83 E channel139887613306624 self_thread_id = 139887613306624, last time delay.time = 9, now count = 781, i = 0
2023-01-11 18:19:33.998  75 82 E channel139887621699328 self_thread_id = 139887621699328, last time delay.time = 8, now count = 782, i = 0
2023-01-11 18:19:33.999  75 78 I channel139887862236928 self_thread_id = 139887862236928, last time delay.time = 15, now count = 783, i = 0
2023-01-11 18:19:33.999  75 81 I channel139887837058816 self_thread_id = 139887837058816, last time delay.time = 15, now count = 784, i = 0
2023-01-11 18:19:33.999  75 78 I channel139887862236928 self_thread_id = 139887862236928, last time delay.time = 15, now count = 783, i = 0
2023-01-11 18:19:33.999  75 81 I channel139887837058816 self_thread_id = 139887837058816, last time delay.time = 15, now count = 784, i = 0
2023-01-11 18:19:33.999  75 78 W channel139887862236928 self_thread_id = 139887862236928, last time delay.time = 15, now count = 783, i = 0
2023-01-11 18:19:33.999  75 81 W channel139887837058816 self_thread_id = 139887837058816, last time delay.time = 15, now count = 784, i = 0
2023-01-11 18:19:33.999  75 78 E channel139887862236928 self_thread_id = 139887862236928, last time delay.time = 15, now count = 783, i = 0
2023-01-11 18:19:33.999  75 81 E channel139887837058816 self_thread_id = 139887837058816, last time delay.time = 15, now count = 784, i = 0
2023-01-11 18:19:34.998  75 80 I channel139887845451520 self_thread_id = 139887845451520, last time delay.time = 13, now count = 779, i = 1
2023-01-11 18:19:34.998  75 80 I channel139887845451520 self_thread_id = 139887845451520, last time delay.time = 13, now count = 779, i = 1
2023-01-11 18:19:34.998  75 84 I channel139887604913920 self_thread_id = 139887604913920, last time delay.time = 17, now count = 777, i = 1
2023-01-11 18:19:34.998  75 80 W channel139887845451520 self_thread_id = 139887845451520, last time delay.time = 13, now count = 779, i = 1
2023-01-11 18:19:34.998  75 80 E channel139887845451520 self_thread_id = 139887845451520, last time delay.time = 13, now count = 779, i = 1
2023-01-11 18:19:34.998  75 84 I channel139887604913920 self_thread_id = 139887604913920, last time delay.time = 17, now count = 777, i = 1
2023-01-11 18:19:34.998  75 84 W channel139887604913920 self_thread_id = 139887604913920, last time delay.time = 17, now count = 777, i = 1
2023-01-11 18:19:34.998  75 84 E channel139887604913920 self_thread_id = 139887604913920, last time delay.time = 17, now count = 777, i = 1
2023-01-11 18:19:34.998  75 77 I channel139887870629632 self_thread_id = 139887870629632, last time delay.time = 11, now count = 778, i = 1
2023-01-11 18:19:34.998  75 77 I channel139887870629632 self_thread_id = 139887870629632, last time delay.time = 11, now count = 778, i = 1
2023-01-11 18:19:34.998  75 77 W channel139887870629632 self_thread_id = 139887870629632, last time delay.time = 11, now count = 778, i = 1
2023-01-11 18:19:34.998  75 79 I channel139887853844224 self_thread_id = 139887853844224, last time delay.time = 11, now count = 780, i = 1
2023-01-11 18:19:34.998  75 77 E channel139887870629632 self_thread_id = 139887870629632, last time delay.time = 11, now count = 778, i = 1
2023-01-11 18:19:34.998  75 83 I channel139887613306624 self_thread_id = 139887613306624, last time delay.time = 9, now count = 781, i = 1
2023-01-11 18:19:34.998  75 82 I channel139887621699328 self_thread_id = 139887621699328, last time delay.time = 8, now count = 782, i = 1
2023-01-11 18:19:34.998  75 79 I channel139887853844224 self_thread_id = 139887853844224, last time delay.time = 11, now count = 780, i = 1
2023-01-11 18:19:34.998  75 83 I channel139887613306624 self_thread_id = 139887613306624, last time delay.time = 9, now count = 781, i = 1
2023-01-11 18:19:34.998  75 82 I channel139887621699328 self_thread_id = 139887621699328, last time delay.time = 8, now count = 782, i = 1
2023-01-11 18:19:34.998  75 83 W channel139887613306624 self_thread_id = 139887613306624, last time delay.time = 9, now count = 781, i = 1
2023-01-11 18:19:34.998  75 82 W channel139887621699328 self_thread_id = 139887621699328, last time delay.time = 8, now count = 782, i = 1
2023-01-11 18:19:34.998  75 83 E channel139887613306624 self_thread_id = 139887613306624, last time delay.time = 9, now count = 781, i = 1
2023-01-11 18:19:34.998  75 79 W channel139887853844224 self_thread_id = 139887853844224, last time delay.time = 11, now count = 780, i = 1
2023-01-11 18:19:34.998  75 82 E channel139887621699328 self_thread_id = 139887621699328, last time delay.time = 8, now count = 782, i = 1
2023-01-11 18:19:34.998  75 79 E channel139887853844224 self_thread_id = 139887853844224, last time delay.time = 11, now count = 780, i = 1
2023-01-11 18:19:34.999  75 81 I channel139887837058816 self_thread_id = 139887837058816, last time delay.time = 15, now count = 784, i = 1
2023-01-11 18:19:34.999  75 78 I channel139887862236928 self_thread_id = 139887862236928, last time delay.time = 15, now count = 783, i = 1
2023-01-11 18:19:34.999  75 81 I channel139887837058816 self_thread_id = 139887837058816, last time delay.time = 15, now count = 784, i = 1
2023-01-11 18:19:34.999  75 78 I channel139887862236928 self_thread_id = 139887862236928, last time delay.time = 15, now count = 783, i = 1
2023-01-11 18:19:34.999  75 81 W channel139887837058816 self_thread_id = 139887837058816, last time delay.time = 15, now count = 784, i = 1
2023-01-11 18:19:34.999  75 78 W channel139887862236928 self_thread_id = 139887862236928, last time delay.time = 15, now count = 783, i = 1
2023-01-11 18:19:34.999  75 81 E channel139887837058816 self_thread_id = 139887837058816, last time delay.time = 15, now count = 784, i = 1
2023-01-11 18:19:34.999  75 78 E channel139887862236928 self_thread_id = 139887862236928, last time delay.time = 15, now count = 783, i = 1
2023-01-11 18:19:35.998  75 80 I channel139887845451520 self_thread_id = 139887845451520, last time delay.time = 13, now count = 779, i = 2
2023-01-11 18:19:35.998  75 84 I channel139887604913920 self_thread_id = 139887604913920, last time delay.time = 17, now count = 777, i = 2
2023-01-11 18:19:35.998  75 80 I channel139887845451520 self_thread_id = 139887845451520, last time delay.time = 13, now count = 779, i = 2
2023-01-11 18:19:35.998  75 80 W channel139887845451520 self_thread_id = 139887845451520, last time delay.time = 13, now count = 779, i = 2
2023-01-11 18:19:35.998  75 84 I channel139887604913920 self_thread_id = 139887604913920, last time delay.time = 17, now count = 777, i = 2
2023-01-11 18:19:35.998  75 80 E channel139887845451520 self_thread_id = 139887845451520, last time delay.time = 13, now count = 779, i = 2
2023-01-11 18:19:35.998  75 84 W channel139887604913920 self_thread_id = 139887604913920, last time delay.time = 17, now count = 777, i = 2
2023-01-11 18:19:35.998  75 84 E channel139887604913920 self_thread_id = 139887604913920, last time delay.time = 17, now count = 777, i = 2
2023-01-11 18:19:35.998  75 77 I channel139887870629632 self_thread_id = 139887870629632, last time delay.time = 11, now count = 778, i = 2
2023-01-11 18:19:35.998  75 77 I channel139887870629632 self_thread_id = 139887870629632, last time delay.time = 11, now count = 778, i = 2
2023-01-11 18:19:35.998  75 77 W channel139887870629632 self_thread_id = 139887870629632, last time delay.time = 11, now count = 778, i = 2
2023-01-11 18:19:35.998  75 77 E channel139887870629632 self_thread_id = 139887870629632, last time delay.time = 11, now count = 778, i = 2
2023-01-11 18:19:35.998  75 79 I channel139887853844224 self_thread_id = 139887853844224, last time delay.time = 11, now count = 780, i = 2
2023-01-11 18:19:35.999  75 79 I channel139887853844224 self_thread_id = 139887853844224, last time delay.time = 11, now count = 780, i = 2
2023-01-11 18:19:35.998  75 82 I channel139887621699328 self_thread_id = 139887621699328, last time delay.time = 8, now count = 782, i = 2
2023-01-11 18:19:35.999  75 79 W channel139887853844224 self_thread_id = 139887853844224, last time delay.time = 11, now count = 780, i = 2
2023-01-11 18:19:35.998  75 83 I channel139887613306624 self_thread_id = 139887613306624, last time delay.time = 9, now count = 781, i = 2
2023-01-11 18:19:35.999  75 79 E channel139887853844224 self_thread_id = 139887853844224, last time delay.time = 11, now count = 780, i = 2
2023-01-11 18:19:35.999  75 82 I channel139887621699328 self_thread_id = 139887621699328, last time delay.time = 8, now count = 782, i = 2
2023-01-11 18:19:35.999  75 82 W channel139887621699328 self_thread_id = 139887621699328, last time delay.time = 8, now count = 782, i = 2
2023-01-11 18:19:35.999  75 83 I channel139887613306624 self_thread_id = 139887613306624, last time delay.time = 9, now count = 781, i = 2
2023-01-11 18:19:35.999  75 83 W channel139887613306624 self_thread_id = 139887613306624, last time delay.time = 9, now count = 781, i = 2
2023-01-11 18:19:35.999  75 82 E channel139887621699328 self_thread_id = 139887621699328, last time delay.time = 8, now count = 782, i = 2
2023-01-11 18:19:35.999  75 83 E channel139887613306624 self_thread_id = 139887613306624, last time delay.time = 9, now count = 781, i = 2
2023-01-11 18:19:35.999  75 78 I channel139887862236928 self_thread_id = 139887862236928, last time delay.time = 15, now count = 783, i = 2
2023-01-11 18:19:35.999  75 81 I channel139887837058816 self_thread_id = 139887837058816, last time delay.time = 15, now count = 784, i = 2
2023-01-11 18:19:35.999  75 78 I channel139887862236928 self_thread_id = 139887862236928, last time delay.time = 15, now count = 783, i = 2
2023-01-11 18:19:35.999  75 81 I channel139887837058816 self_thread_id = 139887837058816, last time delay.time = 15, now count = 784, i = 2
2023-01-11 18:19:35.999  75 78 W channel139887862236928 self_thread_id = 139887862236928, last time delay.time = 15, now count = 783, i = 2
2023-01-11 18:19:35.999  75 81 W channel139887837058816 self_thread_id = 139887837058816, last time delay.time = 15, now count = 784, i = 2
2023-01-11 18:19:35.999  75 78 E channel139887862236928 self_thread_id = 139887862236928, last time delay.time = 15, now count = 783, i = 2
2023-01-11 18:19:35.999  75 81 E channel139887837058816 self_thread_id = 139887837058816, last time delay.time = 15, now count = 784, i = 2
2023-01-11 18:19:36.558  75 75 I APP.tag TestComponent::Proc
2023-01-11 18:19:36.558  75 75 I APP.tag ****************test INFO begin****************
2023-01-11 18:19:36.558  75 75 I APP.tag 测试 index = 925组
2023-01-11 18:19:36.558  75 75 E APP.tag 循环计数 i = 1次
2023-01-11 18:19:36.558  75 75 I APP.tag test LOG_Trace()
2023-01-11 18:19:36.558  75 75 I vscode 循环计数 i = 1次,test LOG_Channel_Trace()
2023-01-11 18:19:36.558  75 75 E APP.tag 循环计数 i = 2次
2023-01-11 18:19:36.558  75 75 E APP.tag 循环计数 i = 3次
2023-01-11 18:19:36.558  75 75 I APP.tag test LOG_Info()
2023-01-11 18:19:36.558  75 75 I baidu 循环计数 i = 3次,test LOG_Channel_Info()
2023-01-11 18:19:36.558  75 75 E APP.tag 循环计数 i = 4次
2023-01-11 18:19:36.558  75 75 W APP.tag test LOG_Warn()
2023-01-11 18:19:36.558  75 75 W google 循环计数 i = 4次,test LOG_Channel_Warn()
2023-01-11 18:19:36.558  75 75 E APP.tag 循环计数 i = 5次
2023-01-11 18:19:36.558  75 75 E APP.tag test LOG_Error()
2023-01-11 18:19:36.558  75 75 E visio 循环计数 i = 5次,test LOG_Channel_Error()
2023-01-11 18:19:36.558  75 75 I APP.tag print coredump DataLen:2 Data[01 00]
2023-01-11 18:19:36.558  75 75 W coredump 0x0000000a 0a 00 00 00 0b 00 00 00 0c 00 00 00 0d 00 00 00 0e 00 00 00
