2023-01-11 18:16:08.960  75 83 W channel139887613306624 self_thread_id = 139887613306624, last time delay.time = 9, now count = 452, i = 0
2023-01-11 18:16:08.960  75 82 W channel139887621699328 self_thread_id = 139887621699328, last time delay.time = 10, now count = 449, i = 0
2023-01-11 18:16:08.960  75 81 E channel139887837058816 self_thread_id = 139887837058816, last time delay.time = 10, now count = 451, i = 0
2023-01-11 18:16:08.960  75 82 E channel139887621699328 self_thread_id = 139887621699328, last time delay.time = 10, now count = 449, i = 0
2023-01-11 18:16:08.960  75 79 I channel139887853844224 self_thread_id = 139887853844224, last time delay.time = 7, now count = 453, i = 0
2023-01-11 18:16:08.960  75 83 E channel139887613306624 self_thread_id = 139887613306624, last time delay.time = 9, now count = 452, i = 0
2023-01-11 18:16:08.960  75 79 I channel139887853844224 self_thread_id = 139887853844224, last time delay.time = 7, now count = 453, i = 0
2023-01-11 18:16:08.960  75 79 W channel139887853844224 self_thread_id = 139887853844224, last time delay.time = 7, now count = 453, i = 0
2023-01-11 18:16:08.960  75 79 E channel139887853844224 self_thread_id = 139887853844224, last time delay.time = 7, now count = 453, i = 0
2023-01-11 18:16:08.960  75 84 I channel139887604913920 self_thread_id = 139887604913920, last time delay.time = 8, now count = 454, i = 0
2023-01-11 18:16:08.960  75 84 I channel139887604913920 self_thread_id = 139887604913920, last time delay.time = 8, now count = 454, i = 0
2023-01-11 18:16:08.960  75 84 W channel139887604913920 self_thread_id = 139887604913920, last time delay.time = 8, now count = 454, i = 0
2023-01-11 18:16:08.960  75 84 E channel139887604913920 self_thread_id = 139887604913920, last time delay.time = 8, now count = 454, i = 0
2023-01-11 18:16:08.960  75 78 I channel139887862236928 self_thread_id = 139887862236928, last time delay.time = 8, now count = 455, i = 0
2023-01-11 18:16:08.960  75 78 I channel139887862236928 self_thread_id = 139887862236928, last time delay.time = 8, now count = 455, i = 0
2023-01-11 18:16:08.960  75 78 W channel139887862236928 self_thread_id = 139887862236928, last time delay.time = 8, now count = 455, i = 0
2023-01-11 18:16:08.961  75 78 E channel139887862236928 self_thread_id = 139887862236928, last time delay.time = 8, now count = 455, i = 0
2023-01-11 18:16:08.961  75 80 I channel139887845451520 self_thread_id = 139887845451520, last time delay.time = 9, now count = 456, i = 0
2023-01-11 18:16:08.961  75 80 I channel139887845451520 self_thread_id = 139887845451520, last time delay.time = 9, now count = 456, i = 0
2023-01-11 18:16:08.961  75 80 W channel139887845451520 self_thread_id = 139887845451520, last time delay.time = 9, now count = 456, i = 0
2023-01-11 18:16:08.961  75 80 E channel139887845451520 self_thread_id = 139887845451520, last time delay.time = 9, now count = 456, i = 0
2023-01-11 18:16:09.960  75 77 I channel139887870629632 self_thread_id = 139887870629632, last time delay.time = 8, now count = 450, i = 1
2023-01-11 18:16:09.960  75 81 I channel139887837058816 self_thread_id = 139887837058816, last time delay.time = 10, now count = 451, i = 1
2023-01-11 18:16:09.960  75 83 I channel139887613306624 self_thread_id = 139887613306624, last time delay.time = 9, now count = 452, i = 1
2023-01-11 18:16:09.960  75 77 I channel139887870629632 self_thread_id = 139887870629632, last time delay.time = 8, now count = 450, i = 1
2023-01-11 18:16:09.960  75 82 I channel139887621699328 self_thread_id = 139887621699328, last time delay.time = 10, now count = 449, i = 1
2023-01-11 18:16:09.960  75 81 I channel139887837058816 self_thread_id = 139887837058816, last time delay.time = 10, now count = 451, i = 1
2023-01-11 18:16:09.960  75 77 W channel139887870629632 self_thread_id = 139887870629632, last time delay.time = 8, now count = 450, i = 1
2023-01-11 18:16:09.960  75 82 I channel139887621699328 self_thread_id = 139887621699328, last time delay.time = 10, now count = 449, i = 1
2023-01-11 18:16:09.960  75 83 I channel139887613306624 self_thread_id = 139887613306624, last time delay.time = 9, now count = 452, i = 1
2023-01-11 18:16:09.960  75 81 W channel139887837058816 self_thread_id = 139887837058816, last time delay.time = 10, now count = 451, i = 1
2023-01-11 18:16:09.960  75 81 E channel139887837058816 self_thread_id = 139887837058816, last time delay.time = 10, now count = 451, i = 1
2023-01-11 18:16:09.960  75 79 I channel139887853844224 self_thread_id = 139887853844224, last time delay.time = 7, now count = 453, i = 1
2023-01-11 18:16:09.960  75 83 W channel139887613306624 self_thread_id = 139887613306624, last time delay.time = 9, now count = 452, i = 1
2023-01-11 18:16:09.960  75 82 W channel139887621699328 self_thread_id = 139887621699328, last time delay.time = 10, now count = 449, i = 1
2023-01-11 18:16:09.960  75 79 I channel139887853844224 self_thread_id = 139887853844224, last time delay.time = 7, now count = 453, i = 1
2023-01-11 18:16:09.960  75 82 E channel139887621699328 self_thread_id = 139887621699328, last time delay.time = 10, now count = 449, i = 1
2023-01-11 18:16:09.960  75 79 W channel139887853844224 self_thread_id = 139887853844224, last time delay.time = 7, now count = 453, i = 1
2023-01-11 18:16:09.960  75 83 E channel139887613306624 self_thread_id = 139887613306624, last time delay.time = 9, now count = 452, i = 1
2023-01-11 18:16:09.960  75 79 E channel139887853844224 self_thread_id = 139887853844224, last time delay.time = 7, now count = 453, i = 1
2023-01-11 18:16:09.960  75 77 E channel139887870629632 self_thread_id = 139887870629632, last time delay.time = 8, now count = 450, i = 1
2023-01-11 18:16:09.960  75 84 I channel139887604913920 self_thread_id = 139887604913920, last time delay.time = 8, now count = 454, i = 1
2023-01-11 18:16:09.960  75 84 I channel139887604913920 self_thread_id = 139887604913920, last time delay.time = 8, now count = 454, i = 1
2023-01-11 18:16:09.960  75 84 W channel139887604913920 self_thread_id = 139887604913920, last time delay.time = 8, now count = 454, i = 1
2023-01-11 18:16:09.960  75 84 E channel139887604913920 self_thread_id = 139887604913920, last time delay.time = 8, now count = 454, i = 1
2023-01-11 18:16:09.961  75 78 I channel139887862236928 self_thread_id = 139887862236928, last time delay.time = 8, now count = 455, i = 1
2023-01-11 18:16:09.961  75 78 I channel139887862236928 self_thread_id = 139887862236928, last time delay.time = 8, now count = 455, i = 1
2023-01-11 18:16:09.961  75 78 W channel139887862236928 self_thread_id = 139887862236928, last time delay.time = 8, now count = 455, i = 1
2023-01-11 18:16:09.961  75 80 I channel139887845451520 self_thread_id = 139887845451520, last time delay.time = 9, now count = 456, i = 1
2023-01-11 18:16:09.961  75 78 E channel139887862236928 self_thread_id = 139887862236928, last time delay.time = 8, now count = 455, i = 1
2023-01-11 18:16:09.961  75 80 I channel139887845451520 self_thread_id = 139887845451520, last time delay.time = 9, now count = 456, i = 1
2023-01-11 18:16:09.961  75 80 W channel139887845451520 self_thread_id = 139887845451520, last time delay.time = 9, now count = 456, i = 1
2023-01-11 18:16:09.961  75 80 E channel139887845451520 self_thread_id = 139887845451520, last time delay.time = 9, now count = 456, i = 1
2023-01-11 18:16:10.960  75 81 I channel139887837058816 self_thread_id = 139887837058816, last time delay.time = 10, now count = 451, i = 2
2023-01-11 18:16:10.960  75 79 I channel139887853844224 self_thread_id = 139887853844224, last time delay.time = 7, now count = 453, i = 2
2023-01-11 18:16:10.960  75 82 I channel139887621699328 self_thread_id = 139887621699328, last time delay.time = 10, now count = 449, i = 2
2023-01-11 18:16:10.960  75 79 I channel139887853844224 self_thread_id = 139887853844224, last time delay.time = 7, now count = 453, i = 2
2023-01-11 18:16:10.960  75 77 I channel139887870629632 self_thread_id = 139887870629632, last time delay.time = 8, now count = 450, i = 2
2023-01-11 18:16:10.960  75 82 I channel139887621699328 self_thread_id = 139887621699328, last time delay.time = 10, now count = 449, i = 2
2023-01-11 18:16:10.960  75 79 W channel139887853844224 self_thread_id = 139887853844224, last time delay.time = 7, now count = 453, i = 2
2023-01-11 18:16:10.960  75 82 W channel139887621699328 self_thread_id = 139887621699328, last time delay.time = 10, now count = 449, i = 2
2023-01-11 18:16:10.960  75 81 I channel139887837058816 self_thread_id = 139887837058816, last time delay.time = 10, now count = 451, i = 2
2023-01-11 18:16:10.960  75 77 I channel139887870629632 self_thread_id = 139887870629632, last time delay.time = 8, now count = 450, i = 2
2023-01-11 18:16:10.960  75 81 W channel139887837058816 self_thread_id = 139887837058816, last time delay.time = 10, now count = 451, i = 2
2023-01-11 18:16:10.960  75 83 I channel139887613306624 self_thread_id = 139887613306624, last time delay.time = 9, now count = 452, i = 2
2023-01-11 18:16:10.960  75 81 E channel139887837058816 self_thread_id = 139887837058816, last time delay.time = 10, now count = 451, i = 2
2023-01-11 18:16:10.960  75 77 W channel139887870629632 self_thread_id = 139887870629632, last time delay.time = 8, now count = 450, i = 2
2023-01-11 18:16:10.960  75 82 E channel139887621699328 self_thread_id = 139887621699328, last time delay.time = 10, now count = 449, i = 2
2023-01-11 18:16:10.960  75 83 I channel139887613306624 self_thread_id = 139887613306624, last time delay.time = 9, now count = 452, i = 2
2023-01-11 18:16:10.960  75 79 E channel139887853844224 self_thread_id = 139887853844224, last time delay.time = 7, now count = 453, i = 2
2023-01-11 18:16:10.960  75 83 W channel139887613306624 self_thread_id = 139887613306624, last time delay.time = 9, now count = 452, i = 2
2023-01-11 18:16:10.960  75 83 E channel139887613306624 self_thread_id = 139887613306624, last time delay.time = 9, now count = 452, i = 2
2023-01-11 18:16:10.960  75 77 E channel139887870629632 self_thread_id = 139887870629632, last time delay.time = 8, now count = 450, i = 2
2023-01-11 18:16:10.960  75 84 I channel139887604913920 self_thread_id = 139887604913920, last time delay.time = 8, now count = 454, i = 2
2023-01-11 18:16:10.961  75 84 I channel139887604913920 self_thread_id = 139887604913920, last time delay.time = 8, now count = 454, i = 2
2023-01-11 18:16:10.961  75 84 W channel139887604913920 self_thread_id = 139887604913920, last time delay.time = 8, now count = 454, i = 2
2023-01-11 18:16:10.961  75 84 E channel139887604913920 self_thread_id = 139887604913920, last time delay.time = 8, now count = 454, i = 2
2023-01-11 18:16:10.961  75 80 I channel139887845451520 self_thread_id = 139887845451520, last time delay.time = 9, now count = 456, i = 2
2023-01-11 18:16:10.961  75 78 I channel139887862236928 self_thread_id = 139887862236928, last time delay.time = 8, now count = 455, i = 2
2023-01-11 18:16:10.961  75 80 I channel139887845451520 self_thread_id = 139887845451520, last time delay.time = 9, now count = 456, i = 2
2023-01-11 18:16:10.961  75 78 I channel139887862236928 self_thread_id = 139887862236928, last time delay.time = 8, now count = 455, i = 2
2023-01-11 18:16:10.961  75 80 W channel139887845451520 self_thread_id = 139887845451520, last time delay.time = 9, now count = 456, i = 2
2023-01-11 18:16:10.961  75 78 W channel139887862236928 self_thread_id = 139887862236928, last time delay.time = 8, now count = 455, i = 2
2023-01-11 18:16:10.961  75 80 E channel139887845451520 self_thread_id = 139887845451520, last time delay.time = 9, now count = 456, i = 2
2023-01-11 18:16:10.961  75 78 E channel139887862236928 self_thread_id = 139887862236928, last time delay.time = 8, now count = 455, i = 2
2023-01-11 18:16:11.961  75 82 I channel139887621699328 self_thread_id = 139887621699328, last time delay.time = 10, now count = 449, i = 3
2023-01-11 18:16:11.961  75 82 I channel139887621699328 self_thread_id = 139887621699328, last time delay.time = 10, now count = 449, i = 3
2023-01-11 18:16:11.961  75 83 I channel139887613306624 self_thread_id = 139887613306624, last time delay.time = 9, now count = 452, i = 3
2023-01-11 18:16:11.961  75 83 I channel139887613306624 self_thread_id = 139887613306624, last time delay.time = 9, now count = 452, i = 3
2023-01-11 18:16:11.961  75 81 I channel139887837058816 self_thread_id = 139887837058816, last time delay.time = 10, now count = 451, i = 3
2023-01-11 18:16:11.961  75 83 W channel139887613306624 self_thread_id = 139887613306624, last time delay.time = 9, now count = 452, i = 3
2023-01-11 18:16:11.961  75 82 W channel139887621699328 self_thread_id = 139887621699328, last time delay.time = 10, now count = 449, i = 3
2023-01-11 18:16:11.961  75 83 E channel139887613306624 self_thread_id = 139887613306624, last time delay.time = 9, now count = 452, i = 3
2023-01-11 18:16:11.961  75 82 E channel139887621699328 self_thread_id = 139887621699328, last time delay.time = 10, now count = 449, i = 3
2023-01-11 18:16:11.961  75 81 I channel139887837058816 self_thread_id = 139887837058816, last time delay.time = 10, now count = 451, i = 3
2023-01-11 18:16:11.961  75 81 W channel139887837058816 self_thread_id = 139887837058816, last time delay.time = 10, now count = 451, i = 3
2023-01-11 18:16:11.961  75 81 E channel139887837058816 self_thread_id = 139887837058816, last time delay.time = 10, now count = 451, i = 3
2023-01-11 18:16:11.961  75 77 I channel139887870629632 self_thread_id = 139887870629632, last time delay.time = 8, now count = 450, i = 3
2023-01-11 18:16:11.961  75 79 I channel139887853844224 self_thread_id = 139887853844224, last time delay.time = 7, now count = 453, i = 3
2023-01-11 18:16:11.961  75 77 I channel139887870629632 self_thread_id = 139887870629632, last time delay.time = 8, now count = 450, i = 3
2023-01-11 18:16:11.961  75 79 I channel139887853844224 self_thread_id = 139887853844224, last time delay.time = 7, now count = 453, i = 3
2023-01-11 18:16:11.961  75 77 W channel139887870629632 self_thread_id = 139887870629632, last time delay.time = 8, now count = 450, i = 3
2023-01-11 18:16:11.961  75 79 W channel139887853844224 self_thread_id = 139887853844224, last time delay.time = 7, now count = 453, i = 3
2023-01-11 18:16:11.961  75 84 I channel139887604913920 self_thread_id = 139887604913920, last time delay.time = 8, now count = 454, i = 3
2023-01-11 18:16:11.961  75 77 E channel139887870629632 self_thread_id = 139887870629632, last time delay.time = 8, now count = 450, i = 3
2023-01-11 18:16:11.961  75 79 E channel139887853844224 self_thread_id = 139887853844224, last time delay.time = 7, now count = 453, i = 3
2023-01-11 18:16:11.961  75 84 I channel139887604913920 self_thread_id = 139887604913920, last time delay.time = 8, now count = 454, i = 3
2023-01-11 18:16:11.961  75 84 W channel139887604913920 self_thread_id = 139887604913920, last time delay.time = 8, now count = 454, i = 3
2023-01-11 18:16:11.961  75 84 E channel139887604913920 self_thread_id = 139887604913920, last time delay.time = 8, now count = 454, i = 3
2023-01-11 18:16:11.961  75 80 I channel139887845451520 self_thread_id = 139887845451520, last time delay.time = 9, now count = 456, i = 3
2023-01-11 18:16:11.961  75 80 I channel139887845451520 self_thread_id = 139887845451520, last time delay.time = 9, now count = 456, i = 3
2023-01-11 18:16:11.961  75 80 W channel139887845451520 self_thread_id = 139887845451520, last time delay.time = 9, now count = 456, i = 3
2023-01-11 18:16:11.961  75 80 E channel139887845451520 self_thread_id = 139887845451520, last time delay.time = 9, now count = 456, i = 3
2023-01-11 18:16:11.961  75 78 I channel139887862236928 self_thread_id = 139887862236928, last time delay.time = 8, now count = 455, i = 3
2023-01-11 18:16:11.961  75 78 I channel139887862236928 self_thread_id = 139887862236928, last time delay.time = 8, now count = 455, i = 3
2023-01-11 18:16:11.961  75 78 W channel139887862236928 self_thread_id = 139887862236928, last time delay.time = 8, now count = 455, i = 3
2023-01-11 18:16:11.961  75 78 E channel139887862236928 self_thread_id = 139887862236928, last time delay.time = 8, now count = 455, i = 3
2023-01-11 18:16:12.961  75 82 I channel139887621699328 self_thread_id = 139887621699328, last time delay.time = 10, now count = 449, i = 4
2023-01-11 18:16:12.961  75 83 I channel139887613306624 self_thread_id = 139887613306624, last time delay.time = 9, now count = 452, i = 4
2023-01-11 18:16:12.961  75 81 I channel139887837058816 self_thread_id = 139887837058816, last time delay.time = 10, now count = 451, i = 4
2023-01-11 18:16:12.961  75 83 I channel139887613306624 self_thread_id = 139887613306624, last time delay.time = 9, now count = 452, i = 4
2023-01-11 18:16:12.961  75 82 I channel139887621699328 self_thread_id = 139887621699328, last time delay.time = 10, now count = 449, i = 4
2023-01-11 18:16:12.961  75 82 W channel139887621699328 self_thread_id = 139887621699328, last time delay.time = 10, now count = 449, i = 4
2023-01-11 18:16:12.961  75 81 I channel139887837058816 self_thread_id = 139887837058816, last time delay.time = 10, now count = 451, i = 4
2023-01-11 18:16:12.961  75 83 W channel139887613306624 self_thread_id = 139887613306624, last time delay.time = 9, now count = 452, i = 4
2023-01-11 18:16:12.961  75 82 E channel139887621699328 self_thread_id = 139887621699328, last time delay.time = 10, now count = 449, i = 4
2023-01-11 18:16:12.961  75 81 W channel139887837058816 self_thread_id = 139887837058816, last time delay.time = 10, now count = 451, i = 4
2023-01-11 18:16:12.961  75 83 E channel139887613306624 self_thread_id = 139887613306624, last time delay.time = 9, now count = 452, i = 4
2023-01-11 18:16:12.961  75 81 E channel139887837058816 self_thread_id = 139887837058816, last time delay.time = 10, now count = 451, i = 4
2023-01-11 18:16:12.961  75 83 I channel139887613306624 self_thread_id = 139887613306624, last time delay.time = 9, now count = 459
2023-01-11 18:16:12.961  75 82 I channel139887621699328 self_thread_id = 139887621699328, last time delay.time = 10, now count = 457
2023-01-11 18:16:12.961  75 81 I channel139887837058816 self_thread_id = 139887837058816, last time delay.time = 10, now count = 458
2023-01-11 18:16:12.961  75 77 I channel139887870629632 self_thread_id = 139887870629632, last time delay.time = 8, now count = 450, i = 4
2023-01-11 18:16:12.961  75 79 I channel139887853844224 self_thread_id = 139887853844224, last time delay.time = 7, now count = 453, i = 4
2023-01-11 18:16:12.961  75 77 I channel139887870629632 self_thread_id = 139887870629632, last time delay.time = 8, now count = 450, i = 4
2023-01-11 18:16:12.961  75 79 I channel139887853844224 self_thread_id = 139887853844224, last time delay.time = 7, now count = 453, i = 4
2023-01-11 18:16:12.961  75 77 W channel139887870629632 self_thread_id = 139887870629632, last time delay.time = 8, now count = 450, i = 4
2023-01-11 18:16:12.961  75 79 W channel139887853844224 self_thread_id = 139887853844224, last time delay.time = 7, now count = 453, i = 4
2023-01-11 18:16:12.961  75 77 E channel139887870629632 self_thread_id = 139887870629632, last time delay.time = 8, now count = 450, i = 4
2023-01-11 18:16:12.961  75 79 E channel139887853844224 self_thread_id = 139887853844224, last time delay.time = 7, now count = 453, i = 4
2023-01-11 18:16:12.961  75 77 I channel139887870629632 self_thread_id = 139887870629632, last time delay.time = 8, now count = 460
2023-01-11 18:16:12.961  75 79 I channel139887853844224 self_thread_id = 139887853844224, last time delay.time = 7, now count = 461
2023-01-11 18:16:12.961  75 84 I channel139887604913920 self_thread_id = 139887604913920, last time delay.time = 8, now count = 454, i = 4
2023-01-11 18:16:12.961  75 84 I channel139887604913920 self_thread_id = 139887604913920, last time delay.time = 8, now count = 454, i = 4
2023-01-11 18:16:12.961  75 84 W channel139887604913920 self_thread_id = 139887604913920, last time delay.time = 8, now count = 454, i = 4
2023-01-11 18:16:12.961  75 84 E channel139887604913920 self_thread_id = 139887604913920, last time delay.time = 8, now count = 454, i = 4
2023-01-11 18:16:12.961  75 84 I channel139887604913920 self_thread_id = 139887604913920, last time delay.time = 8, now count = 462
2023-01-11 18:16:12.961  75 80 I channel139887845451520 self_thread_id = 139887845451520, last time delay.time = 9, now count = 456, i = 4
2023-01-11 18:16:12.961  75 80 I channel139887845451520 self_thread_id = 139887845451520, last time delay.time = 9, now count = 456, i = 4
2023-01-11 18:16:12.961  75 80 W channel139887845451520 self_thread_id = 139887845451520, last time delay.time = 9, now count = 456, i = 4
2023-01-11 18:16:12.961  75 80 E channel139887845451520 self_thread_id = 139887845451520, last time delay.time = 9, now count = 456, i = 4
2023-01-11 18:16:12.961  75 80 I channel139887845451520 self_thread_id = 139887845451520, last time delay.time = 9, now count = 463
2023-01-11 18:16:12.961  75 78 I channel139887862236928 self_thread_id = 139887862236928, last time delay.time = 8, now count = 455, i = 4
2023-01-11 18:16:12.961  75 78 I channel139887862236928 self_thread_id = 139887862236928, last time delay.time = 8, now count = 455, i = 4
2023-01-11 18:16:12.961  75 78 W channel139887862236928 self_thread_id = 139887862236928, last time delay.time = 8, now count = 455, i = 4
2023-01-11 18:16:12.961  75 78 E channel139887862236928 self_thread_id = 139887862236928, last time delay.time = 8, now count = 455, i = 4
2023-01-11 18:16:12.961  75 78 I channel139887862236928 self_thread_id = 139887862236928, last time delay.time = 8, now count = 464
2023-01-11 18:16:13.961  75 82 I channel139887621699328 self_thread_id = 139887621699328, last time delay.time = 10, now count = 457, i = 0
2023-01-11 18:16:13.961  75 82 I channel139887621699328 self_thread_id = 139887621699328, last time delay.time = 10, now count = 457, i = 0
2023-01-11 18:16:13.961  75 81 I channel139887837058816 self_thread_id = 139887837058816, last time delay.time = 15, now count = 458, i = 0
2023-01-11 18:16:13.961  75 83 I channel139887613306624 self_thread_id = 139887613306624, last time delay.time = 13, now count = 459, i = 0
2023-01-11 18:16:13.961  75 82 W channel139887621699328 self_thread_id = 139887621699328, last time delay.time = 10, now count = 457, i = 0
2023-01-11 18:16:13.961  75 81 I channel139887837058816 self_thread_id = 139887837058816, last time delay.time = 15, now count = 458, i = 0
2023-01-11 18:16:13.961  75 83 I channel139887613306624 self_thread_id = 139887613306624, last time delay.time = 13, now count = 459, i = 0
2023-01-11 18:16:13.961  75 82 E channel139887621699328 self_thread_id = 139887621699328, last time delay.time = 10, now count = 457, i = 0
2023-01-11 18:16:13.961  75 83 W channel139887613306624 self_thread_id = 139887613306624, last time delay.time = 13, now count = 459, i = 0
2023-01-11 18:16:13.961  75 81 W channel139887837058816 self_thread_id = 139887837058816, last time delay.time = 15, now count = 458, i = 0
2023-01-11 18:16:13.961  75 83 E channel139887613306624 self_thread_id = 139887613306624, last time delay.time = 13, now count = 459, i = 0
2023-01-11 18:16:13.961  75 81 E channel139887837058816 self_thread_id = 139887837058816, last time delay.time = 15, now count = 458, i = 0
2023-01-11 18:16:13.961  75 79 I channel139887853844224 self_thread_id = 139887853844224, last time delay.time = 13, now count = 461, i = 0
2023-01-11 18:16:13.961  75 77 I channel139887870629632 self_thread_id = 139887870629632, last time delay.time = 15, now count = 460, i = 0
2023-01-11 18:16:13.961  75 79 I channel139887853844224 self_thread_id = 139887853844224, last time delay.time = 13, now count = 461, i = 0
2023-01-11 18:16:13.961  75 79 W channel139887853844224 self_thread_id = 139887853844224, last time delay.time = 13, now count = 461, i = 0
2023-01-11 18:16:13.961  75 84 I channel139887604913920 self_thread_id = 139887604913920, last time delay.time = 8, now count = 462, i = 0
2023-01-11 18:16:13.961  75 77 I channel139887870629632 self_thread_id = 139887870629632, last time delay.time = 15, now count = 460, i = 0
2023-01-11 18:16:13.961  75 79 E channel139887853844224 self_thread_id = 139887853844224, last time delay.time = 13, now count = 461, i = 0
2023-01-11 18:16:13.961  75 77 W channel139887870629632 self_thread_id = 139887870629632, last time delay.time = 15, now count = 460, i = 0
2023-01-11 18:16:13.961  75 80 I channel139887845451520 self_thread_id = 139887845451520, last time delay.time = 8, now count = 463, i = 0
2023-01-11 18:16:13.961  75 77 E channel139887870629632 self_thread_id = 139887870629632, last time delay.time = 15, now count = 460, i = 0
2023-01-11 18:16:13.961  75 84 I channel139887604913920 self_thread_id = 139887604913920, last time delay.time = 8, now count = 462, i = 0
2023-01-11 18:16:13.961  75 80 I channel139887845451520 self_thread_id = 139887845451520, last time delay.time = 8, now count = 463, i = 0
2023-01-11 18:16:13.961  75 80 W channel139887845451520 self_thread_id = 139887845451520, last time delay.time = 8, now count = 463, i = 0
2023-01-11 18:16:13.961  75 84 W channel139887604913920 self_thread_id = 139887604913920, last time delay.time = 8, now count = 462, i = 0
2023-01-11 18:16:13.961  75 84 E channel139887604913920 self_thread_id = 139887604913920, last time delay.time = 8, now count = 462, i = 0
2023-01-11 18:16:13.961  75 80 E channel139887845451520 self_thread_id = 139887845451520, last time delay.time = 8, now count = 463, i = 0
2023-01-11 18:16:13.961  75 78 I channel139887862236928 self_thread_id = 139887862236928, last time delay.time = 8, now count = 464, i = 0
2023-01-11 18:16:13.961  75 78 I channel139887862236928 self_thread_id = 139887862236928, last time delay.time = 8, now count = 464, i = 0
2023-01-11 18:16:13.961  75 78 W channel139887862236928 self_thread_id = 139887862236928, last time delay.time = 8, now count = 464, i = 0
2023-01-11 18:16:13.961  75 78 E channel139887862236928 self_thread_id = 139887862236928, last time delay.time = 8, now count = 464, i = 0
2023-01-11 18:16:14.961  75 82 I channel139887621699328 self_thread_id = 139887621699328, last time delay.time = 10, now count = 457, i = 1
2023-01-11 18:16:14.961  75 82 I channel139887621699328 self_thread_id = 139887621699328, last time delay.time = 10, now count = 457, i = 1
2023-01-11 18:16:14.961  75 81 I channel139887837058816 self_thread_id = 139887837058816, last time delay.time = 15, now count = 458, i = 1
2023-01-11 18:16:14.961  75 83 I channel139887613306624 self_thread_id = 139887613306624, last time delay.time = 13, now count = 459, i = 1
2023-01-11 18:16:14.961  75 82 W channel139887621699328 self_thread_id = 139887621699328, last time delay.time = 10, now count = 457, i = 1
2023-01-11 18:16:14.961  75 81 I channel139887837058816 self_thread_id = 139887837058816, last time delay.time = 15, now count = 458, i = 1
2023-01-11 18:16:14.961  75 82 E channel139887621699328 self_thread_id = 139887621699328, last time delay.time = 10, now count = 457, i = 1
2023-01-11 18:16:14.961  75 83 I channel139887613306624 self_thread_id = 139887613306624, last time delay.time = 13, now count = 459, i = 1
2023-01-11 18:16:14.961  75 81 W channel139887837058816 self_thread_id = 139887837058816, last time delay.time = 15, now count = 458, i = 1
2023-01-11 18:16:14.961  75 83 W channel139887613306624 self_thread_id = 139887613306624, last time delay.time = 13, now count = 459, i = 1
2023-01-11 18:16:14.961  75 83 E channel139887613306624 self_thread_id = 139887613306624, last time delay.time = 13, now count = 459, i = 1
2023-01-11 18:16:14.961  75 81 E channel139887837058816 self_thread_id = 139887837058816, last time delay.time = 15, now count = 458, i = 1
2023-01-11 18:16:14.961  75 79 I channel139887853844224 self_thread_id = 139887853844224, last time delay.time = 13, now count = 461, i = 1
2023-01-11 18:16:14.961  75 77 I channel139887870629632 self_thread_id = 139887870629632, last time delay.time = 15, now count = 460, i = 1
2023-01-11 18:16:14.961  75 80 I channel139887845451520 self_thread_id = 139887845451520, last time delay.time = 8, now count = 463, i = 1
2023-01-11 18:16:14.961  75 79 I channel139887853844224 self_thread_id = 139887853844224, last time delay.time = 13, now count = 461, i = 1
2023-01-11 18:16:14.961  75 77 I channel139887870629632 self_thread_id = 139887870629632, last time delay.time = 15, now count = 460, i = 1
2023-01-11 18:16:14.961  75 84 I channel139887604913920 self_thread_id = 139887604913920, last time delay.time = 8, now count = 462, i = 1
2023-01-11 18:16:14.961  75 79 W channel139887853844224 self_thread_id = 139887853844224, last time delay.time = 13, now count = 461, i = 1
2023-01-11 18:16:14.961  75 80 I channel139887845451520 self_thread_id = 139887845451520, last time delay.time = 8, now count = 463, i = 1
2023-01-11 18:16:14.961  75 77 W channel139887870629632 self_thread_id = 139887870629632, last time delay.time = 15, now count = 460, i = 1
2023-01-11 18:16:14.961  75 80 W channel139887845451520 self_thread_id = 139887845451520, last time delay.time = 8, now count = 463, i = 1
2023-01-11 18:16:14.961  75 84 I channel139887604913920 self_thread_id = 139887604913920, last time delay.time = 8, now count = 462, i = 1
2023-01-11 18:16:14.961  75 80 E channel139887845451520 self_thread_id = 139887845451520, last time delay.time = 8, now count = 463, i = 1
2023-01-11 18:16:14.961  75 84 W channel139887604913920 self_thread_id = 139887604913920, last time delay.time = 8, now count = 462, i = 1
2023-01-11 18:16:14.961  75 84 E channel139887604913920 self_thread_id = 139887604913920, last time delay.time = 8, now count = 462, i = 1
2023-01-11 18:16:14.961  75 79 E channel139887853844224 self_thread_id = 139887853844224, last time delay.time = 13, now count = 461, i = 1
2023-01-11 18:16:14.961  75 77 E channel139887870629632 self_thread_id = 139887870629632, last time delay.time = 15, now count = 460, i = 1
2023-01-11 18:16:14.961  75 78 I channel139887862236928 self_thread_id = 139887862236928, last time delay.time = 8, now count = 464, i = 1
2023-01-11 18:16:14.961  75 78 I channel139887862236928 self_thread_id = 139887862236928, last time delay.time = 8, now count = 464, i = 1
2023-01-11 18:16:14.961  75 78 W channel139887862236928 self_thread_id = 139887862236928, last time delay.time = 8, now count = 464, i = 1
2023-01-11 18:16:14.961  75 78 E channel139887862236928 self_thread_id = 139887862236928, last time delay.time = 8, now count = 464, i = 1
2023-01-11 18:16:15.961  75 82 I channel139887621699328 self_thread_id = 139887621699328, last time delay.time = 10, now count = 457, i = 2
2023-01-11 18:16:15.961  75 82 I channel139887621699328 self_thread_id = 139887621699328, last time delay.time = 10, now count = 457, i = 2
2023-01-11 18:16:15.961  75 81 I channel139887837058816 self_thread_id = 139887837058816, last time delay.time = 15, now count = 458, i = 2
2023-01-11 18:16:15.961  75 83 I channel139887613306624 self_thread_id = 139887613306624, last time delay.time = 13, now count = 459, i = 2
2023-01-11 18:16:15.961  75 81 I channel139887837058816 self_thread_id = 139887837058816, last time delay.time = 15, now count = 458, i = 2
2023-01-11 18:16:15.961  75 82 W channel139887621699328 self_thread_id = 139887621699328, last time delay.time = 10, now count = 457, i = 2
2023-01-11 18:16:15.961  75 83 I channel139887613306624 self_thread_id = 139887613306624, last time delay.time = 13, now count = 459, i = 2
2023-01-11 18:16:15.961  75 82 E channel139887621699328 self_thread_id = 139887621699328, last time delay.time = 10, now count = 457, i = 2
2023-01-11 18:16:15.961  75 81 W channel139887837058816 self_thread_id = 139887837058816, last time delay.time = 15, now count = 458, i = 2
2023-01-11 18:16:15.961  75 83 W channel139887613306624 self_thread_id = 139887613306624, last time delay.time = 13, now count = 459, i = 2
2023-01-11 18:16:15.961  75 83 E channel139887613306624 self_thread_id = 139887613306624, last time delay.time = 13, now count = 459, i = 2
2023-01-11 18:16:15.961  75 81 E channel139887837058816 self_thread_id = 139887837058816, last time delay.time = 15, now count = 458, i = 2
2023-01-11 18:16:15.961  75 80 I channel139887845451520 self_thread_id = 139887845451520, last time delay.time = 8, now count = 463, i = 2
2023-01-11 18:16:15.961  75 84 I channel139887604913920 self_thread_id = 139887604913920, last time delay.time = 8, now count = 462, i = 2
2023-01-11 18:16:15.961  75 80 I channel139887845451520 self_thread_id = 139887845451520, last time delay.time = 8, now count = 463, i = 2
2023-01-11 18:16:15.961  75 80 W channel139887845451520 self_thread_id = 139887845451520, last time delay.time = 8, now count = 463, i = 2
2023-01-11 18:16:15.961  75 84 I channel139887604913920 self_thread_id = 139887604913920, last time delay.time = 8, now count = 462, i = 2
2023-01-11 18:16:15.961  75 80 E channel139887845451520 self_thread_id = 139887845451520, last time delay.time = 8, now count = 463, i = 2
2023-01-11 18:16:15.961  75 84 W channel139887604913920 self_thread_id = 139887604913920, last time delay.time = 8, now count = 462, i = 2
2023-01-11 18:16:15.961  75 79 I channel139887853844224 self_thread_id = 139887853844224, last time delay.time = 13, now count = 461, i = 2
2023-01-11 18:16:15.961  75 77 I channel139887870629632 self_thread_id = 139887870629632, last time delay.time = 15, now count = 460, i = 2
2023-01-11 18:16:15.961  75 84 E channel139887604913920 self_thread_id = 139887604913920, last time delay.time = 8, now count = 462, i = 2
2023-01-11 18:16:15.961  75 79 I channel139887853844224 self_thread_id = 139887853844224, last time delay.time = 13, now count = 461, i = 2
2023-01-11 18:16:15.961  75 79 W channel139887853844224 self_thread_id = 139887853844224, last time delay.time = 13, now count = 461, i = 2
2023-01-11 18:16:15.961  75 77 I channel139887870629632 self_thread_id = 139887870629632, last time delay.time = 15, now count = 460, i = 2
2023-01-11 18:16:15.962  75 79 E channel139887853844224 self_thread_id = 139887853844224, last time delay.time = 13, now count = 461, i = 2
2023-01-11 18:16:15.962  75 78 I channel139887862236928 self_thread_id = 139887862236928, last time delay.time = 8, now count = 464, i = 2
2023-01-11 18:16:15.962  75 77 W channel139887870629632 self_thread_id = 139887870629632, last time delay.time = 15, now count = 460, i = 2
2023-01-11 18:16:15.962  75 77 E channel139887870629632 self_thread_id = 139887870629632, last time delay.time = 15, now count = 460, i = 2
2023-01-11 18:16:15.962  75 78 I channel139887862236928 self_thread_id = 139887862236928, last time delay.time = 8, now count = 464, i = 2
2023-01-11 18:16:15.962  75 78 W channel139887862236928 self_thread_id = 139887862236928, last time delay.time = 8, now count = 464, i = 2
2023-01-11 18:16:15.962  75 78 E channel139887862236928 self_thread_id = 139887862236928, last time delay.time = 8, now count = 464, i = 2
2023-01-11 18:16:16.552  75 75 I APP.tag TestComponent::Proc
2023-01-11 18:16:16.552  75 75 I APP.tag ****************test INFO begin****************
2023-01-11 18:16:16.552  75 75 I APP.tag 测试 index = 905组
2023-01-11 18:16:16.552  75 75 E APP.tag 循环计数 i = 1次
2023-01-11 18:16:16.552  75 75 I APP.tag test LOG_Trace()
2023-01-11 18:16:16.552  75 75 I vscode 循环计数 i = 1次,test LOG_Channel_Trace()
2023-01-11 18:16:16.552  75 75 E APP.tag 循环计数 i = 2次
2023-01-11 18:16:16.552  75 75 E APP.tag 循环计数 i = 3次
2023-01-11 18:16:16.552  75 75 I APP.tag test LOG_Info()
2023-01-11 18:16:16.552  75 75 I baidu 循环计数 i = 3次,test LOG_Channel_Info()
2023-01-11 18:16:16.552  75 75 E APP.tag 循环计数 i = 4次
2023-01-11 18:16:16.552  75 75 W APP.tag test LOG_Warn()
2023-01-11 18:16:16.552  75 75 W google 循环计数 i = 4次,test LOG_Channel_Warn()
2023-01-11 18:16:16.552  75 75 E APP.tag 循环计数 i = 5次
2023-01-11 18:16:16.552  75 75 E APP.tag test LOG_Error()
2023-01-11 18:16:16.552  75 75 E visio 循环计数 i = 5次,test LOG_Channel_Error()
2023-01-11 18:16:16.552  75 75 I APP.tag print coredump DataLen:2 Data[01 00]
2023-01-11 18:16:16.552  75 75 W coredump 0x0000000a 0a 00 00 00 0b 00 00 00 0c 00 00 00 0d 00 00 00 0e 00 00 00
2023-01-11 18:16:16.552  75 75 I APP.tag ****************test INFO end****************
2023-01-11 18:16:16.961  75 82 I channel139887621699328 self_thread_id = 139887621699328, last time delay.time = 10, now count = 457, i = 3
2023-01-11 18:16:16.962  75 82 I channel139887621699328 self_thread_id = 139887621699328, last time delay.time = 10, now count = 457, i = 3
2023-01-11 18:16:16.962  75 83 I channel139887613306624 self_thread_id = 139887613306624, last time delay.time = 13, now count = 459, i = 3
2023-01-11 18:16:16.962  75 82 W channel139887621699328 self_thread_id = 139887621699328, last time delay.time = 10, now count = 457, i = 3
2023-01-11 18:16:16.962  75 82 E channel139887621699328 self_thread_id = 139887621699328, last time delay.time = 10, now count = 457, i = 3
2023-01-11 18:16:16.962  75 81 I channel139887837058816 self_thread_id = 139887837058816, last time delay.time = 15, now count = 458, i = 3
2023-01-11 18:16:16.962  75 83 I channel139887613306624 self_thread_id = 139887613306624, last time delay.time = 13, now count = 459, i = 3
2023-01-11 18:16:16.962  75 83 W channel139887613306624 self_thread_id = 139887613306624, last time delay.time = 13, now count = 459, i = 3
2023-01-11 18:16:16.962  75 81 I channel139887837058816 self_thread_id = 139887837058816, last time delay.time = 15, now count = 458, i = 3
2023-01-11 18:16:16.962  75 83 E channel139887613306624 self_thread_id = 139887613306624, last time delay.time = 13, now count = 459, i = 3
2023-01-11 18:16:16.962  75 81 W channel139887837058816 self_thread_id = 139887837058816, last time delay.time = 15, now count = 458, i = 3
2023-01-11 18:16:16.962  75 81 E channel139887837058816 self_thread_id = 139887837058816, last time delay.time = 15, now count = 458, i = 3
2023-01-11 18:16:16.962  75 79 I channel139887853844224 self_thread_id = 139887853844224, last time delay.time = 13, now count = 461, i = 3
2023-01-11 18:16:16.962  75 80 I channel139887845451520 self_thread_id = 139887845451520, last time delay.time = 8, now count = 463, i = 3
2023-01-11 18:16:16.962  75 80 I channel139887845451520 self_thread_id = 139887845451520, last time delay.time = 8, now count = 463, i = 3
2023-01-11 18:16:16.962  75 77 I channel139887870629632 self_thread_id = 139887870629632, last time delay.time = 15, now count = 460, i = 3
2023-01-11 18:16:16.962  75 84 I channel139887604913920 self_thread_id = 139887604913920, last time delay.time = 8, now count = 462, i = 3
2023-01-11 18:16:16.962  75 79 I channel139887853844224 self_thread_id = 139887853844224, last time delay.time = 13, now count = 461, i = 3
2023-01-11 18:16:16.962  75 80 W channel139887845451520 self_thread_id = 139887845451520, last time delay.time = 8, now count = 463, i = 3
2023-01-11 18:16:16.962  75 77 I channel139887870629632 self_thread_id = 139887870629632, last time delay.time = 15, now count = 460, i = 3
2023-01-11 18:16:16.962  75 84 I channel139887604913920 self_thread_id = 139887604913920, last time delay.time = 8, now count = 462, i = 3
2023-01-11 18:16:16.962  75 80 E channel139887845451520 self_thread_id = 139887845451520, last time delay.time = 8, now count = 463, i = 3
2023-01-11 18:16:16.962  75 79 W channel139887853844224 self_thread_id = 139887853844224, last time delay.time = 13, now count = 461, i = 3
2023-01-11 18:16:16.962  75 84 W channel139887604913920 self_thread_id = 139887604913920, last time delay.time = 8, now count = 462, i = 3
2023-01-11 18:16:16.962  75 79 E channel139887853844224 self_thread_id = 139887853844224, last time delay.time = 13, now count = 461, i = 3
2023-01-11 18:16:16.962  75 78 I channel139887862236928 self_thread_id = 139887862236928, last time delay.time = 8, now count = 464, i = 3
2023-01-11 18:16:16.962  75 77 W channel139887870629632 self_thread_id = 139887870629632, last time delay.time = 15, now count = 460, i = 3
2023-01-11 18:16:16.962  75 78 I channel139887862236928 self_thread_id = 139887862236928, last time delay.time = 8, now count = 464, i = 3
2023-01-11 18:16:16.962  75 78 W channel139887862236928 self_thread_id = 139887862236928, last time delay.time = 8, now count = 464, i = 3
2023-01-11 18:16:16.962  75 84 E channel139887604913920 self_thread_id = 139887604913920, last time delay.time = 8, now count = 462, i = 3
2023-01-11 18:16:16.962  75 78 E channel139887862236928 self_thread_id = 139887862236928, last time delay.time = 8, now count = 464, i = 3
2023-01-11 18:16:16.962  75 77 E channel139887870629632 self_thread_id = 139887870629632, last time delay.time = 15, now count = 460, i = 3
2023-01-11 18:16:17.962  75 82 I channel139887621699328 self_thread_id = 139887621699328, last time delay.time = 10, now count = 457, i = 4
2023-01-11 18:16:17.962  75 82 I channel139887621699328 self_thread_id = 139887621699328, last time delay.time = 10, now count = 457, i = 4
2023-01-11 18:16:17.962  75 82 W channel139887621699328 self_thread_id = 139887621699328, last time delay.time = 10, now count = 457, i = 4
2023-01-11 18:16:17.962  75 82 E channel139887621699328 self_thread_id = 139887621699328, last time delay.time = 10, now count = 457, i = 4
2023-01-11 18:16:17.962  75 82 I channel139887621699328 self_thread_id = 139887621699328, last time delay.time = 10, now count = 465
2023-01-11 18:16:17.962  75 81 I channel139887837058816 self_thread_id = 139887837058816, last time delay.time = 15, now count = 458, i = 4
2023-01-11 18:16:17.962  75 83 I channel139887613306624 self_thread_id = 139887613306624, last time delay.time = 13, now count = 459, i = 4
2023-01-11 18:16:17.962  75 81 I channel139887837058816 self_thread_id = 139887837058816, last time delay.time = 15, now count = 458, i = 4
2023-01-11 18:16:17.962  75 81 W channel139887837058816 self_thread_id = 139887837058816, last time delay.time = 15, now count = 458, i = 4
2023-01-11 18:16:17.962  75 83 I channel139887613306624 self_thread_id = 139887613306624, last time delay.time = 13, now count = 459, i = 4
2023-01-11 18:16:17.962  75 81 E channel139887837058816 self_thread_id = 139887837058816, last time delay.time = 15, now count = 458, i = 4
2023-01-11 18:16:17.962  75 83 W channel139887613306624 self_thread_id = 139887613306624, last time delay.time = 13, now count = 459, i = 4
2023-01-11 18:16:17.962  75 81 I channel139887837058816 self_thread_id = 139887837058816, last time delay.time = 15, now count = 466
2023-01-11 18:16:17.962  75 83 E channel139887613306624 self_thread_id = 139887613306624, last time delay.time = 13, now count = 459, i = 4
2023-01-11 18:16:17.962  75 79 I channel139887853844224 self_thread_id = 139887853844224, last time delay.time = 13, now count = 461, i = 4
2023-01-11 18:16:17.962  75 77 I channel139887870629632 self_thread_id = 139887870629632, last time delay.time = 15, now count = 460, i = 4
2023-01-11 18:16:17.962  75 83 I channel139887613306624 self_thread_id = 139887613306624, last time delay.time = 13, now count = 467
2023-01-11 18:16:17.962  75 80 I channel139887845451520 self_thread_id = 139887845451520, last time delay.time = 8, now count = 463, i = 4
2023-01-11 18:16:17.962  75 79 I channel139887853844224 self_thread_id = 139887853844224, last time delay.time = 13, now count = 461, i = 4
2023-01-11 18:16:17.962  75 80 I channel139887845451520 self_thread_id = 139887845451520, last time delay.time = 8, now count = 463, i = 4
2023-01-11 18:16:17.962  75 77 I channel139887870629632 self_thread_id = 139887870629632, last time delay.time = 15, now count = 460, i = 4
2023-01-11 18:16:17.962  75 80 W channel139887845451520 self_thread_id = 139887845451520, last time delay.time = 8, now count = 463, i = 4
2023-01-11 18:16:17.962  75 79 W channel139887853844224 self_thread_id = 139887853844224, last time delay.time = 13, now count = 461, i = 4
2023-01-11 18:16:17.962  75 80 E channel139887845451520 self_thread_id = 139887845451520, last time delay.time = 8, now count = 463, i = 4
2023-01-11 18:16:17.962  75 77 W channel139887870629632 self_thread_id = 139887870629632, last time delay.time = 15, now count = 460, i = 4
2023-01-11 18:16:17.962  75 80 I channel139887845451520 self_thread_id = 139887845451520, last time delay.time = 8, now count = 468
2023-01-11 18:16:17.962  75 78 I channel139887862236928 self_thread_id = 139887862236928, last time delay.time = 8, now count = 464, i = 4
2023-01-11 18:16:17.962  75 77 E channel139887870629632 self_thread_id = 139887870629632, last time delay.time = 15, now count = 460, i = 4
2023-01-11 18:16:17.962  75 77 I channel139887870629632 self_thread_id = 139887870629632, last time delay.time = 15, now count = 469
2023-01-11 18:16:17.962  75 84 I channel139887604913920 self_thread_id = 139887604913920, last time delay.time = 8, now count = 462, i = 4
2023-01-11 18:16:17.962  75 79 E channel139887853844224 self_thread_id = 139887853844224, last time delay.time = 13, now count = 461, i = 4
2023-01-11 18:16:17.962  75 84 I channel139887604913920 self_thread_id = 139887604913920, last time delay.time = 8, now count = 462, i = 4
2023-01-11 18:16:17.962  75 79 I channel139887853844224 self_thread_id = 139887853844224, last time delay.time = 13, now count = 470
2023-01-11 18:16:17.962  75 78 I channel139887862236928 self_thread_id = 139887862236928, last time delay.time = 8, now count = 464, i = 4
2023-01-11 18:16:17.962  75 84 W channel139887604913920 self_thread_id = 139887604913920, last time delay.time = 8, now count = 462, i = 4
2023-01-11 18:16:17.962  75 78 W channel139887862236928 self_thread_id = 139887862236928, last time delay.time = 8, now count = 464, i = 4
2023-01-11 18:16:17.962  75 84 E channel139887604913920 self_thread_id = 139887604913920, last time delay.time = 8, now count = 462, i = 4
2023-01-11 18:16:17.962  75 78 E channel139887862236928 self_thread_id = 139887862236928, last time delay.time = 8, now count = 464, i = 4
2023-01-11 18:16:17.962  75 84 I channel139887604913920 self_thread_id = 139887604913920, last time delay.time = 8, now count = 471
2023-01-11 18:16:17.962  75 78 I channel139887862236928 self_thread_id = 139887862236928, last time delay.time = 8, now count = 472
2023-01-11 18:16:18.962  75 82 I channel139887621699328 self_thread_id = 139887621699328, last time delay.time = 8, now count = 465, i = 0
2023-01-11 18:16:18.962  75 82 I channel139887621699328 self_thread_id = 139887621699328, last time delay.time = 8, now count = 465, i = 0
2023-01-11 18:16:18.962  75 82 W channel139887621699328 self_thread_id = 139887621699328, last time delay.time = 8, now count = 465, i = 0
2023-01-11 18:16:18.962  75 83 I channel139887613306624 self_thread_id = 139887613306624, last time delay.time = 10, now count = 467, i = 0
2023-01-11 18:16:18.962  75 83 I channel139887613306624 self_thread_id = 139887613306624, last time delay.time = 10, now count = 467, i = 0
2023-01-11 18:16:18.962  75 82 E channel139887621699328 self_thread_id = 139887621699328, last time delay.time = 8, now count = 465, i = 0
2023-01-11 18:16:18.962  75 83 W channel139887613306624 self_thread_id = 139887613306624, last time delay.time = 10, now count = 467, i = 0
2023-01-11 18:16:18.962  75 81 I channel139887837058816 self_thread_id = 139887837058816, last time delay.time = 10, now count = 466, i = 0
2023-01-11 18:16:18.962  75 83 E channel139887613306624 self_thread_id = 139887613306624, last time delay.time = 10, now count = 467, i = 0
2023-01-11 18:16:18.962  75 81 I channel139887837058816 self_thread_id = 139887837058816, last time delay.time = 10, now count = 466, i = 0
2023-01-11 18:16:18.962  75 81 W channel139887837058816 self_thread_id = 139887837058816, last time delay.time = 10, now count = 466, i = 0
2023-01-11 18:16:18.962  75 81 E channel139887837058816 self_thread_id = 139887837058816, last time delay.time = 10, now count = 466, i = 0
2023-01-11 18:16:18.962  75 80 I channel139887845451520 self_thread_id = 139887845451520, last time delay.time = 9, now count = 468, i = 0
2023-01-11 18:16:18.962  75 80 I channel139887845451520 self_thread_id = 139887845451520, last time delay.time = 9, now count = 468, i = 0
2023-01-11 18:16:18.962  75 80 W channel139887845451520 self_thread_id = 139887845451520, last time delay.time = 9, now count = 468, i = 0
2023-01-11 18:16:18.962  75 80 E channel139887845451520 self_thread_id = 139887845451520, last time delay.time = 9, now count = 468, i = 0
2023-01-11 18:16:18.962  75 77 I channel139887870629632 self_thread_id = 139887870629632, last time delay.time = 10, now count = 469, i = 0
2023-01-11 18:16:18.962  75 79 I channel139887853844224 self_thread_id = 139887853844224, last time delay.time = 12, now count = 470, i = 0
2023-01-11 18:16:18.962  75 77 I channel139887870629632 self_thread_id = 139887870629632, last time delay.time = 10, now count = 469, i = 0
2023-01-11 18:16:18.962  75 79 I channel139887853844224 self_thread_id = 139887853844224, last time delay.time = 12, now count = 470, i = 0
2023-01-11 18:16:18.962  75 77 W channel139887870629632 self_thread_id = 139887870629632, last time delay.time = 10, now count = 469, i = 0
2023-01-11 18:16:18.962  75 79 W channel139887853844224 self_thread_id = 139887853844224, last time delay.time = 12, now count = 470, i = 0
2023-01-11 18:16:18.962  75 78 I channel139887862236928 self_thread_id = 139887862236928, last time delay.time = 10, now count = 472, i = 0
2023-01-11 18:16:18.962  75 77 E channel139887870629632 self_thread_id = 139887870629632, last time delay.time = 10, now count = 469, i = 0
2023-01-11 18:16:18.962  75 78 I channel139887862236928 self_thread_id = 139887862236928, last time delay.time = 10, now count = 472, i = 0
