2023-01-11 18:23:05.036  75 79 E channel139887853844224 self_thread_id = 139887853844224, last time delay.time = 10, now count = 113, i = 1
2023-01-11 18:23:05.037  75 81 I channel139887837058816 self_thread_id = 139887837058816, last time delay.time = 11, now count = 115, i = 1
2023-01-11 18:23:05.037  75 81 I channel139887837058816 self_thread_id = 139887837058816, last time delay.time = 11, now count = 115, i = 1
2023-01-11 18:23:05.037  75 81 W channel139887837058816 self_thread_id = 139887837058816, last time delay.time = 11, now count = 115, i = 1
2023-01-11 18:23:05.037  75 81 E channel139887837058816 self_thread_id = 139887837058816, last time delay.time = 11, now count = 115, i = 1
2023-01-11 18:23:05.037  75 84 I channel139887604913920 self_thread_id = 139887604913920, last time delay.time = 9, now count = 119, i = 1
2023-01-11 18:23:05.037  75 80 I channel139887845451520 self_thread_id = 139887845451520, last time delay.time = 13, now count = 116, i = 1
2023-01-11 18:23:05.037  75 84 I channel139887604913920 self_thread_id = 139887604913920, last time delay.time = 9, now count = 119, i = 1
2023-01-11 18:23:05.037  75 84 W channel139887604913920 self_thread_id = 139887604913920, last time delay.time = 9, now count = 119, i = 1
2023-01-11 18:23:05.037  75 80 I channel139887845451520 self_thread_id = 139887845451520, last time delay.time = 13, now count = 116, i = 1
2023-01-11 18:23:05.037  75 84 E channel139887604913920 self_thread_id = 139887604913920, last time delay.time = 9, now count = 119, i = 1
2023-01-11 18:23:05.037  75 80 W channel139887845451520 self_thread_id = 139887845451520, last time delay.time = 13, now count = 116, i = 1
2023-01-11 18:23:05.037  75 80 E channel139887845451520 self_thread_id = 139887845451520, last time delay.time = 13, now count = 116, i = 1
2023-01-11 18:23:05.037  75 78 I channel139887862236928 self_thread_id = 139887862236928, last time delay.time = 8, now count = 120, i = 1
2023-01-11 18:23:05.037  75 78 I channel139887862236928 self_thread_id = 139887862236928, last time delay.time = 8, now count = 120, i = 1
2023-01-11 18:23:05.037  75 78 W channel139887862236928 self_thread_id = 139887862236928, last time delay.time = 8, now count = 120, i = 1
2023-01-11 18:23:05.037  75 78 E channel139887862236928 self_thread_id = 139887862236928, last time delay.time = 8, now count = 120, i = 1
2023-01-11 18:23:05.037  75 82 I channel139887621699328 self_thread_id = 139887621699328, last time delay.time = 9, now count = 118, i = 1
2023-01-11 18:23:05.037  75 82 I channel139887621699328 self_thread_id = 139887621699328, last time delay.time = 9, now count = 118, i = 1
2023-01-11 18:23:05.037  75 82 W channel139887621699328 self_thread_id = 139887621699328, last time delay.time = 9, now count = 118, i = 1
2023-01-11 18:23:05.037  75 82 E channel139887621699328 self_thread_id = 139887621699328, last time delay.time = 9, now count = 118, i = 1
2023-01-11 18:23:05.037  75 77 I channel139887870629632 self_thread_id = 139887870629632, last time delay.time = 10, now count = 117, i = 1
2023-01-11 18:23:05.037  75 77 I channel139887870629632 self_thread_id = 139887870629632, last time delay.time = 10, now count = 117, i = 1
2023-01-11 18:23:05.037  75 77 W channel139887870629632 self_thread_id = 139887870629632, last time delay.time = 10, now count = 117, i = 1
2023-01-11 18:23:05.037  75 77 E channel139887870629632 self_thread_id = 139887870629632, last time delay.time = 10, now count = 117, i = 1
2023-01-11 18:23:06.037  75 83 I channel139887613306624 self_thread_id = 139887613306624, last time delay.time = 9, now count = 114, i = 2
2023-01-11 18:23:06.037  75 83 I channel139887613306624 self_thread_id = 139887613306624, last time delay.time = 9, now count = 114, i = 2
2023-01-11 18:23:06.037  75 79 I channel139887853844224 self_thread_id = 139887853844224, last time delay.time = 10, now count = 113, i = 2
2023-01-11 18:23:06.037  75 83 W channel139887613306624 self_thread_id = 139887613306624, last time delay.time = 9, now count = 114, i = 2
2023-01-11 18:23:06.037  75 79 I channel139887853844224 self_thread_id = 139887853844224, last time delay.time = 10, now count = 113, i = 2
2023-01-11 18:23:06.037  75 83 E channel139887613306624 self_thread_id = 139887613306624, last time delay.time = 9, now count = 114, i = 2
2023-01-11 18:23:06.037  75 79 W channel139887853844224 self_thread_id = 139887853844224, last time delay.time = 10, now count = 113, i = 2
2023-01-11 18:23:06.037  75 79 E channel139887853844224 self_thread_id = 139887853844224, last time delay.time = 10, now count = 113, i = 2
2023-01-11 18:23:06.037  75 81 I channel139887837058816 self_thread_id = 139887837058816, last time delay.time = 11, now count = 115, i = 2
2023-01-11 18:23:06.037  75 84 I channel139887604913920 self_thread_id = 139887604913920, last time delay.time = 9, now count = 119, i = 2
2023-01-11 18:23:06.037  75 81 I channel139887837058816 self_thread_id = 139887837058816, last time delay.time = 11, now count = 115, i = 2
2023-01-11 18:23:06.037  75 84 I channel139887604913920 self_thread_id = 139887604913920, last time delay.time = 9, now count = 119, i = 2
2023-01-11 18:23:06.037  75 81 W channel139887837058816 self_thread_id = 139887837058816, last time delay.time = 11, now count = 115, i = 2
2023-01-11 18:23:06.037  75 84 W channel139887604913920 self_thread_id = 139887604913920, last time delay.time = 9, now count = 119, i = 2
2023-01-11 18:23:06.037  75 81 E channel139887837058816 self_thread_id = 139887837058816, last time delay.time = 11, now count = 115, i = 2
2023-01-11 18:23:06.037  75 84 E channel139887604913920 self_thread_id = 139887604913920, last time delay.time = 9, now count = 119, i = 2
2023-01-11 18:23:06.037  75 78 I channel139887862236928 self_thread_id = 139887862236928, last time delay.time = 8, now count = 120, i = 2
2023-01-11 18:23:06.037  75 78 I channel139887862236928 self_thread_id = 139887862236928, last time delay.time = 8, now count = 120, i = 2
2023-01-11 18:23:06.037  75 80 I channel139887845451520 self_thread_id = 139887845451520, last time delay.time = 13, now count = 116, i = 2
2023-01-11 18:23:06.037  75 78 W channel139887862236928 self_thread_id = 139887862236928, last time delay.time = 8, now count = 120, i = 2
2023-01-11 18:23:06.037  75 80 I channel139887845451520 self_thread_id = 139887845451520, last time delay.time = 13, now count = 116, i = 2
2023-01-11 18:23:06.037  75 78 E channel139887862236928 self_thread_id = 139887862236928, last time delay.time = 8, now count = 120, i = 2
2023-01-11 18:23:06.037  75 80 W channel139887845451520 self_thread_id = 139887845451520, last time delay.time = 13, now count = 116, i = 2
2023-01-11 18:23:06.037  75 80 E channel139887845451520 self_thread_id = 139887845451520, last time delay.time = 13, now count = 116, i = 2
2023-01-11 18:23:06.037  75 82 I channel139887621699328 self_thread_id = 139887621699328, last time delay.time = 9, now count = 118, i = 2
2023-01-11 18:23:06.037  75 82 I channel139887621699328 self_thread_id = 139887621699328, last time delay.time = 9, now count = 118, i = 2
2023-01-11 18:23:06.037  75 82 W channel139887621699328 self_thread_id = 139887621699328, last time delay.time = 9, now count = 118, i = 2
2023-01-11 18:23:06.037  75 77 I channel139887870629632 self_thread_id = 139887870629632, last time delay.time = 10, now count = 117, i = 2
2023-01-11 18:23:06.037  75 82 E channel139887621699328 self_thread_id = 139887621699328, last time delay.time = 9, now count = 118, i = 2
2023-01-11 18:23:06.037  75 77 I channel139887870629632 self_thread_id = 139887870629632, last time delay.time = 10, now count = 117, i = 2
2023-01-11 18:23:06.037  75 77 W channel139887870629632 self_thread_id = 139887870629632, last time delay.time = 10, now count = 117, i = 2
2023-01-11 18:23:06.037  75 77 E channel139887870629632 self_thread_id = 139887870629632, last time delay.time = 10, now count = 117, i = 2
2023-01-11 18:23:06.564  75 75 I APP.tag TestComponent::Proc
2023-01-11 18:23:06.564  75 75 I APP.tag ****************test INFO begin****************
2023-01-11 18:23:06.564  75 75 I APP.tag 测试 index = 946组
2023-01-11 18:23:06.564  75 75 E APP.tag 循环计数 i = 1次
2023-01-11 18:23:06.564  75 75 I APP.tag test LOG_Trace()
2023-01-11 18:23:06.564  75 75 I vscode 循环计数 i = 1次,test LOG_Channel_Trace()
2023-01-11 18:23:06.564  75 75 E APP.tag 循环计数 i = 2次
2023-01-11 18:23:06.564  75 75 E APP.tag 循环计数 i = 3次
2023-01-11 18:23:06.564  75 75 I APP.tag test LOG_Info()
2023-01-11 18:23:06.564  75 75 I baidu 循环计数 i = 3次,test LOG_Channel_Info()
2023-01-11 18:23:06.564  75 75 E APP.tag 循环计数 i = 4次
2023-01-11 18:23:06.564  75 75 W APP.tag test LOG_Warn()
2023-01-11 18:23:06.564  75 75 W google 循环计数 i = 4次,test LOG_Channel_Warn()
2023-01-11 18:23:06.564  75 75 E APP.tag 循环计数 i = 5次
2023-01-11 18:23:06.564  75 75 E APP.tag test LOG_Error()
2023-01-11 18:23:06.564  75 75 E visio 循环计数 i = 5次,test LOG_Channel_Error()
2023-01-11 18:23:06.564  75 75 I APP.tag print coredump DataLen:2 Data[01 00]
2023-01-11 18:23:06.564  75 75 W coredump 0x0000000a 0a 00 00 00 0b 00 00 00 0c 00 00 00 0d 00 00 00 0e 00 00 00
2023-01-11 18:23:06.564  75 75 I APP.tag ****************test INFO end****************
2023-01-11 18:23:07.037  75 83 I channel139887613306624 self_thread_id = 139887613306624, last time delay.time = 9, now count = 114, i = 3
2023-01-11 18:23:07.037  75 79 I channel139887853844224 self_thread_id = 139887853844224, last time delay.time = 10, now count = 113, i = 3
2023-01-11 18:23:07.037  75 83 I channel139887613306624 self_thread_id = 139887613306624, last time delay.time = 9, now count = 114, i = 3
2023-01-11 18:23:07.037  75 79 I channel139887853844224 self_thread_id = 139887853844224, last time delay.time = 10, now count = 113, i = 3
2023-01-11 18:23:07.037  75 83 W channel139887613306624 self_thread_id = 139887613306624, last time delay.time = 9, now count = 114, i = 3
2023-01-11 18:23:07.037  75 83 E channel139887613306624 self_thread_id = 139887613306624, last time delay.time = 9, now count = 114, i = 3
2023-01-11 18:23:07.037  75 79 W channel139887853844224 self_thread_id = 139887853844224, last time delay.time = 10, now count = 113, i = 3
2023-01-11 18:23:07.037  75 79 E channel139887853844224 self_thread_id = 139887853844224, last time delay.time = 10, now count = 113, i = 3
2023-01-11 18:23:07.037  75 84 I channel139887604913920 self_thread_id = 139887604913920, last time delay.time = 9, now count = 119, i = 3
2023-01-11 18:23:07.037  75 84 I channel139887604913920 self_thread_id = 139887604913920, last time delay.time = 9, now count = 119, i = 3
2023-01-11 18:23:07.037  75 84 W channel139887604913920 self_thread_id = 139887604913920, last time delay.time = 9, now count = 119, i = 3
2023-01-11 18:23:07.037  75 84 E channel139887604913920 self_thread_id = 139887604913920, last time delay.time = 9, now count = 119, i = 3
2023-01-11 18:23:07.037  75 81 I channel139887837058816 self_thread_id = 139887837058816, last time delay.time = 11, now count = 115, i = 3
2023-01-11 18:23:07.037  75 81 I channel139887837058816 self_thread_id = 139887837058816, last time delay.time = 11, now count = 115, i = 3
2023-01-11 18:23:07.037  75 81 W channel139887837058816 self_thread_id = 139887837058816, last time delay.time = 11, now count = 115, i = 3
2023-01-11 18:23:07.037  75 81 E channel139887837058816 self_thread_id = 139887837058816, last time delay.time = 11, now count = 115, i = 3
2023-01-11 18:23:07.037  75 80 I channel139887845451520 self_thread_id = 139887845451520, last time delay.time = 13, now count = 116, i = 3
2023-01-11 18:23:07.037  75 80 I channel139887845451520 self_thread_id = 139887845451520, last time delay.time = 13, now count = 116, i = 3
2023-01-11 18:23:07.037  75 80 W channel139887845451520 self_thread_id = 139887845451520, last time delay.time = 13, now count = 116, i = 3
2023-01-11 18:23:07.037  75 80 E channel139887845451520 self_thread_id = 139887845451520, last time delay.time = 13, now count = 116, i = 3
2023-01-11 18:23:07.037  75 78 I channel139887862236928 self_thread_id = 139887862236928, last time delay.time = 8, now count = 120, i = 3
2023-01-11 18:23:07.037  75 78 I channel139887862236928 self_thread_id = 139887862236928, last time delay.time = 8, now count = 120, i = 3
2023-01-11 18:23:07.037  75 78 W channel139887862236928 self_thread_id = 139887862236928, last time delay.time = 8, now count = 120, i = 3
2023-01-11 18:23:07.037  75 78 E channel139887862236928 self_thread_id = 139887862236928, last time delay.time = 8, now count = 120, i = 3
2023-01-11 18:23:07.037  75 82 I channel139887621699328 self_thread_id = 139887621699328, last time delay.time = 9, now count = 118, i = 3
2023-01-11 18:23:07.037  75 82 I channel139887621699328 self_thread_id = 139887621699328, last time delay.time = 9, now count = 118, i = 3
2023-01-11 18:23:07.037  75 82 W channel139887621699328 self_thread_id = 139887621699328, last time delay.time = 9, now count = 118, i = 3
2023-01-11 18:23:07.037  75 77 I channel139887870629632 self_thread_id = 139887870629632, last time delay.time = 10, now count = 117, i = 3
2023-01-11 18:23:07.037  75 82 E channel139887621699328 self_thread_id = 139887621699328, last time delay.time = 9, now count = 118, i = 3
2023-01-11 18:23:07.037  75 77 I channel139887870629632 self_thread_id = 139887870629632, last time delay.time = 10, now count = 117, i = 3
2023-01-11 18:23:07.037  75 77 W channel139887870629632 self_thread_id = 139887870629632, last time delay.time = 10, now count = 117, i = 3
2023-01-11 18:23:07.037  75 77 E channel139887870629632 self_thread_id = 139887870629632, last time delay.time = 10, now count = 117, i = 3
2023-01-11 18:23:08.037  75 83 I channel139887613306624 self_thread_id = 139887613306624, last time delay.time = 9, now count = 114, i = 4
2023-01-11 18:23:08.037  75 83 I channel139887613306624 self_thread_id = 139887613306624, last time delay.time = 9, now count = 114, i = 4
2023-01-11 18:23:08.037  75 83 W channel139887613306624 self_thread_id = 139887613306624, last time delay.time = 9, now count = 114, i = 4
2023-01-11 18:23:08.037  75 83 E channel139887613306624 self_thread_id = 139887613306624, last time delay.time = 9, now count = 114, i = 4
2023-01-11 18:23:08.037  75 83 I channel139887613306624 self_thread_id = 139887613306624, last time delay.time = 9, now count = 121
2023-01-11 18:23:08.037  75 79 I channel139887853844224 self_thread_id = 139887853844224, last time delay.time = 10, now count = 113, i = 4
2023-01-11 18:23:08.037  75 79 I channel139887853844224 self_thread_id = 139887853844224, last time delay.time = 10, now count = 113, i = 4
2023-01-11 18:23:08.037  75 79 W channel139887853844224 self_thread_id = 139887853844224, last time delay.time = 10, now count = 113, i = 4
2023-01-11 18:23:08.037  75 79 E channel139887853844224 self_thread_id = 139887853844224, last time delay.time = 10, now count = 113, i = 4
2023-01-11 18:23:08.037  75 79 I channel139887853844224 self_thread_id = 139887853844224, last time delay.time = 10, now count = 122
2023-01-11 18:23:08.037  75 84 I channel139887604913920 self_thread_id = 139887604913920, last time delay.time = 9, now count = 119, i = 4
2023-01-11 18:23:08.037  75 84 I channel139887604913920 self_thread_id = 139887604913920, last time delay.time = 9, now count = 119, i = 4
2023-01-11 18:23:08.037  75 84 W channel139887604913920 self_thread_id = 139887604913920, last time delay.time = 9, now count = 119, i = 4
2023-01-11 18:23:08.037  75 84 E channel139887604913920 self_thread_id = 139887604913920, last time delay.time = 9, now count = 119, i = 4
2023-01-11 18:23:08.037  75 84 I channel139887604913920 self_thread_id = 139887604913920, last time delay.time = 9, now count = 123
2023-01-11 18:23:08.037  75 81 I channel139887837058816 self_thread_id = 139887837058816, last time delay.time = 11, now count = 115, i = 4
2023-01-11 18:23:08.037  75 81 I channel139887837058816 self_thread_id = 139887837058816, last time delay.time = 11, now count = 115, i = 4
2023-01-11 18:23:08.037  75 81 W channel139887837058816 self_thread_id = 139887837058816, last time delay.time = 11, now count = 115, i = 4
2023-01-11 18:23:08.037  75 81 E channel139887837058816 self_thread_id = 139887837058816, last time delay.time = 11, now count = 115, i = 4
2023-01-11 18:23:08.037  75 81 I channel139887837058816 self_thread_id = 139887837058816, last time delay.time = 11, now count = 124
2023-01-11 18:23:08.037  75 80 I channel139887845451520 self_thread_id = 139887845451520, last time delay.time = 13, now count = 116, i = 4
2023-01-11 18:23:08.037  75 80 I channel139887845451520 self_thread_id = 139887845451520, last time delay.time = 13, now count = 116, i = 4
2023-01-11 18:23:08.037  75 80 W channel139887845451520 self_thread_id = 139887845451520, last time delay.time = 13, now count = 116, i = 4
2023-01-11 18:23:08.037  75 78 I channel139887862236928 self_thread_id = 139887862236928, last time delay.time = 8, now count = 120, i = 4
2023-01-11 18:23:08.037  75 80 E channel139887845451520 self_thread_id = 139887845451520, last time delay.time = 13, now count = 116, i = 4
2023-01-11 18:23:08.037  75 80 I channel139887845451520 self_thread_id = 139887845451520, last time delay.time = 13, now count = 125
2023-01-11 18:23:08.037  75 78 I channel139887862236928 self_thread_id = 139887862236928, last time delay.time = 8, now count = 120, i = 4
2023-01-11 18:23:08.037  75 78 W channel139887862236928 self_thread_id = 139887862236928, last time delay.time = 8, now count = 120, i = 4
2023-01-11 18:23:08.037  75 78 E channel139887862236928 self_thread_id = 139887862236928, last time delay.time = 8, now count = 120, i = 4
2023-01-11 18:23:08.037  75 78 I channel139887862236928 self_thread_id = 139887862236928, last time delay.time = 8, now count = 126
2023-01-11 18:23:08.038  75 82 I channel139887621699328 self_thread_id = 139887621699328, last time delay.time = 9, now count = 118, i = 4
2023-01-11 18:23:08.038  75 77 I channel139887870629632 self_thread_id = 139887870629632, last time delay.time = 10, now count = 117, i = 4
2023-01-11 18:23:08.038  75 82 I channel139887621699328 self_thread_id = 139887621699328, last time delay.time = 9, now count = 118, i = 4
2023-01-11 18:23:08.038  75 77 I channel139887870629632 self_thread_id = 139887870629632, last time delay.time = 10, now count = 117, i = 4
2023-01-11 18:23:08.038  75 82 W channel139887621699328 self_thread_id = 139887621699328, last time delay.time = 9, now count = 118, i = 4
2023-01-11 18:23:08.038  75 77 W channel139887870629632 self_thread_id = 139887870629632, last time delay.time = 10, now count = 117, i = 4
2023-01-11 18:23:08.038  75 82 E channel139887621699328 self_thread_id = 139887621699328, last time delay.time = 9, now count = 118, i = 4
2023-01-11 18:23:08.038  75 77 E channel139887870629632 self_thread_id = 139887870629632, last time delay.time = 10, now count = 117, i = 4
2023-01-11 18:23:08.038  75 82 I channel139887621699328 self_thread_id = 139887621699328, last time delay.time = 9, now count = 127
2023-01-11 18:23:08.038  75 77 I channel139887870629632 self_thread_id = 139887870629632, last time delay.time = 10, now count = 128
2023-01-11 18:23:09.037  75 83 I channel139887613306624 self_thread_id = 139887613306624, last time delay.time = 8, now count = 121, i = 0
2023-01-11 18:23:09.037  75 83 I channel139887613306624 self_thread_id = 139887613306624, last time delay.time = 8, now count = 121, i = 0
2023-01-11 18:23:09.037  75 83 W channel139887613306624 self_thread_id = 139887613306624, last time delay.time = 8, now count = 121, i = 0
2023-01-11 18:23:09.037  75 83 E channel139887613306624 self_thread_id = 139887613306624, last time delay.time = 8, now count = 121, i = 0
2023-01-11 18:23:09.037  75 79 I channel139887853844224 self_thread_id = 139887853844224, last time delay.time = 8, now count = 122, i = 0
2023-01-11 18:23:09.037  75 79 I channel139887853844224 self_thread_id = 139887853844224, last time delay.time = 8, now count = 122, i = 0
2023-01-11 18:23:09.037  75 79 W channel139887853844224 self_thread_id = 139887853844224, last time delay.time = 8, now count = 122, i = 0
2023-01-11 18:23:09.037  75 79 E channel139887853844224 self_thread_id = 139887853844224, last time delay.time = 8, now count = 122, i = 0
2023-01-11 18:23:09.037  75 84 I channel139887604913920 self_thread_id = 139887604913920, last time delay.time = 9, now count = 123, i = 0
2023-01-11 18:23:09.037  75 84 I channel139887604913920 self_thread_id = 139887604913920, last time delay.time = 9, now count = 123, i = 0
2023-01-11 18:23:09.037  75 84 W channel139887604913920 self_thread_id = 139887604913920, last time delay.time = 9, now count = 123, i = 0
2023-01-11 18:23:09.037  75 84 E channel139887604913920 self_thread_id = 139887604913920, last time delay.time = 9, now count = 123, i = 0
2023-01-11 18:23:09.037  75 81 I channel139887837058816 self_thread_id = 139887837058816, last time delay.time = 11, now count = 124, i = 0
2023-01-11 18:23:09.037  75 81 I channel139887837058816 self_thread_id = 139887837058816, last time delay.time = 11, now count = 124, i = 0
2023-01-11 18:23:09.037  75 81 W channel139887837058816 self_thread_id = 139887837058816, last time delay.time = 11, now count = 124, i = 0
2023-01-11 18:23:09.038  75 80 I channel139887845451520 self_thread_id = 139887845451520, last time delay.time = 9, now count = 125, i = 0
2023-01-11 18:23:09.038  75 81 E channel139887837058816 self_thread_id = 139887837058816, last time delay.time = 11, now count = 124, i = 0
2023-01-11 18:23:09.038  75 80 I channel139887845451520 self_thread_id = 139887845451520, last time delay.time = 9, now count = 125, i = 0
2023-01-11 18:23:09.038  75 80 W channel139887845451520 self_thread_id = 139887845451520, last time delay.time = 9, now count = 125, i = 0
2023-01-11 18:23:09.038  75 80 E channel139887845451520 self_thread_id = 139887845451520, last time delay.time = 9, now count = 125, i = 0
2023-01-11 18:23:09.038  75 78 I channel139887862236928 self_thread_id = 139887862236928, last time delay.time = 8, now count = 126, i = 0
2023-01-11 18:23:09.038  75 78 I channel139887862236928 self_thread_id = 139887862236928, last time delay.time = 8, now count = 126, i = 0
2023-01-11 18:23:09.038  75 78 W channel139887862236928 self_thread_id = 139887862236928, last time delay.time = 8, now count = 126, i = 0
2023-01-11 18:23:09.038  75 78 E channel139887862236928 self_thread_id = 139887862236928, last time delay.time = 8, now count = 126, i = 0
2023-01-11 18:23:09.038  75 77 I channel139887870629632 self_thread_id = 139887870629632, last time delay.time = 10, now count = 128, i = 0
2023-01-11 18:23:09.038  75 77 I channel139887870629632 self_thread_id = 139887870629632, last time delay.time = 10, now count = 128, i = 0
2023-01-11 18:23:09.038  75 77 W channel139887870629632 self_thread_id = 139887870629632, last time delay.time = 10, now count = 128, i = 0
2023-01-11 18:23:09.038  75 77 E channel139887870629632 self_thread_id = 139887870629632, last time delay.time = 10, now count = 128, i = 0
2023-01-11 18:23:09.038  75 82 I channel139887621699328 self_thread_id = 139887621699328, last time delay.time = 10, now count = 127, i = 0
2023-01-11 18:23:09.038  75 82 I channel139887621699328 self_thread_id = 139887621699328, last time delay.time = 10, now count = 127, i = 0
2023-01-11 18:23:09.038  75 82 W channel139887621699328 self_thread_id = 139887621699328, last time delay.time = 10, now count = 127, i = 0
2023-01-11 18:23:09.038  75 82 E channel139887621699328 self_thread_id = 139887621699328, last time delay.time = 10, now count = 127, i = 0
2023-01-11 18:23:10.037  75 83 I channel139887613306624 self_thread_id = 139887613306624, last time delay.time = 8, now count = 121, i = 1
2023-01-11 18:23:10.037  75 83 I channel139887613306624 self_thread_id = 139887613306624, last time delay.time = 8, now count = 121, i = 1
2023-01-11 18:23:10.037  75 83 W channel139887613306624 self_thread_id = 139887613306624, last time delay.time = 8, now count = 121, i = 1
2023-01-11 18:23:10.037  75 83 E channel139887613306624 self_thread_id = 139887613306624, last time delay.time = 8, now count = 121, i = 1
2023-01-11 18:23:10.037  75 79 I channel139887853844224 self_thread_id = 139887853844224, last time delay.time = 8, now count = 122, i = 1
2023-01-11 18:23:10.037  75 79 I channel139887853844224 self_thread_id = 139887853844224, last time delay.time = 8, now count = 122, i = 1
2023-01-11 18:23:10.037  75 79 W channel139887853844224 self_thread_id = 139887853844224, last time delay.time = 8, now count = 122, i = 1
2023-01-11 18:23:10.037  75 79 E channel139887853844224 self_thread_id = 139887853844224, last time delay.time = 8, now count = 122, i = 1
2023-01-11 18:23:10.038  75 84 I channel139887604913920 self_thread_id = 139887604913920, last time delay.time = 9, now count = 123, i = 1
2023-01-11 18:23:10.038  75 84 I channel139887604913920 self_thread_id = 139887604913920, last time delay.time = 9, now count = 123, i = 1
2023-01-11 18:23:10.038  75 84 W channel139887604913920 self_thread_id = 139887604913920, last time delay.time = 9, now count = 123, i = 1
2023-01-11 18:23:10.038  75 84 E channel139887604913920 self_thread_id = 139887604913920, last time delay.time = 9, now count = 123, i = 1
2023-01-11 18:23:10.038  75 80 I channel139887845451520 self_thread_id = 139887845451520, last time delay.time = 9, now count = 125, i = 1
2023-01-11 18:23:10.038  75 80 I channel139887845451520 self_thread_id = 139887845451520, last time delay.time = 9, now count = 125, i = 1
2023-01-11 18:23:10.038  75 81 I channel139887837058816 self_thread_id = 139887837058816, last time delay.time = 11, now count = 124, i = 1
2023-01-11 18:23:10.038  75 80 W channel139887845451520 self_thread_id = 139887845451520, last time delay.time = 9, now count = 125, i = 1
2023-01-11 18:23:10.038  75 80 E channel139887845451520 self_thread_id = 139887845451520, last time delay.time = 9, now count = 125, i = 1
2023-01-11 18:23:10.038  75 81 I channel139887837058816 self_thread_id = 139887837058816, last time delay.time = 11, now count = 124, i = 1
2023-01-11 18:23:10.038  75 81 W channel139887837058816 self_thread_id = 139887837058816, last time delay.time = 11, now count = 124, i = 1
2023-01-11 18:23:10.038  75 81 E channel139887837058816 self_thread_id = 139887837058816, last time delay.time = 11, now count = 124, i = 1
2023-01-11 18:23:10.038  75 78 I channel139887862236928 self_thread_id = 139887862236928, last time delay.time = 8, now count = 126, i = 1
2023-01-11 18:23:10.038  75 78 I channel139887862236928 self_thread_id = 139887862236928, last time delay.time = 8, now count = 126, i = 1
2023-01-11 18:23:10.038  75 77 I channel139887870629632 self_thread_id = 139887870629632, last time delay.time = 10, now count = 128, i = 1
2023-01-11 18:23:10.038  75 78 W channel139887862236928 self_thread_id = 139887862236928, last time delay.time = 8, now count = 126, i = 1
2023-01-11 18:23:10.038  75 77 I channel139887870629632 self_thread_id = 139887870629632, last time delay.time = 10, now count = 128, i = 1
2023-01-11 18:23:10.038  75 78 E channel139887862236928 self_thread_id = 139887862236928, last time delay.time = 8, now count = 126, i = 1
2023-01-11 18:23:10.038  75 77 W channel139887870629632 self_thread_id = 139887870629632, last time delay.time = 10, now count = 128, i = 1
2023-01-11 18:23:10.038  75 77 E channel139887870629632 self_thread_id = 139887870629632, last time delay.time = 10, now count = 128, i = 1
2023-01-11 18:23:10.038  75 82 I channel139887621699328 self_thread_id = 139887621699328, last time delay.time = 10, now count = 127, i = 1
2023-01-11 18:23:10.038  75 82 I channel139887621699328 self_thread_id = 139887621699328, last time delay.time = 10, now count = 127, i = 1
2023-01-11 18:23:10.038  75 82 W channel139887621699328 self_thread_id = 139887621699328, last time delay.time = 10, now count = 127, i = 1
2023-01-11 18:23:10.038  75 82 E channel139887621699328 self_thread_id = 139887621699328, last time delay.time = 10, now count = 127, i = 1
2023-01-11 18:23:11.037  75 83 I channel139887613306624 self_thread_id = 139887613306624, last time delay.time = 8, now count = 121, i = 2
2023-01-11 18:23:11.037  75 83 I channel139887613306624 self_thread_id = 139887613306624, last time delay.time = 8, now count = 121, i = 2
2023-01-11 18:23:11.037  75 83 W channel139887613306624 self_thread_id = 139887613306624, last time delay.time = 8, now count = 121, i = 2
2023-01-11 18:23:11.037  75 83 E channel139887613306624 self_thread_id = 139887613306624, last time delay.time = 8, now count = 121, i = 2
2023-01-11 18:23:11.038  75 79 I channel139887853844224 self_thread_id = 139887853844224, last time delay.time = 8, now count = 122, i = 2
2023-01-11 18:23:11.038  75 79 I channel139887853844224 self_thread_id = 139887853844224, last time delay.time = 8, now count = 122, i = 2
2023-01-11 18:23:11.038  75 79 W channel139887853844224 self_thread_id = 139887853844224, last time delay.time = 8, now count = 122, i = 2
2023-01-11 18:23:11.038  75 79 E channel139887853844224 self_thread_id = 139887853844224, last time delay.time = 8, now count = 122, i = 2
2023-01-11 18:23:11.038  75 84 I channel139887604913920 self_thread_id = 139887604913920, last time delay.time = 9, now count = 123, i = 2
2023-01-11 18:23:11.038  75 84 I channel139887604913920 self_thread_id = 139887604913920, last time delay.time = 9, now count = 123, i = 2
2023-01-11 18:23:11.038  75 84 W channel139887604913920 self_thread_id = 139887604913920, last time delay.time = 9, now count = 123, i = 2
2023-01-11 18:23:11.038  75 84 E channel139887604913920 self_thread_id = 139887604913920, last time delay.time = 9, now count = 123, i = 2
2023-01-11 18:23:11.038  75 80 I channel139887845451520 self_thread_id = 139887845451520, last time delay.time = 9, now count = 125, i = 2
2023-01-11 18:23:11.038  75 80 I channel139887845451520 self_thread_id = 139887845451520, last time delay.time = 9, now count = 125, i = 2
2023-01-11 18:23:11.038  75 81 I channel139887837058816 self_thread_id = 139887837058816, last time delay.time = 11, now count = 124, i = 2
2023-01-11 18:23:11.038  75 80 W channel139887845451520 self_thread_id = 139887845451520, last time delay.time = 9, now count = 125, i = 2
2023-01-11 18:23:11.038  75 81 I channel139887837058816 self_thread_id = 139887837058816, last time delay.time = 11, now count = 124, i = 2
2023-01-11 18:23:11.038  75 80 E channel139887845451520 self_thread_id = 139887845451520, last time delay.time = 9, now count = 125, i = 2
2023-01-11 18:23:11.038  75 81 W channel139887837058816 self_thread_id = 139887837058816, last time delay.time = 11, now count = 124, i = 2
2023-01-11 18:23:11.038  75 81 E channel139887837058816 self_thread_id = 139887837058816, last time delay.time = 11, now count = 124, i = 2
2023-01-11 18:23:11.038  75 78 I channel139887862236928 self_thread_id = 139887862236928, last time delay.time = 8, now count = 126, i = 2
2023-01-11 18:23:11.038  75 78 I channel139887862236928 self_thread_id = 139887862236928, last time delay.time = 8, now count = 126, i = 2
2023-01-11 18:23:11.038  75 78 W channel139887862236928 self_thread_id = 139887862236928, last time delay.time = 8, now count = 126, i = 2
2023-01-11 18:23:11.038  75 78 E channel139887862236928 self_thread_id = 139887862236928, last time delay.time = 8, now count = 126, i = 2
2023-01-11 18:23:11.038  75 77 I channel139887870629632 self_thread_id = 139887870629632, last time delay.time = 10, now count = 128, i = 2
2023-01-11 18:23:11.038  75 77 I channel139887870629632 self_thread_id = 139887870629632, last time delay.time = 10, now count = 128, i = 2
2023-01-11 18:23:11.038  75 77 W channel139887870629632 self_thread_id = 139887870629632, last time delay.time = 10, now count = 128, i = 2
2023-01-11 18:23:11.038  75 77 E channel139887870629632 self_thread_id = 139887870629632, last time delay.time = 10, now count = 128, i = 2
2023-01-11 18:23:11.038  75 82 I channel139887621699328 self_thread_id = 139887621699328, last time delay.time = 10, now count = 127, i = 2
2023-01-11 18:23:11.038  75 82 I channel139887621699328 self_thread_id = 139887621699328, last time delay.time = 10, now count = 127, i = 2
2023-01-11 18:23:11.038  75 82 W channel139887621699328 self_thread_id = 139887621699328, last time delay.time = 10, now count = 127, i = 2
2023-01-11 18:23:11.038  75 82 E channel139887621699328 self_thread_id = 139887621699328, last time delay.time = 10, now count = 127, i = 2
2023-01-11 18:23:12.038  75 83 I channel139887613306624 self_thread_id = 139887613306624, last time delay.time = 8, now count = 121, i = 3
2023-01-11 18:23:12.038  75 83 I channel139887613306624 self_thread_id = 139887613306624, last time delay.time = 8, now count = 121, i = 3
2023-01-11 18:23:12.038  75 83 W channel139887613306624 self_thread_id = 139887613306624, last time delay.time = 8, now count = 121, i = 3
2023-01-11 18:23:12.038  75 83 E channel139887613306624 self_thread_id = 139887613306624, last time delay.time = 8, now count = 121, i = 3
2023-01-11 18:23:12.038  75 79 I channel139887853844224 self_thread_id = 139887853844224, last time delay.time = 8, now count = 122, i = 3
2023-01-11 18:23:12.038  75 79 I channel139887853844224 self_thread_id = 139887853844224, last time delay.time = 8, now count = 122, i = 3
2023-01-11 18:23:12.038  75 79 W channel139887853844224 self_thread_id = 139887853844224, last time delay.time = 8, now count = 122, i = 3
2023-01-11 18:23:12.038  75 79 E channel139887853844224 self_thread_id = 139887853844224, last time delay.time = 8, now count = 122, i = 3
2023-01-11 18:23:12.038  75 84 I channel139887604913920 self_thread_id = 139887604913920, last time delay.time = 9, now count = 123, i = 3
2023-01-11 18:23:12.038  75 84 I channel139887604913920 self_thread_id = 139887604913920, last time delay.time = 9, now count = 123, i = 3
2023-01-11 18:23:12.038  75 84 W channel139887604913920 self_thread_id = 139887604913920, last time delay.time = 9, now count = 123, i = 3
2023-01-11 18:23:12.038  75 84 E channel139887604913920 self_thread_id = 139887604913920, last time delay.time = 9, now count = 123, i = 3
2023-01-11 18:23:12.038  75 80 I channel139887845451520 self_thread_id = 139887845451520, last time delay.time = 9, now count = 125, i = 3
2023-01-11 18:23:12.038  75 80 I channel139887845451520 self_thread_id = 139887845451520, last time delay.time = 9, now count = 125, i = 3
2023-01-11 18:23:12.038  75 80 W channel139887845451520 self_thread_id = 139887845451520, last time delay.time = 9, now count = 125, i = 3
2023-01-11 18:23:12.038  75 81 I channel139887837058816 self_thread_id = 139887837058816, last time delay.time = 11, now count = 124, i = 3
2023-01-11 18:23:12.038  75 81 I channel139887837058816 self_thread_id = 139887837058816, last time delay.time = 11, now count = 124, i = 3
2023-01-11 18:23:12.038  75 77 I channel139887870629632 self_thread_id = 139887870629632, last time delay.time = 10, now count = 128, i = 3
2023-01-11 18:23:12.038  75 81 W channel139887837058816 self_thread_id = 139887837058816, last time delay.time = 11, now count = 124, i = 3
2023-01-11 18:23:12.038  75 80 E channel139887845451520 self_thread_id = 139887845451520, last time delay.time = 9, now count = 125, i = 3
2023-01-11 18:23:12.038  75 81 E channel139887837058816 self_thread_id = 139887837058816, last time delay.time = 11, now count = 124, i = 3
2023-01-11 18:23:12.038  75 77 I channel139887870629632 self_thread_id = 139887870629632, last time delay.time = 10, now count = 128, i = 3
2023-01-11 18:23:12.038  75 77 W channel139887870629632 self_thread_id = 139887870629632, last time delay.time = 10, now count = 128, i = 3
2023-01-11 18:23:12.038  75 78 I channel139887862236928 self_thread_id = 139887862236928, last time delay.time = 8, now count = 126, i = 3
2023-01-11 18:23:12.038  75 77 E channel139887870629632 self_thread_id = 139887870629632, last time delay.time = 10, now count = 128, i = 3
2023-01-11 18:23:12.038  75 78 I channel139887862236928 self_thread_id = 139887862236928, last time delay.time = 8, now count = 126, i = 3
2023-01-11 18:23:12.038  75 78 W channel139887862236928 self_thread_id = 139887862236928, last time delay.time = 8, now count = 126, i = 3
2023-01-11 18:23:12.038  75 78 E channel139887862236928 self_thread_id = 139887862236928, last time delay.time = 8, now count = 126, i = 3
2023-01-11 18:23:12.038  75 82 I channel139887621699328 self_thread_id = 139887621699328, last time delay.time = 10, now count = 127, i = 3
2023-01-11 18:23:12.038  75 82 I channel139887621699328 self_thread_id = 139887621699328, last time delay.time = 10, now count = 127, i = 3
2023-01-11 18:23:12.038  75 82 W channel139887621699328 self_thread_id = 139887621699328, last time delay.time = 10, now count = 127, i = 3
2023-01-11 18:23:12.038  75 82 E channel139887621699328 self_thread_id = 139887621699328, last time delay.time = 10, now count = 127, i = 3
2023-01-11 18:23:13.038  75 83 I channel139887613306624 self_thread_id = 139887613306624, last time delay.time = 8, now count = 121, i = 4
2023-01-11 18:23:13.038  75 83 I channel139887613306624 self_thread_id = 139887613306624, last time delay.time = 8, now count = 121, i = 4
2023-01-11 18:23:13.038  75 83 W channel139887613306624 self_thread_id = 139887613306624, last time delay.time = 8, now count = 121, i = 4
2023-01-11 18:23:13.038  75 83 E channel139887613306624 self_thread_id = 139887613306624, last time delay.time = 8, now count = 121, i = 4
2023-01-11 18:23:13.038  75 83 I channel139887613306624 self_thread_id = 139887613306624, last time delay.time = 8, now count = 129
2023-01-11 18:23:13.038  75 79 I channel139887853844224 self_thread_id = 139887853844224, last time delay.time = 8, now count = 122, i = 4
2023-01-11 18:23:13.038  75 79 I channel139887853844224 self_thread_id = 139887853844224, last time delay.time = 8, now count = 122, i = 4
2023-01-11 18:23:13.038  75 79 W channel139887853844224 self_thread_id = 139887853844224, last time delay.time = 8, now count = 122, i = 4
2023-01-11 18:23:13.038  75 84 I channel139887604913920 self_thread_id = 139887604913920, last time delay.time = 9, now count = 123, i = 4
2023-01-11 18:23:13.038  75 79 E channel139887853844224 self_thread_id = 139887853844224, last time delay.time = 8, now count = 122, i = 4
2023-01-11 18:23:13.038  75 84 I channel139887604913920 self_thread_id = 139887604913920, last time delay.time = 9, now count = 123, i = 4
2023-01-11 18:23:13.038  75 79 I channel139887853844224 self_thread_id = 139887853844224, last time delay.time = 8, now count = 130
2023-01-11 18:23:13.038  75 84 W channel139887604913920 self_thread_id = 139887604913920, last time delay.time = 9, now count = 123, i = 4
2023-01-11 18:23:13.038  75 84 E channel139887604913920 self_thread_id = 139887604913920, last time delay.time = 9, now count = 123, i = 4
2023-01-11 18:23:13.038  75 84 I channel139887604913920 self_thread_id = 139887604913920, last time delay.time = 9, now count = 131
2023-01-11 18:23:13.038  75 77 I channel139887870629632 self_thread_id = 139887870629632, last time delay.time = 10, now count = 128, i = 4
2023-01-11 18:23:13.038  75 80 I channel139887845451520 self_thread_id = 139887845451520, last time delay.time = 9, now count = 125, i = 4
2023-01-11 18:23:13.038  75 77 I channel139887870629632 self_thread_id = 139887870629632, last time delay.time = 10, now count = 128, i = 4
2023-01-11 18:23:13.038  75 78 I channel139887862236928 self_thread_id = 139887862236928, last time delay.time = 8, now count = 126, i = 4
2023-01-11 18:23:13.038  75 77 W channel139887870629632 self_thread_id = 139887870629632, last time delay.time = 10, now count = 128, i = 4
2023-01-11 18:23:13.038  75 77 E channel139887870629632 self_thread_id = 139887870629632, last time delay.time = 10, now count = 128, i = 4
2023-01-11 18:23:13.038  75 81 I channel139887837058816 self_thread_id = 139887837058816, last time delay.time = 11, now count = 124, i = 4
2023-01-11 18:23:13.038  75 78 I channel139887862236928 self_thread_id = 139887862236928, last time delay.time = 8, now count = 126, i = 4
2023-01-11 18:23:13.038  75 80 I channel139887845451520 self_thread_id = 139887845451520, last time delay.time = 9, now count = 125, i = 4
2023-01-11 18:23:13.038  75 78 W channel139887862236928 self_thread_id = 139887862236928, last time delay.time = 8, now count = 126, i = 4
2023-01-11 18:23:13.038  75 81 I channel139887837058816 self_thread_id = 139887837058816, last time delay.time = 11, now count = 124, i = 4
2023-01-11 18:23:13.038  75 81 W channel139887837058816 self_thread_id = 139887837058816, last time delay.time = 11, now count = 124, i = 4
2023-01-11 18:23:13.038  75 80 W channel139887845451520 self_thread_id = 139887845451520, last time delay.time = 9, now count = 125, i = 4
2023-01-11 18:23:13.038  75 78 E channel139887862236928 self_thread_id = 139887862236928, last time delay.time = 8, now count = 126, i = 4
2023-01-11 18:23:13.038  75 80 E channel139887845451520 self_thread_id = 139887845451520, last time delay.time = 9, now count = 125, i = 4
2023-01-11 18:23:13.038  75 81 E channel139887837058816 self_thread_id = 139887837058816, last time delay.time = 11, now count = 124, i = 4
2023-01-11 18:23:13.038  75 81 I channel139887837058816 self_thread_id = 139887837058816, last time delay.time = 11, now count = 135
2023-01-11 18:23:13.038  75 80 I channel139887845451520 self_thread_id = 139887845451520, last time delay.time = 9, now count = 134
2023-01-11 18:23:13.038  75 78 I channel139887862236928 self_thread_id = 139887862236928, last time delay.time = 8, now count = 133
2023-01-11 18:23:13.038  75 77 I channel139887870629632 self_thread_id = 139887870629632, last time delay.time = 10, now count = 132
2023-01-11 18:23:13.038  75 82 I channel139887621699328 self_thread_id = 139887621699328, last time delay.time = 10, now count = 127, i = 4
2023-01-11 18:23:13.038  75 82 I channel139887621699328 self_thread_id = 139887621699328, last time delay.time = 10, now count = 127, i = 4
2023-01-11 18:23:13.038  75 82 W channel139887621699328 self_thread_id = 139887621699328, last time delay.time = 10, now count = 127, i = 4
2023-01-11 18:23:13.038  75 82 E channel139887621699328 self_thread_id = 139887621699328, last time delay.time = 10, now count = 127, i = 4
2023-01-11 18:23:13.039  75 82 I channel139887621699328 self_thread_id = 139887621699328, last time delay.time = 10, now count = 136
2023-01-11 18:23:14.038  75 83 I channel139887613306624 self_thread_id = 139887613306624, last time delay.time = 9, now count = 129, i = 0
2023-01-11 18:23:14.038  75 83 I channel139887613306624 self_thread_id = 139887613306624, last time delay.time = 9, now count = 129, i = 0
2023-01-11 18:23:14.038  75 83 W channel139887613306624 self_thread_id = 139887613306624, last time delay.time = 9, now count = 129, i = 0
2023-01-11 18:23:14.038  75 83 E channel139887613306624 self_thread_id = 139887613306624, last time delay.time = 9, now count = 129, i = 0
2023-01-11 18:23:14.038  75 84 I channel139887604913920 self_thread_id = 139887604913920, last time delay.time = 8, now count = 131, i = 0
2023-01-11 18:23:14.038  75 84 I channel139887604913920 self_thread_id = 139887604913920, last time delay.time = 8, now count = 131, i = 0
2023-01-11 18:23:14.038  75 84 W channel139887604913920 self_thread_id = 139887604913920, last time delay.time = 8, now count = 131, i = 0
2023-01-11 18:23:14.038  75 79 I channel139887853844224 self_thread_id = 139887853844224, last time delay.time = 14, now count = 130, i = 0
2023-01-11 18:23:14.038  75 84 E channel139887604913920 self_thread_id = 139887604913920, last time delay.time = 8, now count = 131, i = 0
2023-01-11 18:23:14.038  75 79 I channel139887853844224 self_thread_id = 139887853844224, last time delay.time = 14, now count = 130, i = 0
2023-01-11 18:23:14.038  75 79 W channel139887853844224 self_thread_id = 139887853844224, last time delay.time = 14, now count = 130, i = 0
2023-01-11 18:23:14.038  75 79 E channel139887853844224 self_thread_id = 139887853844224, last time delay.time = 14, now count = 130, i = 0
2023-01-11 18:23:14.038  75 77 I channel139887870629632 self_thread_id = 139887870629632, last time delay.time = 12, now count = 132, i = 0
2023-01-11 18:23:14.038  75 77 I channel139887870629632 self_thread_id = 139887870629632, last time delay.time = 12, now count = 132, i = 0
2023-01-11 18:23:14.038  75 77 W channel139887870629632 self_thread_id = 139887870629632, last time delay.time = 12, now count = 132, i = 0
2023-01-11 18:23:14.038  75 78 I channel139887862236928 self_thread_id = 139887862236928, last time delay.time = 9, now count = 133, i = 0
2023-01-11 18:23:14.039  75 77 E channel139887870629632 self_thread_id = 139887870629632, last time delay.time = 12, now count = 132, i = 0
2023-01-11 18:23:14.039  75 78 I channel139887862236928 self_thread_id = 139887862236928, last time delay.time = 9, now count = 133, i = 0
2023-01-11 18:23:14.039  75 78 W channel139887862236928 self_thread_id = 139887862236928, last time delay.time = 9, now count = 133, i = 0
2023-01-11 18:23:14.039  75 80 I channel139887845451520 self_thread_id = 139887845451520, last time delay.time = 10, now count = 134, i = 0
2023-01-11 18:23:14.039  75 78 E channel139887862236928 self_thread_id = 139887862236928, last time delay.time = 9, now count = 133, i = 0
2023-01-11 18:23:14.039  75 80 I channel139887845451520 self_thread_id = 139887845451520, last time delay.time = 10, now count = 134, i = 0
2023-01-11 18:23:14.039  75 81 I channel139887837058816 self_thread_id = 139887837058816, last time delay.time = 9, now count = 135, i = 0
2023-01-11 18:23:14.039  75 80 W channel139887845451520 self_thread_id = 139887845451520, last time delay.time = 10, now count = 134, i = 0
2023-01-11 18:23:14.039  75 80 E channel139887845451520 self_thread_id = 139887845451520, last time delay.time = 10, now count = 134, i = 0
2023-01-11 18:23:14.039  75 81 I channel139887837058816 self_thread_id = 139887837058816, last time delay.time = 9, now count = 135, i = 0
2023-01-11 18:23:14.039  75 81 W channel139887837058816 self_thread_id = 139887837058816, last time delay.time = 9, now count = 135, i = 0
2023-01-11 18:23:14.039  75 81 E channel139887837058816 self_thread_id = 139887837058816, last time delay.time = 9, now count = 135, i = 0
2023-01-11 18:23:14.039  75 82 I channel139887621699328 self_thread_id = 139887621699328, last time delay.time = 8, now count = 136, i = 0
2023-01-11 18:23:14.039  75 82 I channel139887621699328 self_thread_id = 139887621699328, last time delay.time = 8, now count = 136, i = 0
2023-01-11 18:23:14.039  75 82 W channel139887621699328 self_thread_id = 139887621699328, last time delay.time = 8, now count = 136, i = 0
2023-01-11 18:23:14.039  75 82 E channel139887621699328 self_thread_id = 139887621699328, last time delay.time = 8, now count = 136, i = 0
2023-01-11 18:23:15.038  75 83 I channel139887613306624 self_thread_id = 139887613306624, last time delay.time = 9, now count = 129, i = 1
2023-01-11 18:23:15.038  75 83 I channel139887613306624 self_thread_id = 139887613306624, last time delay.time = 9, now count = 129, i = 1
2023-01-11 18:23:15.038  75 83 W channel139887613306624 self_thread_id = 139887613306624, last time delay.time = 9, now count = 129, i = 1
2023-01-11 18:23:15.038  75 83 E channel139887613306624 self_thread_id = 139887613306624, last time delay.time = 9, now count = 129, i = 1
2023-01-11 18:23:15.038  75 79 I channel139887853844224 self_thread_id = 139887853844224, last time delay.time = 14, now count = 130, i = 1
2023-01-11 18:23:15.038  75 79 I channel139887853844224 self_thread_id = 139887853844224, last time delay.time = 14, now count = 130, i = 1
2023-01-11 18:23:15.038  75 84 I channel139887604913920 self_thread_id = 139887604913920, last time delay.time = 8, now count = 131, i = 1
2023-01-11 18:23:15.038  75 79 W channel139887853844224 self_thread_id = 139887853844224, last time delay.time = 14, now count = 130, i = 1
2023-01-11 18:23:15.038  75 79 E channel139887853844224 self_thread_id = 139887853844224, last time delay.time = 14, now count = 130, i = 1
2023-01-11 18:23:15.038  75 84 I channel139887604913920 self_thread_id = 139887604913920, last time delay.time = 8, now count = 131, i = 1
2023-01-11 18:23:15.038  75 84 W channel139887604913920 self_thread_id = 139887604913920, last time delay.time = 8, now count = 131, i = 1
2023-01-11 18:23:15.038  75 84 E channel139887604913920 self_thread_id = 139887604913920, last time delay.time = 8, now count = 131, i = 1
2023-01-11 18:23:15.039  75 77 I channel139887870629632 self_thread_id = 139887870629632, last time delay.time = 12, now count = 132, i = 1
2023-01-11 18:23:15.039  75 77 I channel139887870629632 self_thread_id = 139887870629632, last time delay.time = 12, now count = 132, i = 1
2023-01-11 18:23:15.039  75 77 W channel139887870629632 self_thread_id = 139887870629632, last time delay.time = 12, now count = 132, i = 1
2023-01-11 18:23:15.039  75 77 E channel139887870629632 self_thread_id = 139887870629632, last time delay.time = 12, now count = 132, i = 1
2023-01-11 18:23:15.039  75 78 I channel139887862236928 self_thread_id = 139887862236928, last time delay.time = 9, now count = 133, i = 1
2023-01-11 18:23:15.039  75 78 I channel139887862236928 self_thread_id = 139887862236928, last time delay.time = 9, now count = 133, i = 1
2023-01-11 18:23:15.039  75 78 W channel139887862236928 self_thread_id = 139887862236928, last time delay.time = 9, now count = 133, i = 1
2023-01-11 18:23:15.039  75 80 I channel139887845451520 self_thread_id = 139887845451520, last time delay.time = 10, now count = 134, i = 1
2023-01-11 18:23:15.039  75 78 E channel139887862236928 self_thread_id = 139887862236928, last time delay.time = 9, now count = 133, i = 1
