2023-01-11 18:22:44.033  75 79 W channel139887853844224 self_thread_id = 139887853844224, last time delay.time = 9, now count = 83, i = 0
2023-01-11 18:22:44.033  75 79 E channel139887853844224 self_thread_id = 139887853844224, last time delay.time = 9, now count = 83, i = 0
2023-01-11 18:22:44.033  75 83 I channel139887613306624 self_thread_id = 139887613306624, last time delay.time = 11, now count = 84, i = 0
2023-01-11 18:22:44.033  75 81 I channel139887837058816 self_thread_id = 139887837058816, last time delay.time = 9, now count = 85, i = 0
2023-01-11 18:22:44.033  75 83 I channel139887613306624 self_thread_id = 139887613306624, last time delay.time = 11, now count = 84, i = 0
2023-01-11 18:22:44.033  75 83 W channel139887613306624 self_thread_id = 139887613306624, last time delay.time = 11, now count = 84, i = 0
2023-01-11 18:22:44.033  75 81 I channel139887837058816 self_thread_id = 139887837058816, last time delay.time = 9, now count = 85, i = 0
2023-01-11 18:22:44.033  75 80 I channel139887845451520 self_thread_id = 139887845451520, last time delay.time = 8, now count = 86, i = 0
2023-01-11 18:22:44.033  75 83 E channel139887613306624 self_thread_id = 139887613306624, last time delay.time = 11, now count = 84, i = 0
2023-01-11 18:22:44.033  75 81 W channel139887837058816 self_thread_id = 139887837058816, last time delay.time = 9, now count = 85, i = 0
2023-01-11 18:22:44.033  75 80 I channel139887845451520 self_thread_id = 139887845451520, last time delay.time = 8, now count = 86, i = 0
2023-01-11 18:22:44.033  75 80 W channel139887845451520 self_thread_id = 139887845451520, last time delay.time = 8, now count = 86, i = 0
2023-01-11 18:22:44.033  75 81 E channel139887837058816 self_thread_id = 139887837058816, last time delay.time = 9, now count = 85, i = 0
2023-01-11 18:22:44.033  75 80 E channel139887845451520 self_thread_id = 139887845451520, last time delay.time = 8, now count = 86, i = 0
2023-01-11 18:22:44.033  75 77 I channel139887870629632 self_thread_id = 139887870629632, last time delay.time = 9, now count = 87, i = 0
2023-01-11 18:22:44.033  75 78 I channel139887862236928 self_thread_id = 139887862236928, last time delay.time = 10, now count = 88, i = 0
2023-01-11 18:22:44.033  75 77 I channel139887870629632 self_thread_id = 139887870629632, last time delay.time = 9, now count = 87, i = 0
2023-01-11 18:22:44.033  75 78 I channel139887862236928 self_thread_id = 139887862236928, last time delay.time = 10, now count = 88, i = 0
2023-01-11 18:22:44.033  75 77 W channel139887870629632 self_thread_id = 139887870629632, last time delay.time = 9, now count = 87, i = 0
2023-01-11 18:22:44.033  75 78 W channel139887862236928 self_thread_id = 139887862236928, last time delay.time = 10, now count = 88, i = 0
2023-01-11 18:22:44.033  75 77 E channel139887870629632 self_thread_id = 139887870629632, last time delay.time = 9, now count = 87, i = 0
2023-01-11 18:22:44.033  75 78 E channel139887862236928 self_thread_id = 139887862236928, last time delay.time = 10, now count = 88, i = 0
2023-01-11 18:22:45.033  75 82 I channel139887621699328 self_thread_id = 139887621699328, last time delay.time = 9, now count = 82, i = 1
2023-01-11 18:22:45.033  75 84 I channel139887604913920 self_thread_id = 139887604913920, last time delay.time = 10, now count = 81, i = 1
2023-01-11 18:22:45.033  75 82 I channel139887621699328 self_thread_id = 139887621699328, last time delay.time = 9, now count = 82, i = 1
2023-01-11 18:22:45.033  75 84 I channel139887604913920 self_thread_id = 139887604913920, last time delay.time = 10, now count = 81, i = 1
2023-01-11 18:22:45.033  75 82 W channel139887621699328 self_thread_id = 139887621699328, last time delay.time = 9, now count = 82, i = 1
2023-01-11 18:22:45.033  75 84 W channel139887604913920 self_thread_id = 139887604913920, last time delay.time = 10, now count = 81, i = 1
2023-01-11 18:22:45.033  75 82 E channel139887621699328 self_thread_id = 139887621699328, last time delay.time = 9, now count = 82, i = 1
2023-01-11 18:22:45.033  75 84 E channel139887604913920 self_thread_id = 139887604913920, last time delay.time = 10, now count = 81, i = 1
2023-01-11 18:22:45.033  75 79 I channel139887853844224 self_thread_id = 139887853844224, last time delay.time = 9, now count = 83, i = 1
2023-01-11 18:22:45.033  75 79 I channel139887853844224 self_thread_id = 139887853844224, last time delay.time = 9, now count = 83, i = 1
2023-01-11 18:22:45.033  75 79 W channel139887853844224 self_thread_id = 139887853844224, last time delay.time = 9, now count = 83, i = 1
2023-01-11 18:22:45.033  75 79 E channel139887853844224 self_thread_id = 139887853844224, last time delay.time = 9, now count = 83, i = 1
2023-01-11 18:22:45.033  75 83 I channel139887613306624 self_thread_id = 139887613306624, last time delay.time = 11, now count = 84, i = 1
2023-01-11 18:22:45.033  75 83 I channel139887613306624 self_thread_id = 139887613306624, last time delay.time = 11, now count = 84, i = 1
2023-01-11 18:22:45.033  75 83 W channel139887613306624 self_thread_id = 139887613306624, last time delay.time = 11, now count = 84, i = 1
2023-01-11 18:22:45.033  75 81 I channel139887837058816 self_thread_id = 139887837058816, last time delay.time = 9, now count = 85, i = 1
2023-01-11 18:22:45.033  75 83 E channel139887613306624 self_thread_id = 139887613306624, last time delay.time = 11, now count = 84, i = 1
2023-01-11 18:22:45.033  75 81 I channel139887837058816 self_thread_id = 139887837058816, last time delay.time = 9, now count = 85, i = 1
2023-01-11 18:22:45.033  75 81 W channel139887837058816 self_thread_id = 139887837058816, last time delay.time = 9, now count = 85, i = 1
2023-01-11 18:22:45.033  75 80 I channel139887845451520 self_thread_id = 139887845451520, last time delay.time = 8, now count = 86, i = 1
2023-01-11 18:22:45.033  75 81 E channel139887837058816 self_thread_id = 139887837058816, last time delay.time = 9, now count = 85, i = 1
2023-01-11 18:22:45.033  75 80 I channel139887845451520 self_thread_id = 139887845451520, last time delay.time = 8, now count = 86, i = 1
2023-01-11 18:22:45.033  75 80 W channel139887845451520 self_thread_id = 139887845451520, last time delay.time = 8, now count = 86, i = 1
2023-01-11 18:22:45.033  75 80 E channel139887845451520 self_thread_id = 139887845451520, last time delay.time = 8, now count = 86, i = 1
2023-01-11 18:22:45.033  75 77 I channel139887870629632 self_thread_id = 139887870629632, last time delay.time = 9, now count = 87, i = 1
2023-01-11 18:22:45.033  75 77 I channel139887870629632 self_thread_id = 139887870629632, last time delay.time = 9, now count = 87, i = 1
2023-01-11 18:22:45.033  75 77 W channel139887870629632 self_thread_id = 139887870629632, last time delay.time = 9, now count = 87, i = 1
2023-01-11 18:22:45.033  75 78 I channel139887862236928 self_thread_id = 139887862236928, last time delay.time = 10, now count = 88, i = 1
2023-01-11 18:22:45.033  75 77 E channel139887870629632 self_thread_id = 139887870629632, last time delay.time = 9, now count = 87, i = 1
2023-01-11 18:22:45.033  75 78 I channel139887862236928 self_thread_id = 139887862236928, last time delay.time = 10, now count = 88, i = 1
2023-01-11 18:22:45.033  75 78 W channel139887862236928 self_thread_id = 139887862236928, last time delay.time = 10, now count = 88, i = 1
2023-01-11 18:22:45.033  75 78 E channel139887862236928 self_thread_id = 139887862236928, last time delay.time = 10, now count = 88, i = 1
2023-01-11 18:22:46.033  75 82 I channel139887621699328 self_thread_id = 139887621699328, last time delay.time = 9, now count = 82, i = 2
2023-01-11 18:22:46.033  75 82 I channel139887621699328 self_thread_id = 139887621699328, last time delay.time = 9, now count = 82, i = 2
2023-01-11 18:22:46.033  75 82 W channel139887621699328 self_thread_id = 139887621699328, last time delay.time = 9, now count = 82, i = 2
2023-01-11 18:22:46.033  75 82 E channel139887621699328 self_thread_id = 139887621699328, last time delay.time = 9, now count = 82, i = 2
2023-01-11 18:22:46.033  75 84 I channel139887604913920 self_thread_id = 139887604913920, last time delay.time = 10, now count = 81, i = 2
2023-01-11 18:22:46.033  75 84 I channel139887604913920 self_thread_id = 139887604913920, last time delay.time = 10, now count = 81, i = 2
2023-01-11 18:22:46.033  75 84 W channel139887604913920 self_thread_id = 139887604913920, last time delay.time = 10, now count = 81, i = 2
2023-01-11 18:22:46.033  75 84 E channel139887604913920 self_thread_id = 139887604913920, last time delay.time = 10, now count = 81, i = 2
2023-01-11 18:22:46.033  75 79 I channel139887853844224 self_thread_id = 139887853844224, last time delay.time = 9, now count = 83, i = 2
2023-01-11 18:22:46.033  75 79 I channel139887853844224 self_thread_id = 139887853844224, last time delay.time = 9, now count = 83, i = 2
2023-01-11 18:22:46.033  75 79 W channel139887853844224 self_thread_id = 139887853844224, last time delay.time = 9, now count = 83, i = 2
2023-01-11 18:22:46.033  75 79 E channel139887853844224 self_thread_id = 139887853844224, last time delay.time = 9, now count = 83, i = 2
2023-01-11 18:22:46.033  75 83 I channel139887613306624 self_thread_id = 139887613306624, last time delay.time = 11, now count = 84, i = 2
2023-01-11 18:22:46.033  75 81 I channel139887837058816 self_thread_id = 139887837058816, last time delay.time = 9, now count = 85, i = 2
2023-01-11 18:22:46.033  75 83 I channel139887613306624 self_thread_id = 139887613306624, last time delay.time = 11, now count = 84, i = 2
2023-01-11 18:22:46.033  75 81 I channel139887837058816 self_thread_id = 139887837058816, last time delay.time = 9, now count = 85, i = 2
2023-01-11 18:22:46.033  75 83 W channel139887613306624 self_thread_id = 139887613306624, last time delay.time = 11, now count = 84, i = 2
2023-01-11 18:22:46.033  75 81 W channel139887837058816 self_thread_id = 139887837058816, last time delay.time = 9, now count = 85, i = 2
2023-01-11 18:22:46.033  75 80 I channel139887845451520 self_thread_id = 139887845451520, last time delay.time = 8, now count = 86, i = 2
2023-01-11 18:22:46.033  75 83 E channel139887613306624 self_thread_id = 139887613306624, last time delay.time = 11, now count = 84, i = 2
2023-01-11 18:22:46.033  75 81 E channel139887837058816 self_thread_id = 139887837058816, last time delay.time = 9, now count = 85, i = 2
2023-01-11 18:22:46.033  75 80 I channel139887845451520 self_thread_id = 139887845451520, last time delay.time = 8, now count = 86, i = 2
2023-01-11 18:22:46.033  75 80 W channel139887845451520 self_thread_id = 139887845451520, last time delay.time = 8, now count = 86, i = 2
2023-01-11 18:22:46.033  75 80 E channel139887845451520 self_thread_id = 139887845451520, last time delay.time = 8, now count = 86, i = 2
2023-01-11 18:22:46.033  75 77 I channel139887870629632 self_thread_id = 139887870629632, last time delay.time = 9, now count = 87, i = 2
2023-01-11 18:22:46.033  75 77 I channel139887870629632 self_thread_id = 139887870629632, last time delay.time = 9, now count = 87, i = 2
2023-01-11 18:22:46.033  75 78 I channel139887862236928 self_thread_id = 139887862236928, last time delay.time = 10, now count = 88, i = 2
2023-01-11 18:22:46.033  75 77 W channel139887870629632 self_thread_id = 139887870629632, last time delay.time = 9, now count = 87, i = 2
2023-01-11 18:22:46.033  75 77 E channel139887870629632 self_thread_id = 139887870629632, last time delay.time = 9, now count = 87, i = 2
2023-01-11 18:22:46.033  75 78 I channel139887862236928 self_thread_id = 139887862236928, last time delay.time = 10, now count = 88, i = 2
2023-01-11 18:22:46.033  75 78 W channel139887862236928 self_thread_id = 139887862236928, last time delay.time = 10, now count = 88, i = 2
2023-01-11 18:22:46.033  75 78 E channel139887862236928 self_thread_id = 139887862236928, last time delay.time = 10, now count = 88, i = 2
2023-01-11 18:22:46.564  75 75 I APP.tag TestComponent::Proc
2023-01-11 18:22:46.564  75 75 I APP.tag ****************test INFO begin****************
2023-01-11 18:22:46.564  75 75 I APP.tag 测试 index = 944组
2023-01-11 18:22:46.564  75 75 E APP.tag 循环计数 i = 1次
2023-01-11 18:22:46.564  75 75 I APP.tag test LOG_Trace()
2023-01-11 18:22:46.564  75 75 I vscode 循环计数 i = 1次,test LOG_Channel_Trace()
2023-01-11 18:22:46.564  75 75 E APP.tag 循环计数 i = 2次
2023-01-11 18:22:46.564  75 75 E APP.tag 循环计数 i = 3次
2023-01-11 18:22:46.564  75 75 I APP.tag test LOG_Info()
2023-01-11 18:22:46.564  75 75 I baidu 循环计数 i = 3次,test LOG_Channel_Info()
2023-01-11 18:22:46.564  75 75 E APP.tag 循环计数 i = 4次
2023-01-11 18:22:46.564  75 75 W APP.tag test LOG_Warn()
2023-01-11 18:22:46.564  75 75 W google 循环计数 i = 4次,test LOG_Channel_Warn()
2023-01-11 18:22:46.564  75 75 E APP.tag 循环计数 i = 5次
2023-01-11 18:22:46.564  75 75 E APP.tag test LOG_Error()
2023-01-11 18:22:46.564  75 75 E visio 循环计数 i = 5次,test LOG_Channel_Error()
2023-01-11 18:22:46.564  75 75 I APP.tag print coredump DataLen:2 Data[01 00]
2023-01-11 18:22:46.564  75 75 W coredump 0x0000000a 0a 00 00 00 0b 00 00 00 0c 00 00 00 0d 00 00 00 0e 00 00 00
2023-01-11 18:22:46.564  75 75 I APP.tag ****************test INFO end****************
2023-01-11 18:22:47.033  75 84 I channel139887604913920 self_thread_id = 139887604913920, last time delay.time = 10, now count = 81, i = 3
2023-01-11 18:22:47.033  75 82 I channel139887621699328 self_thread_id = 139887621699328, last time delay.time = 9, now count = 82, i = 3
2023-01-11 18:22:47.033  75 84 I channel139887604913920 self_thread_id = 139887604913920, last time delay.time = 10, now count = 81, i = 3
2023-01-11 18:22:47.033  75 82 I channel139887621699328 self_thread_id = 139887621699328, last time delay.time = 9, now count = 82, i = 3
2023-01-11 18:22:47.033  75 84 W channel139887604913920 self_thread_id = 139887604913920, last time delay.time = 10, now count = 81, i = 3
2023-01-11 18:22:47.033  75 82 W channel139887621699328 self_thread_id = 139887621699328, last time delay.time = 9, now count = 82, i = 3
2023-01-11 18:22:47.033  75 84 E channel139887604913920 self_thread_id = 139887604913920, last time delay.time = 10, now count = 81, i = 3
2023-01-11 18:22:47.033  75 82 E channel139887621699328 self_thread_id = 139887621699328, last time delay.time = 9, now count = 82, i = 3
2023-01-11 18:22:47.033  75 79 I channel139887853844224 self_thread_id = 139887853844224, last time delay.time = 9, now count = 83, i = 3
2023-01-11 18:22:47.033  75 79 I channel139887853844224 self_thread_id = 139887853844224, last time delay.time = 9, now count = 83, i = 3
2023-01-11 18:22:47.033  75 79 W channel139887853844224 self_thread_id = 139887853844224, last time delay.time = 9, now count = 83, i = 3
2023-01-11 18:22:47.033  75 79 E channel139887853844224 self_thread_id = 139887853844224, last time delay.time = 9, now count = 83, i = 3
2023-01-11 18:22:47.033  75 83 I channel139887613306624 self_thread_id = 139887613306624, last time delay.time = 11, now count = 84, i = 3
2023-01-11 18:22:47.033  75 80 I channel139887845451520 self_thread_id = 139887845451520, last time delay.time = 8, now count = 86, i = 3
2023-01-11 18:22:47.033  75 83 I channel139887613306624 self_thread_id = 139887613306624, last time delay.time = 11, now count = 84, i = 3
2023-01-11 18:22:47.033  75 83 W channel139887613306624 self_thread_id = 139887613306624, last time delay.time = 11, now count = 84, i = 3
2023-01-11 18:22:47.033  75 80 I channel139887845451520 self_thread_id = 139887845451520, last time delay.time = 8, now count = 86, i = 3
2023-01-11 18:22:47.033  75 83 E channel139887613306624 self_thread_id = 139887613306624, last time delay.time = 11, now count = 84, i = 3
2023-01-11 18:22:47.033  75 80 W channel139887845451520 self_thread_id = 139887845451520, last time delay.time = 8, now count = 86, i = 3
2023-01-11 18:22:47.033  75 80 E channel139887845451520 self_thread_id = 139887845451520, last time delay.time = 8, now count = 86, i = 3
2023-01-11 18:22:47.033  75 81 I channel139887837058816 self_thread_id = 139887837058816, last time delay.time = 9, now count = 85, i = 3
2023-01-11 18:22:47.034  75 81 I channel139887837058816 self_thread_id = 139887837058816, last time delay.time = 9, now count = 85, i = 3
2023-01-11 18:22:47.034  75 81 W channel139887837058816 self_thread_id = 139887837058816, last time delay.time = 9, now count = 85, i = 3
2023-01-11 18:22:47.034  75 81 E channel139887837058816 self_thread_id = 139887837058816, last time delay.time = 9, now count = 85, i = 3
2023-01-11 18:22:47.034  75 77 I channel139887870629632 self_thread_id = 139887870629632, last time delay.time = 9, now count = 87, i = 3
2023-01-11 18:22:47.034  75 77 I channel139887870629632 self_thread_id = 139887870629632, last time delay.time = 9, now count = 87, i = 3
2023-01-11 18:22:47.034  75 77 W channel139887870629632 self_thread_id = 139887870629632, last time delay.time = 9, now count = 87, i = 3
2023-01-11 18:22:47.034  75 77 E channel139887870629632 self_thread_id = 139887870629632, last time delay.time = 9, now count = 87, i = 3
2023-01-11 18:22:47.034  75 78 I channel139887862236928 self_thread_id = 139887862236928, last time delay.time = 10, now count = 88, i = 3
2023-01-11 18:22:47.034  75 78 I channel139887862236928 self_thread_id = 139887862236928, last time delay.time = 10, now count = 88, i = 3
2023-01-11 18:22:47.034  75 78 W channel139887862236928 self_thread_id = 139887862236928, last time delay.time = 10, now count = 88, i = 3
2023-01-11 18:22:47.034  75 78 E channel139887862236928 self_thread_id = 139887862236928, last time delay.time = 10, now count = 88, i = 3
2023-01-11 18:22:48.033  75 84 I channel139887604913920 self_thread_id = 139887604913920, last time delay.time = 10, now count = 81, i = 4
2023-01-11 18:22:48.033  75 84 I channel139887604913920 self_thread_id = 139887604913920, last time delay.time = 10, now count = 81, i = 4
2023-01-11 18:22:48.033  75 84 W channel139887604913920 self_thread_id = 139887604913920, last time delay.time = 10, now count = 81, i = 4
2023-01-11 18:22:48.033  75 82 I channel139887621699328 self_thread_id = 139887621699328, last time delay.time = 9, now count = 82, i = 4
2023-01-11 18:22:48.033  75 84 E channel139887604913920 self_thread_id = 139887604913920, last time delay.time = 10, now count = 81, i = 4
2023-01-11 18:22:48.033  75 82 I channel139887621699328 self_thread_id = 139887621699328, last time delay.time = 9, now count = 82, i = 4
2023-01-11 18:22:48.033  75 84 I channel139887604913920 self_thread_id = 139887604913920, last time delay.time = 10, now count = 89
2023-01-11 18:22:48.033  75 82 W channel139887621699328 self_thread_id = 139887621699328, last time delay.time = 9, now count = 82, i = 4
2023-01-11 18:22:48.033  75 82 E channel139887621699328 self_thread_id = 139887621699328, last time delay.time = 9, now count = 82, i = 4
2023-01-11 18:22:48.033  75 79 I channel139887853844224 self_thread_id = 139887853844224, last time delay.time = 9, now count = 83, i = 4
2023-01-11 18:22:48.033  75 82 I channel139887621699328 self_thread_id = 139887621699328, last time delay.time = 9, now count = 90
2023-01-11 18:22:48.033  75 79 I channel139887853844224 self_thread_id = 139887853844224, last time delay.time = 9, now count = 83, i = 4
2023-01-11 18:22:48.033  75 79 W channel139887853844224 self_thread_id = 139887853844224, last time delay.time = 9, now count = 83, i = 4
2023-01-11 18:22:48.033  75 79 E channel139887853844224 self_thread_id = 139887853844224, last time delay.time = 9, now count = 83, i = 4
2023-01-11 18:22:48.033  75 79 I channel139887853844224 self_thread_id = 139887853844224, last time delay.time = 9, now count = 91
2023-01-11 18:22:48.034  75 83 I channel139887613306624 self_thread_id = 139887613306624, last time delay.time = 11, now count = 84, i = 4
2023-01-11 18:22:48.034  75 83 I channel139887613306624 self_thread_id = 139887613306624, last time delay.time = 11, now count = 84, i = 4
2023-01-11 18:22:48.034  75 83 W channel139887613306624 self_thread_id = 139887613306624, last time delay.time = 11, now count = 84, i = 4
2023-01-11 18:22:48.034  75 80 I channel139887845451520 self_thread_id = 139887845451520, last time delay.time = 8, now count = 86, i = 4
2023-01-11 18:22:48.034  75 83 E channel139887613306624 self_thread_id = 139887613306624, last time delay.time = 11, now count = 84, i = 4
2023-01-11 18:22:48.034  75 83 I channel139887613306624 self_thread_id = 139887613306624, last time delay.time = 11, now count = 92
2023-01-11 18:22:48.034  75 80 I channel139887845451520 self_thread_id = 139887845451520, last time delay.time = 8, now count = 86, i = 4
2023-01-11 18:22:48.034  75 80 W channel139887845451520 self_thread_id = 139887845451520, last time delay.time = 8, now count = 86, i = 4
2023-01-11 18:22:48.034  75 80 E channel139887845451520 self_thread_id = 139887845451520, last time delay.time = 8, now count = 86, i = 4
2023-01-11 18:22:48.034  75 80 I channel139887845451520 self_thread_id = 139887845451520, last time delay.time = 8, now count = 93
2023-01-11 18:22:48.034  75 81 I channel139887837058816 self_thread_id = 139887837058816, last time delay.time = 9, now count = 85, i = 4
2023-01-11 18:22:48.034  75 81 I channel139887837058816 self_thread_id = 139887837058816, last time delay.time = 9, now count = 85, i = 4
2023-01-11 18:22:48.034  75 81 W channel139887837058816 self_thread_id = 139887837058816, last time delay.time = 9, now count = 85, i = 4
2023-01-11 18:22:48.034  75 81 E channel139887837058816 self_thread_id = 139887837058816, last time delay.time = 9, now count = 85, i = 4
2023-01-11 18:22:48.034  75 77 I channel139887870629632 self_thread_id = 139887870629632, last time delay.time = 9, now count = 87, i = 4
2023-01-11 18:22:48.034  75 77 I channel139887870629632 self_thread_id = 139887870629632, last time delay.time = 9, now count = 87, i = 4
2023-01-11 18:22:48.034  75 78 I channel139887862236928 self_thread_id = 139887862236928, last time delay.time = 10, now count = 88, i = 4
2023-01-11 18:22:48.034  75 81 I channel139887837058816 self_thread_id = 139887837058816, last time delay.time = 9, now count = 94
2023-01-11 18:22:48.034  75 77 W channel139887870629632 self_thread_id = 139887870629632, last time delay.time = 9, now count = 87, i = 4
2023-01-11 18:22:48.034  75 78 I channel139887862236928 self_thread_id = 139887862236928, last time delay.time = 10, now count = 88, i = 4
2023-01-11 18:22:48.034  75 77 E channel139887870629632 self_thread_id = 139887870629632, last time delay.time = 9, now count = 87, i = 4
2023-01-11 18:22:48.034  75 78 W channel139887862236928 self_thread_id = 139887862236928, last time delay.time = 10, now count = 88, i = 4
2023-01-11 18:22:48.034  75 77 I channel139887870629632 self_thread_id = 139887870629632, last time delay.time = 9, now count = 95
2023-01-11 18:22:48.034  75 78 E channel139887862236928 self_thread_id = 139887862236928, last time delay.time = 10, now count = 88, i = 4
2023-01-11 18:22:48.034  75 78 I channel139887862236928 self_thread_id = 139887862236928, last time delay.time = 10, now count = 96
2023-01-11 18:22:49.034  75 84 I channel139887604913920 self_thread_id = 139887604913920, last time delay.time = 9, now count = 89, i = 0
2023-01-11 18:22:49.034  75 84 I channel139887604913920 self_thread_id = 139887604913920, last time delay.time = 9, now count = 89, i = 0
2023-01-11 18:22:49.034  75 82 I channel139887621699328 self_thread_id = 139887621699328, last time delay.time = 26, now count = 90, i = 0
2023-01-11 18:22:49.034  75 84 W channel139887604913920 self_thread_id = 139887604913920, last time delay.time = 9, now count = 89, i = 0
2023-01-11 18:22:49.034  75 84 E channel139887604913920 self_thread_id = 139887604913920, last time delay.time = 9, now count = 89, i = 0
2023-01-11 18:22:49.034  75 82 I channel139887621699328 self_thread_id = 139887621699328, last time delay.time = 26, now count = 90, i = 0
2023-01-11 18:22:49.034  75 79 I channel139887853844224 self_thread_id = 139887853844224, last time delay.time = 8, now count = 91, i = 0
2023-01-11 18:22:49.034  75 82 W channel139887621699328 self_thread_id = 139887621699328, last time delay.time = 26, now count = 90, i = 0
2023-01-11 18:22:49.034  75 79 I channel139887853844224 self_thread_id = 139887853844224, last time delay.time = 8, now count = 91, i = 0
2023-01-11 18:22:49.034  75 82 E channel139887621699328 self_thread_id = 139887621699328, last time delay.time = 26, now count = 90, i = 0
2023-01-11 18:22:49.034  75 79 W channel139887853844224 self_thread_id = 139887853844224, last time delay.time = 8, now count = 91, i = 0
2023-01-11 18:22:49.034  75 79 E channel139887853844224 self_thread_id = 139887853844224, last time delay.time = 8, now count = 91, i = 0
2023-01-11 18:22:49.034  75 83 I channel139887613306624 self_thread_id = 139887613306624, last time delay.time = 9, now count = 92, i = 0
2023-01-11 18:22:49.034  75 83 I channel139887613306624 self_thread_id = 139887613306624, last time delay.time = 9, now count = 92, i = 0
2023-01-11 18:22:49.034  75 83 W channel139887613306624 self_thread_id = 139887613306624, last time delay.time = 9, now count = 92, i = 0
2023-01-11 18:22:49.034  75 83 E channel139887613306624 self_thread_id = 139887613306624, last time delay.time = 9, now count = 92, i = 0
2023-01-11 18:22:49.034  75 80 I channel139887845451520 self_thread_id = 139887845451520, last time delay.time = 8, now count = 93, i = 0
2023-01-11 18:22:49.034  75 80 I channel139887845451520 self_thread_id = 139887845451520, last time delay.time = 8, now count = 93, i = 0
2023-01-11 18:22:49.034  75 81 I channel139887837058816 self_thread_id = 139887837058816, last time delay.time = 27, now count = 94, i = 0
2023-01-11 18:22:49.034  75 81 I channel139887837058816 self_thread_id = 139887837058816, last time delay.time = 27, now count = 94, i = 0
2023-01-11 18:22:49.034  75 77 I channel139887870629632 self_thread_id = 139887870629632, last time delay.time = 10, now count = 95, i = 0
2023-01-11 18:22:49.034  75 81 W channel139887837058816 self_thread_id = 139887837058816, last time delay.time = 27, now count = 94, i = 0
2023-01-11 18:22:49.034  75 80 W channel139887845451520 self_thread_id = 139887845451520, last time delay.time = 8, now count = 93, i = 0
2023-01-11 18:22:49.034  75 80 E channel139887845451520 self_thread_id = 139887845451520, last time delay.time = 8, now count = 93, i = 0
2023-01-11 18:22:49.034  75 81 E channel139887837058816 self_thread_id = 139887837058816, last time delay.time = 27, now count = 94, i = 0
2023-01-11 18:22:49.034  75 77 I channel139887870629632 self_thread_id = 139887870629632, last time delay.time = 10, now count = 95, i = 0
2023-01-11 18:22:49.034  75 77 W channel139887870629632 self_thread_id = 139887870629632, last time delay.time = 10, now count = 95, i = 0
2023-01-11 18:22:49.034  75 77 E channel139887870629632 self_thread_id = 139887870629632, last time delay.time = 10, now count = 95, i = 0
2023-01-11 18:22:49.034  75 78 I channel139887862236928 self_thread_id = 139887862236928, last time delay.time = 7, now count = 96, i = 0
2023-01-11 18:22:49.034  75 78 I channel139887862236928 self_thread_id = 139887862236928, last time delay.time = 7, now count = 96, i = 0
2023-01-11 18:22:49.034  75 78 W channel139887862236928 self_thread_id = 139887862236928, last time delay.time = 7, now count = 96, i = 0
2023-01-11 18:22:49.034  75 78 E channel139887862236928 self_thread_id = 139887862236928, last time delay.time = 7, now count = 96, i = 0
2023-01-11 18:22:50.034  75 84 I channel139887604913920 self_thread_id = 139887604913920, last time delay.time = 9, now count = 89, i = 1
2023-01-11 18:22:50.034  75 84 I channel139887604913920 self_thread_id = 139887604913920, last time delay.time = 9, now count = 89, i = 1
2023-01-11 18:22:50.034  75 79 I channel139887853844224 self_thread_id = 139887853844224, last time delay.time = 8, now count = 91, i = 1
2023-01-11 18:22:50.034  75 82 I channel139887621699328 self_thread_id = 139887621699328, last time delay.time = 26, now count = 90, i = 1
2023-01-11 18:22:50.034  75 84 W channel139887604913920 self_thread_id = 139887604913920, last time delay.time = 9, now count = 89, i = 1
2023-01-11 18:22:50.034  75 79 I channel139887853844224 self_thread_id = 139887853844224, last time delay.time = 8, now count = 91, i = 1
2023-01-11 18:22:50.034  75 84 E channel139887604913920 self_thread_id = 139887604913920, last time delay.time = 9, now count = 89, i = 1
2023-01-11 18:22:50.034  75 82 I channel139887621699328 self_thread_id = 139887621699328, last time delay.time = 26, now count = 90, i = 1
2023-01-11 18:22:50.034  75 82 W channel139887621699328 self_thread_id = 139887621699328, last time delay.time = 26, now count = 90, i = 1
2023-01-11 18:22:50.034  75 79 W channel139887853844224 self_thread_id = 139887853844224, last time delay.time = 8, now count = 91, i = 1
2023-01-11 18:22:50.034  75 79 E channel139887853844224 self_thread_id = 139887853844224, last time delay.time = 8, now count = 91, i = 1
2023-01-11 18:22:50.034  75 82 E channel139887621699328 self_thread_id = 139887621699328, last time delay.time = 26, now count = 90, i = 1
2023-01-11 18:22:50.034  75 83 I channel139887613306624 self_thread_id = 139887613306624, last time delay.time = 9, now count = 92, i = 1
2023-01-11 18:22:50.034  75 83 I channel139887613306624 self_thread_id = 139887613306624, last time delay.time = 9, now count = 92, i = 1
2023-01-11 18:22:50.034  75 83 W channel139887613306624 self_thread_id = 139887613306624, last time delay.time = 9, now count = 92, i = 1
2023-01-11 18:22:50.034  75 83 E channel139887613306624 self_thread_id = 139887613306624, last time delay.time = 9, now count = 92, i = 1
2023-01-11 18:22:50.034  75 81 I channel139887837058816 self_thread_id = 139887837058816, last time delay.time = 27, now count = 94, i = 1
2023-01-11 18:22:50.034  75 81 I channel139887837058816 self_thread_id = 139887837058816, last time delay.time = 27, now count = 94, i = 1
2023-01-11 18:22:50.034  75 81 W channel139887837058816 self_thread_id = 139887837058816, last time delay.time = 27, now count = 94, i = 1
2023-01-11 18:22:50.034  75 81 E channel139887837058816 self_thread_id = 139887837058816, last time delay.time = 27, now count = 94, i = 1
2023-01-11 18:22:50.034  75 80 I channel139887845451520 self_thread_id = 139887845451520, last time delay.time = 8, now count = 93, i = 1
2023-01-11 18:22:50.034  75 80 I channel139887845451520 self_thread_id = 139887845451520, last time delay.time = 8, now count = 93, i = 1
2023-01-11 18:22:50.034  75 80 W channel139887845451520 self_thread_id = 139887845451520, last time delay.time = 8, now count = 93, i = 1
2023-01-11 18:22:50.034  75 80 E channel139887845451520 self_thread_id = 139887845451520, last time delay.time = 8, now count = 93, i = 1
2023-01-11 18:22:50.034  75 77 I channel139887870629632 self_thread_id = 139887870629632, last time delay.time = 10, now count = 95, i = 1
2023-01-11 18:22:50.034  75 77 I channel139887870629632 self_thread_id = 139887870629632, last time delay.time = 10, now count = 95, i = 1
2023-01-11 18:22:50.034  75 77 W channel139887870629632 self_thread_id = 139887870629632, last time delay.time = 10, now count = 95, i = 1
2023-01-11 18:22:50.034  75 77 E channel139887870629632 self_thread_id = 139887870629632, last time delay.time = 10, now count = 95, i = 1
2023-01-11 18:22:50.034  75 78 I channel139887862236928 self_thread_id = 139887862236928, last time delay.time = 7, now count = 96, i = 1
2023-01-11 18:22:50.034  75 78 I channel139887862236928 self_thread_id = 139887862236928, last time delay.time = 7, now count = 96, i = 1
2023-01-11 18:22:50.034  75 78 W channel139887862236928 self_thread_id = 139887862236928, last time delay.time = 7, now count = 96, i = 1
2023-01-11 18:22:50.034  75 78 E channel139887862236928 self_thread_id = 139887862236928, last time delay.time = 7, now count = 96, i = 1
2023-01-11 18:22:51.034  75 84 I channel139887604913920 self_thread_id = 139887604913920, last time delay.time = 9, now count = 89, i = 2
2023-01-11 18:22:51.034  75 84 I channel139887604913920 self_thread_id = 139887604913920, last time delay.time = 9, now count = 89, i = 2
2023-01-11 18:22:51.034  75 82 I channel139887621699328 self_thread_id = 139887621699328, last time delay.time = 26, now count = 90, i = 2
2023-01-11 18:22:51.034  75 79 I channel139887853844224 self_thread_id = 139887853844224, last time delay.time = 8, now count = 91, i = 2
2023-01-11 18:22:51.034  75 84 W channel139887604913920 self_thread_id = 139887604913920, last time delay.time = 9, now count = 89, i = 2
2023-01-11 18:22:51.034  75 82 I channel139887621699328 self_thread_id = 139887621699328, last time delay.time = 26, now count = 90, i = 2
2023-01-11 18:22:51.034  75 82 W channel139887621699328 self_thread_id = 139887621699328, last time delay.time = 26, now count = 90, i = 2
2023-01-11 18:22:51.034  75 84 E channel139887604913920 self_thread_id = 139887604913920, last time delay.time = 9, now count = 89, i = 2
2023-01-11 18:22:51.034  75 82 E channel139887621699328 self_thread_id = 139887621699328, last time delay.time = 26, now count = 90, i = 2
2023-01-11 18:22:51.034  75 79 I channel139887853844224 self_thread_id = 139887853844224, last time delay.time = 8, now count = 91, i = 2
2023-01-11 18:22:51.034  75 79 W channel139887853844224 self_thread_id = 139887853844224, last time delay.time = 8, now count = 91, i = 2
2023-01-11 18:22:51.034  75 79 E channel139887853844224 self_thread_id = 139887853844224, last time delay.time = 8, now count = 91, i = 2
2023-01-11 18:22:51.034  75 83 I channel139887613306624 self_thread_id = 139887613306624, last time delay.time = 9, now count = 92, i = 2
2023-01-11 18:22:51.034  75 83 I channel139887613306624 self_thread_id = 139887613306624, last time delay.time = 9, now count = 92, i = 2
2023-01-11 18:22:51.034  75 83 W channel139887613306624 self_thread_id = 139887613306624, last time delay.time = 9, now count = 92, i = 2
2023-01-11 18:22:51.034  75 83 E channel139887613306624 self_thread_id = 139887613306624, last time delay.time = 9, now count = 92, i = 2
2023-01-11 18:22:51.034  75 81 I channel139887837058816 self_thread_id = 139887837058816, last time delay.time = 27, now count = 94, i = 2
2023-01-11 18:22:51.034  75 81 I channel139887837058816 self_thread_id = 139887837058816, last time delay.time = 27, now count = 94, i = 2
2023-01-11 18:22:51.034  75 81 W channel139887837058816 self_thread_id = 139887837058816, last time delay.time = 27, now count = 94, i = 2
2023-01-11 18:22:51.034  75 81 E channel139887837058816 self_thread_id = 139887837058816, last time delay.time = 27, now count = 94, i = 2
2023-01-11 18:22:51.034  75 80 I channel139887845451520 self_thread_id = 139887845451520, last time delay.time = 8, now count = 93, i = 2
2023-01-11 18:22:51.034  75 80 I channel139887845451520 self_thread_id = 139887845451520, last time delay.time = 8, now count = 93, i = 2
2023-01-11 18:22:51.034  75 80 W channel139887845451520 self_thread_id = 139887845451520, last time delay.time = 8, now count = 93, i = 2
2023-01-11 18:22:51.034  75 77 I channel139887870629632 self_thread_id = 139887870629632, last time delay.time = 10, now count = 95, i = 2
2023-01-11 18:22:51.034  75 80 E channel139887845451520 self_thread_id = 139887845451520, last time delay.time = 8, now count = 93, i = 2
2023-01-11 18:22:51.034  75 77 I channel139887870629632 self_thread_id = 139887870629632, last time delay.time = 10, now count = 95, i = 2
2023-01-11 18:22:51.034  75 77 W channel139887870629632 self_thread_id = 139887870629632, last time delay.time = 10, now count = 95, i = 2
2023-01-11 18:22:51.034  75 77 E channel139887870629632 self_thread_id = 139887870629632, last time delay.time = 10, now count = 95, i = 2
2023-01-11 18:22:51.034  75 78 I channel139887862236928 self_thread_id = 139887862236928, last time delay.time = 7, now count = 96, i = 2
2023-01-11 18:22:51.034  75 78 I channel139887862236928 self_thread_id = 139887862236928, last time delay.time = 7, now count = 96, i = 2
2023-01-11 18:22:51.034  75 78 W channel139887862236928 self_thread_id = 139887862236928, last time delay.time = 7, now count = 96, i = 2
2023-01-11 18:22:51.034  75 78 E channel139887862236928 self_thread_id = 139887862236928, last time delay.time = 7, now count = 96, i = 2
2023-01-11 18:22:52.034  75 79 I channel139887853844224 self_thread_id = 139887853844224, last time delay.time = 8, now count = 91, i = 3
2023-01-11 18:22:52.034  75 79 I channel139887853844224 self_thread_id = 139887853844224, last time delay.time = 8, now count = 91, i = 3
2023-01-11 18:22:52.034  75 82 I channel139887621699328 self_thread_id = 139887621699328, last time delay.time = 26, now count = 90, i = 3
2023-01-11 18:22:52.034  75 84 I channel139887604913920 self_thread_id = 139887604913920, last time delay.time = 9, now count = 89, i = 3
2023-01-11 18:22:52.034  75 82 I channel139887621699328 self_thread_id = 139887621699328, last time delay.time = 26, now count = 90, i = 3
2023-01-11 18:22:52.034  75 79 W channel139887853844224 self_thread_id = 139887853844224, last time delay.time = 8, now count = 91, i = 3
2023-01-11 18:22:52.034  75 83 I channel139887613306624 self_thread_id = 139887613306624, last time delay.time = 9, now count = 92, i = 3
2023-01-11 18:22:52.034  75 82 W channel139887621699328 self_thread_id = 139887621699328, last time delay.time = 26, now count = 90, i = 3
2023-01-11 18:22:52.034  75 84 I channel139887604913920 self_thread_id = 139887604913920, last time delay.time = 9, now count = 89, i = 3
2023-01-11 18:22:52.034  75 83 I channel139887613306624 self_thread_id = 139887613306624, last time delay.time = 9, now count = 92, i = 3
2023-01-11 18:22:52.034  75 84 W channel139887604913920 self_thread_id = 139887604913920, last time delay.time = 9, now count = 89, i = 3
2023-01-11 18:22:52.034  75 83 W channel139887613306624 self_thread_id = 139887613306624, last time delay.time = 9, now count = 92, i = 3
2023-01-11 18:22:52.034  75 84 E channel139887604913920 self_thread_id = 139887604913920, last time delay.time = 9, now count = 89, i = 3
2023-01-11 18:22:52.034  75 83 E channel139887613306624 self_thread_id = 139887613306624, last time delay.time = 9, now count = 92, i = 3
2023-01-11 18:22:52.034  75 82 E channel139887621699328 self_thread_id = 139887621699328, last time delay.time = 26, now count = 90, i = 3
2023-01-11 18:22:52.034  75 79 E channel139887853844224 self_thread_id = 139887853844224, last time delay.time = 8, now count = 91, i = 3
2023-01-11 18:22:52.034  75 81 I channel139887837058816 self_thread_id = 139887837058816, last time delay.time = 27, now count = 94, i = 3
2023-01-11 18:22:52.034  75 81 I channel139887837058816 self_thread_id = 139887837058816, last time delay.time = 27, now count = 94, i = 3
2023-01-11 18:22:52.034  75 81 W channel139887837058816 self_thread_id = 139887837058816, last time delay.time = 27, now count = 94, i = 3
2023-01-11 18:22:52.034  75 81 E channel139887837058816 self_thread_id = 139887837058816, last time delay.time = 27, now count = 94, i = 3
2023-01-11 18:22:52.034  75 80 I channel139887845451520 self_thread_id = 139887845451520, last time delay.time = 8, now count = 93, i = 3
2023-01-11 18:22:52.034  75 80 I channel139887845451520 self_thread_id = 139887845451520, last time delay.time = 8, now count = 93, i = 3
2023-01-11 18:22:52.034  75 77 I channel139887870629632 self_thread_id = 139887870629632, last time delay.time = 10, now count = 95, i = 3
2023-01-11 18:22:52.034  75 80 W channel139887845451520 self_thread_id = 139887845451520, last time delay.time = 8, now count = 93, i = 3
2023-01-11 18:22:52.035  75 80 E channel139887845451520 self_thread_id = 139887845451520, last time delay.time = 8, now count = 93, i = 3
2023-01-11 18:22:52.035  75 77 I channel139887870629632 self_thread_id = 139887870629632, last time delay.time = 10, now count = 95, i = 3
2023-01-11 18:22:52.035  75 77 W channel139887870629632 self_thread_id = 139887870629632, last time delay.time = 10, now count = 95, i = 3
2023-01-11 18:22:52.035  75 77 E channel139887870629632 self_thread_id = 139887870629632, last time delay.time = 10, now count = 95, i = 3
2023-01-11 18:22:52.035  75 78 I channel139887862236928 self_thread_id = 139887862236928, last time delay.time = 7, now count = 96, i = 3
2023-01-11 18:22:52.035  75 78 I channel139887862236928 self_thread_id = 139887862236928, last time delay.time = 7, now count = 96, i = 3
2023-01-11 18:22:52.035  75 78 W channel139887862236928 self_thread_id = 139887862236928, last time delay.time = 7, now count = 96, i = 3
2023-01-11 18:22:52.035  75 78 E channel139887862236928 self_thread_id = 139887862236928, last time delay.time = 7, now count = 96, i = 3
2023-01-11 18:22:53.034  75 79 I channel139887853844224 self_thread_id = 139887853844224, last time delay.time = 8, now count = 91, i = 4
2023-01-11 18:22:53.034  75 79 I channel139887853844224 self_thread_id = 139887853844224, last time delay.time = 8, now count = 91, i = 4
2023-01-11 18:22:53.034  75 84 I channel139887604913920 self_thread_id = 139887604913920, last time delay.time = 9, now count = 89, i = 4
2023-01-11 18:22:53.034  75 79 W channel139887853844224 self_thread_id = 139887853844224, last time delay.time = 8, now count = 91, i = 4
2023-01-11 18:22:53.034  75 83 I channel139887613306624 self_thread_id = 139887613306624, last time delay.time = 9, now count = 92, i = 4
2023-01-11 18:22:53.034  75 84 I channel139887604913920 self_thread_id = 139887604913920, last time delay.time = 9, now count = 89, i = 4
2023-01-11 18:22:53.034  75 83 I channel139887613306624 self_thread_id = 139887613306624, last time delay.time = 9, now count = 92, i = 4
2023-01-11 18:22:53.034  75 79 E channel139887853844224 self_thread_id = 139887853844224, last time delay.time = 8, now count = 91, i = 4
2023-01-11 18:22:53.034  75 84 W channel139887604913920 self_thread_id = 139887604913920, last time delay.time = 9, now count = 89, i = 4
2023-01-11 18:22:53.034  75 83 W channel139887613306624 self_thread_id = 139887613306624, last time delay.time = 9, now count = 92, i = 4
2023-01-11 18:22:53.034  75 82 I channel139887621699328 self_thread_id = 139887621699328, last time delay.time = 26, now count = 90, i = 4
2023-01-11 18:22:53.034  75 84 E channel139887604913920 self_thread_id = 139887604913920, last time delay.time = 9, now count = 89, i = 4
2023-01-11 18:22:53.034  75 82 I channel139887621699328 self_thread_id = 139887621699328, last time delay.time = 26, now count = 90, i = 4
2023-01-11 18:22:53.034  75 83 E channel139887613306624 self_thread_id = 139887613306624, last time delay.time = 9, now count = 92, i = 4
2023-01-11 18:22:53.034  75 82 W channel139887621699328 self_thread_id = 139887621699328, last time delay.time = 26, now count = 90, i = 4
2023-01-11 18:22:53.034  75 83 I channel139887613306624 self_thread_id = 139887613306624, last time delay.time = 9, now count = 99
2023-01-11 18:22:53.034  75 84 I channel139887604913920 self_thread_id = 139887604913920, last time delay.time = 9, now count = 98
2023-01-11 18:22:53.034  75 82 E channel139887621699328 self_thread_id = 139887621699328, last time delay.time = 26, now count = 90, i = 4
2023-01-11 18:22:53.034  75 82 I channel139887621699328 self_thread_id = 139887621699328, last time delay.time = 26, now count = 100
2023-01-11 18:22:53.034  75 79 I channel139887853844224 self_thread_id = 139887853844224, last time delay.time = 8, now count = 97
2023-01-11 18:22:53.035  75 81 I channel139887837058816 self_thread_id = 139887837058816, last time delay.time = 27, now count = 94, i = 4
2023-01-11 18:22:53.035  75 81 I channel139887837058816 self_thread_id = 139887837058816, last time delay.time = 27, now count = 94, i = 4
2023-01-11 18:22:53.035  75 81 W channel139887837058816 self_thread_id = 139887837058816, last time delay.time = 27, now count = 94, i = 4
2023-01-11 18:22:53.035  75 81 E channel139887837058816 self_thread_id = 139887837058816, last time delay.time = 27, now count = 94, i = 4
2023-01-11 18:22:53.035  75 81 I channel139887837058816 self_thread_id = 139887837058816, last time delay.time = 27, now count = 101
2023-01-11 18:22:53.035  75 80 I channel139887845451520 self_thread_id = 139887845451520, last time delay.time = 8, now count = 93, i = 4
2023-01-11 18:22:53.035  75 80 I channel139887845451520 self_thread_id = 139887845451520, last time delay.time = 8, now count = 93, i = 4
2023-01-11 18:22:53.035  75 77 I channel139887870629632 self_thread_id = 139887870629632, last time delay.time = 10, now count = 95, i = 4
2023-01-11 18:22:53.035  75 80 W channel139887845451520 self_thread_id = 139887845451520, last time delay.time = 8, now count = 93, i = 4
2023-01-11 18:22:53.035  75 77 I channel139887870629632 self_thread_id = 139887870629632, last time delay.time = 10, now count = 95, i = 4
2023-01-11 18:22:53.035  75 80 E channel139887845451520 self_thread_id = 139887845451520, last time delay.time = 8, now count = 93, i = 4
2023-01-11 18:22:53.035  75 77 W channel139887870629632 self_thread_id = 139887870629632, last time delay.time = 10, now count = 95, i = 4
2023-01-11 18:22:53.035  75 80 I channel139887845451520 self_thread_id = 139887845451520, last time delay.time = 8, now count = 102
2023-01-11 18:22:53.035  75 78 I channel139887862236928 self_thread_id = 139887862236928, last time delay.time = 7, now count = 96, i = 4
2023-01-11 18:22:53.035  75 77 E channel139887870629632 self_thread_id = 139887870629632, last time delay.time = 10, now count = 95, i = 4
2023-01-11 18:22:53.035  75 78 I channel139887862236928 self_thread_id = 139887862236928, last time delay.time = 7, now count = 96, i = 4
2023-01-11 18:22:53.035  75 77 I channel139887870629632 self_thread_id = 139887870629632, last time delay.time = 10, now count = 103
2023-01-11 18:22:53.035  75 78 W channel139887862236928 self_thread_id = 139887862236928, last time delay.time = 7, now count = 96, i = 4
2023-01-11 18:22:53.035  75 78 E channel139887862236928 self_thread_id = 139887862236928, last time delay.time = 7, now count = 96, i = 4
2023-01-11 18:22:53.035  75 78 I channel139887862236928 self_thread_id = 139887862236928, last time delay.time = 7, now count = 104
2023-01-11 18:22:54.035  75 83 I channel139887613306624 self_thread_id = 139887613306624, last time delay.time = 10, now count = 99, i = 0
2023-01-11 18:22:54.035  75 83 I channel139887613306624 self_thread_id = 139887613306624, last time delay.time = 10, now count = 99, i = 0
2023-01-11 18:22:54.035  75 79 I channel139887853844224 self_thread_id = 139887853844224, last time delay.time = 10, now count = 97, i = 0
2023-01-11 18:22:54.035  75 83 W channel139887613306624 self_thread_id = 139887613306624, last time delay.time = 10, now count = 99, i = 0
2023-01-11 18:22:54.035  75 83 E channel139887613306624 self_thread_id = 139887613306624, last time delay.time = 10, now count = 99, i = 0
2023-01-11 18:22:54.035  75 79 I channel139887853844224 self_thread_id = 139887853844224, last time delay.time = 10, now count = 97, i = 0
2023-01-11 18:22:54.035  75 79 W channel139887853844224 self_thread_id = 139887853844224, last time delay.time = 10, now count = 97, i = 0
2023-01-11 18:22:54.035  75 79 E channel139887853844224 self_thread_id = 139887853844224, last time delay.time = 10, now count = 97, i = 0
2023-01-11 18:22:54.035  75 84 I channel139887604913920 self_thread_id = 139887604913920, last time delay.time = 9, now count = 98, i = 0
2023-01-11 18:22:54.035  75 84 I channel139887604913920 self_thread_id = 139887604913920, last time delay.time = 9, now count = 98, i = 0
2023-01-11 18:22:54.035  75 84 W channel139887604913920 self_thread_id = 139887604913920, last time delay.time = 9, now count = 98, i = 0
2023-01-11 18:22:54.035  75 84 E channel139887604913920 self_thread_id = 139887604913920, last time delay.time = 9, now count = 98, i = 0
2023-01-11 18:22:54.035  75 82 I channel139887621699328 self_thread_id = 139887621699328, last time delay.time = 9, now count = 100, i = 0
2023-01-11 18:22:54.035  75 82 I channel139887621699328 self_thread_id = 139887621699328, last time delay.time = 9, now count = 100, i = 0
2023-01-11 18:22:54.035  75 82 W channel139887621699328 self_thread_id = 139887621699328, last time delay.time = 9, now count = 100, i = 0
2023-01-11 18:22:54.035  75 82 E channel139887621699328 self_thread_id = 139887621699328, last time delay.time = 9, now count = 100, i = 0
2023-01-11 18:22:54.035  75 81 I channel139887837058816 self_thread_id = 139887837058816, last time delay.time = 10, now count = 101, i = 0
2023-01-11 18:22:54.035  75 81 I channel139887837058816 self_thread_id = 139887837058816, last time delay.time = 10, now count = 101, i = 0
2023-01-11 18:22:54.035  75 80 I channel139887845451520 self_thread_id = 139887845451520, last time delay.time = 10, now count = 102, i = 0
2023-01-11 18:22:54.035  75 81 W channel139887837058816 self_thread_id = 139887837058816, last time delay.time = 10, now count = 101, i = 0
2023-01-11 18:22:54.035  75 81 E channel139887837058816 self_thread_id = 139887837058816, last time delay.time = 10, now count = 101, i = 0
2023-01-11 18:22:54.035  75 80 I channel139887845451520 self_thread_id = 139887845451520, last time delay.time = 10, now count = 102, i = 0
2023-01-11 18:22:54.035  75 80 W channel139887845451520 self_thread_id = 139887845451520, last time delay.time = 10, now count = 102, i = 0
2023-01-11 18:22:54.035  75 80 E channel139887845451520 self_thread_id = 139887845451520, last time delay.time = 10, now count = 102, i = 0
2023-01-11 18:22:54.035  75 77 I channel139887870629632 self_thread_id = 139887870629632, last time delay.time = 13, now count = 103, i = 0
2023-01-11 18:22:54.035  75 77 I channel139887870629632 self_thread_id = 139887870629632, last time delay.time = 13, now count = 103, i = 0
