2023-01-11 18:19:47.000  75 80 I channel139887845451520 self_thread_id = 139887845451520, last time delay.time = 10, now count = 794, i = 3
2023-01-11 18:19:47.000  75 80 W channel139887845451520 self_thread_id = 139887845451520, last time delay.time = 10, now count = 794, i = 3
2023-01-11 18:19:47.000  75 80 E channel139887845451520 self_thread_id = 139887845451520, last time delay.time = 10, now count = 794, i = 3
2023-01-11 18:19:47.000  75 83 I channel139887613306624 self_thread_id = 139887613306624, last time delay.time = 9, now count = 798, i = 3
2023-01-11 18:19:47.000  75 79 I channel139887853844224 self_thread_id = 139887853844224, last time delay.time = 10, now count = 797, i = 3
2023-01-11 18:19:47.000  75 83 I channel139887613306624 self_thread_id = 139887613306624, last time delay.time = 9, now count = 798, i = 3
2023-01-11 18:19:47.000  75 83 W channel139887613306624 self_thread_id = 139887613306624, last time delay.time = 9, now count = 798, i = 3
2023-01-11 18:19:47.000  75 79 I channel139887853844224 self_thread_id = 139887853844224, last time delay.time = 10, now count = 797, i = 3
2023-01-11 18:19:47.000  75 83 E channel139887613306624 self_thread_id = 139887613306624, last time delay.time = 9, now count = 798, i = 3
2023-01-11 18:19:47.000  75 79 W channel139887853844224 self_thread_id = 139887853844224, last time delay.time = 10, now count = 797, i = 3
2023-01-11 18:19:47.001  75 79 E channel139887853844224 self_thread_id = 139887853844224, last time delay.time = 10, now count = 797, i = 3
2023-01-11 18:19:47.001  75 78 I channel139887862236928 self_thread_id = 139887862236928, last time delay.time = 13, now count = 800, i = 3
2023-01-11 18:19:47.001  75 81 I channel139887837058816 self_thread_id = 139887837058816, last time delay.time = 15, now count = 799, i = 3
2023-01-11 18:19:47.001  75 78 I channel139887862236928 self_thread_id = 139887862236928, last time delay.time = 13, now count = 800, i = 3
2023-01-11 18:19:47.001  75 81 I channel139887837058816 self_thread_id = 139887837058816, last time delay.time = 15, now count = 799, i = 3
2023-01-11 18:19:47.001  75 78 W channel139887862236928 self_thread_id = 139887862236928, last time delay.time = 13, now count = 800, i = 3
2023-01-11 18:19:47.002  75 81 W channel139887837058816 self_thread_id = 139887837058816, last time delay.time = 15, now count = 799, i = 3
2023-01-11 18:19:47.002  75 78 E channel139887862236928 self_thread_id = 139887862236928, last time delay.time = 13, now count = 800, i = 3
2023-01-11 18:19:47.002  75 81 E channel139887837058816 self_thread_id = 139887837058816, last time delay.time = 15, now count = 799, i = 3
2023-01-11 18:19:48.000  75 82 I channel139887621699328 self_thread_id = 139887621699328, last time delay.time = 8, now count = 795, i = 4
2023-01-11 18:19:48.000  75 84 I channel139887604913920 self_thread_id = 139887604913920, last time delay.time = 9, now count = 793, i = 4
2023-01-11 18:19:48.000  75 82 I channel139887621699328 self_thread_id = 139887621699328, last time delay.time = 8, now count = 795, i = 4
2023-01-11 18:19:48.000  75 82 W channel139887621699328 self_thread_id = 139887621699328, last time delay.time = 8, now count = 795, i = 4
2023-01-11 18:19:48.000  75 84 I channel139887604913920 self_thread_id = 139887604913920, last time delay.time = 9, now count = 793, i = 4
2023-01-11 18:19:48.000  75 82 E channel139887621699328 self_thread_id = 139887621699328, last time delay.time = 8, now count = 795, i = 4
2023-01-11 18:19:48.001  75 84 W channel139887604913920 self_thread_id = 139887604913920, last time delay.time = 9, now count = 793, i = 4
2023-01-11 18:19:48.000  75 77 I channel139887870629632 self_thread_id = 139887870629632, last time delay.time = 9, now count = 796, i = 4
2023-01-11 18:19:48.001  75 84 E channel139887604913920 self_thread_id = 139887604913920, last time delay.time = 9, now count = 793, i = 4
2023-01-11 18:19:48.001  75 82 I channel139887621699328 self_thread_id = 139887621699328, last time delay.time = 8, now count = 801
2023-01-11 18:19:48.001  75 84 I channel139887604913920 self_thread_id = 139887604913920, last time delay.time = 9, now count = 802
2023-01-11 18:19:48.001  75 80 I channel139887845451520 self_thread_id = 139887845451520, last time delay.time = 10, now count = 794, i = 4
2023-01-11 18:19:48.001  75 77 I channel139887870629632 self_thread_id = 139887870629632, last time delay.time = 9, now count = 796, i = 4
2023-01-11 18:19:48.001  75 80 I channel139887845451520 self_thread_id = 139887845451520, last time delay.time = 10, now count = 794, i = 4
2023-01-11 18:19:48.001  75 77 W channel139887870629632 self_thread_id = 139887870629632, last time delay.time = 9, now count = 796, i = 4
2023-01-11 18:19:48.001  75 80 W channel139887845451520 self_thread_id = 139887845451520, last time delay.time = 10, now count = 794, i = 4
2023-01-11 18:19:48.001  75 77 E channel139887870629632 self_thread_id = 139887870629632, last time delay.time = 9, now count = 796, i = 4
2023-01-11 18:19:48.001  75 80 E channel139887845451520 self_thread_id = 139887845451520, last time delay.time = 10, now count = 794, i = 4
2023-01-11 18:19:48.001  75 80 I channel139887845451520 self_thread_id = 139887845451520, last time delay.time = 10, now count = 804
2023-01-11 18:19:48.001  75 77 I channel139887870629632 self_thread_id = 139887870629632, last time delay.time = 9, now count = 803
2023-01-11 18:19:48.001  75 83 I channel139887613306624 self_thread_id = 139887613306624, last time delay.time = 9, now count = 798, i = 4
2023-01-11 18:19:48.001  75 83 I channel139887613306624 self_thread_id = 139887613306624, last time delay.time = 9, now count = 798, i = 4
2023-01-11 18:19:48.001  75 83 W channel139887613306624 self_thread_id = 139887613306624, last time delay.time = 9, now count = 798, i = 4
2023-01-11 18:19:48.001  75 83 E channel139887613306624 self_thread_id = 139887613306624, last time delay.time = 9, now count = 798, i = 4
2023-01-11 18:19:48.001  75 83 I channel139887613306624 self_thread_id = 139887613306624, last time delay.time = 9, now count = 805
2023-01-11 18:19:48.001  75 79 I channel139887853844224 self_thread_id = 139887853844224, last time delay.time = 10, now count = 797, i = 4
2023-01-11 18:19:48.001  75 79 I channel139887853844224 self_thread_id = 139887853844224, last time delay.time = 10, now count = 797, i = 4
2023-01-11 18:19:48.001  75 79 W channel139887853844224 self_thread_id = 139887853844224, last time delay.time = 10, now count = 797, i = 4
2023-01-11 18:19:48.001  75 79 E channel139887853844224 self_thread_id = 139887853844224, last time delay.time = 10, now count = 797, i = 4
2023-01-11 18:19:48.001  75 79 I channel139887853844224 self_thread_id = 139887853844224, last time delay.time = 10, now count = 806
2023-01-11 18:19:48.002  75 81 I channel139887837058816 self_thread_id = 139887837058816, last time delay.time = 15, now count = 799, i = 4
2023-01-11 18:19:48.002  75 78 I channel139887862236928 self_thread_id = 139887862236928, last time delay.time = 13, now count = 800, i = 4
2023-01-11 18:19:48.002  75 81 I channel139887837058816 self_thread_id = 139887837058816, last time delay.time = 15, now count = 799, i = 4
2023-01-11 18:19:48.002  75 78 I channel139887862236928 self_thread_id = 139887862236928, last time delay.time = 13, now count = 800, i = 4
2023-01-11 18:19:48.002  75 81 W channel139887837058816 self_thread_id = 139887837058816, last time delay.time = 15, now count = 799, i = 4
2023-01-11 18:19:48.002  75 78 W channel139887862236928 self_thread_id = 139887862236928, last time delay.time = 13, now count = 800, i = 4
2023-01-11 18:19:48.002  75 81 E channel139887837058816 self_thread_id = 139887837058816, last time delay.time = 15, now count = 799, i = 4
2023-01-11 18:19:48.002  75 78 E channel139887862236928 self_thread_id = 139887862236928, last time delay.time = 13, now count = 800, i = 4
2023-01-11 18:19:48.002  75 81 I channel139887837058816 self_thread_id = 139887837058816, last time delay.time = 15, now count = 807
2023-01-11 18:19:48.002  75 78 I channel139887862236928 self_thread_id = 139887862236928, last time delay.time = 13, now count = 808
2023-01-11 18:19:49.001  75 82 I channel139887621699328 self_thread_id = 139887621699328, last time delay.time = 27, now count = 801, i = 0
2023-01-11 18:19:49.001  75 82 I channel139887621699328 self_thread_id = 139887621699328, last time delay.time = 27, now count = 801, i = 0
2023-01-11 18:19:49.001  75 80 I channel139887845451520 self_thread_id = 139887845451520, last time delay.time = 9, now count = 804, i = 0
2023-01-11 18:19:49.001  75 80 I channel139887845451520 self_thread_id = 139887845451520, last time delay.time = 9, now count = 804, i = 0
2023-01-11 18:19:49.001  75 77 I channel139887870629632 self_thread_id = 139887870629632, last time delay.time = 29, now count = 803, i = 0
2023-01-11 18:19:49.001  75 84 I channel139887604913920 self_thread_id = 139887604913920, last time delay.time = 10, now count = 802, i = 0
2023-01-11 18:19:49.001  75 82 W channel139887621699328 self_thread_id = 139887621699328, last time delay.time = 27, now count = 801, i = 0
2023-01-11 18:19:49.001  75 77 I channel139887870629632 self_thread_id = 139887870629632, last time delay.time = 29, now count = 803, i = 0
2023-01-11 18:19:49.001  75 83 I channel139887613306624 self_thread_id = 139887613306624, last time delay.time = 9, now count = 805, i = 0
2023-01-11 18:19:49.001  75 80 W channel139887845451520 self_thread_id = 139887845451520, last time delay.time = 9, now count = 804, i = 0
2023-01-11 18:19:49.001  75 84 I channel139887604913920 self_thread_id = 139887604913920, last time delay.time = 10, now count = 802, i = 0
2023-01-11 18:19:49.001  75 83 I channel139887613306624 self_thread_id = 139887613306624, last time delay.time = 9, now count = 805, i = 0
2023-01-11 18:19:49.001  75 84 W channel139887604913920 self_thread_id = 139887604913920, last time delay.time = 10, now count = 802, i = 0
2023-01-11 18:19:49.001  75 83 W channel139887613306624 self_thread_id = 139887613306624, last time delay.time = 9, now count = 805, i = 0
2023-01-11 18:19:49.001  75 84 E channel139887604913920 self_thread_id = 139887604913920, last time delay.time = 10, now count = 802, i = 0
2023-01-11 18:19:49.001  75 83 E channel139887613306624 self_thread_id = 139887613306624, last time delay.time = 9, now count = 805, i = 0
2023-01-11 18:19:49.001  75 77 W channel139887870629632 self_thread_id = 139887870629632, last time delay.time = 29, now count = 803, i = 0
2023-01-11 18:19:49.001  75 82 E channel139887621699328 self_thread_id = 139887621699328, last time delay.time = 27, now count = 801, i = 0
2023-01-11 18:19:49.001  75 80 E channel139887845451520 self_thread_id = 139887845451520, last time delay.time = 9, now count = 804, i = 0
2023-01-11 18:19:49.001  75 77 E channel139887870629632 self_thread_id = 139887870629632, last time delay.time = 29, now count = 803, i = 0
2023-01-11 18:19:49.001  75 79 I channel139887853844224 self_thread_id = 139887853844224, last time delay.time = 9, now count = 806, i = 0
2023-01-11 18:19:49.001  75 79 I channel139887853844224 self_thread_id = 139887853844224, last time delay.time = 9, now count = 806, i = 0
2023-01-11 18:19:49.001  75 79 W channel139887853844224 self_thread_id = 139887853844224, last time delay.time = 9, now count = 806, i = 0
2023-01-11 18:19:49.001  75 79 E channel139887853844224 self_thread_id = 139887853844224, last time delay.time = 9, now count = 806, i = 0
2023-01-11 18:19:49.002  75 81 I channel139887837058816 self_thread_id = 139887837058816, last time delay.time = 14, now count = 807, i = 0
2023-01-11 18:19:49.002  75 78 I channel139887862236928 self_thread_id = 139887862236928, last time delay.time = 13, now count = 808, i = 0
2023-01-11 18:19:49.002  75 81 I channel139887837058816 self_thread_id = 139887837058816, last time delay.time = 14, now count = 807, i = 0
2023-01-11 18:19:49.002  75 78 I channel139887862236928 self_thread_id = 139887862236928, last time delay.time = 13, now count = 808, i = 0
2023-01-11 18:19:49.002  75 81 W channel139887837058816 self_thread_id = 139887837058816, last time delay.time = 14, now count = 807, i = 0
2023-01-11 18:19:49.002  75 78 W channel139887862236928 self_thread_id = 139887862236928, last time delay.time = 13, now count = 808, i = 0
2023-01-11 18:19:49.002  75 81 E channel139887837058816 self_thread_id = 139887837058816, last time delay.time = 14, now count = 807, i = 0
2023-01-11 18:19:49.002  75 78 E channel139887862236928 self_thread_id = 139887862236928, last time delay.time = 13, now count = 808, i = 0
2023-01-11 18:19:50.001  75 82 I channel139887621699328 self_thread_id = 139887621699328, last time delay.time = 27, now count = 801, i = 1
2023-01-11 18:19:50.001  75 83 I channel139887613306624 self_thread_id = 139887613306624, last time delay.time = 9, now count = 805, i = 1
2023-01-11 18:19:50.001  75 82 I channel139887621699328 self_thread_id = 139887621699328, last time delay.time = 27, now count = 801, i = 1
2023-01-11 18:19:50.001  75 80 I channel139887845451520 self_thread_id = 139887845451520, last time delay.time = 9, now count = 804, i = 1
2023-01-11 18:19:50.001  75 77 I channel139887870629632 self_thread_id = 139887870629632, last time delay.time = 29, now count = 803, i = 1
2023-01-11 18:19:50.001  75 83 I channel139887613306624 self_thread_id = 139887613306624, last time delay.time = 9, now count = 805, i = 1
2023-01-11 18:19:50.001  75 80 I channel139887845451520 self_thread_id = 139887845451520, last time delay.time = 9, now count = 804, i = 1
2023-01-11 18:19:50.001  75 83 W channel139887613306624 self_thread_id = 139887613306624, last time delay.time = 9, now count = 805, i = 1
2023-01-11 18:19:50.001  75 84 I channel139887604913920 self_thread_id = 139887604913920, last time delay.time = 10, now count = 802, i = 1
2023-01-11 18:19:50.001  75 82 W channel139887621699328 self_thread_id = 139887621699328, last time delay.time = 27, now count = 801, i = 1
2023-01-11 18:19:50.001  75 80 W channel139887845451520 self_thread_id = 139887845451520, last time delay.time = 9, now count = 804, i = 1
2023-01-11 18:19:50.001  75 83 E channel139887613306624 self_thread_id = 139887613306624, last time delay.time = 9, now count = 805, i = 1
2023-01-11 18:19:50.001  75 77 I channel139887870629632 self_thread_id = 139887870629632, last time delay.time = 29, now count = 803, i = 1
2023-01-11 18:19:50.001  75 84 I channel139887604913920 self_thread_id = 139887604913920, last time delay.time = 10, now count = 802, i = 1
2023-01-11 18:19:50.001  75 77 W channel139887870629632 self_thread_id = 139887870629632, last time delay.time = 29, now count = 803, i = 1
2023-01-11 18:19:50.001  75 84 W channel139887604913920 self_thread_id = 139887604913920, last time delay.time = 10, now count = 802, i = 1
2023-01-11 18:19:50.001  75 82 E channel139887621699328 self_thread_id = 139887621699328, last time delay.time = 27, now count = 801, i = 1
2023-01-11 18:19:50.001  75 84 E channel139887604913920 self_thread_id = 139887604913920, last time delay.time = 10, now count = 802, i = 1
2023-01-11 18:19:50.001  75 80 E channel139887845451520 self_thread_id = 139887845451520, last time delay.time = 9, now count = 804, i = 1
2023-01-11 18:19:50.001  75 77 E channel139887870629632 self_thread_id = 139887870629632, last time delay.time = 29, now count = 803, i = 1
2023-01-11 18:19:50.001  75 79 I channel139887853844224 self_thread_id = 139887853844224, last time delay.time = 9, now count = 806, i = 1
2023-01-11 18:19:50.001  75 79 I channel139887853844224 self_thread_id = 139887853844224, last time delay.time = 9, now count = 806, i = 1
2023-01-11 18:19:50.001  75 79 W channel139887853844224 self_thread_id = 139887853844224, last time delay.time = 9, now count = 806, i = 1
2023-01-11 18:19:50.001  75 79 E channel139887853844224 self_thread_id = 139887853844224, last time delay.time = 9, now count = 806, i = 1
2023-01-11 18:19:50.002  75 78 I channel139887862236928 self_thread_id = 139887862236928, last time delay.time = 13, now count = 808, i = 1
2023-01-11 18:19:50.002  75 81 I channel139887837058816 self_thread_id = 139887837058816, last time delay.time = 14, now count = 807, i = 1
2023-01-11 18:19:50.002  75 78 I channel139887862236928 self_thread_id = 139887862236928, last time delay.time = 13, now count = 808, i = 1
2023-01-11 18:19:50.002  75 81 I channel139887837058816 self_thread_id = 139887837058816, last time delay.time = 14, now count = 807, i = 1
2023-01-11 18:19:50.002  75 78 W channel139887862236928 self_thread_id = 139887862236928, last time delay.time = 13, now count = 808, i = 1
2023-01-11 18:19:50.002  75 81 W channel139887837058816 self_thread_id = 139887837058816, last time delay.time = 14, now count = 807, i = 1
2023-01-11 18:19:50.002  75 78 E channel139887862236928 self_thread_id = 139887862236928, last time delay.time = 13, now count = 808, i = 1
2023-01-11 18:19:50.002  75 81 E channel139887837058816 self_thread_id = 139887837058816, last time delay.time = 14, now count = 807, i = 1
2023-01-11 18:19:51.001  75 84 I channel139887604913920 self_thread_id = 139887604913920, last time delay.time = 10, now count = 802, i = 2
2023-01-11 18:19:51.001  75 82 I channel139887621699328 self_thread_id = 139887621699328, last time delay.time = 27, now count = 801, i = 2
2023-01-11 18:19:51.001  75 83 I channel139887613306624 self_thread_id = 139887613306624, last time delay.time = 9, now count = 805, i = 2
2023-01-11 18:19:51.001  75 84 I channel139887604913920 self_thread_id = 139887604913920, last time delay.time = 10, now count = 802, i = 2
2023-01-11 18:19:51.001  75 80 I channel139887845451520 self_thread_id = 139887845451520, last time delay.time = 9, now count = 804, i = 2
2023-01-11 18:19:51.001  75 84 W channel139887604913920 self_thread_id = 139887604913920, last time delay.time = 10, now count = 802, i = 2
2023-01-11 18:19:51.001  75 77 I channel139887870629632 self_thread_id = 139887870629632, last time delay.time = 29, now count = 803, i = 2
2023-01-11 18:19:51.001  75 82 I channel139887621699328 self_thread_id = 139887621699328, last time delay.time = 27, now count = 801, i = 2
2023-01-11 18:19:51.001  75 84 E channel139887604913920 self_thread_id = 139887604913920, last time delay.time = 10, now count = 802, i = 2
2023-01-11 18:19:51.001  75 82 W channel139887621699328 self_thread_id = 139887621699328, last time delay.time = 27, now count = 801, i = 2
2023-01-11 18:19:51.001  75 83 I channel139887613306624 self_thread_id = 139887613306624, last time delay.time = 9, now count = 805, i = 2
2023-01-11 18:19:51.001  75 77 I channel139887870629632 self_thread_id = 139887870629632, last time delay.time = 29, now count = 803, i = 2
2023-01-11 18:19:51.001  75 80 I channel139887845451520 self_thread_id = 139887845451520, last time delay.time = 9, now count = 804, i = 2
2023-01-11 18:19:51.001  75 83 W channel139887613306624 self_thread_id = 139887613306624, last time delay.time = 9, now count = 805, i = 2
2023-01-11 18:19:51.001  75 80 W channel139887845451520 self_thread_id = 139887845451520, last time delay.time = 9, now count = 804, i = 2
2023-01-11 18:19:51.001  75 83 E channel139887613306624 self_thread_id = 139887613306624, last time delay.time = 9, now count = 805, i = 2
2023-01-11 18:19:51.001  75 77 W channel139887870629632 self_thread_id = 139887870629632, last time delay.time = 29, now count = 803, i = 2
2023-01-11 18:19:51.001  75 82 E channel139887621699328 self_thread_id = 139887621699328, last time delay.time = 27, now count = 801, i = 2
2023-01-11 18:19:51.001  75 80 E channel139887845451520 self_thread_id = 139887845451520, last time delay.time = 9, now count = 804, i = 2
2023-01-11 18:19:51.001  75 77 E channel139887870629632 self_thread_id = 139887870629632, last time delay.time = 29, now count = 803, i = 2
2023-01-11 18:19:51.001  75 79 I channel139887853844224 self_thread_id = 139887853844224, last time delay.time = 9, now count = 806, i = 2
2023-01-11 18:19:51.001  75 79 I channel139887853844224 self_thread_id = 139887853844224, last time delay.time = 9, now count = 806, i = 2
2023-01-11 18:19:51.001  75 79 W channel139887853844224 self_thread_id = 139887853844224, last time delay.time = 9, now count = 806, i = 2
2023-01-11 18:19:51.001  75 79 E channel139887853844224 self_thread_id = 139887853844224, last time delay.time = 9, now count = 806, i = 2
2023-01-11 18:19:51.002  75 78 I channel139887862236928 self_thread_id = 139887862236928, last time delay.time = 13, now count = 808, i = 2
2023-01-11 18:19:51.002  75 81 I channel139887837058816 self_thread_id = 139887837058816, last time delay.time = 14, now count = 807, i = 2
2023-01-11 18:19:51.002  75 78 I channel139887862236928 self_thread_id = 139887862236928, last time delay.time = 13, now count = 808, i = 2
2023-01-11 18:19:51.002  75 81 I channel139887837058816 self_thread_id = 139887837058816, last time delay.time = 14, now count = 807, i = 2
2023-01-11 18:19:51.002  75 78 W channel139887862236928 self_thread_id = 139887862236928, last time delay.time = 13, now count = 808, i = 2
2023-01-11 18:19:51.002  75 81 W channel139887837058816 self_thread_id = 139887837058816, last time delay.time = 14, now count = 807, i = 2
2023-01-11 18:19:51.002  75 78 E channel139887862236928 self_thread_id = 139887862236928, last time delay.time = 13, now count = 808, i = 2
2023-01-11 18:19:51.002  75 81 E channel139887837058816 self_thread_id = 139887837058816, last time delay.time = 14, now count = 807, i = 2
2023-01-11 18:19:52.001  75 84 I channel139887604913920 self_thread_id = 139887604913920, last time delay.time = 10, now count = 802, i = 3
2023-01-11 18:19:52.001  75 84 I channel139887604913920 self_thread_id = 139887604913920, last time delay.time = 10, now count = 802, i = 3
2023-01-11 18:19:52.001  75 84 W channel139887604913920 self_thread_id = 139887604913920, last time delay.time = 10, now count = 802, i = 3
2023-01-11 18:19:52.001  75 82 I channel139887621699328 self_thread_id = 139887621699328, last time delay.time = 27, now count = 801, i = 3
2023-01-11 18:19:52.001  75 84 E channel139887604913920 self_thread_id = 139887604913920, last time delay.time = 10, now count = 802, i = 3
2023-01-11 18:19:52.001  75 82 I channel139887621699328 self_thread_id = 139887621699328, last time delay.time = 27, now count = 801, i = 3
2023-01-11 18:19:52.001  75 83 I channel139887613306624 self_thread_id = 139887613306624, last time delay.time = 9, now count = 805, i = 3
2023-01-11 18:19:52.001  75 80 I channel139887845451520 self_thread_id = 139887845451520, last time delay.time = 9, now count = 804, i = 3
2023-01-11 18:19:52.001  75 82 W channel139887621699328 self_thread_id = 139887621699328, last time delay.time = 27, now count = 801, i = 3
2023-01-11 18:19:52.001  75 79 I channel139887853844224 self_thread_id = 139887853844224, last time delay.time = 9, now count = 806, i = 3
2023-01-11 18:19:52.001  75 80 I channel139887845451520 self_thread_id = 139887845451520, last time delay.time = 9, now count = 804, i = 3
2023-01-11 18:19:52.001  75 77 I channel139887870629632 self_thread_id = 139887870629632, last time delay.time = 29, now count = 803, i = 3
2023-01-11 18:19:52.001  75 80 W channel139887845451520 self_thread_id = 139887845451520, last time delay.time = 9, now count = 804, i = 3
2023-01-11 18:19:52.001  75 83 I channel139887613306624 self_thread_id = 139887613306624, last time delay.time = 9, now count = 805, i = 3
2023-01-11 18:19:52.001  75 82 E channel139887621699328 self_thread_id = 139887621699328, last time delay.time = 27, now count = 801, i = 3
2023-01-11 18:19:52.001  75 83 W channel139887613306624 self_thread_id = 139887613306624, last time delay.time = 9, now count = 805, i = 3
2023-01-11 18:19:52.001  75 80 E channel139887845451520 self_thread_id = 139887845451520, last time delay.time = 9, now count = 804, i = 3
2023-01-11 18:19:52.001  75 77 I channel139887870629632 self_thread_id = 139887870629632, last time delay.time = 29, now count = 803, i = 3
2023-01-11 18:19:52.001  75 83 E channel139887613306624 self_thread_id = 139887613306624, last time delay.time = 9, now count = 805, i = 3
2023-01-11 18:19:52.001  75 79 I channel139887853844224 self_thread_id = 139887853844224, last time delay.time = 9, now count = 806, i = 3
2023-01-11 18:19:52.001  75 77 W channel139887870629632 self_thread_id = 139887870629632, last time delay.time = 29, now count = 803, i = 3
2023-01-11 18:19:52.001  75 79 W channel139887853844224 self_thread_id = 139887853844224, last time delay.time = 9, now count = 806, i = 3
2023-01-11 18:19:52.001  75 79 E channel139887853844224 self_thread_id = 139887853844224, last time delay.time = 9, now count = 806, i = 3
2023-01-11 18:19:52.001  75 77 E channel139887870629632 self_thread_id = 139887870629632, last time delay.time = 29, now count = 803, i = 3
2023-01-11 18:19:52.003  75 81 I channel139887837058816 self_thread_id = 139887837058816, last time delay.time = 14, now count = 807, i = 3
2023-01-11 18:19:52.003  75 78 I channel139887862236928 self_thread_id = 139887862236928, last time delay.time = 13, now count = 808, i = 3
2023-01-11 18:19:52.003  75 81 I channel139887837058816 self_thread_id = 139887837058816, last time delay.time = 14, now count = 807, i = 3
2023-01-11 18:19:52.003  75 78 I channel139887862236928 self_thread_id = 139887862236928, last time delay.time = 13, now count = 808, i = 3
2023-01-11 18:19:52.003  75 81 W channel139887837058816 self_thread_id = 139887837058816, last time delay.time = 14, now count = 807, i = 3
2023-01-11 18:19:52.003  75 78 W channel139887862236928 self_thread_id = 139887862236928, last time delay.time = 13, now count = 808, i = 3
2023-01-11 18:19:52.003  75 81 E channel139887837058816 self_thread_id = 139887837058816, last time delay.time = 14, now count = 807, i = 3
2023-01-11 18:19:52.003  75 78 E channel139887862236928 self_thread_id = 139887862236928, last time delay.time = 13, now count = 808, i = 3
2023-01-11 18:19:53.001  75 84 I channel139887604913920 self_thread_id = 139887604913920, last time delay.time = 10, now count = 802, i = 4
2023-01-11 18:19:53.002  75 80 I channel139887845451520 self_thread_id = 139887845451520, last time delay.time = 9, now count = 804, i = 4
2023-01-11 18:19:53.002  75 82 I channel139887621699328 self_thread_id = 139887621699328, last time delay.time = 27, now count = 801, i = 4
2023-01-11 18:19:53.002  75 84 I channel139887604913920 self_thread_id = 139887604913920, last time delay.time = 10, now count = 802, i = 4
2023-01-11 18:19:53.002  75 77 I channel139887870629632 self_thread_id = 139887870629632, last time delay.time = 29, now count = 803, i = 4
2023-01-11 18:19:53.002  75 82 I channel139887621699328 self_thread_id = 139887621699328, last time delay.time = 27, now count = 801, i = 4
2023-01-11 18:19:53.002  75 77 I channel139887870629632 self_thread_id = 139887870629632, last time delay.time = 29, now count = 803, i = 4
2023-01-11 18:19:53.002  75 82 W channel139887621699328 self_thread_id = 139887621699328, last time delay.time = 27, now count = 801, i = 4
2023-01-11 18:19:53.002  75 83 I channel139887613306624 self_thread_id = 139887613306624, last time delay.time = 9, now count = 805, i = 4
2023-01-11 18:19:53.002  75 77 W channel139887870629632 self_thread_id = 139887870629632, last time delay.time = 29, now count = 803, i = 4
2023-01-11 18:19:53.002  75 84 W channel139887604913920 self_thread_id = 139887604913920, last time delay.time = 10, now count = 802, i = 4
2023-01-11 18:19:53.002  75 82 E channel139887621699328 self_thread_id = 139887621699328, last time delay.time = 27, now count = 801, i = 4
2023-01-11 18:19:53.002  75 83 I channel139887613306624 self_thread_id = 139887613306624, last time delay.time = 9, now count = 805, i = 4
2023-01-11 18:19:53.002  75 80 I channel139887845451520 self_thread_id = 139887845451520, last time delay.time = 9, now count = 804, i = 4
2023-01-11 18:19:53.002  75 84 E channel139887604913920 self_thread_id = 139887604913920, last time delay.time = 10, now count = 802, i = 4
2023-01-11 18:19:53.002  75 82 I channel139887621699328 self_thread_id = 139887621699328, last time delay.time = 27, now count = 809
2023-01-11 18:19:53.002  75 84 I channel139887604913920 self_thread_id = 139887604913920, last time delay.time = 10, now count = 811
2023-01-11 18:19:53.002  75 80 W channel139887845451520 self_thread_id = 139887845451520, last time delay.time = 9, now count = 804, i = 4
2023-01-11 18:19:53.002  75 77 E channel139887870629632 self_thread_id = 139887870629632, last time delay.time = 29, now count = 803, i = 4
2023-01-11 18:19:53.002  75 80 E channel139887845451520 self_thread_id = 139887845451520, last time delay.time = 9, now count = 804, i = 4
2023-01-11 18:19:53.002  75 80 I channel139887845451520 self_thread_id = 139887845451520, last time delay.time = 9, now count = 812
2023-01-11 18:19:53.002  75 79 I channel139887853844224 self_thread_id = 139887853844224, last time delay.time = 9, now count = 806, i = 4
2023-01-11 18:19:53.002  75 77 I channel139887870629632 self_thread_id = 139887870629632, last time delay.time = 29, now count = 810
2023-01-11 18:19:53.002  75 83 W channel139887613306624 self_thread_id = 139887613306624, last time delay.time = 9, now count = 805, i = 4
2023-01-11 18:19:53.002  75 79 I channel139887853844224 self_thread_id = 139887853844224, last time delay.time = 9, now count = 806, i = 4
2023-01-11 18:19:53.002  75 83 E channel139887613306624 self_thread_id = 139887613306624, last time delay.time = 9, now count = 805, i = 4
2023-01-11 18:19:53.002  75 79 W channel139887853844224 self_thread_id = 139887853844224, last time delay.time = 9, now count = 806, i = 4
2023-01-11 18:19:53.002  75 83 I channel139887613306624 self_thread_id = 139887613306624, last time delay.time = 9, now count = 813
2023-01-11 18:19:53.002  75 79 E channel139887853844224 self_thread_id = 139887853844224, last time delay.time = 9, now count = 806, i = 4
2023-01-11 18:19:53.002  75 79 I channel139887853844224 self_thread_id = 139887853844224, last time delay.time = 9, now count = 814
2023-01-11 18:19:53.003  75 78 I channel139887862236928 self_thread_id = 139887862236928, last time delay.time = 13, now count = 808, i = 4
2023-01-11 18:19:53.003  75 81 I channel139887837058816 self_thread_id = 139887837058816, last time delay.time = 14, now count = 807, i = 4
2023-01-11 18:19:53.003  75 78 I channel139887862236928 self_thread_id = 139887862236928, last time delay.time = 13, now count = 808, i = 4
2023-01-11 18:19:53.003  75 81 I channel139887837058816 self_thread_id = 139887837058816, last time delay.time = 14, now count = 807, i = 4
2023-01-11 18:19:53.003  75 78 W channel139887862236928 self_thread_id = 139887862236928, last time delay.time = 13, now count = 808, i = 4
2023-01-11 18:19:53.003  75 81 W channel139887837058816 self_thread_id = 139887837058816, last time delay.time = 14, now count = 807, i = 4
2023-01-11 18:19:53.003  75 78 E channel139887862236928 self_thread_id = 139887862236928, last time delay.time = 13, now count = 808, i = 4
2023-01-11 18:19:53.003  75 81 E channel139887837058816 self_thread_id = 139887837058816, last time delay.time = 14, now count = 807, i = 4
2023-01-11 18:19:53.003  75 81 I channel139887837058816 self_thread_id = 139887837058816, last time delay.time = 14, now count = 816
2023-01-11 18:19:53.003  75 78 I channel139887862236928 self_thread_id = 139887862236928, last time delay.time = 13, now count = 815
2023-01-11 18:19:54.002  75 82 I channel139887621699328 self_thread_id = 139887621699328, last time delay.time = 16, now count = 809, i = 0
2023-01-11 18:19:54.002  75 82 I channel139887621699328 self_thread_id = 139887621699328, last time delay.time = 16, now count = 809, i = 0
2023-01-11 18:19:54.002  75 83 I channel139887613306624 self_thread_id = 139887613306624, last time delay.time = 10, now count = 813, i = 0
2023-01-11 18:19:54.002  75 82 W channel139887621699328 self_thread_id = 139887621699328, last time delay.time = 16, now count = 809, i = 0
2023-01-11 18:19:54.002  75 77 I channel139887870629632 self_thread_id = 139887870629632, last time delay.time = 10, now count = 810, i = 0
2023-01-11 18:19:54.002  75 79 I channel139887853844224 self_thread_id = 139887853844224, last time delay.time = 8, now count = 814, i = 0
2023-01-11 18:19:54.002  75 83 I channel139887613306624 self_thread_id = 139887613306624, last time delay.time = 10, now count = 813, i = 0
2023-01-11 18:19:54.002  75 77 I channel139887870629632 self_thread_id = 139887870629632, last time delay.time = 10, now count = 810, i = 0
2023-01-11 18:19:54.002  75 83 W channel139887613306624 self_thread_id = 139887613306624, last time delay.time = 10, now count = 813, i = 0
2023-01-11 18:19:54.002  75 84 I channel139887604913920 self_thread_id = 139887604913920, last time delay.time = 13, now count = 811, i = 0
2023-01-11 18:19:54.002  75 83 E channel139887613306624 self_thread_id = 139887613306624, last time delay.time = 10, now count = 813, i = 0
2023-01-11 18:19:54.002  75 79 I channel139887853844224 self_thread_id = 139887853844224, last time delay.time = 8, now count = 814, i = 0
2023-01-11 18:19:54.002  75 84 I channel139887604913920 self_thread_id = 139887604913920, last time delay.time = 13, now count = 811, i = 0
2023-01-11 18:19:54.002  75 79 W channel139887853844224 self_thread_id = 139887853844224, last time delay.time = 8, now count = 814, i = 0
2023-01-11 18:19:54.002  75 84 W channel139887604913920 self_thread_id = 139887604913920, last time delay.time = 13, now count = 811, i = 0
2023-01-11 18:19:54.002  75 80 I channel139887845451520 self_thread_id = 139887845451520, last time delay.time = 8, now count = 812, i = 0
2023-01-11 18:19:54.002  75 80 I channel139887845451520 self_thread_id = 139887845451520, last time delay.time = 8, now count = 812, i = 0
2023-01-11 18:19:54.002  75 80 W channel139887845451520 self_thread_id = 139887845451520, last time delay.time = 8, now count = 812, i = 0
2023-01-11 18:19:54.002  75 84 E channel139887604913920 self_thread_id = 139887604913920, last time delay.time = 13, now count = 811, i = 0
2023-01-11 18:19:54.002  75 82 E channel139887621699328 self_thread_id = 139887621699328, last time delay.time = 16, now count = 809, i = 0
2023-01-11 18:19:54.002  75 77 W channel139887870629632 self_thread_id = 139887870629632, last time delay.time = 10, now count = 810, i = 0
2023-01-11 18:19:54.002  75 80 E channel139887845451520 self_thread_id = 139887845451520, last time delay.time = 8, now count = 812, i = 0
2023-01-11 18:19:54.002  75 79 E channel139887853844224 self_thread_id = 139887853844224, last time delay.time = 8, now count = 814, i = 0
2023-01-11 18:19:54.002  75 77 E channel139887870629632 self_thread_id = 139887870629632, last time delay.time = 10, now count = 810, i = 0
2023-01-11 18:19:54.003  75 78 I channel139887862236928 self_thread_id = 139887862236928, last time delay.time = 28, now count = 815, i = 0
2023-01-11 18:19:54.003  75 81 I channel139887837058816 self_thread_id = 139887837058816, last time delay.time = 15, now count = 816, i = 0
2023-01-11 18:19:54.003  75 78 I channel139887862236928 self_thread_id = 139887862236928, last time delay.time = 28, now count = 815, i = 0
2023-01-11 18:19:54.003  75 81 I channel139887837058816 self_thread_id = 139887837058816, last time delay.time = 15, now count = 816, i = 0
2023-01-11 18:19:54.003  75 78 W channel139887862236928 self_thread_id = 139887862236928, last time delay.time = 28, now count = 815, i = 0
2023-01-11 18:19:54.003  75 81 W channel139887837058816 self_thread_id = 139887837058816, last time delay.time = 15, now count = 816, i = 0
2023-01-11 18:19:54.003  75 78 E channel139887862236928 self_thread_id = 139887862236928, last time delay.time = 28, now count = 815, i = 0
2023-01-11 18:19:54.003  75 81 E channel139887837058816 self_thread_id = 139887837058816, last time delay.time = 15, now count = 816, i = 0
2023-01-11 18:19:55.002  75 82 I channel139887621699328 self_thread_id = 139887621699328, last time delay.time = 16, now count = 809, i = 1
2023-01-11 18:19:55.002  75 83 I channel139887613306624 self_thread_id = 139887613306624, last time delay.time = 10, now count = 813, i = 1
2023-01-11 18:19:55.002  75 82 I channel139887621699328 self_thread_id = 139887621699328, last time delay.time = 16, now count = 809, i = 1
2023-01-11 18:19:55.002  75 79 I channel139887853844224 self_thread_id = 139887853844224, last time delay.time = 8, now count = 814, i = 1
2023-01-11 18:19:55.002  75 82 W channel139887621699328 self_thread_id = 139887621699328, last time delay.time = 16, now count = 809, i = 1
2023-01-11 18:19:55.002  75 82 E channel139887621699328 self_thread_id = 139887621699328, last time delay.time = 16, now count = 809, i = 1
2023-01-11 18:19:55.002  75 83 I channel139887613306624 self_thread_id = 139887613306624, last time delay.time = 10, now count = 813, i = 1
2023-01-11 18:19:55.002  75 79 I channel139887853844224 self_thread_id = 139887853844224, last time delay.time = 8, now count = 814, i = 1
2023-01-11 18:19:55.002  75 83 W channel139887613306624 self_thread_id = 139887613306624, last time delay.time = 10, now count = 813, i = 1
2023-01-11 18:19:55.002  75 79 W channel139887853844224 self_thread_id = 139887853844224, last time delay.time = 8, now count = 814, i = 1
2023-01-11 18:19:55.002  75 83 E channel139887613306624 self_thread_id = 139887613306624, last time delay.time = 10, now count = 813, i = 1
2023-01-11 18:19:55.002  75 79 E channel139887853844224 self_thread_id = 139887853844224, last time delay.time = 8, now count = 814, i = 1
2023-01-11 18:19:55.002  75 84 I channel139887604913920 self_thread_id = 139887604913920, last time delay.time = 13, now count = 811, i = 1
2023-01-11 18:19:55.002  75 84 I channel139887604913920 self_thread_id = 139887604913920, last time delay.time = 13, now count = 811, i = 1
2023-01-11 18:19:55.002  75 84 W channel139887604913920 self_thread_id = 139887604913920, last time delay.time = 13, now count = 811, i = 1
2023-01-11 18:19:55.002  75 80 I channel139887845451520 self_thread_id = 139887845451520, last time delay.time = 8, now count = 812, i = 1
2023-01-11 18:19:55.002  75 84 E channel139887604913920 self_thread_id = 139887604913920, last time delay.time = 13, now count = 811, i = 1
2023-01-11 18:19:55.002  75 80 I channel139887845451520 self_thread_id = 139887845451520, last time delay.time = 8, now count = 812, i = 1
2023-01-11 18:19:55.002  75 77 I channel139887870629632 self_thread_id = 139887870629632, last time delay.time = 10, now count = 810, i = 1
2023-01-11 18:19:55.002  75 80 W channel139887845451520 self_thread_id = 139887845451520, last time delay.time = 8, now count = 812, i = 1
2023-01-11 18:19:55.002  75 77 I channel139887870629632 self_thread_id = 139887870629632, last time delay.time = 10, now count = 810, i = 1
2023-01-11 18:19:55.002  75 80 E channel139887845451520 self_thread_id = 139887845451520, last time delay.time = 8, now count = 812, i = 1
2023-01-11 18:19:55.002  75 77 W channel139887870629632 self_thread_id = 139887870629632, last time delay.time = 10, now count = 810, i = 1
2023-01-11 18:19:55.002  75 77 E channel139887870629632 self_thread_id = 139887870629632, last time delay.time = 10, now count = 810, i = 1
2023-01-11 18:19:55.003  75 78 I channel139887862236928 self_thread_id = 139887862236928, last time delay.time = 28, now count = 815, i = 1
2023-01-11 18:19:55.003  75 81 I channel139887837058816 self_thread_id = 139887837058816, last time delay.time = 15, now count = 816, i = 1
2023-01-11 18:19:55.003  75 78 I channel139887862236928 self_thread_id = 139887862236928, last time delay.time = 28, now count = 815, i = 1
2023-01-11 18:19:55.003  75 81 I channel139887837058816 self_thread_id = 139887837058816, last time delay.time = 15, now count = 816, i = 1
2023-01-11 18:19:55.003  75 78 W channel139887862236928 self_thread_id = 139887862236928, last time delay.time = 28, now count = 815, i = 1
2023-01-11 18:19:55.003  75 81 W channel139887837058816 self_thread_id = 139887837058816, last time delay.time = 15, now count = 816, i = 1
2023-01-11 18:19:55.003  75 78 E channel139887862236928 self_thread_id = 139887862236928, last time delay.time = 28, now count = 815, i = 1
2023-01-11 18:19:55.003  75 81 E channel139887837058816 self_thread_id = 139887837058816, last time delay.time = 15, now count = 816, i = 1
2023-01-11 18:19:56.002  75 83 I channel139887613306624 self_thread_id = 139887613306624, last time delay.time = 10, now count = 813, i = 2
2023-01-11 18:19:56.002  75 83 I channel139887613306624 self_thread_id = 139887613306624, last time delay.time = 10, now count = 813, i = 2
2023-01-11 18:19:56.002  75 79 I channel139887853844224 self_thread_id = 139887853844224, last time delay.time = 8, now count = 814, i = 2
2023-01-11 18:19:56.002  75 83 W channel139887613306624 self_thread_id = 139887613306624, last time delay.time = 10, now count = 813, i = 2
2023-01-11 18:19:56.002  75 82 I channel139887621699328 self_thread_id = 139887621699328, last time delay.time = 16, now count = 809, i = 2
2023-01-11 18:19:56.002  75 83 E channel139887613306624 self_thread_id = 139887613306624, last time delay.time = 10, now count = 813, i = 2
2023-01-11 18:19:56.002  75 79 I channel139887853844224 self_thread_id = 139887853844224, last time delay.time = 8, now count = 814, i = 2
2023-01-11 18:19:56.002  75 82 I channel139887621699328 self_thread_id = 139887621699328, last time delay.time = 16, now count = 809, i = 2
2023-01-11 18:19:56.002  75 79 W channel139887853844224 self_thread_id = 139887853844224, last time delay.time = 8, now count = 814, i = 2
2023-01-11 18:19:56.002  75 82 W channel139887621699328 self_thread_id = 139887621699328, last time delay.time = 16, now count = 809, i = 2
2023-01-11 18:19:56.002  75 82 E channel139887621699328 self_thread_id = 139887621699328, last time delay.time = 16, now count = 809, i = 2
2023-01-11 18:19:56.002  75 79 E channel139887853844224 self_thread_id = 139887853844224, last time delay.time = 8, now count = 814, i = 2
2023-01-11 18:19:56.002  75 84 I channel139887604913920 self_thread_id = 139887604913920, last time delay.time = 13, now count = 811, i = 2
2023-01-11 18:19:56.002  75 84 I channel139887604913920 self_thread_id = 139887604913920, last time delay.time = 13, now count = 811, i = 2
2023-01-11 18:19:56.002  75 84 W channel139887604913920 self_thread_id = 139887604913920, last time delay.time = 13, now count = 811, i = 2
2023-01-11 18:19:56.002  75 84 E channel139887604913920 self_thread_id = 139887604913920, last time delay.time = 13, now count = 811, i = 2
2023-01-11 18:19:56.002  75 80 I channel139887845451520 self_thread_id = 139887845451520, last time delay.time = 8, now count = 812, i = 2
2023-01-11 18:19:56.002  75 77 I channel139887870629632 self_thread_id = 139887870629632, last time delay.time = 10, now count = 810, i = 2
2023-01-11 18:19:56.002  75 80 I channel139887845451520 self_thread_id = 139887845451520, last time delay.time = 8, now count = 812, i = 2
2023-01-11 18:19:56.002  75 80 W channel139887845451520 self_thread_id = 139887845451520, last time delay.time = 8, now count = 812, i = 2
2023-01-11 18:19:56.002  75 77 I channel139887870629632 self_thread_id = 139887870629632, last time delay.time = 10, now count = 810, i = 2
2023-01-11 18:19:56.002  75 80 E channel139887845451520 self_thread_id = 139887845451520, last time delay.time = 8, now count = 812, i = 2
2023-01-11 18:19:56.002  75 77 W channel139887870629632 self_thread_id = 139887870629632, last time delay.time = 10, now count = 810, i = 2
2023-01-11 18:19:56.002  75 77 E channel139887870629632 self_thread_id = 139887870629632, last time delay.time = 10, now count = 810, i = 2
2023-01-11 18:19:56.003  75 81 I channel139887837058816 self_thread_id = 139887837058816, last time delay.time = 15, now count = 816, i = 2
2023-01-11 18:19:56.003  75 78 I channel139887862236928 self_thread_id = 139887862236928, last time delay.time = 28, now count = 815, i = 2
2023-01-11 18:19:56.004  75 81 I channel139887837058816 self_thread_id = 139887837058816, last time delay.time = 15, now count = 816, i = 2
2023-01-11 18:19:56.004  75 78 I channel139887862236928 self_thread_id = 139887862236928, last time delay.time = 28, now count = 815, i = 2
2023-01-11 18:19:56.004  75 81 W channel139887837058816 self_thread_id = 139887837058816, last time delay.time = 15, now count = 816, i = 2
2023-01-11 18:19:56.004  75 78 W channel139887862236928 self_thread_id = 139887862236928, last time delay.time = 28, now count = 815, i = 2
2023-01-11 18:19:56.004  75 81 E channel139887837058816 self_thread_id = 139887837058816, last time delay.time = 15, now count = 816, i = 2
2023-01-11 18:19:56.004  75 78 E channel139887862236928 self_thread_id = 139887862236928, last time delay.time = 28, now count = 815, i = 2
2023-01-11 18:19:56.558  75 75 I APP.tag TestComponent::Proc
2023-01-11 18:19:56.558  75 75 I APP.tag ****************test INFO begin****************
2023-01-11 18:19:56.558  75 75 I APP.tag 测试 index = 927组
2023-01-11 18:19:56.558  75 75 E APP.tag 循环计数 i = 1次
2023-01-11 18:19:56.558  75 75 I APP.tag test LOG_Trace()
2023-01-11 18:19:56.558  75 75 I vscode 循环计数 i = 1次,test LOG_Channel_Trace()
2023-01-11 18:19:56.558  75 75 E APP.tag 循环计数 i = 2次
2023-01-11 18:19:56.558  75 75 E APP.tag 循环计数 i = 3次
2023-01-11 18:19:56.559  75 75 I APP.tag test LOG_Info()
2023-01-11 18:19:56.559  75 75 I baidu 循环计数 i = 3次,test LOG_Channel_Info()
2023-01-11 18:19:56.559  75 75 E APP.tag 循环计数 i = 4次
2023-01-11 18:19:56.559  75 75 W APP.tag test LOG_Warn()
2023-01-11 18:19:56.559  75 75 W google 循环计数 i = 4次,test LOG_Channel_Warn()
2023-01-11 18:19:56.559  75 75 E APP.tag 循环计数 i = 5次
2023-01-11 18:19:56.559  75 75 E APP.tag test LOG_Error()
2023-01-11 18:19:56.559  75 75 E visio 循环计数 i = 5次,test LOG_Channel_Error()
2023-01-11 18:19:56.559  75 75 I APP.tag print coredump DataLen:2 Data[01 00]
2023-01-11 18:19:56.559  75 75 W coredump 0x0000000a 0a 00 00 00 0b 00 00 00 0c 00 00 00 0d 00 00 00 0e 00 00 00
2023-01-11 18:19:56.559  75 75 I APP.tag ****************test INFO end****************
2023-01-11 18:19:57.002  75 82 I channel139887621699328 self_thread_id = 139887621699328, last time delay.time = 16, now count = 809, i = 3
2023-01-11 18:19:57.002  75 82 I channel139887621699328 self_thread_id = 139887621699328, last time delay.time = 16, now count = 809, i = 3
2023-01-11 18:19:57.002  75 83 I channel139887613306624 self_thread_id = 139887613306624, last time delay.time = 10, now count = 813, i = 3
2023-01-11 18:19:57.002  75 83 I channel139887613306624 self_thread_id = 139887613306624, last time delay.time = 10, now count = 813, i = 3
2023-01-11 18:19:57.002  75 82 W channel139887621699328 self_thread_id = 139887621699328, last time delay.time = 16, now count = 809, i = 3
2023-01-11 18:19:57.002  75 83 W channel139887613306624 self_thread_id = 139887613306624, last time delay.time = 10, now count = 813, i = 3
2023-01-11 18:19:57.002  75 84 I channel139887604913920 self_thread_id = 139887604913920, last time delay.time = 13, now count = 811, i = 3
2023-01-11 18:19:57.002  75 82 E channel139887621699328 self_thread_id = 139887621699328, last time delay.time = 16, now count = 809, i = 3
2023-01-11 18:19:57.002  75 83 E channel139887613306624 self_thread_id = 139887613306624, last time delay.time = 10, now count = 813, i = 3
2023-01-11 18:19:57.002  75 84 I channel139887604913920 self_thread_id = 139887604913920, last time delay.time = 13, now count = 811, i = 3
2023-01-11 18:19:57.002  75 84 W channel139887604913920 self_thread_id = 139887604913920, last time delay.time = 13, now count = 811, i = 3
2023-01-11 18:19:57.002  75 84 E channel139887604913920 self_thread_id = 139887604913920, last time delay.time = 13, now count = 811, i = 3
2023-01-11 18:19:57.002  75 79 I channel139887853844224 self_thread_id = 139887853844224, last time delay.time = 8, now count = 814, i = 3
2023-01-11 18:19:57.002  75 79 I channel139887853844224 self_thread_id = 139887853844224, last time delay.time = 8, now count = 814, i = 3
2023-01-11 18:19:57.002  75 79 W channel139887853844224 self_thread_id = 139887853844224, last time delay.time = 8, now count = 814, i = 3
2023-01-11 18:19:57.002  75 80 I channel139887845451520 self_thread_id = 139887845451520, last time delay.time = 8, now count = 812, i = 3
2023-01-11 18:19:57.002  75 80 I channel139887845451520 self_thread_id = 139887845451520, last time delay.time = 8, now count = 812, i = 3
2023-01-11 18:19:57.002  75 79 E channel139887853844224 self_thread_id = 139887853844224, last time delay.time = 8, now count = 814, i = 3
2023-01-11 18:19:57.002  75 80 W channel139887845451520 self_thread_id = 139887845451520, last time delay.time = 8, now count = 812, i = 3
2023-01-11 18:19:57.002  75 77 I channel139887870629632 self_thread_id = 139887870629632, last time delay.time = 10, now count = 810, i = 3
2023-01-11 18:19:57.002  75 77 I channel139887870629632 self_thread_id = 139887870629632, last time delay.time = 10, now count = 810, i = 3
2023-01-11 18:19:57.002  75 80 E channel139887845451520 self_thread_id = 139887845451520, last time delay.time = 8, now count = 812, i = 3
2023-01-11 18:19:57.002  75 77 W channel139887870629632 self_thread_id = 139887870629632, last time delay.time = 10, now count = 810, i = 3
2023-01-11 18:19:57.002  75 77 E channel139887870629632 self_thread_id = 139887870629632, last time delay.time = 10, now count = 810, i = 3
2023-01-11 18:19:57.004  75 81 I channel139887837058816 self_thread_id = 139887837058816, last time delay.time = 15, now count = 816, i = 3
2023-01-11 18:19:57.004  75 78 I channel139887862236928 self_thread_id = 139887862236928, last time delay.time = 28, now count = 815, i = 3
