2023-01-11 18:19:15.995  75 84 I channel139887604913920 self_thread_id = 139887604913920, last time delay.time = 8, now count = 748, i = 2
2023-01-11 18:19:15.995  75 84 W channel139887604913920 self_thread_id = 139887604913920, last time delay.time = 8, now count = 748, i = 2
2023-01-11 18:19:15.995  75 84 E channel139887604913920 self_thread_id = 139887604913920, last time delay.time = 8, now count = 748, i = 2
2023-01-11 18:19:15.995  75 83 I channel139887613306624 self_thread_id = 139887613306624, last time delay.time = 8, now count = 750, i = 2
2023-01-11 18:19:15.995  75 82 I channel139887621699328 self_thread_id = 139887621699328, last time delay.time = 8, now count = 749, i = 2
2023-01-11 18:19:15.995  75 83 I channel139887613306624 self_thread_id = 139887613306624, last time delay.time = 8, now count = 750, i = 2
2023-01-11 18:19:15.995  75 83 W channel139887613306624 self_thread_id = 139887613306624, last time delay.time = 8, now count = 750, i = 2
2023-01-11 18:19:15.995  75 82 I channel139887621699328 self_thread_id = 139887621699328, last time delay.time = 8, now count = 749, i = 2
2023-01-11 18:19:15.995  75 83 E channel139887613306624 self_thread_id = 139887613306624, last time delay.time = 8, now count = 750, i = 2
2023-01-11 18:19:15.995  75 82 W channel139887621699328 self_thread_id = 139887621699328, last time delay.time = 8, now count = 749, i = 2
2023-01-11 18:19:15.995  75 82 E channel139887621699328 self_thread_id = 139887621699328, last time delay.time = 8, now count = 749, i = 2
2023-01-11 18:19:15.995  75 81 I channel139887837058816 self_thread_id = 139887837058816, last time delay.time = 9, now count = 751, i = 2
2023-01-11 18:19:15.995  75 81 I channel139887837058816 self_thread_id = 139887837058816, last time delay.time = 9, now count = 751, i = 2
2023-01-11 18:19:15.995  75 81 W channel139887837058816 self_thread_id = 139887837058816, last time delay.time = 9, now count = 751, i = 2
2023-01-11 18:19:15.995  75 81 E channel139887837058816 self_thread_id = 139887837058816, last time delay.time = 9, now count = 751, i = 2
2023-01-11 18:19:15.995  75 78 I channel139887862236928 self_thread_id = 139887862236928, last time delay.time = 8, now count = 752, i = 2
2023-01-11 18:19:15.996  75 78 I channel139887862236928 self_thread_id = 139887862236928, last time delay.time = 8, now count = 752, i = 2
2023-01-11 18:19:15.996  75 78 W channel139887862236928 self_thread_id = 139887862236928, last time delay.time = 8, now count = 752, i = 2
2023-01-11 18:19:15.996  75 78 E channel139887862236928 self_thread_id = 139887862236928, last time delay.time = 8, now count = 752, i = 2
2023-01-11 18:19:16.557  75 75 I APP.tag TestComponent::Proc
2023-01-11 18:19:16.557  75 75 I APP.tag ****************test INFO begin****************
2023-01-11 18:19:16.557  75 75 I APP.tag 测试 index = 923组
2023-01-11 18:19:16.557  75 75 E APP.tag 循环计数 i = 1次
2023-01-11 18:19:16.557  75 75 I APP.tag test LOG_Trace()
2023-01-11 18:19:16.557  75 75 I vscode 循环计数 i = 1次,test LOG_Channel_Trace()
2023-01-11 18:19:16.557  75 75 E APP.tag 循环计数 i = 2次
2023-01-11 18:19:16.557  75 75 E APP.tag 循环计数 i = 3次
2023-01-11 18:19:16.557  75 75 I APP.tag test LOG_Info()
2023-01-11 18:19:16.557  75 75 I baidu 循环计数 i = 3次,test LOG_Channel_Info()
2023-01-11 18:19:16.557  75 75 E APP.tag 循环计数 i = 4次
2023-01-11 18:19:16.557  75 75 W APP.tag test LOG_Warn()
2023-01-11 18:19:16.557  75 75 W google 循环计数 i = 4次,test LOG_Channel_Warn()
2023-01-11 18:19:16.557  75 75 E APP.tag 循环计数 i = 5次
2023-01-11 18:19:16.557  75 75 E APP.tag test LOG_Error()
2023-01-11 18:19:16.557  75 75 E visio 循环计数 i = 5次,test LOG_Channel_Error()
2023-01-11 18:19:16.557  75 75 I APP.tag print coredump DataLen:2 Data[01 00]
2023-01-11 18:19:16.557  75 75 W coredump 0x0000000a 0a 00 00 00 0b 00 00 00 0c 00 00 00 0d 00 00 00 0e 00 00 00
2023-01-11 18:19:16.557  75 75 I APP.tag ****************test INFO end****************
2023-01-11 18:19:16.995  75 80 I channel139887845451520 self_thread_id = 139887845451520, last time delay.time = 13, now count = 745, i = 3
2023-01-11 18:19:16.995  75 80 I channel139887845451520 self_thread_id = 139887845451520, last time delay.time = 13, now count = 745, i = 3
2023-01-11 18:19:16.995  75 77 I channel139887870629632 self_thread_id = 139887870629632, last time delay.time = 10, now count = 747, i = 3
2023-01-11 18:19:16.995  75 79 I channel139887853844224 self_thread_id = 139887853844224, last time delay.time = 27, now count = 746, i = 3
2023-01-11 18:19:16.995  75 77 I channel139887870629632 self_thread_id = 139887870629632, last time delay.time = 10, now count = 747, i = 3
2023-01-11 18:19:16.995  75 84 I channel139887604913920 self_thread_id = 139887604913920, last time delay.time = 8, now count = 748, i = 3
2023-01-11 18:19:16.995  75 80 W channel139887845451520 self_thread_id = 139887845451520, last time delay.time = 13, now count = 745, i = 3
2023-01-11 18:19:16.995  75 80 E channel139887845451520 self_thread_id = 139887845451520, last time delay.time = 13, now count = 745, i = 3
2023-01-11 18:19:16.995  75 84 I channel139887604913920 self_thread_id = 139887604913920, last time delay.time = 8, now count = 748, i = 3
2023-01-11 18:19:16.995  75 77 W channel139887870629632 self_thread_id = 139887870629632, last time delay.time = 10, now count = 747, i = 3
2023-01-11 18:19:16.995  75 79 I channel139887853844224 self_thread_id = 139887853844224, last time delay.time = 27, now count = 746, i = 3
2023-01-11 18:19:16.995  75 84 W channel139887604913920 self_thread_id = 139887604913920, last time delay.time = 8, now count = 748, i = 3
2023-01-11 18:19:16.995  75 79 W channel139887853844224 self_thread_id = 139887853844224, last time delay.time = 27, now count = 746, i = 3
2023-01-11 18:19:16.995  75 84 E channel139887604913920 self_thread_id = 139887604913920, last time delay.time = 8, now count = 748, i = 3
2023-01-11 18:19:16.995  75 79 E channel139887853844224 self_thread_id = 139887853844224, last time delay.time = 27, now count = 746, i = 3
2023-01-11 18:19:16.995  75 77 E channel139887870629632 self_thread_id = 139887870629632, last time delay.time = 10, now count = 747, i = 3
2023-01-11 18:19:16.995  75 83 I channel139887613306624 self_thread_id = 139887613306624, last time delay.time = 8, now count = 750, i = 3
2023-01-11 18:19:16.995  75 83 I channel139887613306624 self_thread_id = 139887613306624, last time delay.time = 8, now count = 750, i = 3
2023-01-11 18:19:16.995  75 83 W channel139887613306624 self_thread_id = 139887613306624, last time delay.time = 8, now count = 750, i = 3
2023-01-11 18:19:16.995  75 83 E channel139887613306624 self_thread_id = 139887613306624, last time delay.time = 8, now count = 750, i = 3
2023-01-11 18:19:16.995  75 82 I channel139887621699328 self_thread_id = 139887621699328, last time delay.time = 8, now count = 749, i = 3
2023-01-11 18:19:16.995  75 82 I channel139887621699328 self_thread_id = 139887621699328, last time delay.time = 8, now count = 749, i = 3
2023-01-11 18:19:16.995  75 82 W channel139887621699328 self_thread_id = 139887621699328, last time delay.time = 8, now count = 749, i = 3
2023-01-11 18:19:16.995  75 82 E channel139887621699328 self_thread_id = 139887621699328, last time delay.time = 8, now count = 749, i = 3
2023-01-11 18:19:16.995  75 81 I channel139887837058816 self_thread_id = 139887837058816, last time delay.time = 9, now count = 751, i = 3
2023-01-11 18:19:16.996  75 81 I channel139887837058816 self_thread_id = 139887837058816, last time delay.time = 9, now count = 751, i = 3
2023-01-11 18:19:16.996  75 81 W channel139887837058816 self_thread_id = 139887837058816, last time delay.time = 9, now count = 751, i = 3
2023-01-11 18:19:16.996  75 81 E channel139887837058816 self_thread_id = 139887837058816, last time delay.time = 9, now count = 751, i = 3
2023-01-11 18:19:16.996  75 78 I channel139887862236928 self_thread_id = 139887862236928, last time delay.time = 8, now count = 752, i = 3
2023-01-11 18:19:16.996  75 78 I channel139887862236928 self_thread_id = 139887862236928, last time delay.time = 8, now count = 752, i = 3
2023-01-11 18:19:16.996  75 78 W channel139887862236928 self_thread_id = 139887862236928, last time delay.time = 8, now count = 752, i = 3
2023-01-11 18:19:16.996  75 78 E channel139887862236928 self_thread_id = 139887862236928, last time delay.time = 8, now count = 752, i = 3
2023-01-11 18:19:17.995  75 80 I channel139887845451520 self_thread_id = 139887845451520, last time delay.time = 13, now count = 745, i = 4
2023-01-11 18:19:17.995  75 80 I channel139887845451520 self_thread_id = 139887845451520, last time delay.time = 13, now count = 745, i = 4
2023-01-11 18:19:17.995  75 84 I channel139887604913920 self_thread_id = 139887604913920, last time delay.time = 8, now count = 748, i = 4
2023-01-11 18:19:17.995  75 80 W channel139887845451520 self_thread_id = 139887845451520, last time delay.time = 13, now count = 745, i = 4
2023-01-11 18:19:17.995  75 84 I channel139887604913920 self_thread_id = 139887604913920, last time delay.time = 8, now count = 748, i = 4
2023-01-11 18:19:17.995  75 80 E channel139887845451520 self_thread_id = 139887845451520, last time delay.time = 13, now count = 745, i = 4
2023-01-11 18:19:17.995  75 84 W channel139887604913920 self_thread_id = 139887604913920, last time delay.time = 8, now count = 748, i = 4
2023-01-11 18:19:17.995  75 80 I channel139887845451520 self_thread_id = 139887845451520, last time delay.time = 13, now count = 753
2023-01-11 18:19:17.995  75 84 E channel139887604913920 self_thread_id = 139887604913920, last time delay.time = 8, now count = 748, i = 4
2023-01-11 18:19:17.995  75 77 I channel139887870629632 self_thread_id = 139887870629632, last time delay.time = 10, now count = 747, i = 4
2023-01-11 18:19:17.995  75 84 I channel139887604913920 self_thread_id = 139887604913920, last time delay.time = 8, now count = 754
2023-01-11 18:19:17.995  75 77 I channel139887870629632 self_thread_id = 139887870629632, last time delay.time = 10, now count = 747, i = 4
2023-01-11 18:19:17.995  75 77 W channel139887870629632 self_thread_id = 139887870629632, last time delay.time = 10, now count = 747, i = 4
2023-01-11 18:19:17.995  75 79 I channel139887853844224 self_thread_id = 139887853844224, last time delay.time = 27, now count = 746, i = 4
2023-01-11 18:19:17.995  75 77 E channel139887870629632 self_thread_id = 139887870629632, last time delay.time = 10, now count = 747, i = 4
2023-01-11 18:19:17.995  75 77 I channel139887870629632 self_thread_id = 139887870629632, last time delay.time = 10, now count = 755
2023-01-11 18:19:17.995  75 82 I channel139887621699328 self_thread_id = 139887621699328, last time delay.time = 8, now count = 749, i = 4
2023-01-11 18:19:17.995  75 79 I channel139887853844224 self_thread_id = 139887853844224, last time delay.time = 27, now count = 746, i = 4
2023-01-11 18:19:17.995  75 79 W channel139887853844224 self_thread_id = 139887853844224, last time delay.time = 27, now count = 746, i = 4
2023-01-11 18:19:17.995  75 82 I channel139887621699328 self_thread_id = 139887621699328, last time delay.time = 8, now count = 749, i = 4
2023-01-11 18:19:17.995  75 79 E channel139887853844224 self_thread_id = 139887853844224, last time delay.time = 27, now count = 746, i = 4
2023-01-11 18:19:17.995  75 82 W channel139887621699328 self_thread_id = 139887621699328, last time delay.time = 8, now count = 749, i = 4
2023-01-11 18:19:17.995  75 83 I channel139887613306624 self_thread_id = 139887613306624, last time delay.time = 8, now count = 750, i = 4
2023-01-11 18:19:17.995  75 82 E channel139887621699328 self_thread_id = 139887621699328, last time delay.time = 8, now count = 749, i = 4
2023-01-11 18:19:17.995  75 79 I channel139887853844224 self_thread_id = 139887853844224, last time delay.time = 27, now count = 756
2023-01-11 18:19:17.995  75 82 I channel139887621699328 self_thread_id = 139887621699328, last time delay.time = 8, now count = 757
2023-01-11 18:19:17.995  75 83 I channel139887613306624 self_thread_id = 139887613306624, last time delay.time = 8, now count = 750, i = 4
2023-01-11 18:19:17.995  75 83 W channel139887613306624 self_thread_id = 139887613306624, last time delay.time = 8, now count = 750, i = 4
2023-01-11 18:19:17.995  75 83 E channel139887613306624 self_thread_id = 139887613306624, last time delay.time = 8, now count = 750, i = 4
2023-01-11 18:19:17.995  75 83 I channel139887613306624 self_thread_id = 139887613306624, last time delay.time = 8, now count = 758
2023-01-11 18:19:17.996  75 81 I channel139887837058816 self_thread_id = 139887837058816, last time delay.time = 9, now count = 751, i = 4
2023-01-11 18:19:17.996  75 81 I channel139887837058816 self_thread_id = 139887837058816, last time delay.time = 9, now count = 751, i = 4
2023-01-11 18:19:17.996  75 81 W channel139887837058816 self_thread_id = 139887837058816, last time delay.time = 9, now count = 751, i = 4
2023-01-11 18:19:17.996  75 81 E channel139887837058816 self_thread_id = 139887837058816, last time delay.time = 9, now count = 751, i = 4
2023-01-11 18:19:17.996  75 81 I channel139887837058816 self_thread_id = 139887837058816, last time delay.time = 9, now count = 759
2023-01-11 18:19:17.996  75 78 I channel139887862236928 self_thread_id = 139887862236928, last time delay.time = 8, now count = 752, i = 4
2023-01-11 18:19:17.996  75 78 I channel139887862236928 self_thread_id = 139887862236928, last time delay.time = 8, now count = 752, i = 4
2023-01-11 18:19:17.996  75 78 W channel139887862236928 self_thread_id = 139887862236928, last time delay.time = 8, now count = 752, i = 4
2023-01-11 18:19:17.996  75 78 E channel139887862236928 self_thread_id = 139887862236928, last time delay.time = 8, now count = 752, i = 4
2023-01-11 18:19:17.996  75 78 I channel139887862236928 self_thread_id = 139887862236928, last time delay.time = 8, now count = 760
2023-01-11 18:19:18.995  75 80 I channel139887845451520 self_thread_id = 139887845451520, last time delay.time = 9, now count = 753, i = 0
2023-01-11 18:19:18.995  75 80 I channel139887845451520 self_thread_id = 139887845451520, last time delay.time = 9, now count = 753, i = 0
2023-01-11 18:19:18.995  75 80 W channel139887845451520 self_thread_id = 139887845451520, last time delay.time = 9, now count = 753, i = 0
2023-01-11 18:19:18.995  75 80 E channel139887845451520 self_thread_id = 139887845451520, last time delay.time = 9, now count = 753, i = 0
2023-01-11 18:19:18.995  75 77 I channel139887870629632 self_thread_id = 139887870629632, last time delay.time = 10, now count = 755, i = 0
2023-01-11 18:19:18.995  75 84 I channel139887604913920 self_thread_id = 139887604913920, last time delay.time = 10, now count = 754, i = 0
2023-01-11 18:19:18.995  75 77 I channel139887870629632 self_thread_id = 139887870629632, last time delay.time = 10, now count = 755, i = 0
2023-01-11 18:19:18.995  75 77 W channel139887870629632 self_thread_id = 139887870629632, last time delay.time = 10, now count = 755, i = 0
2023-01-11 18:19:18.995  75 77 E channel139887870629632 self_thread_id = 139887870629632, last time delay.time = 10, now count = 755, i = 0
2023-01-11 18:19:18.995  75 82 I channel139887621699328 self_thread_id = 139887621699328, last time delay.time = 9, now count = 757, i = 0
2023-01-11 18:19:18.995  75 84 I channel139887604913920 self_thread_id = 139887604913920, last time delay.time = 10, now count = 754, i = 0
2023-01-11 18:19:18.995  75 84 W channel139887604913920 self_thread_id = 139887604913920, last time delay.time = 10, now count = 754, i = 0
2023-01-11 18:19:18.995  75 82 I channel139887621699328 self_thread_id = 139887621699328, last time delay.time = 9, now count = 757, i = 0
2023-01-11 18:19:18.995  75 84 E channel139887604913920 self_thread_id = 139887604913920, last time delay.time = 10, now count = 754, i = 0
2023-01-11 18:19:18.995  75 82 W channel139887621699328 self_thread_id = 139887621699328, last time delay.time = 9, now count = 757, i = 0
2023-01-11 18:19:18.995  75 82 E channel139887621699328 self_thread_id = 139887621699328, last time delay.time = 9, now count = 757, i = 0
2023-01-11 18:19:18.995  75 79 I channel139887853844224 self_thread_id = 139887853844224, last time delay.time = 9, now count = 756, i = 0
2023-01-11 18:19:18.995  75 79 I channel139887853844224 self_thread_id = 139887853844224, last time delay.time = 9, now count = 756, i = 0
2023-01-11 18:19:18.995  75 79 W channel139887853844224 self_thread_id = 139887853844224, last time delay.time = 9, now count = 756, i = 0
2023-01-11 18:19:18.995  75 79 E channel139887853844224 self_thread_id = 139887853844224, last time delay.time = 9, now count = 756, i = 0
2023-01-11 18:19:18.995  75 83 I channel139887613306624 self_thread_id = 139887613306624, last time delay.time = 8, now count = 758, i = 0
2023-01-11 18:19:18.995  75 83 I channel139887613306624 self_thread_id = 139887613306624, last time delay.time = 8, now count = 758, i = 0
2023-01-11 18:19:18.995  75 83 W channel139887613306624 self_thread_id = 139887613306624, last time delay.time = 8, now count = 758, i = 0
2023-01-11 18:19:18.995  75 83 E channel139887613306624 self_thread_id = 139887613306624, last time delay.time = 8, now count = 758, i = 0
2023-01-11 18:19:18.996  75 81 I channel139887837058816 self_thread_id = 139887837058816, last time delay.time = 8, now count = 759, i = 0
2023-01-11 18:19:18.996  75 81 I channel139887837058816 self_thread_id = 139887837058816, last time delay.time = 8, now count = 759, i = 0
2023-01-11 18:19:18.996  75 81 W channel139887837058816 self_thread_id = 139887837058816, last time delay.time = 8, now count = 759, i = 0
2023-01-11 18:19:18.996  75 81 E channel139887837058816 self_thread_id = 139887837058816, last time delay.time = 8, now count = 759, i = 0
2023-01-11 18:19:18.996  75 78 I channel139887862236928 self_thread_id = 139887862236928, last time delay.time = 8, now count = 760, i = 0
2023-01-11 18:19:18.996  75 78 I channel139887862236928 self_thread_id = 139887862236928, last time delay.time = 8, now count = 760, i = 0
2023-01-11 18:19:18.996  75 78 W channel139887862236928 self_thread_id = 139887862236928, last time delay.time = 8, now count = 760, i = 0
2023-01-11 18:19:18.996  75 78 E channel139887862236928 self_thread_id = 139887862236928, last time delay.time = 8, now count = 760, i = 0
2023-01-11 18:19:19.995  75 80 I channel139887845451520 self_thread_id = 139887845451520, last time delay.time = 9, now count = 753, i = 1
2023-01-11 18:19:19.995  75 80 I channel139887845451520 self_thread_id = 139887845451520, last time delay.time = 9, now count = 753, i = 1
2023-01-11 18:19:19.995  75 77 I channel139887870629632 self_thread_id = 139887870629632, last time delay.time = 10, now count = 755, i = 1
2023-01-11 18:19:19.995  75 80 W channel139887845451520 self_thread_id = 139887845451520, last time delay.time = 9, now count = 753, i = 1
2023-01-11 18:19:19.995  75 77 I channel139887870629632 self_thread_id = 139887870629632, last time delay.time = 10, now count = 755, i = 1
2023-01-11 18:19:19.995  75 77 W channel139887870629632 self_thread_id = 139887870629632, last time delay.time = 10, now count = 755, i = 1
2023-01-11 18:19:19.995  75 80 E channel139887845451520 self_thread_id = 139887845451520, last time delay.time = 9, now count = 753, i = 1
2023-01-11 18:19:19.995  75 77 E channel139887870629632 self_thread_id = 139887870629632, last time delay.time = 10, now count = 755, i = 1
2023-01-11 18:19:19.995  75 84 I channel139887604913920 self_thread_id = 139887604913920, last time delay.time = 10, now count = 754, i = 1
2023-01-11 18:19:19.995  75 84 I channel139887604913920 self_thread_id = 139887604913920, last time delay.time = 10, now count = 754, i = 1
2023-01-11 18:19:19.995  75 84 W channel139887604913920 self_thread_id = 139887604913920, last time delay.time = 10, now count = 754, i = 1
2023-01-11 18:19:19.995  75 84 E channel139887604913920 self_thread_id = 139887604913920, last time delay.time = 10, now count = 754, i = 1
2023-01-11 18:19:19.995  75 82 I channel139887621699328 self_thread_id = 139887621699328, last time delay.time = 9, now count = 757, i = 1
2023-01-11 18:19:19.995  75 82 I channel139887621699328 self_thread_id = 139887621699328, last time delay.time = 9, now count = 757, i = 1
2023-01-11 18:19:19.995  75 83 I channel139887613306624 self_thread_id = 139887613306624, last time delay.time = 8, now count = 758, i = 1
2023-01-11 18:19:19.995  75 82 W channel139887621699328 self_thread_id = 139887621699328, last time delay.time = 9, now count = 757, i = 1
2023-01-11 18:19:19.995  75 79 I channel139887853844224 self_thread_id = 139887853844224, last time delay.time = 9, now count = 756, i = 1
2023-01-11 18:19:19.995  75 82 E channel139887621699328 self_thread_id = 139887621699328, last time delay.time = 9, now count = 757, i = 1
2023-01-11 18:19:19.995  75 79 I channel139887853844224 self_thread_id = 139887853844224, last time delay.time = 9, now count = 756, i = 1
2023-01-11 18:19:19.995  75 79 W channel139887853844224 self_thread_id = 139887853844224, last time delay.time = 9, now count = 756, i = 1
2023-01-11 18:19:19.995  75 83 I channel139887613306624 self_thread_id = 139887613306624, last time delay.time = 8, now count = 758, i = 1
2023-01-11 18:19:19.995  75 79 E channel139887853844224 self_thread_id = 139887853844224, last time delay.time = 9, now count = 756, i = 1
2023-01-11 18:19:19.995  75 83 W channel139887613306624 self_thread_id = 139887613306624, last time delay.time = 8, now count = 758, i = 1
2023-01-11 18:19:19.995  75 83 E channel139887613306624 self_thread_id = 139887613306624, last time delay.time = 8, now count = 758, i = 1
2023-01-11 18:19:19.996  75 81 I channel139887837058816 self_thread_id = 139887837058816, last time delay.time = 8, now count = 759, i = 1
2023-01-11 18:19:19.996  75 81 I channel139887837058816 self_thread_id = 139887837058816, last time delay.time = 8, now count = 759, i = 1
2023-01-11 18:19:19.996  75 81 W channel139887837058816 self_thread_id = 139887837058816, last time delay.time = 8, now count = 759, i = 1
2023-01-11 18:19:19.996  75 81 E channel139887837058816 self_thread_id = 139887837058816, last time delay.time = 8, now count = 759, i = 1
2023-01-11 18:19:19.996  75 78 I channel139887862236928 self_thread_id = 139887862236928, last time delay.time = 8, now count = 760, i = 1
2023-01-11 18:19:19.996  75 78 I channel139887862236928 self_thread_id = 139887862236928, last time delay.time = 8, now count = 760, i = 1
2023-01-11 18:19:19.996  75 78 W channel139887862236928 self_thread_id = 139887862236928, last time delay.time = 8, now count = 760, i = 1
2023-01-11 18:19:19.996  75 78 E channel139887862236928 self_thread_id = 139887862236928, last time delay.time = 8, now count = 760, i = 1
2023-01-11 18:19:20.995  75 77 I channel139887870629632 self_thread_id = 139887870629632, last time delay.time = 10, now count = 755, i = 2
2023-01-11 18:19:20.995  75 77 I channel139887870629632 self_thread_id = 139887870629632, last time delay.time = 10, now count = 755, i = 2
2023-01-11 18:19:20.995  75 77 W channel139887870629632 self_thread_id = 139887870629632, last time delay.time = 10, now count = 755, i = 2
2023-01-11 18:19:20.995  75 77 E channel139887870629632 self_thread_id = 139887870629632, last time delay.time = 10, now count = 755, i = 2
2023-01-11 18:19:20.995  75 80 I channel139887845451520 self_thread_id = 139887845451520, last time delay.time = 9, now count = 753, i = 2
2023-01-11 18:19:20.995  75 80 I channel139887845451520 self_thread_id = 139887845451520, last time delay.time = 9, now count = 753, i = 2
2023-01-11 18:19:20.995  75 80 W channel139887845451520 self_thread_id = 139887845451520, last time delay.time = 9, now count = 753, i = 2
2023-01-11 18:19:20.995  75 84 I channel139887604913920 self_thread_id = 139887604913920, last time delay.time = 10, now count = 754, i = 2
2023-01-11 18:19:20.995  75 80 E channel139887845451520 self_thread_id = 139887845451520, last time delay.time = 9, now count = 753, i = 2
2023-01-11 18:19:20.995  75 84 I channel139887604913920 self_thread_id = 139887604913920, last time delay.time = 10, now count = 754, i = 2
2023-01-11 18:19:20.995  75 84 W channel139887604913920 self_thread_id = 139887604913920, last time delay.time = 10, now count = 754, i = 2
2023-01-11 18:19:20.995  75 84 E channel139887604913920 self_thread_id = 139887604913920, last time delay.time = 10, now count = 754, i = 2
2023-01-11 18:19:20.995  75 82 I channel139887621699328 self_thread_id = 139887621699328, last time delay.time = 9, now count = 757, i = 2
2023-01-11 18:19:20.995  75 82 I channel139887621699328 self_thread_id = 139887621699328, last time delay.time = 9, now count = 757, i = 2
2023-01-11 18:19:20.995  75 82 W channel139887621699328 self_thread_id = 139887621699328, last time delay.time = 9, now count = 757, i = 2
2023-01-11 18:19:20.995  75 82 E channel139887621699328 self_thread_id = 139887621699328, last time delay.time = 9, now count = 757, i = 2
2023-01-11 18:19:20.995  75 83 I channel139887613306624 self_thread_id = 139887613306624, last time delay.time = 8, now count = 758, i = 2
2023-01-11 18:19:20.996  75 83 I channel139887613306624 self_thread_id = 139887613306624, last time delay.time = 8, now count = 758, i = 2
2023-01-11 18:19:20.996  75 83 W channel139887613306624 self_thread_id = 139887613306624, last time delay.time = 8, now count = 758, i = 2
2023-01-11 18:19:20.996  75 83 E channel139887613306624 self_thread_id = 139887613306624, last time delay.time = 8, now count = 758, i = 2
2023-01-11 18:19:20.996  75 79 I channel139887853844224 self_thread_id = 139887853844224, last time delay.time = 9, now count = 756, i = 2
2023-01-11 18:19:20.996  75 79 I channel139887853844224 self_thread_id = 139887853844224, last time delay.time = 9, now count = 756, i = 2
2023-01-11 18:19:20.996  75 79 W channel139887853844224 self_thread_id = 139887853844224, last time delay.time = 9, now count = 756, i = 2
2023-01-11 18:19:20.996  75 79 E channel139887853844224 self_thread_id = 139887853844224, last time delay.time = 9, now count = 756, i = 2
2023-01-11 18:19:20.996  75 81 I channel139887837058816 self_thread_id = 139887837058816, last time delay.time = 8, now count = 759, i = 2
2023-01-11 18:19:20.996  75 81 I channel139887837058816 self_thread_id = 139887837058816, last time delay.time = 8, now count = 759, i = 2
2023-01-11 18:19:20.996  75 81 W channel139887837058816 self_thread_id = 139887837058816, last time delay.time = 8, now count = 759, i = 2
2023-01-11 18:19:20.996  75 81 E channel139887837058816 self_thread_id = 139887837058816, last time delay.time = 8, now count = 759, i = 2
2023-01-11 18:19:20.996  75 78 I channel139887862236928 self_thread_id = 139887862236928, last time delay.time = 8, now count = 760, i = 2
2023-01-11 18:19:20.996  75 78 I channel139887862236928 self_thread_id = 139887862236928, last time delay.time = 8, now count = 760, i = 2
2023-01-11 18:19:20.996  75 78 W channel139887862236928 self_thread_id = 139887862236928, last time delay.time = 8, now count = 760, i = 2
2023-01-11 18:19:20.996  75 78 E channel139887862236928 self_thread_id = 139887862236928, last time delay.time = 8, now count = 760, i = 2
2023-01-11 18:19:21.995  75 77 I channel139887870629632 self_thread_id = 139887870629632, last time delay.time = 10, now count = 755, i = 3
2023-01-11 18:19:21.995  75 77 I channel139887870629632 self_thread_id = 139887870629632, last time delay.time = 10, now count = 755, i = 3
2023-01-11 18:19:21.995  75 77 W channel139887870629632 self_thread_id = 139887870629632, last time delay.time = 10, now count = 755, i = 3
2023-01-11 18:19:21.995  75 77 E channel139887870629632 self_thread_id = 139887870629632, last time delay.time = 10, now count = 755, i = 3
2023-01-11 18:19:21.995  75 80 I channel139887845451520 self_thread_id = 139887845451520, last time delay.time = 9, now count = 753, i = 3
2023-01-11 18:19:21.996  75 80 I channel139887845451520 self_thread_id = 139887845451520, last time delay.time = 9, now count = 753, i = 3
2023-01-11 18:19:21.996  75 80 W channel139887845451520 self_thread_id = 139887845451520, last time delay.time = 9, now count = 753, i = 3
2023-01-11 18:19:21.996  75 84 I channel139887604913920 self_thread_id = 139887604913920, last time delay.time = 10, now count = 754, i = 3
2023-01-11 18:19:21.996  75 80 E channel139887845451520 self_thread_id = 139887845451520, last time delay.time = 9, now count = 753, i = 3
2023-01-11 18:19:21.996  75 84 I channel139887604913920 self_thread_id = 139887604913920, last time delay.time = 10, now count = 754, i = 3
2023-01-11 18:19:21.996  75 84 W channel139887604913920 self_thread_id = 139887604913920, last time delay.time = 10, now count = 754, i = 3
2023-01-11 18:19:21.996  75 84 E channel139887604913920 self_thread_id = 139887604913920, last time delay.time = 10, now count = 754, i = 3
2023-01-11 18:19:21.996  75 82 I channel139887621699328 self_thread_id = 139887621699328, last time delay.time = 9, now count = 757, i = 3
2023-01-11 18:19:21.996  75 82 I channel139887621699328 self_thread_id = 139887621699328, last time delay.time = 9, now count = 757, i = 3
2023-01-11 18:19:21.996  75 82 W channel139887621699328 self_thread_id = 139887621699328, last time delay.time = 9, now count = 757, i = 3
2023-01-11 18:19:21.996  75 82 E channel139887621699328 self_thread_id = 139887621699328, last time delay.time = 9, now count = 757, i = 3
2023-01-11 18:19:21.996  75 79 I channel139887853844224 self_thread_id = 139887853844224, last time delay.time = 9, now count = 756, i = 3
2023-01-11 18:19:21.996  75 83 I channel139887613306624 self_thread_id = 139887613306624, last time delay.time = 8, now count = 758, i = 3
2023-01-11 18:19:21.996  75 79 I channel139887853844224 self_thread_id = 139887853844224, last time delay.time = 9, now count = 756, i = 3
2023-01-11 18:19:21.996  75 83 I channel139887613306624 self_thread_id = 139887613306624, last time delay.time = 8, now count = 758, i = 3
2023-01-11 18:19:21.996  75 79 W channel139887853844224 self_thread_id = 139887853844224, last time delay.time = 9, now count = 756, i = 3
2023-01-11 18:19:21.996  75 79 E channel139887853844224 self_thread_id = 139887853844224, last time delay.time = 9, now count = 756, i = 3
2023-01-11 18:19:21.996  75 83 W channel139887613306624 self_thread_id = 139887613306624, last time delay.time = 8, now count = 758, i = 3
2023-01-11 18:19:21.996  75 83 E channel139887613306624 self_thread_id = 139887613306624, last time delay.time = 8, now count = 758, i = 3
2023-01-11 18:19:21.996  75 78 I channel139887862236928 self_thread_id = 139887862236928, last time delay.time = 8, now count = 760, i = 3
2023-01-11 18:19:21.996  75 81 I channel139887837058816 self_thread_id = 139887837058816, last time delay.time = 8, now count = 759, i = 3
2023-01-11 18:19:21.996  75 78 I channel139887862236928 self_thread_id = 139887862236928, last time delay.time = 8, now count = 760, i = 3
2023-01-11 18:19:21.996  75 81 I channel139887837058816 self_thread_id = 139887837058816, last time delay.time = 8, now count = 759, i = 3
2023-01-11 18:19:21.996  75 78 W channel139887862236928 self_thread_id = 139887862236928, last time delay.time = 8, now count = 760, i = 3
2023-01-11 18:19:21.996  75 81 W channel139887837058816 self_thread_id = 139887837058816, last time delay.time = 8, now count = 759, i = 3
2023-01-11 18:19:21.996  75 78 E channel139887862236928 self_thread_id = 139887862236928, last time delay.time = 8, now count = 760, i = 3
2023-01-11 18:19:21.996  75 81 E channel139887837058816 self_thread_id = 139887837058816, last time delay.time = 8, now count = 759, i = 3
2023-01-11 18:19:22.996  75 77 I channel139887870629632 self_thread_id = 139887870629632, last time delay.time = 10, now count = 755, i = 4
2023-01-11 18:19:22.996  75 80 I channel139887845451520 self_thread_id = 139887845451520, last time delay.time = 9, now count = 753, i = 4
2023-01-11 18:19:22.996  75 77 I channel139887870629632 self_thread_id = 139887870629632, last time delay.time = 10, now count = 755, i = 4
2023-01-11 18:19:22.996  75 80 I channel139887845451520 self_thread_id = 139887845451520, last time delay.time = 9, now count = 753, i = 4
2023-01-11 18:19:22.996  75 77 W channel139887870629632 self_thread_id = 139887870629632, last time delay.time = 10, now count = 755, i = 4
2023-01-11 18:19:22.996  75 84 I channel139887604913920 self_thread_id = 139887604913920, last time delay.time = 10, now count = 754, i = 4
2023-01-11 18:19:22.996  75 80 W channel139887845451520 self_thread_id = 139887845451520, last time delay.time = 9, now count = 753, i = 4
2023-01-11 18:19:22.996  75 77 E channel139887870629632 self_thread_id = 139887870629632, last time delay.time = 10, now count = 755, i = 4
2023-01-11 18:19:22.996  75 84 I channel139887604913920 self_thread_id = 139887604913920, last time delay.time = 10, now count = 754, i = 4
2023-01-11 18:19:22.996  75 77 I channel139887870629632 self_thread_id = 139887870629632, last time delay.time = 10, now count = 761
2023-01-11 18:19:22.996  75 84 W channel139887604913920 self_thread_id = 139887604913920, last time delay.time = 10, now count = 754, i = 4
2023-01-11 18:19:22.996  75 82 I channel139887621699328 self_thread_id = 139887621699328, last time delay.time = 9, now count = 757, i = 4
2023-01-11 18:19:22.996  75 80 E channel139887845451520 self_thread_id = 139887845451520, last time delay.time = 9, now count = 753, i = 4
2023-01-11 18:19:22.996  75 82 I channel139887621699328 self_thread_id = 139887621699328, last time delay.time = 9, now count = 757, i = 4
2023-01-11 18:19:22.996  75 84 E channel139887604913920 self_thread_id = 139887604913920, last time delay.time = 10, now count = 754, i = 4
2023-01-11 18:19:22.996  75 82 W channel139887621699328 self_thread_id = 139887621699328, last time delay.time = 9, now count = 757, i = 4
2023-01-11 18:19:22.996  75 80 I channel139887845451520 self_thread_id = 139887845451520, last time delay.time = 9, now count = 762
2023-01-11 18:19:22.996  75 84 I channel139887604913920 self_thread_id = 139887604913920, last time delay.time = 10, now count = 763
2023-01-11 18:19:22.996  75 82 E channel139887621699328 self_thread_id = 139887621699328, last time delay.time = 9, now count = 757, i = 4
2023-01-11 18:19:22.996  75 82 I channel139887621699328 self_thread_id = 139887621699328, last time delay.time = 9, now count = 764
2023-01-11 18:19:22.996  75 79 I channel139887853844224 self_thread_id = 139887853844224, last time delay.time = 9, now count = 756, i = 4
2023-01-11 18:19:22.996  75 79 I channel139887853844224 self_thread_id = 139887853844224, last time delay.time = 9, now count = 756, i = 4
2023-01-11 18:19:22.996  75 79 W channel139887853844224 self_thread_id = 139887853844224, last time delay.time = 9, now count = 756, i = 4
2023-01-11 18:19:22.996  75 79 E channel139887853844224 self_thread_id = 139887853844224, last time delay.time = 9, now count = 756, i = 4
2023-01-11 18:19:22.996  75 79 I channel139887853844224 self_thread_id = 139887853844224, last time delay.time = 9, now count = 765
2023-01-11 18:19:22.996  75 83 I channel139887613306624 self_thread_id = 139887613306624, last time delay.time = 8, now count = 758, i = 4
2023-01-11 18:19:22.996  75 83 I channel139887613306624 self_thread_id = 139887613306624, last time delay.time = 8, now count = 758, i = 4
2023-01-11 18:19:22.996  75 83 W channel139887613306624 self_thread_id = 139887613306624, last time delay.time = 8, now count = 758, i = 4
2023-01-11 18:19:22.996  75 83 E channel139887613306624 self_thread_id = 139887613306624, last time delay.time = 8, now count = 758, i = 4
2023-01-11 18:19:22.996  75 83 I channel139887613306624 self_thread_id = 139887613306624, last time delay.time = 8, now count = 766
2023-01-11 18:19:22.996  75 78 I channel139887862236928 self_thread_id = 139887862236928, last time delay.time = 8, now count = 760, i = 4
2023-01-11 18:19:22.997  75 81 I channel139887837058816 self_thread_id = 139887837058816, last time delay.time = 8, now count = 759, i = 4
2023-01-11 18:19:22.997  75 78 I channel139887862236928 self_thread_id = 139887862236928, last time delay.time = 8, now count = 760, i = 4
2023-01-11 18:19:22.997  75 78 W channel139887862236928 self_thread_id = 139887862236928, last time delay.time = 8, now count = 760, i = 4
2023-01-11 18:19:22.997  75 81 I channel139887837058816 self_thread_id = 139887837058816, last time delay.time = 8, now count = 759, i = 4
2023-01-11 18:19:22.997  75 78 E channel139887862236928 self_thread_id = 139887862236928, last time delay.time = 8, now count = 760, i = 4
2023-01-11 18:19:22.997  75 81 W channel139887837058816 self_thread_id = 139887837058816, last time delay.time = 8, now count = 759, i = 4
2023-01-11 18:19:22.997  75 78 I channel139887862236928 self_thread_id = 139887862236928, last time delay.time = 8, now count = 767
2023-01-11 18:19:22.997  75 81 E channel139887837058816 self_thread_id = 139887837058816, last time delay.time = 8, now count = 759, i = 4
2023-01-11 18:19:22.997  75 81 I channel139887837058816 self_thread_id = 139887837058816, last time delay.time = 8, now count = 768
2023-01-11 18:19:23.996  75 80 I channel139887845451520 self_thread_id = 139887845451520, last time delay.time = 19, now count = 762, i = 0
2023-01-11 18:19:23.996  75 80 I channel139887845451520 self_thread_id = 139887845451520, last time delay.time = 19, now count = 762, i = 0
2023-01-11 18:19:23.996  75 77 I channel139887870629632 self_thread_id = 139887870629632, last time delay.time = 12, now count = 761, i = 0
2023-01-11 18:19:23.996  75 80 W channel139887845451520 self_thread_id = 139887845451520, last time delay.time = 19, now count = 762, i = 0
2023-01-11 18:19:23.996  75 77 I channel139887870629632 self_thread_id = 139887870629632, last time delay.time = 12, now count = 761, i = 0
2023-01-11 18:19:23.996  75 80 E channel139887845451520 self_thread_id = 139887845451520, last time delay.time = 19, now count = 762, i = 0
2023-01-11 18:19:23.996  75 84 I channel139887604913920 self_thread_id = 139887604913920, last time delay.time = 11, now count = 763, i = 0
2023-01-11 18:19:23.996  75 77 W channel139887870629632 self_thread_id = 139887870629632, last time delay.time = 12, now count = 761, i = 0
2023-01-11 18:19:23.996  75 77 E channel139887870629632 self_thread_id = 139887870629632, last time delay.time = 12, now count = 761, i = 0
2023-01-11 18:19:23.996  75 84 I channel139887604913920 self_thread_id = 139887604913920, last time delay.time = 11, now count = 763, i = 0
2023-01-11 18:19:23.996  75 84 W channel139887604913920 self_thread_id = 139887604913920, last time delay.time = 11, now count = 763, i = 0
2023-01-11 18:19:23.996  75 84 E channel139887604913920 self_thread_id = 139887604913920, last time delay.time = 11, now count = 763, i = 0
2023-01-11 18:19:23.996  75 79 I channel139887853844224 self_thread_id = 139887853844224, last time delay.time = 9, now count = 765, i = 0
2023-01-11 18:19:23.996  75 82 I channel139887621699328 self_thread_id = 139887621699328, last time delay.time = 8, now count = 764, i = 0
2023-01-11 18:19:23.996  75 79 I channel139887853844224 self_thread_id = 139887853844224, last time delay.time = 9, now count = 765, i = 0
2023-01-11 18:19:23.996  75 82 I channel139887621699328 self_thread_id = 139887621699328, last time delay.time = 8, now count = 764, i = 0
2023-01-11 18:19:23.996  75 79 W channel139887853844224 self_thread_id = 139887853844224, last time delay.time = 9, now count = 765, i = 0
2023-01-11 18:19:23.996  75 82 W channel139887621699328 self_thread_id = 139887621699328, last time delay.time = 8, now count = 764, i = 0
2023-01-11 18:19:23.996  75 79 E channel139887853844224 self_thread_id = 139887853844224, last time delay.time = 9, now count = 765, i = 0
2023-01-11 18:19:23.996  75 82 E channel139887621699328 self_thread_id = 139887621699328, last time delay.time = 8, now count = 764, i = 0
2023-01-11 18:19:23.996  75 83 I channel139887613306624 self_thread_id = 139887613306624, last time delay.time = 8, now count = 766, i = 0
2023-01-11 18:19:23.996  75 83 I channel139887613306624 self_thread_id = 139887613306624, last time delay.time = 8, now count = 766, i = 0
2023-01-11 18:19:23.996  75 83 W channel139887613306624 self_thread_id = 139887613306624, last time delay.time = 8, now count = 766, i = 0
2023-01-11 18:19:23.996  75 83 E channel139887613306624 self_thread_id = 139887613306624, last time delay.time = 8, now count = 766, i = 0
2023-01-11 18:19:23.997  75 78 I channel139887862236928 self_thread_id = 139887862236928, last time delay.time = 9, now count = 767, i = 0
2023-01-11 18:19:23.997  75 78 I channel139887862236928 self_thread_id = 139887862236928, last time delay.time = 9, now count = 767, i = 0
2023-01-11 18:19:23.997  75 78 W channel139887862236928 self_thread_id = 139887862236928, last time delay.time = 9, now count = 767, i = 0
2023-01-11 18:19:23.997  75 78 E channel139887862236928 self_thread_id = 139887862236928, last time delay.time = 9, now count = 767, i = 0
2023-01-11 18:19:23.997  75 81 I channel139887837058816 self_thread_id = 139887837058816, last time delay.time = 9, now count = 768, i = 0
2023-01-11 18:19:23.997  75 81 I channel139887837058816 self_thread_id = 139887837058816, last time delay.time = 9, now count = 768, i = 0
2023-01-11 18:19:23.997  75 81 W channel139887837058816 self_thread_id = 139887837058816, last time delay.time = 9, now count = 768, i = 0
2023-01-11 18:19:23.997  75 81 E channel139887837058816 self_thread_id = 139887837058816, last time delay.time = 9, now count = 768, i = 0
2023-01-11 18:19:24.996  75 84 I channel139887604913920 self_thread_id = 139887604913920, last time delay.time = 11, now count = 763, i = 1
2023-01-11 18:19:24.996  75 80 I channel139887845451520 self_thread_id = 139887845451520, last time delay.time = 19, now count = 762, i = 1
2023-01-11 18:19:24.996  75 77 I channel139887870629632 self_thread_id = 139887870629632, last time delay.time = 12, now count = 761, i = 1
2023-01-11 18:19:24.996  75 79 I channel139887853844224 self_thread_id = 139887853844224, last time delay.time = 9, now count = 765, i = 1
2023-01-11 18:19:24.996  75 84 I channel139887604913920 self_thread_id = 139887604913920, last time delay.time = 11, now count = 763, i = 1
2023-01-11 18:19:24.996  75 82 I channel139887621699328 self_thread_id = 139887621699328, last time delay.time = 8, now count = 764, i = 1
2023-01-11 18:19:24.996  75 77 I channel139887870629632 self_thread_id = 139887870629632, last time delay.time = 12, now count = 761, i = 1
2023-01-11 18:19:24.996  75 84 W channel139887604913920 self_thread_id = 139887604913920, last time delay.time = 11, now count = 763, i = 1
2023-01-11 18:19:24.996  75 80 I channel139887845451520 self_thread_id = 139887845451520, last time delay.time = 19, now count = 762, i = 1
2023-01-11 18:19:24.996  75 80 W channel139887845451520 self_thread_id = 139887845451520, last time delay.time = 19, now count = 762, i = 1
2023-01-11 18:19:24.996  75 82 I channel139887621699328 self_thread_id = 139887621699328, last time delay.time = 8, now count = 764, i = 1
2023-01-11 18:19:24.996  75 84 E channel139887604913920 self_thread_id = 139887604913920, last time delay.time = 11, now count = 763, i = 1
2023-01-11 18:19:24.996  75 79 I channel139887853844224 self_thread_id = 139887853844224, last time delay.time = 9, now count = 765, i = 1
2023-01-11 18:19:24.996  75 82 W channel139887621699328 self_thread_id = 139887621699328, last time delay.time = 8, now count = 764, i = 1
2023-01-11 18:19:24.996  75 79 W channel139887853844224 self_thread_id = 139887853844224, last time delay.time = 9, now count = 765, i = 1
2023-01-11 18:19:24.996  75 82 E channel139887621699328 self_thread_id = 139887621699328, last time delay.time = 8, now count = 764, i = 1
2023-01-11 18:19:24.996  75 77 W channel139887870629632 self_thread_id = 139887870629632, last time delay.time = 12, now count = 761, i = 1
2023-01-11 18:19:24.996  75 80 E channel139887845451520 self_thread_id = 139887845451520, last time delay.time = 19, now count = 762, i = 1
2023-01-11 18:19:24.996  75 79 E channel139887853844224 self_thread_id = 139887853844224, last time delay.time = 9, now count = 765, i = 1
2023-01-11 18:19:24.996  75 77 E channel139887870629632 self_thread_id = 139887870629632, last time delay.time = 12, now count = 761, i = 1
2023-01-11 18:19:24.996  75 83 I channel139887613306624 self_thread_id = 139887613306624, last time delay.time = 8, now count = 766, i = 1
2023-01-11 18:19:24.996  75 83 I channel139887613306624 self_thread_id = 139887613306624, last time delay.time = 8, now count = 766, i = 1
2023-01-11 18:19:24.996  75 83 W channel139887613306624 self_thread_id = 139887613306624, last time delay.time = 8, now count = 766, i = 1
2023-01-11 18:19:24.996  75 83 E channel139887613306624 self_thread_id = 139887613306624, last time delay.time = 8, now count = 766, i = 1
2023-01-11 18:19:24.997  75 78 I channel139887862236928 self_thread_id = 139887862236928, last time delay.time = 9, now count = 767, i = 1
2023-01-11 18:19:24.997  75 78 I channel139887862236928 self_thread_id = 139887862236928, last time delay.time = 9, now count = 767, i = 1
2023-01-11 18:19:24.997  75 78 W channel139887862236928 self_thread_id = 139887862236928, last time delay.time = 9, now count = 767, i = 1
2023-01-11 18:19:24.997  75 78 E channel139887862236928 self_thread_id = 139887862236928, last time delay.time = 9, now count = 767, i = 1
2023-01-11 18:19:24.997  75 81 I channel139887837058816 self_thread_id = 139887837058816, last time delay.time = 9, now count = 768, i = 1
2023-01-11 18:19:24.997  75 81 I channel139887837058816 self_thread_id = 139887837058816, last time delay.time = 9, now count = 768, i = 1
2023-01-11 18:19:24.997  75 81 W channel139887837058816 self_thread_id = 139887837058816, last time delay.time = 9, now count = 768, i = 1
2023-01-11 18:19:24.997  75 81 E channel139887837058816 self_thread_id = 139887837058816, last time delay.time = 9, now count = 768, i = 1
2023-01-11 18:19:25.996  75 84 I channel139887604913920 self_thread_id = 139887604913920, last time delay.time = 11, now count = 763, i = 2
2023-01-11 18:19:25.996  75 84 I channel139887604913920 self_thread_id = 139887604913920, last time delay.time = 11, now count = 763, i = 2
2023-01-11 18:19:25.996  75 84 W channel139887604913920 self_thread_id = 139887604913920, last time delay.time = 11, now count = 763, i = 2
2023-01-11 18:19:25.996  75 84 E channel139887604913920 self_thread_id = 139887604913920, last time delay.time = 11, now count = 763, i = 2
2023-01-11 18:19:25.996  75 79 I channel139887853844224 self_thread_id = 139887853844224, last time delay.time = 9, now count = 765, i = 2
2023-01-11 18:19:25.996  75 80 I channel139887845451520 self_thread_id = 139887845451520, last time delay.time = 19, now count = 762, i = 2
2023-01-11 18:19:25.996  75 77 I channel139887870629632 self_thread_id = 139887870629632, last time delay.time = 12, now count = 761, i = 2
2023-01-11 18:19:25.996  75 80 I channel139887845451520 self_thread_id = 139887845451520, last time delay.time = 19, now count = 762, i = 2
2023-01-11 18:19:25.996  75 79 I channel139887853844224 self_thread_id = 139887853844224, last time delay.time = 9, now count = 765, i = 2
2023-01-11 18:19:25.996  75 80 W channel139887845451520 self_thread_id = 139887845451520, last time delay.time = 19, now count = 762, i = 2
2023-01-11 18:19:25.996  75 77 I channel139887870629632 self_thread_id = 139887870629632, last time delay.time = 12, now count = 761, i = 2
2023-01-11 18:19:25.996  75 80 E channel139887845451520 self_thread_id = 139887845451520, last time delay.time = 19, now count = 762, i = 2
2023-01-11 18:19:25.996  75 82 I channel139887621699328 self_thread_id = 139887621699328, last time delay.time = 8, now count = 764, i = 2
2023-01-11 18:19:25.996  75 83 I channel139887613306624 self_thread_id = 139887613306624, last time delay.time = 8, now count = 766, i = 2
2023-01-11 18:19:25.996  75 77 W channel139887870629632 self_thread_id = 139887870629632, last time delay.time = 12, now count = 761, i = 2
2023-01-11 18:19:25.996  75 79 W channel139887853844224 self_thread_id = 139887853844224, last time delay.time = 9, now count = 765, i = 2
2023-01-11 18:19:25.996  75 82 I channel139887621699328 self_thread_id = 139887621699328, last time delay.time = 8, now count = 764, i = 2
2023-01-11 18:19:25.996  75 83 I channel139887613306624 self_thread_id = 139887613306624, last time delay.time = 8, now count = 766, i = 2
2023-01-11 18:19:25.996  75 83 W channel139887613306624 self_thread_id = 139887613306624, last time delay.time = 8, now count = 766, i = 2
2023-01-11 18:19:25.996  75 82 W channel139887621699328 self_thread_id = 139887621699328, last time delay.time = 8, now count = 764, i = 2
2023-01-11 18:19:25.996  75 83 E channel139887613306624 self_thread_id = 139887613306624, last time delay.time = 8, now count = 766, i = 2
2023-01-11 18:19:25.996  75 82 E channel139887621699328 self_thread_id = 139887621699328, last time delay.time = 8, now count = 764, i = 2
2023-01-11 18:19:25.996  75 79 E channel139887853844224 self_thread_id = 139887853844224, last time delay.time = 9, now count = 765, i = 2
2023-01-11 18:19:25.996  75 77 E channel139887870629632 self_thread_id = 139887870629632, last time delay.time = 12, now count = 761, i = 2
2023-01-11 18:19:25.997  75 78 I channel139887862236928 self_thread_id = 139887862236928, last time delay.time = 9, now count = 767, i = 2
2023-01-11 18:19:25.997  75 78 I channel139887862236928 self_thread_id = 139887862236928, last time delay.time = 9, now count = 767, i = 2
2023-01-11 18:19:25.997  75 78 W channel139887862236928 self_thread_id = 139887862236928, last time delay.time = 9, now count = 767, i = 2
