2023-01-11 18:26:11.073  75 78 E channel139887862236928 self_thread_id = 139887862236928, last time delay.time = 14, now count = 416, i = 2
2023-01-11 18:26:11.073  75 84 E channel139887604913920 self_thread_id = 139887604913920, last time delay.time = 14, now count = 415, i = 2
2023-01-11 18:26:12.070  75 80 I channel139887845451520 self_thread_id = 139887845451520, last time delay.time = 8, now count = 409, i = 3
2023-01-11 18:26:12.070  75 80 I channel139887845451520 self_thread_id = 139887845451520, last time delay.time = 8, now count = 409, i = 3
2023-01-11 18:26:12.070  75 80 W channel139887845451520 self_thread_id = 139887845451520, last time delay.time = 8, now count = 409, i = 3
2023-01-11 18:26:12.070  75 80 E channel139887845451520 self_thread_id = 139887845451520, last time delay.time = 8, now count = 409, i = 3
2023-01-11 18:26:12.071  75 77 I channel139887870629632 self_thread_id = 139887870629632, last time delay.time = 8, now count = 412, i = 3
2023-01-11 18:26:12.071  75 77 I channel139887870629632 self_thread_id = 139887870629632, last time delay.time = 8, now count = 412, i = 3
2023-01-11 18:26:12.071  75 77 W channel139887870629632 self_thread_id = 139887870629632, last time delay.time = 8, now count = 412, i = 3
2023-01-11 18:26:12.071  75 82 I channel139887621699328 self_thread_id = 139887621699328, last time delay.time = 15, now count = 410, i = 3
2023-01-11 18:26:12.071  75 81 I channel139887837058816 self_thread_id = 139887837058816, last time delay.time = 13, now count = 411, i = 3
2023-01-11 18:26:12.071  75 82 I channel139887621699328 self_thread_id = 139887621699328, last time delay.time = 15, now count = 410, i = 3
2023-01-11 18:26:12.071  75 77 E channel139887870629632 self_thread_id = 139887870629632, last time delay.time = 8, now count = 412, i = 3
2023-01-11 18:26:12.071  75 82 W channel139887621699328 self_thread_id = 139887621699328, last time delay.time = 15, now count = 410, i = 3
2023-01-11 18:26:12.071  75 82 E channel139887621699328 self_thread_id = 139887621699328, last time delay.time = 15, now count = 410, i = 3
2023-01-11 18:26:12.071  75 81 I channel139887837058816 self_thread_id = 139887837058816, last time delay.time = 13, now count = 411, i = 3
2023-01-11 18:26:12.071  75 81 W channel139887837058816 self_thread_id = 139887837058816, last time delay.time = 13, now count = 411, i = 3
2023-01-11 18:26:12.071  75 81 E channel139887837058816 self_thread_id = 139887837058816, last time delay.time = 13, now count = 411, i = 3
2023-01-11 18:26:12.072  75 79 I channel139887853844224 self_thread_id = 139887853844224, last time delay.time = 8, now count = 414, i = 3
2023-01-11 18:26:12.072  75 83 I channel139887613306624 self_thread_id = 139887613306624, last time delay.time = 8, now count = 413, i = 3
2023-01-11 18:26:12.072  75 79 I channel139887853844224 self_thread_id = 139887853844224, last time delay.time = 8, now count = 414, i = 3
2023-01-11 18:26:12.072  75 79 W channel139887853844224 self_thread_id = 139887853844224, last time delay.time = 8, now count = 414, i = 3
2023-01-11 18:26:12.072  75 83 I channel139887613306624 self_thread_id = 139887613306624, last time delay.time = 8, now count = 413, i = 3
2023-01-11 18:26:12.072  75 79 E channel139887853844224 self_thread_id = 139887853844224, last time delay.time = 8, now count = 414, i = 3
2023-01-11 18:26:12.072  75 83 W channel139887613306624 self_thread_id = 139887613306624, last time delay.time = 8, now count = 413, i = 3
2023-01-11 18:26:12.072  75 83 E channel139887613306624 self_thread_id = 139887613306624, last time delay.time = 8, now count = 413, i = 3
2023-01-11 18:26:12.073  75 78 I channel139887862236928 self_thread_id = 139887862236928, last time delay.time = 14, now count = 416, i = 3
2023-01-11 18:26:12.073  75 84 I channel139887604913920 self_thread_id = 139887604913920, last time delay.time = 14, now count = 415, i = 3
2023-01-11 18:26:12.073  75 78 I channel139887862236928 self_thread_id = 139887862236928, last time delay.time = 14, now count = 416, i = 3
2023-01-11 18:26:12.073  75 84 I channel139887604913920 self_thread_id = 139887604913920, last time delay.time = 14, now count = 415, i = 3
2023-01-11 18:26:12.073  75 78 W channel139887862236928 self_thread_id = 139887862236928, last time delay.time = 14, now count = 416, i = 3
2023-01-11 18:26:12.073  75 84 W channel139887604913920 self_thread_id = 139887604913920, last time delay.time = 14, now count = 415, i = 3
2023-01-11 18:26:12.073  75 78 E channel139887862236928 self_thread_id = 139887862236928, last time delay.time = 14, now count = 416, i = 3
2023-01-11 18:26:12.073  75 84 E channel139887604913920 self_thread_id = 139887604913920, last time delay.time = 14, now count = 415, i = 3
2023-01-11 18:26:13.071  75 80 I channel139887845451520 self_thread_id = 139887845451520, last time delay.time = 8, now count = 409, i = 4
2023-01-11 18:26:13.071  75 80 I channel139887845451520 self_thread_id = 139887845451520, last time delay.time = 8, now count = 409, i = 4
2023-01-11 18:26:13.071  75 80 W channel139887845451520 self_thread_id = 139887845451520, last time delay.time = 8, now count = 409, i = 4
2023-01-11 18:26:13.071  75 80 E channel139887845451520 self_thread_id = 139887845451520, last time delay.time = 8, now count = 409, i = 4
2023-01-11 18:26:13.071  75 80 I channel139887845451520 self_thread_id = 139887845451520, last time delay.time = 8, now count = 417
2023-01-11 18:26:13.071  75 82 I channel139887621699328 self_thread_id = 139887621699328, last time delay.time = 15, now count = 410, i = 4
2023-01-11 18:26:13.071  75 82 I channel139887621699328 self_thread_id = 139887621699328, last time delay.time = 15, now count = 410, i = 4
2023-01-11 18:26:13.071  75 81 I channel139887837058816 self_thread_id = 139887837058816, last time delay.time = 13, now count = 411, i = 4
2023-01-11 18:26:13.071  75 82 W channel139887621699328 self_thread_id = 139887621699328, last time delay.time = 15, now count = 410, i = 4
2023-01-11 18:26:13.071  75 77 I channel139887870629632 self_thread_id = 139887870629632, last time delay.time = 8, now count = 412, i = 4
2023-01-11 18:26:13.071  75 81 I channel139887837058816 self_thread_id = 139887837058816, last time delay.time = 13, now count = 411, i = 4
2023-01-11 18:26:13.071  75 82 E channel139887621699328 self_thread_id = 139887621699328, last time delay.time = 15, now count = 410, i = 4
2023-01-11 18:26:13.071  75 81 W channel139887837058816 self_thread_id = 139887837058816, last time delay.time = 13, now count = 411, i = 4
2023-01-11 18:26:13.071  75 82 I channel139887621699328 self_thread_id = 139887621699328, last time delay.time = 15, now count = 418
2023-01-11 18:26:13.071  75 77 I channel139887870629632 self_thread_id = 139887870629632, last time delay.time = 8, now count = 412, i = 4
2023-01-11 18:26:13.071  75 81 E channel139887837058816 self_thread_id = 139887837058816, last time delay.time = 13, now count = 411, i = 4
2023-01-11 18:26:13.071  75 77 W channel139887870629632 self_thread_id = 139887870629632, last time delay.time = 8, now count = 412, i = 4
2023-01-11 18:26:13.071  75 81 I channel139887837058816 self_thread_id = 139887837058816, last time delay.time = 13, now count = 419
2023-01-11 18:26:13.071  75 77 E channel139887870629632 self_thread_id = 139887870629632, last time delay.time = 8, now count = 412, i = 4
2023-01-11 18:26:13.071  75 77 I channel139887870629632 self_thread_id = 139887870629632, last time delay.time = 8, now count = 420
2023-01-11 18:26:13.072  75 83 I channel139887613306624 self_thread_id = 139887613306624, last time delay.time = 8, now count = 413, i = 4
2023-01-11 18:26:13.072  75 83 I channel139887613306624 self_thread_id = 139887613306624, last time delay.time = 8, now count = 413, i = 4
2023-01-11 18:26:13.072  75 83 W channel139887613306624 self_thread_id = 139887613306624, last time delay.time = 8, now count = 413, i = 4
2023-01-11 18:26:13.072  75 83 E channel139887613306624 self_thread_id = 139887613306624, last time delay.time = 8, now count = 413, i = 4
2023-01-11 18:26:13.072  75 83 I channel139887613306624 self_thread_id = 139887613306624, last time delay.time = 8, now count = 421
2023-01-11 18:26:13.072  75 79 I channel139887853844224 self_thread_id = 139887853844224, last time delay.time = 8, now count = 414, i = 4
2023-01-11 18:26:13.072  75 79 I channel139887853844224 self_thread_id = 139887853844224, last time delay.time = 8, now count = 414, i = 4
2023-01-11 18:26:13.072  75 79 W channel139887853844224 self_thread_id = 139887853844224, last time delay.time = 8, now count = 414, i = 4
2023-01-11 18:26:13.072  75 79 E channel139887853844224 self_thread_id = 139887853844224, last time delay.time = 8, now count = 414, i = 4
2023-01-11 18:26:13.072  75 79 I channel139887853844224 self_thread_id = 139887853844224, last time delay.time = 8, now count = 422
2023-01-11 18:26:13.073  75 84 I channel139887604913920 self_thread_id = 139887604913920, last time delay.time = 14, now count = 415, i = 4
2023-01-11 18:26:13.073  75 78 I channel139887862236928 self_thread_id = 139887862236928, last time delay.time = 14, now count = 416, i = 4
2023-01-11 18:26:13.073  75 84 I channel139887604913920 self_thread_id = 139887604913920, last time delay.time = 14, now count = 415, i = 4
2023-01-11 18:26:13.073  75 78 I channel139887862236928 self_thread_id = 139887862236928, last time delay.time = 14, now count = 416, i = 4
2023-01-11 18:26:13.073  75 84 W channel139887604913920 self_thread_id = 139887604913920, last time delay.time = 14, now count = 415, i = 4
2023-01-11 18:26:13.073  75 78 W channel139887862236928 self_thread_id = 139887862236928, last time delay.time = 14, now count = 416, i = 4
2023-01-11 18:26:13.073  75 84 E channel139887604913920 self_thread_id = 139887604913920, last time delay.time = 14, now count = 415, i = 4
2023-01-11 18:26:13.073  75 78 E channel139887862236928 self_thread_id = 139887862236928, last time delay.time = 14, now count = 416, i = 4
2023-01-11 18:26:13.073  75 84 I channel139887604913920 self_thread_id = 139887604913920, last time delay.time = 14, now count = 423
2023-01-11 18:26:13.073  75 78 I channel139887862236928 self_thread_id = 139887862236928, last time delay.time = 14, now count = 424
2023-01-11 18:26:14.071  75 80 I channel139887845451520 self_thread_id = 139887845451520, last time delay.time = 8, now count = 417, i = 0
2023-01-11 18:26:14.071  75 80 I channel139887845451520 self_thread_id = 139887845451520, last time delay.time = 8, now count = 417, i = 0
2023-01-11 18:26:14.071  75 80 W channel139887845451520 self_thread_id = 139887845451520, last time delay.time = 8, now count = 417, i = 0
2023-01-11 18:26:14.071  75 80 E channel139887845451520 self_thread_id = 139887845451520, last time delay.time = 8, now count = 417, i = 0
2023-01-11 18:26:14.071  75 82 I channel139887621699328 self_thread_id = 139887621699328, last time delay.time = 15, now count = 418, i = 0
2023-01-11 18:26:14.071  75 81 I channel139887837058816 self_thread_id = 139887837058816, last time delay.time = 15, now count = 419, i = 0
2023-01-11 18:26:14.071  75 82 I channel139887621699328 self_thread_id = 139887621699328, last time delay.time = 15, now count = 418, i = 0
2023-01-11 18:26:14.071  75 81 I channel139887837058816 self_thread_id = 139887837058816, last time delay.time = 15, now count = 419, i = 0
2023-01-11 18:26:14.071  75 82 W channel139887621699328 self_thread_id = 139887621699328, last time delay.time = 15, now count = 418, i = 0
2023-01-11 18:26:14.071  75 81 W channel139887837058816 self_thread_id = 139887837058816, last time delay.time = 15, now count = 419, i = 0
2023-01-11 18:26:14.071  75 77 I channel139887870629632 self_thread_id = 139887870629632, last time delay.time = 8, now count = 420, i = 0
2023-01-11 18:26:14.071  75 81 E channel139887837058816 self_thread_id = 139887837058816, last time delay.time = 15, now count = 419, i = 0
2023-01-11 18:26:14.071  75 82 E channel139887621699328 self_thread_id = 139887621699328, last time delay.time = 15, now count = 418, i = 0
2023-01-11 18:26:14.071  75 77 I channel139887870629632 self_thread_id = 139887870629632, last time delay.time = 8, now count = 420, i = 0
2023-01-11 18:26:14.071  75 77 W channel139887870629632 self_thread_id = 139887870629632, last time delay.time = 8, now count = 420, i = 0
2023-01-11 18:26:14.071  75 77 E channel139887870629632 self_thread_id = 139887870629632, last time delay.time = 8, now count = 420, i = 0
2023-01-11 18:26:14.072  75 83 I channel139887613306624 self_thread_id = 139887613306624, last time delay.time = 9, now count = 421, i = 0
2023-01-11 18:26:14.072  75 83 I channel139887613306624 self_thread_id = 139887613306624, last time delay.time = 9, now count = 421, i = 0
2023-01-11 18:26:14.072  75 83 W channel139887613306624 self_thread_id = 139887613306624, last time delay.time = 9, now count = 421, i = 0
2023-01-11 18:26:14.072  75 83 E channel139887613306624 self_thread_id = 139887613306624, last time delay.time = 9, now count = 421, i = 0
2023-01-11 18:26:14.072  75 79 I channel139887853844224 self_thread_id = 139887853844224, last time delay.time = 9, now count = 422, i = 0
2023-01-11 18:26:14.072  75 79 I channel139887853844224 self_thread_id = 139887853844224, last time delay.time = 9, now count = 422, i = 0
2023-01-11 18:26:14.072  75 79 W channel139887853844224 self_thread_id = 139887853844224, last time delay.time = 9, now count = 422, i = 0
2023-01-11 18:26:14.072  75 79 E channel139887853844224 self_thread_id = 139887853844224, last time delay.time = 9, now count = 422, i = 0
2023-01-11 18:26:14.073  75 84 I channel139887604913920 self_thread_id = 139887604913920, last time delay.time = 15, now count = 423, i = 0
2023-01-11 18:26:14.073  75 78 I channel139887862236928 self_thread_id = 139887862236928, last time delay.time = 13, now count = 424, i = 0
2023-01-11 18:26:14.073  75 84 I channel139887604913920 self_thread_id = 139887604913920, last time delay.time = 15, now count = 423, i = 0
2023-01-11 18:26:14.073  75 78 I channel139887862236928 self_thread_id = 139887862236928, last time delay.time = 13, now count = 424, i = 0
2023-01-11 18:26:14.073  75 84 W channel139887604913920 self_thread_id = 139887604913920, last time delay.time = 15, now count = 423, i = 0
2023-01-11 18:26:14.073  75 78 W channel139887862236928 self_thread_id = 139887862236928, last time delay.time = 13, now count = 424, i = 0
2023-01-11 18:26:14.073  75 84 E channel139887604913920 self_thread_id = 139887604913920, last time delay.time = 15, now count = 423, i = 0
2023-01-11 18:26:14.073  75 78 E channel139887862236928 self_thread_id = 139887862236928, last time delay.time = 13, now count = 424, i = 0
2023-01-11 18:26:15.071  75 80 I channel139887845451520 self_thread_id = 139887845451520, last time delay.time = 8, now count = 417, i = 1
2023-01-11 18:26:15.071  75 80 I channel139887845451520 self_thread_id = 139887845451520, last time delay.time = 8, now count = 417, i = 1
2023-01-11 18:26:15.071  75 80 W channel139887845451520 self_thread_id = 139887845451520, last time delay.time = 8, now count = 417, i = 1
2023-01-11 18:26:15.071  75 80 E channel139887845451520 self_thread_id = 139887845451520, last time delay.time = 8, now count = 417, i = 1
2023-01-11 18:26:15.071  75 77 I channel139887870629632 self_thread_id = 139887870629632, last time delay.time = 8, now count = 420, i = 1
2023-01-11 18:26:15.071  75 77 I channel139887870629632 self_thread_id = 139887870629632, last time delay.time = 8, now count = 420, i = 1
2023-01-11 18:26:15.071  75 77 W channel139887870629632 self_thread_id = 139887870629632, last time delay.time = 8, now count = 420, i = 1
2023-01-11 18:26:15.071  75 77 E channel139887870629632 self_thread_id = 139887870629632, last time delay.time = 8, now count = 420, i = 1
2023-01-11 18:26:15.071  75 81 I channel139887837058816 self_thread_id = 139887837058816, last time delay.time = 15, now count = 419, i = 1
2023-01-11 18:26:15.071  75 82 I channel139887621699328 self_thread_id = 139887621699328, last time delay.time = 15, now count = 418, i = 1
2023-01-11 18:26:15.071  75 81 I channel139887837058816 self_thread_id = 139887837058816, last time delay.time = 15, now count = 419, i = 1
2023-01-11 18:26:15.072  75 82 I channel139887621699328 self_thread_id = 139887621699328, last time delay.time = 15, now count = 418, i = 1
2023-01-11 18:26:15.072  75 82 W channel139887621699328 self_thread_id = 139887621699328, last time delay.time = 15, now count = 418, i = 1
2023-01-11 18:26:15.072  75 81 W channel139887837058816 self_thread_id = 139887837058816, last time delay.time = 15, now count = 419, i = 1
2023-01-11 18:26:15.072  75 82 E channel139887621699328 self_thread_id = 139887621699328, last time delay.time = 15, now count = 418, i = 1
2023-01-11 18:26:15.072  75 81 E channel139887837058816 self_thread_id = 139887837058816, last time delay.time = 15, now count = 419, i = 1
2023-01-11 18:26:15.072  75 83 I channel139887613306624 self_thread_id = 139887613306624, last time delay.time = 9, now count = 421, i = 1
2023-01-11 18:26:15.072  75 83 I channel139887613306624 self_thread_id = 139887613306624, last time delay.time = 9, now count = 421, i = 1
2023-01-11 18:26:15.072  75 83 W channel139887613306624 self_thread_id = 139887613306624, last time delay.time = 9, now count = 421, i = 1
2023-01-11 18:26:15.072  75 83 E channel139887613306624 self_thread_id = 139887613306624, last time delay.time = 9, now count = 421, i = 1
2023-01-11 18:26:15.072  75 79 I channel139887853844224 self_thread_id = 139887853844224, last time delay.time = 9, now count = 422, i = 1
2023-01-11 18:26:15.072  75 79 I channel139887853844224 self_thread_id = 139887853844224, last time delay.time = 9, now count = 422, i = 1
2023-01-11 18:26:15.072  75 79 W channel139887853844224 self_thread_id = 139887853844224, last time delay.time = 9, now count = 422, i = 1
2023-01-11 18:26:15.072  75 79 E channel139887853844224 self_thread_id = 139887853844224, last time delay.time = 9, now count = 422, i = 1
2023-01-11 18:26:15.074  75 84 I channel139887604913920 self_thread_id = 139887604913920, last time delay.time = 15, now count = 423, i = 1
2023-01-11 18:26:15.074  75 78 I channel139887862236928 self_thread_id = 139887862236928, last time delay.time = 13, now count = 424, i = 1
2023-01-11 18:26:15.074  75 84 I channel139887604913920 self_thread_id = 139887604913920, last time delay.time = 15, now count = 423, i = 1
2023-01-11 18:26:15.074  75 78 I channel139887862236928 self_thread_id = 139887862236928, last time delay.time = 13, now count = 424, i = 1
2023-01-11 18:26:15.074  75 84 W channel139887604913920 self_thread_id = 139887604913920, last time delay.time = 15, now count = 423, i = 1
2023-01-11 18:26:15.074  75 78 W channel139887862236928 self_thread_id = 139887862236928, last time delay.time = 13, now count = 424, i = 1
2023-01-11 18:26:15.074  75 84 E channel139887604913920 self_thread_id = 139887604913920, last time delay.time = 15, now count = 423, i = 1
2023-01-11 18:26:15.074  75 78 E channel139887862236928 self_thread_id = 139887862236928, last time delay.time = 13, now count = 424, i = 1
2023-01-11 18:26:16.071  75 80 I channel139887845451520 self_thread_id = 139887845451520, last time delay.time = 8, now count = 417, i = 2
2023-01-11 18:26:16.071  75 80 I channel139887845451520 self_thread_id = 139887845451520, last time delay.time = 8, now count = 417, i = 2
2023-01-11 18:26:16.071  75 80 W channel139887845451520 self_thread_id = 139887845451520, last time delay.time = 8, now count = 417, i = 2
2023-01-11 18:26:16.071  75 80 E channel139887845451520 self_thread_id = 139887845451520, last time delay.time = 8, now count = 417, i = 2
2023-01-11 18:26:16.072  75 77 I channel139887870629632 self_thread_id = 139887870629632, last time delay.time = 8, now count = 420, i = 2
2023-01-11 18:26:16.072  75 77 I channel139887870629632 self_thread_id = 139887870629632, last time delay.time = 8, now count = 420, i = 2
2023-01-11 18:26:16.072  75 77 W channel139887870629632 self_thread_id = 139887870629632, last time delay.time = 8, now count = 420, i = 2
2023-01-11 18:26:16.072  75 81 I channel139887837058816 self_thread_id = 139887837058816, last time delay.time = 15, now count = 419, i = 2
2023-01-11 18:26:16.072  75 82 I channel139887621699328 self_thread_id = 139887621699328, last time delay.time = 15, now count = 418, i = 2
2023-01-11 18:26:16.072  75 77 E channel139887870629632 self_thread_id = 139887870629632, last time delay.time = 8, now count = 420, i = 2
2023-01-11 18:26:16.072  75 81 I channel139887837058816 self_thread_id = 139887837058816, last time delay.time = 15, now count = 419, i = 2
2023-01-11 18:26:16.072  75 82 I channel139887621699328 self_thread_id = 139887621699328, last time delay.time = 15, now count = 418, i = 2
2023-01-11 18:26:16.072  75 81 W channel139887837058816 self_thread_id = 139887837058816, last time delay.time = 15, now count = 419, i = 2
2023-01-11 18:26:16.072  75 81 E channel139887837058816 self_thread_id = 139887837058816, last time delay.time = 15, now count = 419, i = 2
2023-01-11 18:26:16.072  75 82 W channel139887621699328 self_thread_id = 139887621699328, last time delay.time = 15, now count = 418, i = 2
2023-01-11 18:26:16.072  75 82 E channel139887621699328 self_thread_id = 139887621699328, last time delay.time = 15, now count = 418, i = 2
2023-01-11 18:26:16.072  75 83 I channel139887613306624 self_thread_id = 139887613306624, last time delay.time = 9, now count = 421, i = 2
2023-01-11 18:26:16.072  75 83 I channel139887613306624 self_thread_id = 139887613306624, last time delay.time = 9, now count = 421, i = 2
2023-01-11 18:26:16.072  75 83 W channel139887613306624 self_thread_id = 139887613306624, last time delay.time = 9, now count = 421, i = 2
2023-01-11 18:26:16.072  75 83 E channel139887613306624 self_thread_id = 139887613306624, last time delay.time = 9, now count = 421, i = 2
2023-01-11 18:26:16.073  75 79 I channel139887853844224 self_thread_id = 139887853844224, last time delay.time = 9, now count = 422, i = 2
2023-01-11 18:26:16.073  75 79 I channel139887853844224 self_thread_id = 139887853844224, last time delay.time = 9, now count = 422, i = 2
2023-01-11 18:26:16.073  75 79 W channel139887853844224 self_thread_id = 139887853844224, last time delay.time = 9, now count = 422, i = 2
2023-01-11 18:26:16.073  75 79 E channel139887853844224 self_thread_id = 139887853844224, last time delay.time = 9, now count = 422, i = 2
2023-01-11 18:26:16.074  75 78 I channel139887862236928 self_thread_id = 139887862236928, last time delay.time = 13, now count = 424, i = 2
2023-01-11 18:26:16.074  75 84 I channel139887604913920 self_thread_id = 139887604913920, last time delay.time = 15, now count = 423, i = 2
2023-01-11 18:26:16.074  75 78 I channel139887862236928 self_thread_id = 139887862236928, last time delay.time = 13, now count = 424, i = 2
2023-01-11 18:26:16.074  75 84 I channel139887604913920 self_thread_id = 139887604913920, last time delay.time = 15, now count = 423, i = 2
2023-01-11 18:26:16.074  75 78 W channel139887862236928 self_thread_id = 139887862236928, last time delay.time = 13, now count = 424, i = 2
2023-01-11 18:26:16.074  75 84 W channel139887604913920 self_thread_id = 139887604913920, last time delay.time = 15, now count = 423, i = 2
2023-01-11 18:26:16.074  75 78 E channel139887862236928 self_thread_id = 139887862236928, last time delay.time = 13, now count = 424, i = 2
2023-01-11 18:26:16.074  75 84 E channel139887604913920 self_thread_id = 139887604913920, last time delay.time = 15, now count = 423, i = 2
2023-01-11 18:26:16.570  75 75 I APP.tag TestComponent::Proc
2023-01-11 18:26:16.570  75 75 I APP.tag ****************test INFO begin****************
2023-01-11 18:26:16.570  75 75 I APP.tag 测试 index = 965组
2023-01-11 18:26:16.570  75 75 E APP.tag 循环计数 i = 1次
2023-01-11 18:26:16.570  75 75 I APP.tag test LOG_Trace()
2023-01-11 18:26:16.570  75 75 I vscode 循环计数 i = 1次,test LOG_Channel_Trace()
2023-01-11 18:26:16.570  75 75 E APP.tag 循环计数 i = 2次
2023-01-11 18:26:16.570  75 75 E APP.tag 循环计数 i = 3次
2023-01-11 18:26:16.570  75 75 I APP.tag test LOG_Info()
2023-01-11 18:26:16.570  75 75 I baidu 循环计数 i = 3次,test LOG_Channel_Info()
2023-01-11 18:26:16.570  75 75 E APP.tag 循环计数 i = 4次
2023-01-11 18:26:16.570  75 75 W APP.tag test LOG_Warn()
2023-01-11 18:26:16.570  75 75 W google 循环计数 i = 4次,test LOG_Channel_Warn()
2023-01-11 18:26:16.570  75 75 E APP.tag 循环计数 i = 5次
2023-01-11 18:26:16.570  75 75 E APP.tag test LOG_Error()
2023-01-11 18:26:16.570  75 75 E visio 循环计数 i = 5次,test LOG_Channel_Error()
2023-01-11 18:26:16.570  75 75 I APP.tag print coredump DataLen:2 Data[01 00]
2023-01-11 18:26:16.570  75 75 W coredump 0x0000000a 0a 00 00 00 0b 00 00 00 0c 00 00 00 0d 00 00 00 0e 00 00 00
2023-01-11 18:26:16.570  75 75 I APP.tag ****************test INFO end****************
2023-01-11 18:26:17.071  75 80 I channel139887845451520 self_thread_id = 139887845451520, last time delay.time = 8, now count = 417, i = 3
2023-01-11 18:26:17.071  75 80 I channel139887845451520 self_thread_id = 139887845451520, last time delay.time = 8, now count = 417, i = 3
2023-01-11 18:26:17.071  75 80 W channel139887845451520 self_thread_id = 139887845451520, last time delay.time = 8, now count = 417, i = 3
2023-01-11 18:26:17.071  75 80 E channel139887845451520 self_thread_id = 139887845451520, last time delay.time = 8, now count = 417, i = 3
2023-01-11 18:26:17.072  75 77 I channel139887870629632 self_thread_id = 139887870629632, last time delay.time = 8, now count = 420, i = 3
2023-01-11 18:26:17.072  75 77 I channel139887870629632 self_thread_id = 139887870629632, last time delay.time = 8, now count = 420, i = 3
2023-01-11 18:26:17.072  75 77 W channel139887870629632 self_thread_id = 139887870629632, last time delay.time = 8, now count = 420, i = 3
2023-01-11 18:26:17.072  75 77 E channel139887870629632 self_thread_id = 139887870629632, last time delay.time = 8, now count = 420, i = 3
2023-01-11 18:26:17.072  75 82 I channel139887621699328 self_thread_id = 139887621699328, last time delay.time = 15, now count = 418, i = 3
2023-01-11 18:26:17.072  75 81 I channel139887837058816 self_thread_id = 139887837058816, last time delay.time = 15, now count = 419, i = 3
2023-01-11 18:26:17.072  75 82 I channel139887621699328 self_thread_id = 139887621699328, last time delay.time = 15, now count = 418, i = 3
2023-01-11 18:26:17.072  75 81 I channel139887837058816 self_thread_id = 139887837058816, last time delay.time = 15, now count = 419, i = 3
2023-01-11 18:26:17.072  75 82 W channel139887621699328 self_thread_id = 139887621699328, last time delay.time = 15, now count = 418, i = 3
2023-01-11 18:26:17.072  75 81 W channel139887837058816 self_thread_id = 139887837058816, last time delay.time = 15, now count = 419, i = 3
2023-01-11 18:26:17.072  75 82 E channel139887621699328 self_thread_id = 139887621699328, last time delay.time = 15, now count = 418, i = 3
2023-01-11 18:26:17.072  75 81 E channel139887837058816 self_thread_id = 139887837058816, last time delay.time = 15, now count = 419, i = 3
2023-01-11 18:26:17.072  75 83 I channel139887613306624 self_thread_id = 139887613306624, last time delay.time = 9, now count = 421, i = 3
2023-01-11 18:26:17.072  75 83 I channel139887613306624 self_thread_id = 139887613306624, last time delay.time = 9, now count = 421, i = 3
2023-01-11 18:26:17.072  75 83 W channel139887613306624 self_thread_id = 139887613306624, last time delay.time = 9, now count = 421, i = 3
2023-01-11 18:26:17.072  75 83 E channel139887613306624 self_thread_id = 139887613306624, last time delay.time = 9, now count = 421, i = 3
2023-01-11 18:26:17.073  75 79 I channel139887853844224 self_thread_id = 139887853844224, last time delay.time = 9, now count = 422, i = 3
2023-01-11 18:26:17.073  75 79 I channel139887853844224 self_thread_id = 139887853844224, last time delay.time = 9, now count = 422, i = 3
2023-01-11 18:26:17.073  75 79 W channel139887853844224 self_thread_id = 139887853844224, last time delay.time = 9, now count = 422, i = 3
2023-01-11 18:26:17.073  75 79 E channel139887853844224 self_thread_id = 139887853844224, last time delay.time = 9, now count = 422, i = 3
2023-01-11 18:26:17.074  75 78 I channel139887862236928 self_thread_id = 139887862236928, last time delay.time = 13, now count = 424, i = 3
2023-01-11 18:26:17.074  75 84 I channel139887604913920 self_thread_id = 139887604913920, last time delay.time = 15, now count = 423, i = 3
2023-01-11 18:26:17.074  75 78 I channel139887862236928 self_thread_id = 139887862236928, last time delay.time = 13, now count = 424, i = 3
2023-01-11 18:26:17.074  75 84 I channel139887604913920 self_thread_id = 139887604913920, last time delay.time = 15, now count = 423, i = 3
2023-01-11 18:26:17.074  75 78 W channel139887862236928 self_thread_id = 139887862236928, last time delay.time = 13, now count = 424, i = 3
2023-01-11 18:26:17.074  75 84 W channel139887604913920 self_thread_id = 139887604913920, last time delay.time = 15, now count = 423, i = 3
2023-01-11 18:26:17.074  75 78 E channel139887862236928 self_thread_id = 139887862236928, last time delay.time = 13, now count = 424, i = 3
2023-01-11 18:26:17.074  75 84 E channel139887604913920 self_thread_id = 139887604913920, last time delay.time = 15, now count = 423, i = 3
2023-01-11 18:26:18.072  75 80 I channel139887845451520 self_thread_id = 139887845451520, last time delay.time = 8, now count = 417, i = 4
2023-01-11 18:26:18.072  75 80 I channel139887845451520 self_thread_id = 139887845451520, last time delay.time = 8, now count = 417, i = 4
2023-01-11 18:26:18.072  75 80 W channel139887845451520 self_thread_id = 139887845451520, last time delay.time = 8, now count = 417, i = 4
2023-01-11 18:26:18.072  75 80 E channel139887845451520 self_thread_id = 139887845451520, last time delay.time = 8, now count = 417, i = 4
2023-01-11 18:26:18.072  75 80 I channel139887845451520 self_thread_id = 139887845451520, last time delay.time = 8, now count = 425
2023-01-11 18:26:18.072  75 77 I channel139887870629632 self_thread_id = 139887870629632, last time delay.time = 8, now count = 420, i = 4
2023-01-11 18:26:18.072  75 77 I channel139887870629632 self_thread_id = 139887870629632, last time delay.time = 8, now count = 420, i = 4
2023-01-11 18:26:18.072  75 82 I channel139887621699328 self_thread_id = 139887621699328, last time delay.time = 15, now count = 418, i = 4
2023-01-11 18:26:18.072  75 81 I channel139887837058816 self_thread_id = 139887837058816, last time delay.time = 15, now count = 419, i = 4
2023-01-11 18:26:18.072  75 77 W channel139887870629632 self_thread_id = 139887870629632, last time delay.time = 8, now count = 420, i = 4
2023-01-11 18:26:18.072  75 77 E channel139887870629632 self_thread_id = 139887870629632, last time delay.time = 8, now count = 420, i = 4
2023-01-11 18:26:18.072  75 77 I channel139887870629632 self_thread_id = 139887870629632, last time delay.time = 8, now count = 426
2023-01-11 18:26:18.072  75 82 I channel139887621699328 self_thread_id = 139887621699328, last time delay.time = 15, now count = 418, i = 4
2023-01-11 18:26:18.072  75 81 I channel139887837058816 self_thread_id = 139887837058816, last time delay.time = 15, now count = 419, i = 4
2023-01-11 18:26:18.072  75 82 W channel139887621699328 self_thread_id = 139887621699328, last time delay.time = 15, now count = 418, i = 4
2023-01-11 18:26:18.072  75 81 W channel139887837058816 self_thread_id = 139887837058816, last time delay.time = 15, now count = 419, i = 4
2023-01-11 18:26:18.072  75 81 E channel139887837058816 self_thread_id = 139887837058816, last time delay.time = 15, now count = 419, i = 4
2023-01-11 18:26:18.072  75 82 E channel139887621699328 self_thread_id = 139887621699328, last time delay.time = 15, now count = 418, i = 4
2023-01-11 18:26:18.072  75 81 I channel139887837058816 self_thread_id = 139887837058816, last time delay.time = 15, now count = 427
2023-01-11 18:26:18.072  75 82 I channel139887621699328 self_thread_id = 139887621699328, last time delay.time = 15, now count = 428
2023-01-11 18:26:18.073  75 83 I channel139887613306624 self_thread_id = 139887613306624, last time delay.time = 9, now count = 421, i = 4
2023-01-11 18:26:18.073  75 83 I channel139887613306624 self_thread_id = 139887613306624, last time delay.time = 9, now count = 421, i = 4
2023-01-11 18:26:18.073  75 83 W channel139887613306624 self_thread_id = 139887613306624, last time delay.time = 9, now count = 421, i = 4
2023-01-11 18:26:18.073  75 83 E channel139887613306624 self_thread_id = 139887613306624, last time delay.time = 9, now count = 421, i = 4
2023-01-11 18:26:18.073  75 83 I channel139887613306624 self_thread_id = 139887613306624, last time delay.time = 9, now count = 429
2023-01-11 18:26:18.073  75 79 I channel139887853844224 self_thread_id = 139887853844224, last time delay.time = 9, now count = 422, i = 4
2023-01-11 18:26:18.073  75 79 I channel139887853844224 self_thread_id = 139887853844224, last time delay.time = 9, now count = 422, i = 4
2023-01-11 18:26:18.073  75 79 W channel139887853844224 self_thread_id = 139887853844224, last time delay.time = 9, now count = 422, i = 4
2023-01-11 18:26:18.073  75 79 E channel139887853844224 self_thread_id = 139887853844224, last time delay.time = 9, now count = 422, i = 4
2023-01-11 18:26:18.073  75 79 I channel139887853844224 self_thread_id = 139887853844224, last time delay.time = 9, now count = 430
2023-01-11 18:26:18.074  75 84 I channel139887604913920 self_thread_id = 139887604913920, last time delay.time = 15, now count = 423, i = 4
2023-01-11 18:26:18.074  75 78 I channel139887862236928 self_thread_id = 139887862236928, last time delay.time = 13, now count = 424, i = 4
2023-01-11 18:26:18.074  75 84 I channel139887604913920 self_thread_id = 139887604913920, last time delay.time = 15, now count = 423, i = 4
2023-01-11 18:26:18.074  75 78 I channel139887862236928 self_thread_id = 139887862236928, last time delay.time = 13, now count = 424, i = 4
2023-01-11 18:26:18.074  75 84 W channel139887604913920 self_thread_id = 139887604913920, last time delay.time = 15, now count = 423, i = 4
2023-01-11 18:26:18.074  75 78 W channel139887862236928 self_thread_id = 139887862236928, last time delay.time = 13, now count = 424, i = 4
2023-01-11 18:26:18.074  75 84 E channel139887604913920 self_thread_id = 139887604913920, last time delay.time = 15, now count = 423, i = 4
2023-01-11 18:26:18.074  75 78 E channel139887862236928 self_thread_id = 139887862236928, last time delay.time = 13, now count = 424, i = 4
2023-01-11 18:26:18.074  75 84 I channel139887604913920 self_thread_id = 139887604913920, last time delay.time = 15, now count = 431
2023-01-11 18:26:18.074  75 78 I channel139887862236928 self_thread_id = 139887862236928, last time delay.time = 13, now count = 432
2023-01-11 18:26:19.072  75 80 I channel139887845451520 self_thread_id = 139887845451520, last time delay.time = 8, now count = 425, i = 0
2023-01-11 18:26:19.072  75 80 I channel139887845451520 self_thread_id = 139887845451520, last time delay.time = 8, now count = 425, i = 0
2023-01-11 18:26:19.072  75 80 W channel139887845451520 self_thread_id = 139887845451520, last time delay.time = 8, now count = 425, i = 0
2023-01-11 18:26:19.072  75 80 E channel139887845451520 self_thread_id = 139887845451520, last time delay.time = 8, now count = 425, i = 0
2023-01-11 18:26:19.072  75 77 I channel139887870629632 self_thread_id = 139887870629632, last time delay.time = 9, now count = 426, i = 0
2023-01-11 18:26:19.072  75 77 I channel139887870629632 self_thread_id = 139887870629632, last time delay.time = 9, now count = 426, i = 0
2023-01-11 18:26:19.072  75 77 W channel139887870629632 self_thread_id = 139887870629632, last time delay.time = 9, now count = 426, i = 0
2023-01-11 18:26:19.072  75 77 E channel139887870629632 self_thread_id = 139887870629632, last time delay.time = 9, now count = 426, i = 0
2023-01-11 18:26:19.072  75 82 I channel139887621699328 self_thread_id = 139887621699328, last time delay.time = 15, now count = 428, i = 0
2023-01-11 18:26:19.072  75 81 I channel139887837058816 self_thread_id = 139887837058816, last time delay.time = 14, now count = 427, i = 0
2023-01-11 18:26:19.072  75 82 I channel139887621699328 self_thread_id = 139887621699328, last time delay.time = 15, now count = 428, i = 0
2023-01-11 18:26:19.072  75 81 I channel139887837058816 self_thread_id = 139887837058816, last time delay.time = 14, now count = 427, i = 0
2023-01-11 18:26:19.072  75 82 W channel139887621699328 self_thread_id = 139887621699328, last time delay.time = 15, now count = 428, i = 0
2023-01-11 18:26:19.072  75 81 W channel139887837058816 self_thread_id = 139887837058816, last time delay.time = 14, now count = 427, i = 0
2023-01-11 18:26:19.072  75 82 E channel139887621699328 self_thread_id = 139887621699328, last time delay.time = 15, now count = 428, i = 0
2023-01-11 18:26:19.072  75 81 E channel139887837058816 self_thread_id = 139887837058816, last time delay.time = 14, now count = 427, i = 0
2023-01-11 18:26:19.073  75 83 I channel139887613306624 self_thread_id = 139887613306624, last time delay.time = 8, now count = 429, i = 0
2023-01-11 18:26:19.073  75 83 I channel139887613306624 self_thread_id = 139887613306624, last time delay.time = 8, now count = 429, i = 0
2023-01-11 18:26:19.073  75 83 W channel139887613306624 self_thread_id = 139887613306624, last time delay.time = 8, now count = 429, i = 0
2023-01-11 18:26:19.073  75 83 E channel139887613306624 self_thread_id = 139887613306624, last time delay.time = 8, now count = 429, i = 0
2023-01-11 18:26:19.073  75 79 I channel139887853844224 self_thread_id = 139887853844224, last time delay.time = 9, now count = 430, i = 0
2023-01-11 18:26:19.073  75 79 I channel139887853844224 self_thread_id = 139887853844224, last time delay.time = 9, now count = 430, i = 0
2023-01-11 18:26:19.073  75 79 W channel139887853844224 self_thread_id = 139887853844224, last time delay.time = 9, now count = 430, i = 0
2023-01-11 18:26:19.073  75 79 E channel139887853844224 self_thread_id = 139887853844224, last time delay.time = 9, now count = 430, i = 0
2023-01-11 18:26:19.074  75 78 I channel139887862236928 self_thread_id = 139887862236928, last time delay.time = 14, now count = 432, i = 0
2023-01-11 18:26:19.074  75 84 I channel139887604913920 self_thread_id = 139887604913920, last time delay.time = 15, now count = 431, i = 0
2023-01-11 18:26:19.074  75 78 I channel139887862236928 self_thread_id = 139887862236928, last time delay.time = 14, now count = 432, i = 0
2023-01-11 18:26:19.074  75 84 I channel139887604913920 self_thread_id = 139887604913920, last time delay.time = 15, now count = 431, i = 0
2023-01-11 18:26:19.074  75 78 W channel139887862236928 self_thread_id = 139887862236928, last time delay.time = 14, now count = 432, i = 0
2023-01-11 18:26:19.074  75 84 W channel139887604913920 self_thread_id = 139887604913920, last time delay.time = 15, now count = 431, i = 0
2023-01-11 18:26:19.074  75 78 E channel139887862236928 self_thread_id = 139887862236928, last time delay.time = 14, now count = 432, i = 0
2023-01-11 18:26:19.074  75 84 E channel139887604913920 self_thread_id = 139887604913920, last time delay.time = 15, now count = 431, i = 0
2023-01-11 18:26:20.072  75 80 I channel139887845451520 self_thread_id = 139887845451520, last time delay.time = 8, now count = 425, i = 1
2023-01-11 18:26:20.072  75 80 I channel139887845451520 self_thread_id = 139887845451520, last time delay.time = 8, now count = 425, i = 1
2023-01-11 18:26:20.072  75 80 W channel139887845451520 self_thread_id = 139887845451520, last time delay.time = 8, now count = 425, i = 1
2023-01-11 18:26:20.072  75 80 E channel139887845451520 self_thread_id = 139887845451520, last time delay.time = 8, now count = 425, i = 1
2023-01-11 18:26:20.072  75 77 I channel139887870629632 self_thread_id = 139887870629632, last time delay.time = 9, now count = 426, i = 1
2023-01-11 18:26:20.072  75 77 I channel139887870629632 self_thread_id = 139887870629632, last time delay.time = 9, now count = 426, i = 1
2023-01-11 18:26:20.072  75 77 W channel139887870629632 self_thread_id = 139887870629632, last time delay.time = 9, now count = 426, i = 1
2023-01-11 18:26:20.072  75 77 E channel139887870629632 self_thread_id = 139887870629632, last time delay.time = 9, now count = 426, i = 1
2023-01-11 18:26:20.073  75 81 I channel139887837058816 self_thread_id = 139887837058816, last time delay.time = 14, now count = 427, i = 1
2023-01-11 18:26:20.073  75 82 I channel139887621699328 self_thread_id = 139887621699328, last time delay.time = 15, now count = 428, i = 1
2023-01-11 18:26:20.073  75 81 I channel139887837058816 self_thread_id = 139887837058816, last time delay.time = 14, now count = 427, i = 1
2023-01-11 18:26:20.073  75 82 I channel139887621699328 self_thread_id = 139887621699328, last time delay.time = 15, now count = 428, i = 1
2023-01-11 18:26:20.073  75 81 W channel139887837058816 self_thread_id = 139887837058816, last time delay.time = 14, now count = 427, i = 1
2023-01-11 18:26:20.073  75 82 W channel139887621699328 self_thread_id = 139887621699328, last time delay.time = 15, now count = 428, i = 1
2023-01-11 18:26:20.073  75 81 E channel139887837058816 self_thread_id = 139887837058816, last time delay.time = 14, now count = 427, i = 1
2023-01-11 18:26:20.073  75 82 E channel139887621699328 self_thread_id = 139887621699328, last time delay.time = 15, now count = 428, i = 1
2023-01-11 18:26:20.073  75 83 I channel139887613306624 self_thread_id = 139887613306624, last time delay.time = 8, now count = 429, i = 1
2023-01-11 18:26:20.073  75 83 I channel139887613306624 self_thread_id = 139887613306624, last time delay.time = 8, now count = 429, i = 1
2023-01-11 18:26:20.073  75 83 W channel139887613306624 self_thread_id = 139887613306624, last time delay.time = 8, now count = 429, i = 1
2023-01-11 18:26:20.073  75 83 E channel139887613306624 self_thread_id = 139887613306624, last time delay.time = 8, now count = 429, i = 1
2023-01-11 18:26:20.073  75 79 I channel139887853844224 self_thread_id = 139887853844224, last time delay.time = 9, now count = 430, i = 1
2023-01-11 18:26:20.073  75 79 I channel139887853844224 self_thread_id = 139887853844224, last time delay.time = 9, now count = 430, i = 1
2023-01-11 18:26:20.073  75 79 W channel139887853844224 self_thread_id = 139887853844224, last time delay.time = 9, now count = 430, i = 1
2023-01-11 18:26:20.073  75 79 E channel139887853844224 self_thread_id = 139887853844224, last time delay.time = 9, now count = 430, i = 1
2023-01-11 18:26:20.075  75 78 I channel139887862236928 self_thread_id = 139887862236928, last time delay.time = 14, now count = 432, i = 1
2023-01-11 18:26:20.075  75 84 I channel139887604913920 self_thread_id = 139887604913920, last time delay.time = 15, now count = 431, i = 1
2023-01-11 18:26:20.075  75 78 I channel139887862236928 self_thread_id = 139887862236928, last time delay.time = 14, now count = 432, i = 1
2023-01-11 18:26:20.075  75 84 I channel139887604913920 self_thread_id = 139887604913920, last time delay.time = 15, now count = 431, i = 1
2023-01-11 18:26:20.075  75 78 W channel139887862236928 self_thread_id = 139887862236928, last time delay.time = 14, now count = 432, i = 1
2023-01-11 18:26:20.075  75 84 W channel139887604913920 self_thread_id = 139887604913920, last time delay.time = 15, now count = 431, i = 1
2023-01-11 18:26:20.075  75 78 E channel139887862236928 self_thread_id = 139887862236928, last time delay.time = 14, now count = 432, i = 1
2023-01-11 18:26:20.075  75 84 E channel139887604913920 self_thread_id = 139887604913920, last time delay.time = 15, now count = 431, i = 1
2023-01-11 18:26:21.072  75 80 I channel139887845451520 self_thread_id = 139887845451520, last time delay.time = 8, now count = 425, i = 2
2023-01-11 18:26:21.072  75 80 I channel139887845451520 self_thread_id = 139887845451520, last time delay.time = 8, now count = 425, i = 2
2023-01-11 18:26:21.072  75 80 W channel139887845451520 self_thread_id = 139887845451520, last time delay.time = 8, now count = 425, i = 2
2023-01-11 18:26:21.072  75 80 E channel139887845451520 self_thread_id = 139887845451520, last time delay.time = 8, now count = 425, i = 2
2023-01-11 18:26:21.073  75 77 I channel139887870629632 self_thread_id = 139887870629632, last time delay.time = 9, now count = 426, i = 2
2023-01-11 18:26:21.073  75 77 I channel139887870629632 self_thread_id = 139887870629632, last time delay.time = 9, now count = 426, i = 2
2023-01-11 18:26:21.073  75 77 W channel139887870629632 self_thread_id = 139887870629632, last time delay.time = 9, now count = 426, i = 2
2023-01-11 18:26:21.073  75 77 E channel139887870629632 self_thread_id = 139887870629632, last time delay.time = 9, now count = 426, i = 2
2023-01-11 18:26:21.073  75 82 I channel139887621699328 self_thread_id = 139887621699328, last time delay.time = 15, now count = 428, i = 2
2023-01-11 18:26:21.073  75 81 I channel139887837058816 self_thread_id = 139887837058816, last time delay.time = 14, now count = 427, i = 2
2023-01-11 18:26:21.073  75 82 I channel139887621699328 self_thread_id = 139887621699328, last time delay.time = 15, now count = 428, i = 2
2023-01-11 18:26:21.073  75 81 I channel139887837058816 self_thread_id = 139887837058816, last time delay.time = 14, now count = 427, i = 2
2023-01-11 18:26:21.073  75 82 W channel139887621699328 self_thread_id = 139887621699328, last time delay.time = 15, now count = 428, i = 2
2023-01-11 18:26:21.073  75 81 W channel139887837058816 self_thread_id = 139887837058816, last time delay.time = 14, now count = 427, i = 2
2023-01-11 18:26:21.073  75 82 E channel139887621699328 self_thread_id = 139887621699328, last time delay.time = 15, now count = 428, i = 2
2023-01-11 18:26:21.073  75 81 E channel139887837058816 self_thread_id = 139887837058816, last time delay.time = 14, now count = 427, i = 2
2023-01-11 18:26:21.073  75 83 I channel139887613306624 self_thread_id = 139887613306624, last time delay.time = 8, now count = 429, i = 2
2023-01-11 18:26:21.073  75 83 I channel139887613306624 self_thread_id = 139887613306624, last time delay.time = 8, now count = 429, i = 2
2023-01-11 18:26:21.073  75 83 W channel139887613306624 self_thread_id = 139887613306624, last time delay.time = 8, now count = 429, i = 2
2023-01-11 18:26:21.073  75 83 E channel139887613306624 self_thread_id = 139887613306624, last time delay.time = 8, now count = 429, i = 2
2023-01-11 18:26:21.073  75 79 I channel139887853844224 self_thread_id = 139887853844224, last time delay.time = 9, now count = 430, i = 2
2023-01-11 18:26:21.073  75 79 I channel139887853844224 self_thread_id = 139887853844224, last time delay.time = 9, now count = 430, i = 2
2023-01-11 18:26:21.074  75 79 W channel139887853844224 self_thread_id = 139887853844224, last time delay.time = 9, now count = 430, i = 2
2023-01-11 18:26:21.074  75 79 E channel139887853844224 self_thread_id = 139887853844224, last time delay.time = 9, now count = 430, i = 2
2023-01-11 18:26:21.075  75 78 I channel139887862236928 self_thread_id = 139887862236928, last time delay.time = 14, now count = 432, i = 2
2023-01-11 18:26:21.075  75 84 I channel139887604913920 self_thread_id = 139887604913920, last time delay.time = 15, now count = 431, i = 2
2023-01-11 18:26:21.075  75 78 I channel139887862236928 self_thread_id = 139887862236928, last time delay.time = 14, now count = 432, i = 2
2023-01-11 18:26:21.075  75 84 I channel139887604913920 self_thread_id = 139887604913920, last time delay.time = 15, now count = 431, i = 2
2023-01-11 18:26:21.075  75 78 W channel139887862236928 self_thread_id = 139887862236928, last time delay.time = 14, now count = 432, i = 2
2023-01-11 18:26:21.075  75 84 W channel139887604913920 self_thread_id = 139887604913920, last time delay.time = 15, now count = 431, i = 2
2023-01-11 18:26:21.075  75 78 E channel139887862236928 self_thread_id = 139887862236928, last time delay.time = 14, now count = 432, i = 2
2023-01-11 18:26:21.075  75 84 E channel139887604913920 self_thread_id = 139887604913920, last time delay.time = 15, now count = 431, i = 2
2023-01-11 18:26:22.072  75 80 I channel139887845451520 self_thread_id = 139887845451520, last time delay.time = 8, now count = 425, i = 3
2023-01-11 18:26:22.072  75 80 I channel139887845451520 self_thread_id = 139887845451520, last time delay.time = 8, now count = 425, i = 3
2023-01-11 18:26:22.072  75 80 W channel139887845451520 self_thread_id = 139887845451520, last time delay.time = 8, now count = 425, i = 3
2023-01-11 18:26:22.072  75 80 E channel139887845451520 self_thread_id = 139887845451520, last time delay.time = 8, now count = 425, i = 3
2023-01-11 18:26:22.073  75 77 I channel139887870629632 self_thread_id = 139887870629632, last time delay.time = 9, now count = 426, i = 3
2023-01-11 18:26:22.073  75 77 I channel139887870629632 self_thread_id = 139887870629632, last time delay.time = 9, now count = 426, i = 3
2023-01-11 18:26:22.073  75 77 W channel139887870629632 self_thread_id = 139887870629632, last time delay.time = 9, now count = 426, i = 3
2023-01-11 18:26:22.073  75 77 E channel139887870629632 self_thread_id = 139887870629632, last time delay.time = 9, now count = 426, i = 3
2023-01-11 18:26:22.073  75 82 I channel139887621699328 self_thread_id = 139887621699328, last time delay.time = 15, now count = 428, i = 3
2023-01-11 18:26:22.073  75 81 I channel139887837058816 self_thread_id = 139887837058816, last time delay.time = 14, now count = 427, i = 3
2023-01-11 18:26:22.073  75 82 I channel139887621699328 self_thread_id = 139887621699328, last time delay.time = 15, now count = 428, i = 3
2023-01-11 18:26:22.073  75 81 I channel139887837058816 self_thread_id = 139887837058816, last time delay.time = 14, now count = 427, i = 3
