2023-01-11 18:25:51.067  75 80 I channel139887845451520 self_thread_id = 139887845451520, last time delay.time = 26, now count = 377, i = 2
2023-01-11 18:25:51.067  75 81 W channel139887837058816 self_thread_id = 139887837058816, last time delay.time = 8, now count = 379, i = 2
2023-01-11 18:25:51.067  75 80 I channel139887845451520 self_thread_id = 139887845451520, last time delay.time = 26, now count = 377, i = 2
2023-01-11 18:25:51.067  75 81 E channel139887837058816 self_thread_id = 139887837058816, last time delay.time = 8, now count = 379, i = 2
2023-01-11 18:25:51.067  75 77 I channel139887870629632 self_thread_id = 139887870629632, last time delay.time = 9, now count = 378, i = 2
2023-01-11 18:25:51.067  75 77 I channel139887870629632 self_thread_id = 139887870629632, last time delay.time = 9, now count = 378, i = 2
2023-01-11 18:25:51.067  75 80 W channel139887845451520 self_thread_id = 139887845451520, last time delay.time = 26, now count = 377, i = 2
2023-01-11 18:25:51.067  75 80 E channel139887845451520 self_thread_id = 139887845451520, last time delay.time = 26, now count = 377, i = 2
2023-01-11 18:25:51.067  75 77 W channel139887870629632 self_thread_id = 139887870629632, last time delay.time = 9, now count = 378, i = 2
2023-01-11 18:25:51.067  75 77 E channel139887870629632 self_thread_id = 139887870629632, last time delay.time = 9, now count = 378, i = 2
2023-01-11 18:25:51.067  75 82 I channel139887621699328 self_thread_id = 139887621699328, last time delay.time = 9, now count = 380, i = 2
2023-01-11 18:25:51.067  75 82 I channel139887621699328 self_thread_id = 139887621699328, last time delay.time = 9, now count = 380, i = 2
2023-01-11 18:25:51.067  75 82 W channel139887621699328 self_thread_id = 139887621699328, last time delay.time = 9, now count = 380, i = 2
2023-01-11 18:25:51.067  75 82 E channel139887621699328 self_thread_id = 139887621699328, last time delay.time = 9, now count = 380, i = 2
2023-01-11 18:25:51.068  75 83 I channel139887613306624 self_thread_id = 139887613306624, last time delay.time = 14, now count = 381, i = 2
2023-01-11 18:25:51.068  75 79 I channel139887853844224 self_thread_id = 139887853844224, last time delay.time = 13, now count = 382, i = 2
2023-01-11 18:25:51.068  75 83 I channel139887613306624 self_thread_id = 139887613306624, last time delay.time = 14, now count = 381, i = 2
2023-01-11 18:25:51.068  75 79 I channel139887853844224 self_thread_id = 139887853844224, last time delay.time = 13, now count = 382, i = 2
2023-01-11 18:25:51.068  75 83 W channel139887613306624 self_thread_id = 139887613306624, last time delay.time = 14, now count = 381, i = 2
2023-01-11 18:25:51.068  75 79 W channel139887853844224 self_thread_id = 139887853844224, last time delay.time = 13, now count = 382, i = 2
2023-01-11 18:25:51.068  75 83 E channel139887613306624 self_thread_id = 139887613306624, last time delay.time = 14, now count = 381, i = 2
2023-01-11 18:25:51.068  75 79 E channel139887853844224 self_thread_id = 139887853844224, last time delay.time = 13, now count = 382, i = 2
2023-01-11 18:25:51.069  75 78 I channel139887862236928 self_thread_id = 139887862236928, last time delay.time = 15, now count = 384, i = 2
2023-01-11 18:25:51.069  75 84 I channel139887604913920 self_thread_id = 139887604913920, last time delay.time = 14, now count = 383, i = 2
2023-01-11 18:25:51.069  75 78 I channel139887862236928 self_thread_id = 139887862236928, last time delay.time = 15, now count = 384, i = 2
2023-01-11 18:25:51.069  75 84 I channel139887604913920 self_thread_id = 139887604913920, last time delay.time = 14, now count = 383, i = 2
2023-01-11 18:25:51.069  75 78 W channel139887862236928 self_thread_id = 139887862236928, last time delay.time = 15, now count = 384, i = 2
2023-01-11 18:25:51.069  75 84 W channel139887604913920 self_thread_id = 139887604913920, last time delay.time = 14, now count = 383, i = 2
2023-01-11 18:25:51.069  75 78 E channel139887862236928 self_thread_id = 139887862236928, last time delay.time = 15, now count = 384, i = 2
2023-01-11 18:25:51.069  75 84 E channel139887604913920 self_thread_id = 139887604913920, last time delay.time = 14, now count = 383, i = 2
2023-01-11 18:25:52.067  75 80 I channel139887845451520 self_thread_id = 139887845451520, last time delay.time = 26, now count = 377, i = 3
2023-01-11 18:25:52.067  75 80 I channel139887845451520 self_thread_id = 139887845451520, last time delay.time = 26, now count = 377, i = 3
2023-01-11 18:25:52.067  75 80 W channel139887845451520 self_thread_id = 139887845451520, last time delay.time = 26, now count = 377, i = 3
2023-01-11 18:25:52.067  75 80 E channel139887845451520 self_thread_id = 139887845451520, last time delay.time = 26, now count = 377, i = 3
2023-01-11 18:25:52.067  75 81 I channel139887837058816 self_thread_id = 139887837058816, last time delay.time = 8, now count = 379, i = 3
2023-01-11 18:25:52.067  75 81 I channel139887837058816 self_thread_id = 139887837058816, last time delay.time = 8, now count = 379, i = 3
2023-01-11 18:25:52.067  75 81 W channel139887837058816 self_thread_id = 139887837058816, last time delay.time = 8, now count = 379, i = 3
2023-01-11 18:25:52.067  75 81 E channel139887837058816 self_thread_id = 139887837058816, last time delay.time = 8, now count = 379, i = 3
2023-01-11 18:25:52.067  75 77 I channel139887870629632 self_thread_id = 139887870629632, last time delay.time = 9, now count = 378, i = 3
2023-01-11 18:25:52.067  75 77 I channel139887870629632 self_thread_id = 139887870629632, last time delay.time = 9, now count = 378, i = 3
2023-01-11 18:25:52.067  75 77 W channel139887870629632 self_thread_id = 139887870629632, last time delay.time = 9, now count = 378, i = 3
2023-01-11 18:25:52.067  75 77 E channel139887870629632 self_thread_id = 139887870629632, last time delay.time = 9, now count = 378, i = 3
2023-01-11 18:25:52.067  75 82 I channel139887621699328 self_thread_id = 139887621699328, last time delay.time = 9, now count = 380, i = 3
2023-01-11 18:25:52.067  75 82 I channel139887621699328 self_thread_id = 139887621699328, last time delay.time = 9, now count = 380, i = 3
2023-01-11 18:25:52.067  75 82 W channel139887621699328 self_thread_id = 139887621699328, last time delay.time = 9, now count = 380, i = 3
2023-01-11 18:25:52.067  75 82 E channel139887621699328 self_thread_id = 139887621699328, last time delay.time = 9, now count = 380, i = 3
2023-01-11 18:25:52.068  75 83 I channel139887613306624 self_thread_id = 139887613306624, last time delay.time = 14, now count = 381, i = 3
2023-01-11 18:25:52.068  75 79 I channel139887853844224 self_thread_id = 139887853844224, last time delay.time = 13, now count = 382, i = 3
2023-01-11 18:25:52.068  75 83 I channel139887613306624 self_thread_id = 139887613306624, last time delay.time = 14, now count = 381, i = 3
2023-01-11 18:25:52.068  75 83 W channel139887613306624 self_thread_id = 139887613306624, last time delay.time = 14, now count = 381, i = 3
2023-01-11 18:25:52.068  75 79 I channel139887853844224 self_thread_id = 139887853844224, last time delay.time = 13, now count = 382, i = 3
2023-01-11 18:25:52.068  75 83 E channel139887613306624 self_thread_id = 139887613306624, last time delay.time = 14, now count = 381, i = 3
2023-01-11 18:25:52.068  75 79 W channel139887853844224 self_thread_id = 139887853844224, last time delay.time = 13, now count = 382, i = 3
2023-01-11 18:25:52.068  75 79 E channel139887853844224 self_thread_id = 139887853844224, last time delay.time = 13, now count = 382, i = 3
2023-01-11 18:25:52.069  75 78 I channel139887862236928 self_thread_id = 139887862236928, last time delay.time = 15, now count = 384, i = 3
2023-01-11 18:25:52.069  75 84 I channel139887604913920 self_thread_id = 139887604913920, last time delay.time = 14, now count = 383, i = 3
2023-01-11 18:25:52.069  75 78 I channel139887862236928 self_thread_id = 139887862236928, last time delay.time = 15, now count = 384, i = 3
2023-01-11 18:25:52.069  75 84 I channel139887604913920 self_thread_id = 139887604913920, last time delay.time = 14, now count = 383, i = 3
2023-01-11 18:25:52.069  75 78 W channel139887862236928 self_thread_id = 139887862236928, last time delay.time = 15, now count = 384, i = 3
2023-01-11 18:25:52.069  75 84 W channel139887604913920 self_thread_id = 139887604913920, last time delay.time = 14, now count = 383, i = 3
2023-01-11 18:25:52.069  75 78 E channel139887862236928 self_thread_id = 139887862236928, last time delay.time = 15, now count = 384, i = 3
2023-01-11 18:25:52.069  75 84 E channel139887604913920 self_thread_id = 139887604913920, last time delay.time = 14, now count = 383, i = 3
2023-01-11 18:25:53.067  75 80 I channel139887845451520 self_thread_id = 139887845451520, last time delay.time = 26, now count = 377, i = 4
2023-01-11 18:25:53.067  75 80 I channel139887845451520 self_thread_id = 139887845451520, last time delay.time = 26, now count = 377, i = 4
2023-01-11 18:25:53.067  75 80 W channel139887845451520 self_thread_id = 139887845451520, last time delay.time = 26, now count = 377, i = 4
2023-01-11 18:25:53.067  75 80 E channel139887845451520 self_thread_id = 139887845451520, last time delay.time = 26, now count = 377, i = 4
2023-01-11 18:25:53.067  75 80 I channel139887845451520 self_thread_id = 139887845451520, last time delay.time = 26, now count = 385
2023-01-11 18:25:53.067  75 81 I channel139887837058816 self_thread_id = 139887837058816, last time delay.time = 8, now count = 379, i = 4
2023-01-11 18:25:53.067  75 81 I channel139887837058816 self_thread_id = 139887837058816, last time delay.time = 8, now count = 379, i = 4
2023-01-11 18:25:53.067  75 81 W channel139887837058816 self_thread_id = 139887837058816, last time delay.time = 8, now count = 379, i = 4
2023-01-11 18:25:53.067  75 81 E channel139887837058816 self_thread_id = 139887837058816, last time delay.time = 8, now count = 379, i = 4
2023-01-11 18:25:53.067  75 81 I channel139887837058816 self_thread_id = 139887837058816, last time delay.time = 8, now count = 386
2023-01-11 18:25:53.067  75 77 I channel139887870629632 self_thread_id = 139887870629632, last time delay.time = 9, now count = 378, i = 4
2023-01-11 18:25:53.067  75 77 I channel139887870629632 self_thread_id = 139887870629632, last time delay.time = 9, now count = 378, i = 4
2023-01-11 18:25:53.067  75 77 W channel139887870629632 self_thread_id = 139887870629632, last time delay.time = 9, now count = 378, i = 4
2023-01-11 18:25:53.067  75 77 E channel139887870629632 self_thread_id = 139887870629632, last time delay.time = 9, now count = 378, i = 4
2023-01-11 18:25:53.067  75 77 I channel139887870629632 self_thread_id = 139887870629632, last time delay.time = 9, now count = 387
2023-01-11 18:25:53.067  75 82 I channel139887621699328 self_thread_id = 139887621699328, last time delay.time = 9, now count = 380, i = 4
2023-01-11 18:25:53.067  75 82 I channel139887621699328 self_thread_id = 139887621699328, last time delay.time = 9, now count = 380, i = 4
2023-01-11 18:25:53.067  75 82 W channel139887621699328 self_thread_id = 139887621699328, last time delay.time = 9, now count = 380, i = 4
2023-01-11 18:25:53.067  75 82 E channel139887621699328 self_thread_id = 139887621699328, last time delay.time = 9, now count = 380, i = 4
2023-01-11 18:25:53.067  75 82 I channel139887621699328 self_thread_id = 139887621699328, last time delay.time = 9, now count = 388
2023-01-11 18:25:53.068  75 79 I channel139887853844224 self_thread_id = 139887853844224, last time delay.time = 13, now count = 382, i = 4
2023-01-11 18:25:53.068  75 83 I channel139887613306624 self_thread_id = 139887613306624, last time delay.time = 14, now count = 381, i = 4
2023-01-11 18:25:53.068  75 79 I channel139887853844224 self_thread_id = 139887853844224, last time delay.time = 13, now count = 382, i = 4
2023-01-11 18:25:53.068  75 83 I channel139887613306624 self_thread_id = 139887613306624, last time delay.time = 14, now count = 381, i = 4
2023-01-11 18:25:53.068  75 79 W channel139887853844224 self_thread_id = 139887853844224, last time delay.time = 13, now count = 382, i = 4
2023-01-11 18:25:53.069  75 83 W channel139887613306624 self_thread_id = 139887613306624, last time delay.time = 14, now count = 381, i = 4
2023-01-11 18:25:53.069  75 79 E channel139887853844224 self_thread_id = 139887853844224, last time delay.time = 13, now count = 382, i = 4
2023-01-11 18:25:53.069  75 83 E channel139887613306624 self_thread_id = 139887613306624, last time delay.time = 14, now count = 381, i = 4
2023-01-11 18:25:53.069  75 79 I channel139887853844224 self_thread_id = 139887853844224, last time delay.time = 13, now count = 389
2023-01-11 18:25:53.069  75 83 I channel139887613306624 self_thread_id = 139887613306624, last time delay.time = 14, now count = 390
2023-01-11 18:25:53.069  75 78 I channel139887862236928 self_thread_id = 139887862236928, last time delay.time = 15, now count = 384, i = 4
2023-01-11 18:25:53.069  75 84 I channel139887604913920 self_thread_id = 139887604913920, last time delay.time = 14, now count = 383, i = 4
2023-01-11 18:25:53.069  75 78 I channel139887862236928 self_thread_id = 139887862236928, last time delay.time = 15, now count = 384, i = 4
2023-01-11 18:25:53.069  75 84 I channel139887604913920 self_thread_id = 139887604913920, last time delay.time = 14, now count = 383, i = 4
2023-01-11 18:25:53.069  75 78 W channel139887862236928 self_thread_id = 139887862236928, last time delay.time = 15, now count = 384, i = 4
2023-01-11 18:25:53.069  75 84 W channel139887604913920 self_thread_id = 139887604913920, last time delay.time = 14, now count = 383, i = 4
2023-01-11 18:25:53.069  75 78 E channel139887862236928 self_thread_id = 139887862236928, last time delay.time = 15, now count = 384, i = 4
2023-01-11 18:25:53.069  75 84 E channel139887604913920 self_thread_id = 139887604913920, last time delay.time = 14, now count = 383, i = 4
2023-01-11 18:25:53.069  75 78 I channel139887862236928 self_thread_id = 139887862236928, last time delay.time = 15, now count = 391
2023-01-11 18:25:53.069  75 84 I channel139887604913920 self_thread_id = 139887604913920, last time delay.time = 14, now count = 392
2023-01-11 18:25:54.067  75 80 I channel139887845451520 self_thread_id = 139887845451520, last time delay.time = 5, now count = 385, i = 0
2023-01-11 18:25:54.067  75 80 I channel139887845451520 self_thread_id = 139887845451520, last time delay.time = 5, now count = 385, i = 0
2023-01-11 18:25:54.067  75 80 W channel139887845451520 self_thread_id = 139887845451520, last time delay.time = 5, now count = 385, i = 0
2023-01-11 18:25:54.067  75 80 E channel139887845451520 self_thread_id = 139887845451520, last time delay.time = 5, now count = 385, i = 0
2023-01-11 18:25:54.068  75 81 I channel139887837058816 self_thread_id = 139887837058816, last time delay.time = 9, now count = 386, i = 0
2023-01-11 18:25:54.068  75 81 I channel139887837058816 self_thread_id = 139887837058816, last time delay.time = 9, now count = 386, i = 0
2023-01-11 18:25:54.068  75 81 W channel139887837058816 self_thread_id = 139887837058816, last time delay.time = 9, now count = 386, i = 0
2023-01-11 18:25:54.068  75 77 I channel139887870629632 self_thread_id = 139887870629632, last time delay.time = 9, now count = 387, i = 0
2023-01-11 18:25:54.068  75 81 E channel139887837058816 self_thread_id = 139887837058816, last time delay.time = 9, now count = 386, i = 0
2023-01-11 18:25:54.068  75 77 I channel139887870629632 self_thread_id = 139887870629632, last time delay.time = 9, now count = 387, i = 0
2023-01-11 18:25:54.068  75 77 W channel139887870629632 self_thread_id = 139887870629632, last time delay.time = 9, now count = 387, i = 0
2023-01-11 18:25:54.068  75 77 E channel139887870629632 self_thread_id = 139887870629632, last time delay.time = 9, now count = 387, i = 0
2023-01-11 18:25:54.068  75 82 I channel139887621699328 self_thread_id = 139887621699328, last time delay.time = 8, now count = 388, i = 0
2023-01-11 18:25:54.068  75 82 I channel139887621699328 self_thread_id = 139887621699328, last time delay.time = 8, now count = 388, i = 0
2023-01-11 18:25:54.068  75 82 W channel139887621699328 self_thread_id = 139887621699328, last time delay.time = 8, now count = 388, i = 0
2023-01-11 18:25:54.068  75 82 E channel139887621699328 self_thread_id = 139887621699328, last time delay.time = 8, now count = 388, i = 0
2023-01-11 18:25:54.069  75 79 I channel139887853844224 self_thread_id = 139887853844224, last time delay.time = 14, now count = 389, i = 0
2023-01-11 18:25:54.069  75 83 I channel139887613306624 self_thread_id = 139887613306624, last time delay.time = 13, now count = 390, i = 0
2023-01-11 18:25:54.069  75 79 I channel139887853844224 self_thread_id = 139887853844224, last time delay.time = 14, now count = 389, i = 0
2023-01-11 18:25:54.069  75 83 I channel139887613306624 self_thread_id = 139887613306624, last time delay.time = 13, now count = 390, i = 0
2023-01-11 18:25:54.069  75 79 W channel139887853844224 self_thread_id = 139887853844224, last time delay.time = 14, now count = 389, i = 0
2023-01-11 18:25:54.069  75 83 W channel139887613306624 self_thread_id = 139887613306624, last time delay.time = 13, now count = 390, i = 0
2023-01-11 18:25:54.069  75 79 E channel139887853844224 self_thread_id = 139887853844224, last time delay.time = 14, now count = 389, i = 0
2023-01-11 18:25:54.069  75 83 E channel139887613306624 self_thread_id = 139887613306624, last time delay.time = 13, now count = 390, i = 0
2023-01-11 18:25:54.069  75 84 I channel139887604913920 self_thread_id = 139887604913920, last time delay.time = 12, now count = 392, i = 0
2023-01-11 18:25:54.069  75 78 I channel139887862236928 self_thread_id = 139887862236928, last time delay.time = 14, now count = 391, i = 0
2023-01-11 18:25:54.069  75 84 I channel139887604913920 self_thread_id = 139887604913920, last time delay.time = 12, now count = 392, i = 0
2023-01-11 18:25:54.069  75 78 I channel139887862236928 self_thread_id = 139887862236928, last time delay.time = 14, now count = 391, i = 0
2023-01-11 18:25:54.069  75 84 W channel139887604913920 self_thread_id = 139887604913920, last time delay.time = 12, now count = 392, i = 0
2023-01-11 18:25:54.069  75 78 W channel139887862236928 self_thread_id = 139887862236928, last time delay.time = 14, now count = 391, i = 0
2023-01-11 18:25:54.069  75 84 E channel139887604913920 self_thread_id = 139887604913920, last time delay.time = 12, now count = 392, i = 0
2023-01-11 18:25:54.069  75 78 E channel139887862236928 self_thread_id = 139887862236928, last time delay.time = 14, now count = 391, i = 0
2023-01-11 18:25:55.067  75 80 I channel139887845451520 self_thread_id = 139887845451520, last time delay.time = 5, now count = 385, i = 1
2023-01-11 18:25:55.067  75 80 I channel139887845451520 self_thread_id = 139887845451520, last time delay.time = 5, now count = 385, i = 1
2023-01-11 18:25:55.067  75 80 W channel139887845451520 self_thread_id = 139887845451520, last time delay.time = 5, now count = 385, i = 1
2023-01-11 18:25:55.067  75 80 E channel139887845451520 self_thread_id = 139887845451520, last time delay.time = 5, now count = 385, i = 1
2023-01-11 18:25:55.068  75 81 I channel139887837058816 self_thread_id = 139887837058816, last time delay.time = 9, now count = 386, i = 1
2023-01-11 18:25:55.068  75 81 I channel139887837058816 self_thread_id = 139887837058816, last time delay.time = 9, now count = 386, i = 1
2023-01-11 18:25:55.068  75 81 W channel139887837058816 self_thread_id = 139887837058816, last time delay.time = 9, now count = 386, i = 1
2023-01-11 18:25:55.068  75 81 E channel139887837058816 self_thread_id = 139887837058816, last time delay.time = 9, now count = 386, i = 1
2023-01-11 18:25:55.068  75 77 I channel139887870629632 self_thread_id = 139887870629632, last time delay.time = 9, now count = 387, i = 1
2023-01-11 18:25:55.068  75 82 I channel139887621699328 self_thread_id = 139887621699328, last time delay.time = 8, now count = 388, i = 1
2023-01-11 18:25:55.068  75 77 I channel139887870629632 self_thread_id = 139887870629632, last time delay.time = 9, now count = 387, i = 1
2023-01-11 18:25:55.068  75 77 W channel139887870629632 self_thread_id = 139887870629632, last time delay.time = 9, now count = 387, i = 1
2023-01-11 18:25:55.068  75 82 I channel139887621699328 self_thread_id = 139887621699328, last time delay.time = 8, now count = 388, i = 1
2023-01-11 18:25:55.068  75 77 E channel139887870629632 self_thread_id = 139887870629632, last time delay.time = 9, now count = 387, i = 1
2023-01-11 18:25:55.068  75 82 W channel139887621699328 self_thread_id = 139887621699328, last time delay.time = 8, now count = 388, i = 1
2023-01-11 18:25:55.068  75 82 E channel139887621699328 self_thread_id = 139887621699328, last time delay.time = 8, now count = 388, i = 1
2023-01-11 18:25:55.069  75 79 I channel139887853844224 self_thread_id = 139887853844224, last time delay.time = 14, now count = 389, i = 1
2023-01-11 18:25:55.069  75 83 I channel139887613306624 self_thread_id = 139887613306624, last time delay.time = 13, now count = 390, i = 1
2023-01-11 18:25:55.069  75 79 I channel139887853844224 self_thread_id = 139887853844224, last time delay.time = 14, now count = 389, i = 1
2023-01-11 18:25:55.069  75 83 I channel139887613306624 self_thread_id = 139887613306624, last time delay.time = 13, now count = 390, i = 1
2023-01-11 18:25:55.069  75 79 W channel139887853844224 self_thread_id = 139887853844224, last time delay.time = 14, now count = 389, i = 1
2023-01-11 18:25:55.069  75 83 W channel139887613306624 self_thread_id = 139887613306624, last time delay.time = 13, now count = 390, i = 1
2023-01-11 18:25:55.069  75 79 E channel139887853844224 self_thread_id = 139887853844224, last time delay.time = 14, now count = 389, i = 1
2023-01-11 18:25:55.069  75 83 E channel139887613306624 self_thread_id = 139887613306624, last time delay.time = 13, now count = 390, i = 1
2023-01-11 18:25:55.069  75 84 I channel139887604913920 self_thread_id = 139887604913920, last time delay.time = 12, now count = 392, i = 1
2023-01-11 18:25:55.069  75 78 I channel139887862236928 self_thread_id = 139887862236928, last time delay.time = 14, now count = 391, i = 1
2023-01-11 18:25:55.069  75 84 I channel139887604913920 self_thread_id = 139887604913920, last time delay.time = 12, now count = 392, i = 1
2023-01-11 18:25:55.069  75 78 I channel139887862236928 self_thread_id = 139887862236928, last time delay.time = 14, now count = 391, i = 1
2023-01-11 18:25:55.069  75 84 W channel139887604913920 self_thread_id = 139887604913920, last time delay.time = 12, now count = 392, i = 1
2023-01-11 18:25:55.069  75 78 W channel139887862236928 self_thread_id = 139887862236928, last time delay.time = 14, now count = 391, i = 1
2023-01-11 18:25:55.069  75 84 E channel139887604913920 self_thread_id = 139887604913920, last time delay.time = 12, now count = 392, i = 1
2023-01-11 18:25:55.069  75 78 E channel139887862236928 self_thread_id = 139887862236928, last time delay.time = 14, now count = 391, i = 1
2023-01-11 18:25:56.068  75 80 I channel139887845451520 self_thread_id = 139887845451520, last time delay.time = 5, now count = 385, i = 2
2023-01-11 18:25:56.068  75 80 I channel139887845451520 self_thread_id = 139887845451520, last time delay.time = 5, now count = 385, i = 2
2023-01-11 18:25:56.068  75 80 W channel139887845451520 self_thread_id = 139887845451520, last time delay.time = 5, now count = 385, i = 2
2023-01-11 18:25:56.068  75 80 E channel139887845451520 self_thread_id = 139887845451520, last time delay.time = 5, now count = 385, i = 2
2023-01-11 18:25:56.068  75 81 I channel139887837058816 self_thread_id = 139887837058816, last time delay.time = 9, now count = 386, i = 2
2023-01-11 18:25:56.068  75 81 I channel139887837058816 self_thread_id = 139887837058816, last time delay.time = 9, now count = 386, i = 2
2023-01-11 18:25:56.068  75 81 W channel139887837058816 self_thread_id = 139887837058816, last time delay.time = 9, now count = 386, i = 2
2023-01-11 18:25:56.068  75 81 E channel139887837058816 self_thread_id = 139887837058816, last time delay.time = 9, now count = 386, i = 2
2023-01-11 18:25:56.068  75 82 I channel139887621699328 self_thread_id = 139887621699328, last time delay.time = 8, now count = 388, i = 2
2023-01-11 18:25:56.068  75 82 I channel139887621699328 self_thread_id = 139887621699328, last time delay.time = 8, now count = 388, i = 2
2023-01-11 18:25:56.068  75 82 W channel139887621699328 self_thread_id = 139887621699328, last time delay.time = 8, now count = 388, i = 2
2023-01-11 18:25:56.068  75 82 E channel139887621699328 self_thread_id = 139887621699328, last time delay.time = 8, now count = 388, i = 2
2023-01-11 18:25:56.068  75 77 I channel139887870629632 self_thread_id = 139887870629632, last time delay.time = 9, now count = 387, i = 2
2023-01-11 18:25:56.068  75 77 I channel139887870629632 self_thread_id = 139887870629632, last time delay.time = 9, now count = 387, i = 2
2023-01-11 18:25:56.068  75 77 W channel139887870629632 self_thread_id = 139887870629632, last time delay.time = 9, now count = 387, i = 2
2023-01-11 18:25:56.068  75 77 E channel139887870629632 self_thread_id = 139887870629632, last time delay.time = 9, now count = 387, i = 2
2023-01-11 18:25:56.069  75 83 I channel139887613306624 self_thread_id = 139887613306624, last time delay.time = 13, now count = 390, i = 2
2023-01-11 18:25:56.069  75 83 I channel139887613306624 self_thread_id = 139887613306624, last time delay.time = 13, now count = 390, i = 2
2023-01-11 18:25:56.069  75 83 W channel139887613306624 self_thread_id = 139887613306624, last time delay.time = 13, now count = 390, i = 2
2023-01-11 18:25:56.069  75 79 I channel139887853844224 self_thread_id = 139887853844224, last time delay.time = 14, now count = 389, i = 2
2023-01-11 18:25:56.069  75 83 E channel139887613306624 self_thread_id = 139887613306624, last time delay.time = 13, now count = 390, i = 2
2023-01-11 18:25:56.069  75 79 I channel139887853844224 self_thread_id = 139887853844224, last time delay.time = 14, now count = 389, i = 2
2023-01-11 18:25:56.069  75 79 W channel139887853844224 self_thread_id = 139887853844224, last time delay.time = 14, now count = 389, i = 2
2023-01-11 18:25:56.069  75 79 E channel139887853844224 self_thread_id = 139887853844224, last time delay.time = 14, now count = 389, i = 2
2023-01-11 18:25:56.070  75 78 I channel139887862236928 self_thread_id = 139887862236928, last time delay.time = 14, now count = 391, i = 2
2023-01-11 18:25:56.070  75 84 I channel139887604913920 self_thread_id = 139887604913920, last time delay.time = 12, now count = 392, i = 2
2023-01-11 18:25:56.070  75 78 I channel139887862236928 self_thread_id = 139887862236928, last time delay.time = 14, now count = 391, i = 2
2023-01-11 18:25:56.070  75 78 W channel139887862236928 self_thread_id = 139887862236928, last time delay.time = 14, now count = 391, i = 2
2023-01-11 18:25:56.070  75 84 I channel139887604913920 self_thread_id = 139887604913920, last time delay.time = 12, now count = 392, i = 2
2023-01-11 18:25:56.070  75 78 E channel139887862236928 self_thread_id = 139887862236928, last time delay.time = 14, now count = 391, i = 2
2023-01-11 18:25:56.070  75 84 W channel139887604913920 self_thread_id = 139887604913920, last time delay.time = 12, now count = 392, i = 2
2023-01-11 18:25:56.070  75 84 E channel139887604913920 self_thread_id = 139887604913920, last time delay.time = 12, now count = 392, i = 2
2023-01-11 18:25:56.570  75 75 I APP.tag TestComponent::Proc
2023-01-11 18:25:56.570  75 75 I APP.tag ****************test INFO begin****************
2023-01-11 18:25:56.570  75 75 I APP.tag 测试 index = 963组
2023-01-11 18:25:56.570  75 75 E APP.tag 循环计数 i = 1次
2023-01-11 18:25:56.570  75 75 I APP.tag test LOG_Trace()
2023-01-11 18:25:56.570  75 75 I vscode 循环计数 i = 1次,test LOG_Channel_Trace()
2023-01-11 18:25:56.570  75 75 E APP.tag 循环计数 i = 2次
2023-01-11 18:25:56.570  75 75 E APP.tag 循环计数 i = 3次
2023-01-11 18:25:56.570  75 75 I APP.tag test LOG_Info()
2023-01-11 18:25:56.570  75 75 I baidu 循环计数 i = 3次,test LOG_Channel_Info()
2023-01-11 18:25:56.570  75 75 E APP.tag 循环计数 i = 4次
2023-01-11 18:25:56.570  75 75 W APP.tag test LOG_Warn()
2023-01-11 18:25:56.570  75 75 W google 循环计数 i = 4次,test LOG_Channel_Warn()
2023-01-11 18:25:56.570  75 75 E APP.tag 循环计数 i = 5次
2023-01-11 18:25:56.570  75 75 E APP.tag test LOG_Error()
2023-01-11 18:25:56.570  75 75 E visio 循环计数 i = 5次,test LOG_Channel_Error()
2023-01-11 18:25:56.570  75 75 I APP.tag print coredump DataLen:2 Data[01 00]
2023-01-11 18:25:56.570  75 75 W coredump 0x0000000a 0a 00 00 00 0b 00 00 00 0c 00 00 00 0d 00 00 00 0e 00 00 00
2023-01-11 18:25:56.570  75 75 I APP.tag ****************test INFO end****************
2023-01-11 18:25:57.068  75 80 I channel139887845451520 self_thread_id = 139887845451520, last time delay.time = 5, now count = 385, i = 3
2023-01-11 18:25:57.068  75 80 I channel139887845451520 self_thread_id = 139887845451520, last time delay.time = 5, now count = 385, i = 3
2023-01-11 18:25:57.068  75 80 W channel139887845451520 self_thread_id = 139887845451520, last time delay.time = 5, now count = 385, i = 3
2023-01-11 18:25:57.068  75 80 E channel139887845451520 self_thread_id = 139887845451520, last time delay.time = 5, now count = 385, i = 3
2023-01-11 18:25:57.068  75 81 I channel139887837058816 self_thread_id = 139887837058816, last time delay.time = 9, now count = 386, i = 3
2023-01-11 18:25:57.068  75 81 I channel139887837058816 self_thread_id = 139887837058816, last time delay.time = 9, now count = 386, i = 3
2023-01-11 18:25:57.068  75 81 W channel139887837058816 self_thread_id = 139887837058816, last time delay.time = 9, now count = 386, i = 3
2023-01-11 18:25:57.068  75 81 E channel139887837058816 self_thread_id = 139887837058816, last time delay.time = 9, now count = 386, i = 3
2023-01-11 18:25:57.068  75 82 I channel139887621699328 self_thread_id = 139887621699328, last time delay.time = 8, now count = 388, i = 3
2023-01-11 18:25:57.068  75 82 I channel139887621699328 self_thread_id = 139887621699328, last time delay.time = 8, now count = 388, i = 3
2023-01-11 18:25:57.068  75 82 W channel139887621699328 self_thread_id = 139887621699328, last time delay.time = 8, now count = 388, i = 3
2023-01-11 18:25:57.068  75 82 E channel139887621699328 self_thread_id = 139887621699328, last time delay.time = 8, now count = 388, i = 3
2023-01-11 18:25:57.068  75 77 I channel139887870629632 self_thread_id = 139887870629632, last time delay.time = 9, now count = 387, i = 3
2023-01-11 18:25:57.068  75 77 I channel139887870629632 self_thread_id = 139887870629632, last time delay.time = 9, now count = 387, i = 3
2023-01-11 18:25:57.068  75 77 W channel139887870629632 self_thread_id = 139887870629632, last time delay.time = 9, now count = 387, i = 3
2023-01-11 18:25:57.068  75 77 E channel139887870629632 self_thread_id = 139887870629632, last time delay.time = 9, now count = 387, i = 3
2023-01-11 18:25:57.069  75 83 I channel139887613306624 self_thread_id = 139887613306624, last time delay.time = 13, now count = 390, i = 3
2023-01-11 18:25:57.069  75 79 I channel139887853844224 self_thread_id = 139887853844224, last time delay.time = 14, now count = 389, i = 3
2023-01-11 18:25:57.069  75 83 I channel139887613306624 self_thread_id = 139887613306624, last time delay.time = 13, now count = 390, i = 3
2023-01-11 18:25:57.069  75 83 W channel139887613306624 self_thread_id = 139887613306624, last time delay.time = 13, now count = 390, i = 3
2023-01-11 18:25:57.069  75 79 I channel139887853844224 self_thread_id = 139887853844224, last time delay.time = 14, now count = 389, i = 3
2023-01-11 18:25:57.069  75 83 E channel139887613306624 self_thread_id = 139887613306624, last time delay.time = 13, now count = 390, i = 3
2023-01-11 18:25:57.069  75 79 W channel139887853844224 self_thread_id = 139887853844224, last time delay.time = 14, now count = 389, i = 3
2023-01-11 18:25:57.069  75 79 E channel139887853844224 self_thread_id = 139887853844224, last time delay.time = 14, now count = 389, i = 3
2023-01-11 18:25:57.070  75 78 I channel139887862236928 self_thread_id = 139887862236928, last time delay.time = 14, now count = 391, i = 3
2023-01-11 18:25:57.070  75 84 I channel139887604913920 self_thread_id = 139887604913920, last time delay.time = 12, now count = 392, i = 3
2023-01-11 18:25:57.070  75 78 I channel139887862236928 self_thread_id = 139887862236928, last time delay.time = 14, now count = 391, i = 3
2023-01-11 18:25:57.070  75 84 I channel139887604913920 self_thread_id = 139887604913920, last time delay.time = 12, now count = 392, i = 3
2023-01-11 18:25:57.070  75 78 W channel139887862236928 self_thread_id = 139887862236928, last time delay.time = 14, now count = 391, i = 3
2023-01-11 18:25:57.070  75 84 W channel139887604913920 self_thread_id = 139887604913920, last time delay.time = 12, now count = 392, i = 3
2023-01-11 18:25:57.070  75 78 E channel139887862236928 self_thread_id = 139887862236928, last time delay.time = 14, now count = 391, i = 3
2023-01-11 18:25:57.070  75 84 E channel139887604913920 self_thread_id = 139887604913920, last time delay.time = 12, now count = 392, i = 3
2023-01-11 18:25:58.068  75 80 I channel139887845451520 self_thread_id = 139887845451520, last time delay.time = 5, now count = 385, i = 4
2023-01-11 18:25:58.068  75 80 I channel139887845451520 self_thread_id = 139887845451520, last time delay.time = 5, now count = 385, i = 4
2023-01-11 18:25:58.068  75 80 W channel139887845451520 self_thread_id = 139887845451520, last time delay.time = 5, now count = 385, i = 4
2023-01-11 18:25:58.068  75 80 E channel139887845451520 self_thread_id = 139887845451520, last time delay.time = 5, now count = 385, i = 4
2023-01-11 18:25:58.068  75 80 I channel139887845451520 self_thread_id = 139887845451520, last time delay.time = 5, now count = 393
2023-01-11 18:25:58.068  75 81 I channel139887837058816 self_thread_id = 139887837058816, last time delay.time = 9, now count = 386, i = 4
2023-01-11 18:25:58.068  75 81 I channel139887837058816 self_thread_id = 139887837058816, last time delay.time = 9, now count = 386, i = 4
2023-01-11 18:25:58.068  75 81 W channel139887837058816 self_thread_id = 139887837058816, last time delay.time = 9, now count = 386, i = 4
2023-01-11 18:25:58.068  75 81 E channel139887837058816 self_thread_id = 139887837058816, last time delay.time = 9, now count = 386, i = 4
2023-01-11 18:25:58.068  75 81 I channel139887837058816 self_thread_id = 139887837058816, last time delay.time = 9, now count = 394
2023-01-11 18:25:58.068  75 82 I channel139887621699328 self_thread_id = 139887621699328, last time delay.time = 8, now count = 388, i = 4
2023-01-11 18:25:58.068  75 82 I channel139887621699328 self_thread_id = 139887621699328, last time delay.time = 8, now count = 388, i = 4
2023-01-11 18:25:58.068  75 82 W channel139887621699328 self_thread_id = 139887621699328, last time delay.time = 8, now count = 388, i = 4
2023-01-11 18:25:58.068  75 82 E channel139887621699328 self_thread_id = 139887621699328, last time delay.time = 8, now count = 388, i = 4
2023-01-11 18:25:58.068  75 82 I channel139887621699328 self_thread_id = 139887621699328, last time delay.time = 8, now count = 395
2023-01-11 18:25:58.068  75 77 I channel139887870629632 self_thread_id = 139887870629632, last time delay.time = 9, now count = 387, i = 4
2023-01-11 18:25:58.068  75 77 I channel139887870629632 self_thread_id = 139887870629632, last time delay.time = 9, now count = 387, i = 4
2023-01-11 18:25:58.068  75 77 W channel139887870629632 self_thread_id = 139887870629632, last time delay.time = 9, now count = 387, i = 4
2023-01-11 18:25:58.068  75 77 E channel139887870629632 self_thread_id = 139887870629632, last time delay.time = 9, now count = 387, i = 4
2023-01-11 18:25:58.068  75 77 I channel139887870629632 self_thread_id = 139887870629632, last time delay.time = 9, now count = 396
2023-01-11 18:25:58.069  75 83 I channel139887613306624 self_thread_id = 139887613306624, last time delay.time = 13, now count = 390, i = 4
2023-01-11 18:25:58.069  75 83 I channel139887613306624 self_thread_id = 139887613306624, last time delay.time = 13, now count = 390, i = 4
2023-01-11 18:25:58.069  75 79 I channel139887853844224 self_thread_id = 139887853844224, last time delay.time = 14, now count = 389, i = 4
2023-01-11 18:25:58.069  75 83 W channel139887613306624 self_thread_id = 139887613306624, last time delay.time = 13, now count = 390, i = 4
2023-01-11 18:25:58.069  75 83 E channel139887613306624 self_thread_id = 139887613306624, last time delay.time = 13, now count = 390, i = 4
2023-01-11 18:25:58.069  75 79 I channel139887853844224 self_thread_id = 139887853844224, last time delay.time = 14, now count = 389, i = 4
2023-01-11 18:25:58.069  75 79 W channel139887853844224 self_thread_id = 139887853844224, last time delay.time = 14, now count = 389, i = 4
2023-01-11 18:25:58.069  75 83 I channel139887613306624 self_thread_id = 139887613306624, last time delay.time = 13, now count = 397
2023-01-11 18:25:58.069  75 79 E channel139887853844224 self_thread_id = 139887853844224, last time delay.time = 14, now count = 389, i = 4
2023-01-11 18:25:58.069  75 79 I channel139887853844224 self_thread_id = 139887853844224, last time delay.time = 14, now count = 398
2023-01-11 18:25:58.070  75 78 I channel139887862236928 self_thread_id = 139887862236928, last time delay.time = 14, now count = 391, i = 4
2023-01-11 18:25:58.070  75 84 I channel139887604913920 self_thread_id = 139887604913920, last time delay.time = 12, now count = 392, i = 4
2023-01-11 18:25:58.070  75 78 I channel139887862236928 self_thread_id = 139887862236928, last time delay.time = 14, now count = 391, i = 4
2023-01-11 18:25:58.070  75 84 I channel139887604913920 self_thread_id = 139887604913920, last time delay.time = 12, now count = 392, i = 4
2023-01-11 18:25:58.070  75 78 W channel139887862236928 self_thread_id = 139887862236928, last time delay.time = 14, now count = 391, i = 4
2023-01-11 18:25:58.070  75 84 W channel139887604913920 self_thread_id = 139887604913920, last time delay.time = 12, now count = 392, i = 4
2023-01-11 18:25:58.070  75 78 E channel139887862236928 self_thread_id = 139887862236928, last time delay.time = 14, now count = 391, i = 4
2023-01-11 18:25:58.070  75 84 E channel139887604913920 self_thread_id = 139887604913920, last time delay.time = 12, now count = 392, i = 4
2023-01-11 18:25:58.070  75 78 I channel139887862236928 self_thread_id = 139887862236928, last time delay.time = 14, now count = 399
2023-01-11 18:25:58.070  75 84 I channel139887604913920 self_thread_id = 139887604913920, last time delay.time = 12, now count = 400
2023-01-11 18:25:59.068  75 80 I channel139887845451520 self_thread_id = 139887845451520, last time delay.time = 8, now count = 393, i = 0
2023-01-11 18:25:59.068  75 80 I channel139887845451520 self_thread_id = 139887845451520, last time delay.time = 8, now count = 393, i = 0
2023-01-11 18:25:59.068  75 80 W channel139887845451520 self_thread_id = 139887845451520, last time delay.time = 8, now count = 393, i = 0
2023-01-11 18:25:59.068  75 80 E channel139887845451520 self_thread_id = 139887845451520, last time delay.time = 8, now count = 393, i = 0
2023-01-11 18:25:59.068  75 81 I channel139887837058816 self_thread_id = 139887837058816, last time delay.time = 8, now count = 394, i = 0
2023-01-11 18:25:59.068  75 81 I channel139887837058816 self_thread_id = 139887837058816, last time delay.time = 8, now count = 394, i = 0
2023-01-11 18:25:59.068  75 81 W channel139887837058816 self_thread_id = 139887837058816, last time delay.time = 8, now count = 394, i = 0
2023-01-11 18:25:59.068  75 81 E channel139887837058816 self_thread_id = 139887837058816, last time delay.time = 8, now count = 394, i = 0
2023-01-11 18:25:59.068  75 82 I channel139887621699328 self_thread_id = 139887621699328, last time delay.time = 9, now count = 395, i = 0
2023-01-11 18:25:59.068  75 82 I channel139887621699328 self_thread_id = 139887621699328, last time delay.time = 9, now count = 395, i = 0
2023-01-11 18:25:59.069  75 82 W channel139887621699328 self_thread_id = 139887621699328, last time delay.time = 9, now count = 395, i = 0
2023-01-11 18:25:59.069  75 82 E channel139887621699328 self_thread_id = 139887621699328, last time delay.time = 9, now count = 395, i = 0
2023-01-11 18:25:59.069  75 77 I channel139887870629632 self_thread_id = 139887870629632, last time delay.time = 8, now count = 396, i = 0
2023-01-11 18:25:59.069  75 77 I channel139887870629632 self_thread_id = 139887870629632, last time delay.time = 8, now count = 396, i = 0
2023-01-11 18:25:59.069  75 77 W channel139887870629632 self_thread_id = 139887870629632, last time delay.time = 8, now count = 396, i = 0
2023-01-11 18:25:59.069  75 77 E channel139887870629632 self_thread_id = 139887870629632, last time delay.time = 8, now count = 396, i = 0
2023-01-11 18:25:59.070  75 83 I channel139887613306624 self_thread_id = 139887613306624, last time delay.time = 12, now count = 397, i = 0
2023-01-11 18:25:59.070  75 83 I channel139887613306624 self_thread_id = 139887613306624, last time delay.time = 12, now count = 397, i = 0
2023-01-11 18:25:59.070  75 83 W channel139887613306624 self_thread_id = 139887613306624, last time delay.time = 12, now count = 397, i = 0
2023-01-11 18:25:59.070  75 79 I channel139887853844224 self_thread_id = 139887853844224, last time delay.time = 9, now count = 398, i = 0
2023-01-11 18:25:59.070  75 83 E channel139887613306624 self_thread_id = 139887613306624, last time delay.time = 12, now count = 397, i = 0
2023-01-11 18:25:59.070  75 79 I channel139887853844224 self_thread_id = 139887853844224, last time delay.time = 9, now count = 398, i = 0
2023-01-11 18:25:59.070  75 79 W channel139887853844224 self_thread_id = 139887853844224, last time delay.time = 9, now count = 398, i = 0
2023-01-11 18:25:59.070  75 79 E channel139887853844224 self_thread_id = 139887853844224, last time delay.time = 9, now count = 398, i = 0
2023-01-11 18:25:59.070  75 78 I channel139887862236928 self_thread_id = 139887862236928, last time delay.time = 13, now count = 399, i = 0
2023-01-11 18:25:59.070  75 84 I channel139887604913920 self_thread_id = 139887604913920, last time delay.time = 14, now count = 400, i = 0
2023-01-11 18:25:59.070  75 78 I channel139887862236928 self_thread_id = 139887862236928, last time delay.time = 13, now count = 399, i = 0
2023-01-11 18:25:59.070  75 84 I channel139887604913920 self_thread_id = 139887604913920, last time delay.time = 14, now count = 400, i = 0
2023-01-11 18:25:59.070  75 78 W channel139887862236928 self_thread_id = 139887862236928, last time delay.time = 13, now count = 399, i = 0
2023-01-11 18:25:59.070  75 84 W channel139887604913920 self_thread_id = 139887604913920, last time delay.time = 14, now count = 400, i = 0
2023-01-11 18:25:59.070  75 78 E channel139887862236928 self_thread_id = 139887862236928, last time delay.time = 13, now count = 399, i = 0
2023-01-11 18:25:59.070  75 84 E channel139887604913920 self_thread_id = 139887604913920, last time delay.time = 14, now count = 400, i = 0
2023-01-11 18:26:00.068  75 80 I channel139887845451520 self_thread_id = 139887845451520, last time delay.time = 8, now count = 393, i = 1
2023-01-11 18:26:00.068  75 80 I channel139887845451520 self_thread_id = 139887845451520, last time delay.time = 8, now count = 393, i = 1
2023-01-11 18:26:00.068  75 80 W channel139887845451520 self_thread_id = 139887845451520, last time delay.time = 8, now count = 393, i = 1
2023-01-11 18:26:00.068  75 80 E channel139887845451520 self_thread_id = 139887845451520, last time delay.time = 8, now count = 393, i = 1
2023-01-11 18:26:00.068  75 81 I channel139887837058816 self_thread_id = 139887837058816, last time delay.time = 8, now count = 394, i = 1
2023-01-11 18:26:00.068  75 81 I channel139887837058816 self_thread_id = 139887837058816, last time delay.time = 8, now count = 394, i = 1
2023-01-11 18:26:00.068  75 81 W channel139887837058816 self_thread_id = 139887837058816, last time delay.time = 8, now count = 394, i = 1
2023-01-11 18:26:00.068  75 81 E channel139887837058816 self_thread_id = 139887837058816, last time delay.time = 8, now count = 394, i = 1
2023-01-11 18:26:00.069  75 82 I channel139887621699328 self_thread_id = 139887621699328, last time delay.time = 9, now count = 395, i = 1
2023-01-11 18:26:00.069  75 82 I channel139887621699328 self_thread_id = 139887621699328, last time delay.time = 9, now count = 395, i = 1
2023-01-11 18:26:00.069  75 82 W channel139887621699328 self_thread_id = 139887621699328, last time delay.time = 9, now count = 395, i = 1
2023-01-11 18:26:00.069  75 82 E channel139887621699328 self_thread_id = 139887621699328, last time delay.time = 9, now count = 395, i = 1
2023-01-11 18:26:00.069  75 77 I channel139887870629632 self_thread_id = 139887870629632, last time delay.time = 8, now count = 396, i = 1
2023-01-11 18:26:00.069  75 77 I channel139887870629632 self_thread_id = 139887870629632, last time delay.time = 8, now count = 396, i = 1
2023-01-11 18:26:00.069  75 77 W channel139887870629632 self_thread_id = 139887870629632, last time delay.time = 8, now count = 396, i = 1
2023-01-11 18:26:00.069  75 77 E channel139887870629632 self_thread_id = 139887870629632, last time delay.time = 8, now count = 396, i = 1
2023-01-11 18:26:00.070  75 83 I channel139887613306624 self_thread_id = 139887613306624, last time delay.time = 12, now count = 397, i = 1
2023-01-11 18:26:00.070  75 83 I channel139887613306624 self_thread_id = 139887613306624, last time delay.time = 12, now count = 397, i = 1
2023-01-11 18:26:00.070  75 79 I channel139887853844224 self_thread_id = 139887853844224, last time delay.time = 9, now count = 398, i = 1
2023-01-11 18:26:00.070  75 83 W channel139887613306624 self_thread_id = 139887613306624, last time delay.time = 12, now count = 397, i = 1
2023-01-11 18:26:00.070  75 79 I channel139887853844224 self_thread_id = 139887853844224, last time delay.time = 9, now count = 398, i = 1
2023-01-11 18:26:00.070  75 83 E channel139887613306624 self_thread_id = 139887613306624, last time delay.time = 12, now count = 397, i = 1
2023-01-11 18:26:00.070  75 79 W channel139887853844224 self_thread_id = 139887853844224, last time delay.time = 9, now count = 398, i = 1
2023-01-11 18:26:00.070  75 79 E channel139887853844224 self_thread_id = 139887853844224, last time delay.time = 9, now count = 398, i = 1
2023-01-11 18:26:00.070  75 78 I channel139887862236928 self_thread_id = 139887862236928, last time delay.time = 13, now count = 399, i = 1
2023-01-11 18:26:00.070  75 84 I channel139887604913920 self_thread_id = 139887604913920, last time delay.time = 14, now count = 400, i = 1
2023-01-11 18:26:00.070  75 78 I channel139887862236928 self_thread_id = 139887862236928, last time delay.time = 13, now count = 399, i = 1
2023-01-11 18:26:00.070  75 84 I channel139887604913920 self_thread_id = 139887604913920, last time delay.time = 14, now count = 400, i = 1
2023-01-11 18:26:00.070  75 78 W channel139887862236928 self_thread_id = 139887862236928, last time delay.time = 13, now count = 399, i = 1
2023-01-11 18:26:00.070  75 84 W channel139887604913920 self_thread_id = 139887604913920, last time delay.time = 14, now count = 400, i = 1
2023-01-11 18:26:00.070  75 78 E channel139887862236928 self_thread_id = 139887862236928, last time delay.time = 13, now count = 399, i = 1
2023-01-11 18:26:00.070  75 84 E channel139887604913920 self_thread_id = 139887604913920, last time delay.time = 14, now count = 400, i = 1
2023-01-11 18:26:01.069  75 80 I channel139887845451520 self_thread_id = 139887845451520, last time delay.time = 8, now count = 393, i = 2
2023-01-11 18:26:01.069  75 80 I channel139887845451520 self_thread_id = 139887845451520, last time delay.time = 8, now count = 393, i = 2
2023-01-11 18:26:01.069  75 80 W channel139887845451520 self_thread_id = 139887845451520, last time delay.time = 8, now count = 393, i = 2
2023-01-11 18:26:01.069  75 80 E channel139887845451520 self_thread_id = 139887845451520, last time delay.time = 8, now count = 393, i = 2
2023-01-11 18:26:01.069  75 81 I channel139887837058816 self_thread_id = 139887837058816, last time delay.time = 8, now count = 394, i = 2
2023-01-11 18:26:01.069  75 81 I channel139887837058816 self_thread_id = 139887837058816, last time delay.time = 8, now count = 394, i = 2
2023-01-11 18:26:01.069  75 81 W channel139887837058816 self_thread_id = 139887837058816, last time delay.time = 8, now count = 394, i = 2
2023-01-11 18:26:01.069  75 81 E channel139887837058816 self_thread_id = 139887837058816, last time delay.time = 8, now count = 394, i = 2
2023-01-11 18:26:01.069  75 82 I channel139887621699328 self_thread_id = 139887621699328, last time delay.time = 9, now count = 395, i = 2
2023-01-11 18:26:01.069  75 82 I channel139887621699328 self_thread_id = 139887621699328, last time delay.time = 9, now count = 395, i = 2
2023-01-11 18:26:01.069  75 82 W channel139887621699328 self_thread_id = 139887621699328, last time delay.time = 9, now count = 395, i = 2
2023-01-11 18:26:01.069  75 82 E channel139887621699328 self_thread_id = 139887621699328, last time delay.time = 9, now count = 395, i = 2
2023-01-11 18:26:01.069  75 77 I channel139887870629632 self_thread_id = 139887870629632, last time delay.time = 8, now count = 396, i = 2
2023-01-11 18:26:01.069  75 77 I channel139887870629632 self_thread_id = 139887870629632, last time delay.time = 8, now count = 396, i = 2
2023-01-11 18:26:01.069  75 77 W channel139887870629632 self_thread_id = 139887870629632, last time delay.time = 8, now count = 396, i = 2
2023-01-11 18:26:01.069  75 77 E channel139887870629632 self_thread_id = 139887870629632, last time delay.time = 8, now count = 396, i = 2
