2023-01-11 18:27:14.082  75 82 E channel139887621699328 self_thread_id = 139887621699328, last time delay.time = 8, now count = 515, i = 0
2023-01-11 18:27:14.082  75 83 I channel139887613306624 self_thread_id = 139887613306624, last time delay.time = 10, now count = 516, i = 0
2023-01-11 18:27:14.082  75 83 I channel139887613306624 self_thread_id = 139887613306624, last time delay.time = 10, now count = 516, i = 0
2023-01-11 18:27:14.082  75 83 W channel139887613306624 self_thread_id = 139887613306624, last time delay.time = 10, now count = 516, i = 0
2023-01-11 18:27:14.082  75 83 E channel139887613306624 self_thread_id = 139887613306624, last time delay.time = 10, now count = 516, i = 0
2023-01-11 18:27:14.082  75 77 I channel139887870629632 self_thread_id = 139887870629632, last time delay.time = 8, now count = 517, i = 0
2023-01-11 18:27:14.082  75 77 I channel139887870629632 self_thread_id = 139887870629632, last time delay.time = 8, now count = 517, i = 0
2023-01-11 18:27:14.082  75 77 W channel139887870629632 self_thread_id = 139887870629632, last time delay.time = 8, now count = 517, i = 0
2023-01-11 18:27:14.082  75 77 E channel139887870629632 self_thread_id = 139887870629632, last time delay.time = 8, now count = 517, i = 0
2023-01-11 18:27:14.083  75 79 I channel139887853844224 self_thread_id = 139887853844224, last time delay.time = 9, now count = 518, i = 0
2023-01-11 18:27:14.083  75 79 I channel139887853844224 self_thread_id = 139887853844224, last time delay.time = 9, now count = 518, i = 0
2023-01-11 18:27:14.083  75 79 W channel139887853844224 self_thread_id = 139887853844224, last time delay.time = 9, now count = 518, i = 0
2023-01-11 18:27:14.083  75 79 E channel139887853844224 self_thread_id = 139887853844224, last time delay.time = 9, now count = 518, i = 0
2023-01-11 18:27:14.084  75 84 I channel139887604913920 self_thread_id = 139887604913920, last time delay.time = 8, now count = 519, i = 0
2023-01-11 18:27:14.084  75 84 I channel139887604913920 self_thread_id = 139887604913920, last time delay.time = 8, now count = 519, i = 0
2023-01-11 18:27:14.084  75 84 W channel139887604913920 self_thread_id = 139887604913920, last time delay.time = 8, now count = 519, i = 0
2023-01-11 18:27:14.084  75 84 E channel139887604913920 self_thread_id = 139887604913920, last time delay.time = 8, now count = 519, i = 0
2023-01-11 18:27:14.084  75 78 I channel139887862236928 self_thread_id = 139887862236928, last time delay.time = 8, now count = 520, i = 0
2023-01-11 18:27:14.084  75 78 I channel139887862236928 self_thread_id = 139887862236928, last time delay.time = 8, now count = 520, i = 0
2023-01-11 18:27:14.084  75 78 W channel139887862236928 self_thread_id = 139887862236928, last time delay.time = 8, now count = 520, i = 0
2023-01-11 18:27:14.084  75 78 E channel139887862236928 self_thread_id = 139887862236928, last time delay.time = 8, now count = 520, i = 0
2023-01-11 18:27:15.081  75 80 I channel139887845451520 self_thread_id = 139887845451520, last time delay.time = 8, now count = 513, i = 1
2023-01-11 18:27:15.082  75 80 I channel139887845451520 self_thread_id = 139887845451520, last time delay.time = 8, now count = 513, i = 1
2023-01-11 18:27:15.082  75 80 W channel139887845451520 self_thread_id = 139887845451520, last time delay.time = 8, now count = 513, i = 1
2023-01-11 18:27:15.082  75 80 E channel139887845451520 self_thread_id = 139887845451520, last time delay.time = 8, now count = 513, i = 1
2023-01-11 18:27:15.082  75 81 I channel139887837058816 self_thread_id = 139887837058816, last time delay.time = 8, now count = 514, i = 1
2023-01-11 18:27:15.082  75 81 I channel139887837058816 self_thread_id = 139887837058816, last time delay.time = 8, now count = 514, i = 1
2023-01-11 18:27:15.082  75 81 W channel139887837058816 self_thread_id = 139887837058816, last time delay.time = 8, now count = 514, i = 1
2023-01-11 18:27:15.082  75 81 E channel139887837058816 self_thread_id = 139887837058816, last time delay.time = 8, now count = 514, i = 1
2023-01-11 18:27:15.082  75 82 I channel139887621699328 self_thread_id = 139887621699328, last time delay.time = 8, now count = 515, i = 1
2023-01-11 18:27:15.082  75 82 I channel139887621699328 self_thread_id = 139887621699328, last time delay.time = 8, now count = 515, i = 1
2023-01-11 18:27:15.082  75 82 W channel139887621699328 self_thread_id = 139887621699328, last time delay.time = 8, now count = 515, i = 1
2023-01-11 18:27:15.082  75 82 E channel139887621699328 self_thread_id = 139887621699328, last time delay.time = 8, now count = 515, i = 1
2023-01-11 18:27:15.082  75 83 I channel139887613306624 self_thread_id = 139887613306624, last time delay.time = 10, now count = 516, i = 1
2023-01-11 18:27:15.082  75 83 I channel139887613306624 self_thread_id = 139887613306624, last time delay.time = 10, now count = 516, i = 1
2023-01-11 18:27:15.082  75 83 W channel139887613306624 self_thread_id = 139887613306624, last time delay.time = 10, now count = 516, i = 1
2023-01-11 18:27:15.082  75 83 E channel139887613306624 self_thread_id = 139887613306624, last time delay.time = 10, now count = 516, i = 1
2023-01-11 18:27:15.082  75 77 I channel139887870629632 self_thread_id = 139887870629632, last time delay.time = 8, now count = 517, i = 1
2023-01-11 18:27:15.082  75 77 I channel139887870629632 self_thread_id = 139887870629632, last time delay.time = 8, now count = 517, i = 1
2023-01-11 18:27:15.082  75 77 W channel139887870629632 self_thread_id = 139887870629632, last time delay.time = 8, now count = 517, i = 1
2023-01-11 18:27:15.082  75 77 E channel139887870629632 self_thread_id = 139887870629632, last time delay.time = 8, now count = 517, i = 1
2023-01-11 18:27:15.083  75 79 I channel139887853844224 self_thread_id = 139887853844224, last time delay.time = 9, now count = 518, i = 1
2023-01-11 18:27:15.083  75 79 I channel139887853844224 self_thread_id = 139887853844224, last time delay.time = 9, now count = 518, i = 1
2023-01-11 18:27:15.083  75 79 W channel139887853844224 self_thread_id = 139887853844224, last time delay.time = 9, now count = 518, i = 1
2023-01-11 18:27:15.083  75 79 E channel139887853844224 self_thread_id = 139887853844224, last time delay.time = 9, now count = 518, i = 1
2023-01-11 18:27:15.085  75 84 I channel139887604913920 self_thread_id = 139887604913920, last time delay.time = 8, now count = 519, i = 1
2023-01-11 18:27:15.085  75 84 I channel139887604913920 self_thread_id = 139887604913920, last time delay.time = 8, now count = 519, i = 1
2023-01-11 18:27:15.085  75 84 W channel139887604913920 self_thread_id = 139887604913920, last time delay.time = 8, now count = 519, i = 1
2023-01-11 18:27:15.085  75 84 E channel139887604913920 self_thread_id = 139887604913920, last time delay.time = 8, now count = 519, i = 1
2023-01-11 18:27:15.085  75 78 I channel139887862236928 self_thread_id = 139887862236928, last time delay.time = 8, now count = 520, i = 1
2023-01-11 18:27:15.085  75 78 I channel139887862236928 self_thread_id = 139887862236928, last time delay.time = 8, now count = 520, i = 1
2023-01-11 18:27:15.085  75 78 W channel139887862236928 self_thread_id = 139887862236928, last time delay.time = 8, now count = 520, i = 1
2023-01-11 18:27:15.085  75 78 E channel139887862236928 self_thread_id = 139887862236928, last time delay.time = 8, now count = 520, i = 1
2023-01-11 18:27:16.082  75 80 I channel139887845451520 self_thread_id = 139887845451520, last time delay.time = 8, now count = 513, i = 2
2023-01-11 18:27:16.082  75 80 I channel139887845451520 self_thread_id = 139887845451520, last time delay.time = 8, now count = 513, i = 2
2023-01-11 18:27:16.082  75 80 W channel139887845451520 self_thread_id = 139887845451520, last time delay.time = 8, now count = 513, i = 2
2023-01-11 18:27:16.082  75 80 E channel139887845451520 self_thread_id = 139887845451520, last time delay.time = 8, now count = 513, i = 2
2023-01-11 18:27:16.082  75 81 I channel139887837058816 self_thread_id = 139887837058816, last time delay.time = 8, now count = 514, i = 2
2023-01-11 18:27:16.082  75 81 I channel139887837058816 self_thread_id = 139887837058816, last time delay.time = 8, now count = 514, i = 2
2023-01-11 18:27:16.082  75 81 W channel139887837058816 self_thread_id = 139887837058816, last time delay.time = 8, now count = 514, i = 2
2023-01-11 18:27:16.082  75 81 E channel139887837058816 self_thread_id = 139887837058816, last time delay.time = 8, now count = 514, i = 2
2023-01-11 18:27:16.082  75 82 I channel139887621699328 self_thread_id = 139887621699328, last time delay.time = 8, now count = 515, i = 2
2023-01-11 18:27:16.082  75 82 I channel139887621699328 self_thread_id = 139887621699328, last time delay.time = 8, now count = 515, i = 2
2023-01-11 18:27:16.082  75 82 W channel139887621699328 self_thread_id = 139887621699328, last time delay.time = 8, now count = 515, i = 2
2023-01-11 18:27:16.082  75 82 E channel139887621699328 self_thread_id = 139887621699328, last time delay.time = 8, now count = 515, i = 2
2023-01-11 18:27:16.082  75 83 I channel139887613306624 self_thread_id = 139887613306624, last time delay.time = 10, now count = 516, i = 2
2023-01-11 18:27:16.082  75 83 I channel139887613306624 self_thread_id = 139887613306624, last time delay.time = 10, now count = 516, i = 2
2023-01-11 18:27:16.082  75 83 W channel139887613306624 self_thread_id = 139887613306624, last time delay.time = 10, now count = 516, i = 2
2023-01-11 18:27:16.082  75 77 I channel139887870629632 self_thread_id = 139887870629632, last time delay.time = 8, now count = 517, i = 2
2023-01-11 18:27:16.082  75 83 E channel139887613306624 self_thread_id = 139887613306624, last time delay.time = 10, now count = 516, i = 2
2023-01-11 18:27:16.083  75 77 I channel139887870629632 self_thread_id = 139887870629632, last time delay.time = 8, now count = 517, i = 2
2023-01-11 18:27:16.083  75 77 W channel139887870629632 self_thread_id = 139887870629632, last time delay.time = 8, now count = 517, i = 2
2023-01-11 18:27:16.083  75 77 E channel139887870629632 self_thread_id = 139887870629632, last time delay.time = 8, now count = 517, i = 2
2023-01-11 18:27:16.083  75 79 I channel139887853844224 self_thread_id = 139887853844224, last time delay.time = 9, now count = 518, i = 2
2023-01-11 18:27:16.083  75 79 I channel139887853844224 self_thread_id = 139887853844224, last time delay.time = 9, now count = 518, i = 2
2023-01-11 18:27:16.083  75 79 W channel139887853844224 self_thread_id = 139887853844224, last time delay.time = 9, now count = 518, i = 2
2023-01-11 18:27:16.083  75 79 E channel139887853844224 self_thread_id = 139887853844224, last time delay.time = 9, now count = 518, i = 2
2023-01-11 18:27:16.085  75 84 I channel139887604913920 self_thread_id = 139887604913920, last time delay.time = 8, now count = 519, i = 2
2023-01-11 18:27:16.085  75 78 I channel139887862236928 self_thread_id = 139887862236928, last time delay.time = 8, now count = 520, i = 2
2023-01-11 18:27:16.085  75 84 I channel139887604913920 self_thread_id = 139887604913920, last time delay.time = 8, now count = 519, i = 2
2023-01-11 18:27:16.085  75 84 W channel139887604913920 self_thread_id = 139887604913920, last time delay.time = 8, now count = 519, i = 2
2023-01-11 18:27:16.085  75 78 I channel139887862236928 self_thread_id = 139887862236928, last time delay.time = 8, now count = 520, i = 2
2023-01-11 18:27:16.085  75 84 E channel139887604913920 self_thread_id = 139887604913920, last time delay.time = 8, now count = 519, i = 2
2023-01-11 18:27:16.085  75 78 W channel139887862236928 self_thread_id = 139887862236928, last time delay.time = 8, now count = 520, i = 2
2023-01-11 18:27:16.085  75 78 E channel139887862236928 self_thread_id = 139887862236928, last time delay.time = 8, now count = 520, i = 2
2023-01-11 18:27:16.572  75 75 I APP.tag TestComponent::Proc
2023-01-11 18:27:16.572  75 75 I APP.tag ****************test INFO begin****************
2023-01-11 18:27:16.572  75 75 I APP.tag 测试 index = 971组
2023-01-11 18:27:16.572  75 75 E APP.tag 循环计数 i = 1次
2023-01-11 18:27:16.572  75 75 I APP.tag test LOG_Trace()
2023-01-11 18:27:16.572  75 75 I vscode 循环计数 i = 1次,test LOG_Channel_Trace()
2023-01-11 18:27:16.572  75 75 E APP.tag 循环计数 i = 2次
2023-01-11 18:27:16.572  75 75 E APP.tag 循环计数 i = 3次
2023-01-11 18:27:16.572  75 75 I APP.tag test LOG_Info()
2023-01-11 18:27:16.572  75 75 I baidu 循环计数 i = 3次,test LOG_Channel_Info()
2023-01-11 18:27:16.572  75 75 E APP.tag 循环计数 i = 4次
2023-01-11 18:27:16.572  75 75 W APP.tag test LOG_Warn()
2023-01-11 18:27:16.572  75 75 W google 循环计数 i = 4次,test LOG_Channel_Warn()
2023-01-11 18:27:16.572  75 75 E APP.tag 循环计数 i = 5次
2023-01-11 18:27:16.572  75 75 E APP.tag test LOG_Error()
2023-01-11 18:27:16.572  75 75 E visio 循环计数 i = 5次,test LOG_Channel_Error()
2023-01-11 18:27:16.572  75 75 I APP.tag print coredump DataLen:2 Data[01 00]
2023-01-11 18:27:16.572  75 75 W coredump 0x0000000a 0a 00 00 00 0b 00 00 00 0c 00 00 00 0d 00 00 00 0e 00 00 00
2023-01-11 18:27:16.572  75 75 I APP.tag ****************test INFO end****************
2023-01-11 18:27:17.082  75 80 I channel139887845451520 self_thread_id = 139887845451520, last time delay.time = 8, now count = 513, i = 3
2023-01-11 18:27:17.082  75 80 I channel139887845451520 self_thread_id = 139887845451520, last time delay.time = 8, now count = 513, i = 3
2023-01-11 18:27:17.082  75 80 W channel139887845451520 self_thread_id = 139887845451520, last time delay.time = 8, now count = 513, i = 3
2023-01-11 18:27:17.082  75 80 E channel139887845451520 self_thread_id = 139887845451520, last time delay.time = 8, now count = 513, i = 3
2023-01-11 18:27:17.082  75 81 I channel139887837058816 self_thread_id = 139887837058816, last time delay.time = 8, now count = 514, i = 3
2023-01-11 18:27:17.082  75 81 I channel139887837058816 self_thread_id = 139887837058816, last time delay.time = 8, now count = 514, i = 3
2023-01-11 18:27:17.082  75 81 W channel139887837058816 self_thread_id = 139887837058816, last time delay.time = 8, now count = 514, i = 3
2023-01-11 18:27:17.082  75 81 E channel139887837058816 self_thread_id = 139887837058816, last time delay.time = 8, now count = 514, i = 3
2023-01-11 18:27:17.082  75 82 I channel139887621699328 self_thread_id = 139887621699328, last time delay.time = 8, now count = 515, i = 3
2023-01-11 18:27:17.082  75 82 I channel139887621699328 self_thread_id = 139887621699328, last time delay.time = 8, now count = 515, i = 3
2023-01-11 18:27:17.082  75 82 W channel139887621699328 self_thread_id = 139887621699328, last time delay.time = 8, now count = 515, i = 3
2023-01-11 18:27:17.082  75 82 E channel139887621699328 self_thread_id = 139887621699328, last time delay.time = 8, now count = 515, i = 3
2023-01-11 18:27:17.083  75 83 I channel139887613306624 self_thread_id = 139887613306624, last time delay.time = 10, now count = 516, i = 3
2023-01-11 18:27:17.083  75 83 I channel139887613306624 self_thread_id = 139887613306624, last time delay.time = 10, now count = 516, i = 3
2023-01-11 18:27:17.083  75 83 W channel139887613306624 self_thread_id = 139887613306624, last time delay.time = 10, now count = 516, i = 3
2023-01-11 18:27:17.083  75 83 E channel139887613306624 self_thread_id = 139887613306624, last time delay.time = 10, now count = 516, i = 3
2023-01-11 18:27:17.083  75 77 I channel139887870629632 self_thread_id = 139887870629632, last time delay.time = 8, now count = 517, i = 3
2023-01-11 18:27:17.083  75 77 I channel139887870629632 self_thread_id = 139887870629632, last time delay.time = 8, now count = 517, i = 3
2023-01-11 18:27:17.083  75 77 W channel139887870629632 self_thread_id = 139887870629632, last time delay.time = 8, now count = 517, i = 3
2023-01-11 18:27:17.083  75 77 E channel139887870629632 self_thread_id = 139887870629632, last time delay.time = 8, now count = 517, i = 3
2023-01-11 18:27:17.083  75 79 I channel139887853844224 self_thread_id = 139887853844224, last time delay.time = 9, now count = 518, i = 3
2023-01-11 18:27:17.083  75 79 I channel139887853844224 self_thread_id = 139887853844224, last time delay.time = 9, now count = 518, i = 3
2023-01-11 18:27:17.083  75 79 W channel139887853844224 self_thread_id = 139887853844224, last time delay.time = 9, now count = 518, i = 3
2023-01-11 18:27:17.083  75 79 E channel139887853844224 self_thread_id = 139887853844224, last time delay.time = 9, now count = 518, i = 3
2023-01-11 18:27:17.085  75 78 I channel139887862236928 self_thread_id = 139887862236928, last time delay.time = 8, now count = 520, i = 3
2023-01-11 18:27:17.085  75 78 I channel139887862236928 self_thread_id = 139887862236928, last time delay.time = 8, now count = 520, i = 3
2023-01-11 18:27:17.085  75 78 W channel139887862236928 self_thread_id = 139887862236928, last time delay.time = 8, now count = 520, i = 3
2023-01-11 18:27:17.085  75 78 E channel139887862236928 self_thread_id = 139887862236928, last time delay.time = 8, now count = 520, i = 3
2023-01-11 18:27:17.085  75 84 I channel139887604913920 self_thread_id = 139887604913920, last time delay.time = 8, now count = 519, i = 3
2023-01-11 18:27:17.085  75 84 I channel139887604913920 self_thread_id = 139887604913920, last time delay.time = 8, now count = 519, i = 3
2023-01-11 18:27:17.085  75 84 W channel139887604913920 self_thread_id = 139887604913920, last time delay.time = 8, now count = 519, i = 3
2023-01-11 18:27:17.085  75 84 E channel139887604913920 self_thread_id = 139887604913920, last time delay.time = 8, now count = 519, i = 3
2023-01-11 18:27:18.082  75 80 I channel139887845451520 self_thread_id = 139887845451520, last time delay.time = 8, now count = 513, i = 4
2023-01-11 18:27:18.082  75 80 I channel139887845451520 self_thread_id = 139887845451520, last time delay.time = 8, now count = 513, i = 4
2023-01-11 18:27:18.082  75 80 W channel139887845451520 self_thread_id = 139887845451520, last time delay.time = 8, now count = 513, i = 4
2023-01-11 18:27:18.082  75 80 E channel139887845451520 self_thread_id = 139887845451520, last time delay.time = 8, now count = 513, i = 4
2023-01-11 18:27:18.082  75 80 I channel139887845451520 self_thread_id = 139887845451520, last time delay.time = 8, now count = 521
2023-01-11 18:27:18.082  75 81 I channel139887837058816 self_thread_id = 139887837058816, last time delay.time = 8, now count = 514, i = 4
2023-01-11 18:27:18.082  75 81 I channel139887837058816 self_thread_id = 139887837058816, last time delay.time = 8, now count = 514, i = 4
2023-01-11 18:27:18.082  75 81 W channel139887837058816 self_thread_id = 139887837058816, last time delay.time = 8, now count = 514, i = 4
2023-01-11 18:27:18.082  75 81 E channel139887837058816 self_thread_id = 139887837058816, last time delay.time = 8, now count = 514, i = 4
2023-01-11 18:27:18.082  75 81 I channel139887837058816 self_thread_id = 139887837058816, last time delay.time = 8, now count = 522
2023-01-11 18:27:18.083  75 82 I channel139887621699328 self_thread_id = 139887621699328, last time delay.time = 8, now count = 515, i = 4
2023-01-11 18:27:18.083  75 82 I channel139887621699328 self_thread_id = 139887621699328, last time delay.time = 8, now count = 515, i = 4
2023-01-11 18:27:18.083  75 82 W channel139887621699328 self_thread_id = 139887621699328, last time delay.time = 8, now count = 515, i = 4
2023-01-11 18:27:18.083  75 82 E channel139887621699328 self_thread_id = 139887621699328, last time delay.time = 8, now count = 515, i = 4
2023-01-11 18:27:18.083  75 82 I channel139887621699328 self_thread_id = 139887621699328, last time delay.time = 8, now count = 523
2023-01-11 18:27:18.083  75 83 I channel139887613306624 self_thread_id = 139887613306624, last time delay.time = 10, now count = 516, i = 4
2023-01-11 18:27:18.083  75 83 I channel139887613306624 self_thread_id = 139887613306624, last time delay.time = 10, now count = 516, i = 4
2023-01-11 18:27:18.083  75 77 I channel139887870629632 self_thread_id = 139887870629632, last time delay.time = 8, now count = 517, i = 4
2023-01-11 18:27:18.083  75 83 W channel139887613306624 self_thread_id = 139887613306624, last time delay.time = 10, now count = 516, i = 4
2023-01-11 18:27:18.083  75 83 E channel139887613306624 self_thread_id = 139887613306624, last time delay.time = 10, now count = 516, i = 4
2023-01-11 18:27:18.083  75 77 I channel139887870629632 self_thread_id = 139887870629632, last time delay.time = 8, now count = 517, i = 4
2023-01-11 18:27:18.083  75 83 I channel139887613306624 self_thread_id = 139887613306624, last time delay.time = 10, now count = 524
2023-01-11 18:27:18.083  75 77 W channel139887870629632 self_thread_id = 139887870629632, last time delay.time = 8, now count = 517, i = 4
2023-01-11 18:27:18.083  75 77 E channel139887870629632 self_thread_id = 139887870629632, last time delay.time = 8, now count = 517, i = 4
2023-01-11 18:27:18.083  75 77 I channel139887870629632 self_thread_id = 139887870629632, last time delay.time = 8, now count = 525
2023-01-11 18:27:18.083  75 79 I channel139887853844224 self_thread_id = 139887853844224, last time delay.time = 9, now count = 518, i = 4
2023-01-11 18:27:18.083  75 79 I channel139887853844224 self_thread_id = 139887853844224, last time delay.time = 9, now count = 518, i = 4
2023-01-11 18:27:18.083  75 79 W channel139887853844224 self_thread_id = 139887853844224, last time delay.time = 9, now count = 518, i = 4
2023-01-11 18:27:18.083  75 79 E channel139887853844224 self_thread_id = 139887853844224, last time delay.time = 9, now count = 518, i = 4
2023-01-11 18:27:18.083  75 79 I channel139887853844224 self_thread_id = 139887853844224, last time delay.time = 9, now count = 526
2023-01-11 18:27:18.085  75 78 I channel139887862236928 self_thread_id = 139887862236928, last time delay.time = 8, now count = 520, i = 4
2023-01-11 18:27:18.085  75 78 I channel139887862236928 self_thread_id = 139887862236928, last time delay.time = 8, now count = 520, i = 4
2023-01-11 18:27:18.085  75 78 W channel139887862236928 self_thread_id = 139887862236928, last time delay.time = 8, now count = 520, i = 4
2023-01-11 18:27:18.085  75 78 E channel139887862236928 self_thread_id = 139887862236928, last time delay.time = 8, now count = 520, i = 4
2023-01-11 18:27:18.085  75 78 I channel139887862236928 self_thread_id = 139887862236928, last time delay.time = 8, now count = 527
2023-01-11 18:27:18.085  75 84 I channel139887604913920 self_thread_id = 139887604913920, last time delay.time = 8, now count = 519, i = 4
2023-01-11 18:27:18.085  75 84 I channel139887604913920 self_thread_id = 139887604913920, last time delay.time = 8, now count = 519, i = 4
2023-01-11 18:27:18.085  75 84 W channel139887604913920 self_thread_id = 139887604913920, last time delay.time = 8, now count = 519, i = 4
2023-01-11 18:27:18.085  75 84 E channel139887604913920 self_thread_id = 139887604913920, last time delay.time = 8, now count = 519, i = 4
2023-01-11 18:27:18.085  75 84 I channel139887604913920 self_thread_id = 139887604913920, last time delay.time = 8, now count = 528
2023-01-11 18:27:19.082  75 80 I channel139887845451520 self_thread_id = 139887845451520, last time delay.time = 8, now count = 521, i = 0
2023-01-11 18:27:19.082  75 80 I channel139887845451520 self_thread_id = 139887845451520, last time delay.time = 8, now count = 521, i = 0
2023-01-11 18:27:19.082  75 80 W channel139887845451520 self_thread_id = 139887845451520, last time delay.time = 8, now count = 521, i = 0
2023-01-11 18:27:19.082  75 80 E channel139887845451520 self_thread_id = 139887845451520, last time delay.time = 8, now count = 521, i = 0
2023-01-11 18:27:19.082  75 81 I channel139887837058816 self_thread_id = 139887837058816, last time delay.time = 11, now count = 522, i = 0
2023-01-11 18:27:19.082  75 81 I channel139887837058816 self_thread_id = 139887837058816, last time delay.time = 11, now count = 522, i = 0
2023-01-11 18:27:19.082  75 81 W channel139887837058816 self_thread_id = 139887837058816, last time delay.time = 11, now count = 522, i = 0
2023-01-11 18:27:19.083  75 81 E channel139887837058816 self_thread_id = 139887837058816, last time delay.time = 11, now count = 522, i = 0
2023-01-11 18:27:19.083  75 82 I channel139887621699328 self_thread_id = 139887621699328, last time delay.time = 9, now count = 523, i = 0
2023-01-11 18:27:19.083  75 82 I channel139887621699328 self_thread_id = 139887621699328, last time delay.time = 9, now count = 523, i = 0
2023-01-11 18:27:19.083  75 82 W channel139887621699328 self_thread_id = 139887621699328, last time delay.time = 9, now count = 523, i = 0
2023-01-11 18:27:19.083  75 82 E channel139887621699328 self_thread_id = 139887621699328, last time delay.time = 9, now count = 523, i = 0
2023-01-11 18:27:19.083  75 83 I channel139887613306624 self_thread_id = 139887613306624, last time delay.time = 10, now count = 524, i = 0
2023-01-11 18:27:19.083  75 83 I channel139887613306624 self_thread_id = 139887613306624, last time delay.time = 10, now count = 524, i = 0
2023-01-11 18:27:19.083  75 83 W channel139887613306624 self_thread_id = 139887613306624, last time delay.time = 10, now count = 524, i = 0
2023-01-11 18:27:19.083  75 83 E channel139887613306624 self_thread_id = 139887613306624, last time delay.time = 10, now count = 524, i = 0
2023-01-11 18:27:19.083  75 77 I channel139887870629632 self_thread_id = 139887870629632, last time delay.time = 9, now count = 525, i = 0
2023-01-11 18:27:19.083  75 77 I channel139887870629632 self_thread_id = 139887870629632, last time delay.time = 9, now count = 525, i = 0
2023-01-11 18:27:19.083  75 77 W channel139887870629632 self_thread_id = 139887870629632, last time delay.time = 9, now count = 525, i = 0
2023-01-11 18:27:19.083  75 77 E channel139887870629632 self_thread_id = 139887870629632, last time delay.time = 9, now count = 525, i = 0
2023-01-11 18:27:19.084  75 79 I channel139887853844224 self_thread_id = 139887853844224, last time delay.time = 8, now count = 526, i = 0
2023-01-11 18:27:19.084  75 79 I channel139887853844224 self_thread_id = 139887853844224, last time delay.time = 8, now count = 526, i = 0
2023-01-11 18:27:19.084  75 79 W channel139887853844224 self_thread_id = 139887853844224, last time delay.time = 8, now count = 526, i = 0
2023-01-11 18:27:19.084  75 79 E channel139887853844224 self_thread_id = 139887853844224, last time delay.time = 8, now count = 526, i = 0
2023-01-11 18:27:19.085  75 78 I channel139887862236928 self_thread_id = 139887862236928, last time delay.time = 8, now count = 527, i = 0
2023-01-11 18:27:19.085  75 78 I channel139887862236928 self_thread_id = 139887862236928, last time delay.time = 8, now count = 527, i = 0
2023-01-11 18:27:19.085  75 78 W channel139887862236928 self_thread_id = 139887862236928, last time delay.time = 8, now count = 527, i = 0
2023-01-11 18:27:19.085  75 78 E channel139887862236928 self_thread_id = 139887862236928, last time delay.time = 8, now count = 527, i = 0
2023-01-11 18:27:19.085  75 84 I channel139887604913920 self_thread_id = 139887604913920, last time delay.time = 13, now count = 528, i = 0
2023-01-11 18:27:19.085  75 84 I channel139887604913920 self_thread_id = 139887604913920, last time delay.time = 13, now count = 528, i = 0
2023-01-11 18:27:19.085  75 84 W channel139887604913920 self_thread_id = 139887604913920, last time delay.time = 13, now count = 528, i = 0
2023-01-11 18:27:19.085  75 84 E channel139887604913920 self_thread_id = 139887604913920, last time delay.time = 13, now count = 528, i = 0
2023-01-11 18:27:20.082  75 80 I channel139887845451520 self_thread_id = 139887845451520, last time delay.time = 8, now count = 521, i = 1
2023-01-11 18:27:20.082  75 80 I channel139887845451520 self_thread_id = 139887845451520, last time delay.time = 8, now count = 521, i = 1
2023-01-11 18:27:20.082  75 80 W channel139887845451520 self_thread_id = 139887845451520, last time delay.time = 8, now count = 521, i = 1
2023-01-11 18:27:20.082  75 80 E channel139887845451520 self_thread_id = 139887845451520, last time delay.time = 8, now count = 521, i = 1
2023-01-11 18:27:20.083  75 81 I channel139887837058816 self_thread_id = 139887837058816, last time delay.time = 11, now count = 522, i = 1
2023-01-11 18:27:20.083  75 81 I channel139887837058816 self_thread_id = 139887837058816, last time delay.time = 11, now count = 522, i = 1
2023-01-11 18:27:20.083  75 81 W channel139887837058816 self_thread_id = 139887837058816, last time delay.time = 11, now count = 522, i = 1
2023-01-11 18:27:20.083  75 81 E channel139887837058816 self_thread_id = 139887837058816, last time delay.time = 11, now count = 522, i = 1
2023-01-11 18:27:20.083  75 82 I channel139887621699328 self_thread_id = 139887621699328, last time delay.time = 9, now count = 523, i = 1
2023-01-11 18:27:20.083  75 82 I channel139887621699328 self_thread_id = 139887621699328, last time delay.time = 9, now count = 523, i = 1
2023-01-11 18:27:20.083  75 82 W channel139887621699328 self_thread_id = 139887621699328, last time delay.time = 9, now count = 523, i = 1
2023-01-11 18:27:20.083  75 82 E channel139887621699328 self_thread_id = 139887621699328, last time delay.time = 9, now count = 523, i = 1
2023-01-11 18:27:20.083  75 83 I channel139887613306624 self_thread_id = 139887613306624, last time delay.time = 10, now count = 524, i = 1
2023-01-11 18:27:20.083  75 83 I channel139887613306624 self_thread_id = 139887613306624, last time delay.time = 10, now count = 524, i = 1
2023-01-11 18:27:20.083  75 83 W channel139887613306624 self_thread_id = 139887613306624, last time delay.time = 10, now count = 524, i = 1
2023-01-11 18:27:20.083  75 83 E channel139887613306624 self_thread_id = 139887613306624, last time delay.time = 10, now count = 524, i = 1
2023-01-11 18:27:20.083  75 77 I channel139887870629632 self_thread_id = 139887870629632, last time delay.time = 9, now count = 525, i = 1
2023-01-11 18:27:20.083  75 77 I channel139887870629632 self_thread_id = 139887870629632, last time delay.time = 9, now count = 525, i = 1
2023-01-11 18:27:20.083  75 77 W channel139887870629632 self_thread_id = 139887870629632, last time delay.time = 9, now count = 525, i = 1
2023-01-11 18:27:20.083  75 77 E channel139887870629632 self_thread_id = 139887870629632, last time delay.time = 9, now count = 525, i = 1
2023-01-11 18:27:20.084  75 79 I channel139887853844224 self_thread_id = 139887853844224, last time delay.time = 8, now count = 526, i = 1
2023-01-11 18:27:20.084  75 79 I channel139887853844224 self_thread_id = 139887853844224, last time delay.time = 8, now count = 526, i = 1
2023-01-11 18:27:20.084  75 79 W channel139887853844224 self_thread_id = 139887853844224, last time delay.time = 8, now count = 526, i = 1
2023-01-11 18:27:20.084  75 79 E channel139887853844224 self_thread_id = 139887853844224, last time delay.time = 8, now count = 526, i = 1
2023-01-11 18:27:20.085  75 78 I channel139887862236928 self_thread_id = 139887862236928, last time delay.time = 8, now count = 527, i = 1
2023-01-11 18:27:20.085  75 78 I channel139887862236928 self_thread_id = 139887862236928, last time delay.time = 8, now count = 527, i = 1
2023-01-11 18:27:20.085  75 78 W channel139887862236928 self_thread_id = 139887862236928, last time delay.time = 8, now count = 527, i = 1
2023-01-11 18:27:20.085  75 78 E channel139887862236928 self_thread_id = 139887862236928, last time delay.time = 8, now count = 527, i = 1
2023-01-11 18:27:20.086  75 84 I channel139887604913920 self_thread_id = 139887604913920, last time delay.time = 13, now count = 528, i = 1
2023-01-11 18:27:20.086  75 84 I channel139887604913920 self_thread_id = 139887604913920, last time delay.time = 13, now count = 528, i = 1
2023-01-11 18:27:20.086  75 84 W channel139887604913920 self_thread_id = 139887604913920, last time delay.time = 13, now count = 528, i = 1
2023-01-11 18:27:20.086  75 84 E channel139887604913920 self_thread_id = 139887604913920, last time delay.time = 13, now count = 528, i = 1
2023-01-11 18:27:21.082  75 80 I channel139887845451520 self_thread_id = 139887845451520, last time delay.time = 8, now count = 521, i = 2
2023-01-11 18:27:21.082  75 80 I channel139887845451520 self_thread_id = 139887845451520, last time delay.time = 8, now count = 521, i = 2
2023-01-11 18:27:21.082  75 80 W channel139887845451520 self_thread_id = 139887845451520, last time delay.time = 8, now count = 521, i = 2
2023-01-11 18:27:21.082  75 80 E channel139887845451520 self_thread_id = 139887845451520, last time delay.time = 8, now count = 521, i = 2
2023-01-11 18:27:21.083  75 81 I channel139887837058816 self_thread_id = 139887837058816, last time delay.time = 11, now count = 522, i = 2
2023-01-11 18:27:21.083  75 81 I channel139887837058816 self_thread_id = 139887837058816, last time delay.time = 11, now count = 522, i = 2
2023-01-11 18:27:21.083  75 81 W channel139887837058816 self_thread_id = 139887837058816, last time delay.time = 11, now count = 522, i = 2
2023-01-11 18:27:21.083  75 81 E channel139887837058816 self_thread_id = 139887837058816, last time delay.time = 11, now count = 522, i = 2
2023-01-11 18:27:21.083  75 82 I channel139887621699328 self_thread_id = 139887621699328, last time delay.time = 9, now count = 523, i = 2
2023-01-11 18:27:21.083  75 82 I channel139887621699328 self_thread_id = 139887621699328, last time delay.time = 9, now count = 523, i = 2
2023-01-11 18:27:21.083  75 82 W channel139887621699328 self_thread_id = 139887621699328, last time delay.time = 9, now count = 523, i = 2
2023-01-11 18:27:21.083  75 82 E channel139887621699328 self_thread_id = 139887621699328, last time delay.time = 9, now count = 523, i = 2
2023-01-11 18:27:21.083  75 83 I channel139887613306624 self_thread_id = 139887613306624, last time delay.time = 10, now count = 524, i = 2
2023-01-11 18:27:21.083  75 83 I channel139887613306624 self_thread_id = 139887613306624, last time delay.time = 10, now count = 524, i = 2
2023-01-11 18:27:21.083  75 77 I channel139887870629632 self_thread_id = 139887870629632, last time delay.time = 9, now count = 525, i = 2
2023-01-11 18:27:21.083  75 83 W channel139887613306624 self_thread_id = 139887613306624, last time delay.time = 10, now count = 524, i = 2
2023-01-11 18:27:21.083  75 83 E channel139887613306624 self_thread_id = 139887613306624, last time delay.time = 10, now count = 524, i = 2
2023-01-11 18:27:21.083  75 77 I channel139887870629632 self_thread_id = 139887870629632, last time delay.time = 9, now count = 525, i = 2
2023-01-11 18:27:21.083  75 77 W channel139887870629632 self_thread_id = 139887870629632, last time delay.time = 9, now count = 525, i = 2
2023-01-11 18:27:21.083  75 77 E channel139887870629632 self_thread_id = 139887870629632, last time delay.time = 9, now count = 525, i = 2
2023-01-11 18:27:21.084  75 79 I channel139887853844224 self_thread_id = 139887853844224, last time delay.time = 8, now count = 526, i = 2
2023-01-11 18:27:21.084  75 79 I channel139887853844224 self_thread_id = 139887853844224, last time delay.time = 8, now count = 526, i = 2
2023-01-11 18:27:21.084  75 79 W channel139887853844224 self_thread_id = 139887853844224, last time delay.time = 8, now count = 526, i = 2
2023-01-11 18:27:21.084  75 79 E channel139887853844224 self_thread_id = 139887853844224, last time delay.time = 8, now count = 526, i = 2
2023-01-11 18:27:21.086  75 78 I channel139887862236928 self_thread_id = 139887862236928, last time delay.time = 8, now count = 527, i = 2
2023-01-11 18:27:21.086  75 78 I channel139887862236928 self_thread_id = 139887862236928, last time delay.time = 8, now count = 527, i = 2
2023-01-11 18:27:21.086  75 78 W channel139887862236928 self_thread_id = 139887862236928, last time delay.time = 8, now count = 527, i = 2
2023-01-11 18:27:21.086  75 78 E channel139887862236928 self_thread_id = 139887862236928, last time delay.time = 8, now count = 527, i = 2
2023-01-11 18:27:21.086  75 84 I channel139887604913920 self_thread_id = 139887604913920, last time delay.time = 13, now count = 528, i = 2
2023-01-11 18:27:21.086  75 84 I channel139887604913920 self_thread_id = 139887604913920, last time delay.time = 13, now count = 528, i = 2
2023-01-11 18:27:21.086  75 84 W channel139887604913920 self_thread_id = 139887604913920, last time delay.time = 13, now count = 528, i = 2
2023-01-11 18:27:21.086  75 84 E channel139887604913920 self_thread_id = 139887604913920, last time delay.time = 13, now count = 528, i = 2
2023-01-11 18:27:22.083  75 80 I channel139887845451520 self_thread_id = 139887845451520, last time delay.time = 8, now count = 521, i = 3
2023-01-11 18:27:22.083  75 80 I channel139887845451520 self_thread_id = 139887845451520, last time delay.time = 8, now count = 521, i = 3
2023-01-11 18:27:22.083  75 80 W channel139887845451520 self_thread_id = 139887845451520, last time delay.time = 8, now count = 521, i = 3
2023-01-11 18:27:22.083  75 80 E channel139887845451520 self_thread_id = 139887845451520, last time delay.time = 8, now count = 521, i = 3
2023-01-11 18:27:22.083  75 81 I channel139887837058816 self_thread_id = 139887837058816, last time delay.time = 11, now count = 522, i = 3
2023-01-11 18:27:22.083  75 81 I channel139887837058816 self_thread_id = 139887837058816, last time delay.time = 11, now count = 522, i = 3
2023-01-11 18:27:22.083  75 81 W channel139887837058816 self_thread_id = 139887837058816, last time delay.time = 11, now count = 522, i = 3
2023-01-11 18:27:22.083  75 81 E channel139887837058816 self_thread_id = 139887837058816, last time delay.time = 11, now count = 522, i = 3
2023-01-11 18:27:22.083  75 82 I channel139887621699328 self_thread_id = 139887621699328, last time delay.time = 9, now count = 523, i = 3
2023-01-11 18:27:22.083  75 82 I channel139887621699328 self_thread_id = 139887621699328, last time delay.time = 9, now count = 523, i = 3
2023-01-11 18:27:22.083  75 82 W channel139887621699328 self_thread_id = 139887621699328, last time delay.time = 9, now count = 523, i = 3
2023-01-11 18:27:22.083  75 82 E channel139887621699328 self_thread_id = 139887621699328, last time delay.time = 9, now count = 523, i = 3
2023-01-11 18:27:22.083  75 83 I channel139887613306624 self_thread_id = 139887613306624, last time delay.time = 10, now count = 524, i = 3
2023-01-11 18:27:22.083  75 77 I channel139887870629632 self_thread_id = 139887870629632, last time delay.time = 9, now count = 525, i = 3
2023-01-11 18:27:22.083  75 83 I channel139887613306624 self_thread_id = 139887613306624, last time delay.time = 10, now count = 524, i = 3
2023-01-11 18:27:22.083  75 77 I channel139887870629632 self_thread_id = 139887870629632, last time delay.time = 9, now count = 525, i = 3
2023-01-11 18:27:22.083  75 83 W channel139887613306624 self_thread_id = 139887613306624, last time delay.time = 10, now count = 524, i = 3
2023-01-11 18:27:22.083  75 77 W channel139887870629632 self_thread_id = 139887870629632, last time delay.time = 9, now count = 525, i = 3
2023-01-11 18:27:22.083  75 83 E channel139887613306624 self_thread_id = 139887613306624, last time delay.time = 10, now count = 524, i = 3
2023-01-11 18:27:22.083  75 77 E channel139887870629632 self_thread_id = 139887870629632, last time delay.time = 9, now count = 525, i = 3
2023-01-11 18:27:22.084  75 79 I channel139887853844224 self_thread_id = 139887853844224, last time delay.time = 8, now count = 526, i = 3
2023-01-11 18:27:22.084  75 79 I channel139887853844224 self_thread_id = 139887853844224, last time delay.time = 8, now count = 526, i = 3
2023-01-11 18:27:22.084  75 79 W channel139887853844224 self_thread_id = 139887853844224, last time delay.time = 8, now count = 526, i = 3
2023-01-11 18:27:22.084  75 79 E channel139887853844224 self_thread_id = 139887853844224, last time delay.time = 8, now count = 526, i = 3
2023-01-11 18:27:22.086  75 78 I channel139887862236928 self_thread_id = 139887862236928, last time delay.time = 8, now count = 527, i = 3
2023-01-11 18:27:22.086  75 78 I channel139887862236928 self_thread_id = 139887862236928, last time delay.time = 8, now count = 527, i = 3
2023-01-11 18:27:22.086  75 78 W channel139887862236928 self_thread_id = 139887862236928, last time delay.time = 8, now count = 527, i = 3
2023-01-11 18:27:22.086  75 78 E channel139887862236928 self_thread_id = 139887862236928, last time delay.time = 8, now count = 527, i = 3
2023-01-11 18:27:22.086  75 84 I channel139887604913920 self_thread_id = 139887604913920, last time delay.time = 13, now count = 528, i = 3
2023-01-11 18:27:22.086  75 84 I channel139887604913920 self_thread_id = 139887604913920, last time delay.time = 13, now count = 528, i = 3
2023-01-11 18:27:22.086  75 84 W channel139887604913920 self_thread_id = 139887604913920, last time delay.time = 13, now count = 528, i = 3
2023-01-11 18:27:22.086  75 84 E channel139887604913920 self_thread_id = 139887604913920, last time delay.time = 13, now count = 528, i = 3
2023-01-11 18:27:23.083  75 80 I channel139887845451520 self_thread_id = 139887845451520, last time delay.time = 8, now count = 521, i = 4
2023-01-11 18:27:23.083  75 80 I channel139887845451520 self_thread_id = 139887845451520, last time delay.time = 8, now count = 521, i = 4
2023-01-11 18:27:23.083  75 80 W channel139887845451520 self_thread_id = 139887845451520, last time delay.time = 8, now count = 521, i = 4
2023-01-11 18:27:23.083  75 80 E channel139887845451520 self_thread_id = 139887845451520, last time delay.time = 8, now count = 521, i = 4
2023-01-11 18:27:23.083  75 80 I channel139887845451520 self_thread_id = 139887845451520, last time delay.time = 8, now count = 529
2023-01-11 18:27:23.083  75 81 I channel139887837058816 self_thread_id = 139887837058816, last time delay.time = 11, now count = 522, i = 4
2023-01-11 18:27:23.083  75 81 I channel139887837058816 self_thread_id = 139887837058816, last time delay.time = 11, now count = 522, i = 4
2023-01-11 18:27:23.083  75 81 W channel139887837058816 self_thread_id = 139887837058816, last time delay.time = 11, now count = 522, i = 4
2023-01-11 18:27:23.083  75 81 E channel139887837058816 self_thread_id = 139887837058816, last time delay.time = 11, now count = 522, i = 4
2023-01-11 18:27:23.083  75 81 I channel139887837058816 self_thread_id = 139887837058816, last time delay.time = 11, now count = 530
2023-01-11 18:27:23.083  75 82 I channel139887621699328 self_thread_id = 139887621699328, last time delay.time = 9, now count = 523, i = 4
2023-01-11 18:27:23.083  75 82 I channel139887621699328 self_thread_id = 139887621699328, last time delay.time = 9, now count = 523, i = 4
2023-01-11 18:27:23.083  75 82 W channel139887621699328 self_thread_id = 139887621699328, last time delay.time = 9, now count = 523, i = 4
2023-01-11 18:27:23.083  75 82 E channel139887621699328 self_thread_id = 139887621699328, last time delay.time = 9, now count = 523, i = 4
2023-01-11 18:27:23.083  75 82 I channel139887621699328 self_thread_id = 139887621699328, last time delay.time = 9, now count = 531
2023-01-11 18:27:23.084  75 83 I channel139887613306624 self_thread_id = 139887613306624, last time delay.time = 10, now count = 524, i = 4
2023-01-11 18:27:23.084  75 83 I channel139887613306624 self_thread_id = 139887613306624, last time delay.time = 10, now count = 524, i = 4
2023-01-11 18:27:23.084  75 83 W channel139887613306624 self_thread_id = 139887613306624, last time delay.time = 10, now count = 524, i = 4
2023-01-11 18:27:23.084  75 83 E channel139887613306624 self_thread_id = 139887613306624, last time delay.time = 10, now count = 524, i = 4
2023-01-11 18:27:23.084  75 83 I channel139887613306624 self_thread_id = 139887613306624, last time delay.time = 10, now count = 532
2023-01-11 18:27:23.084  75 77 I channel139887870629632 self_thread_id = 139887870629632, last time delay.time = 9, now count = 525, i = 4
2023-01-11 18:27:23.084  75 77 I channel139887870629632 self_thread_id = 139887870629632, last time delay.time = 9, now count = 525, i = 4
2023-01-11 18:27:23.084  75 77 W channel139887870629632 self_thread_id = 139887870629632, last time delay.time = 9, now count = 525, i = 4
2023-01-11 18:27:23.084  75 77 E channel139887870629632 self_thread_id = 139887870629632, last time delay.time = 9, now count = 525, i = 4
2023-01-11 18:27:23.084  75 77 I channel139887870629632 self_thread_id = 139887870629632, last time delay.time = 9, now count = 533
2023-01-11 18:27:23.084  75 79 I channel139887853844224 self_thread_id = 139887853844224, last time delay.time = 8, now count = 526, i = 4
2023-01-11 18:27:23.084  75 79 I channel139887853844224 self_thread_id = 139887853844224, last time delay.time = 8, now count = 526, i = 4
2023-01-11 18:27:23.084  75 79 W channel139887853844224 self_thread_id = 139887853844224, last time delay.time = 8, now count = 526, i = 4
2023-01-11 18:27:23.084  75 79 E channel139887853844224 self_thread_id = 139887853844224, last time delay.time = 8, now count = 526, i = 4
2023-01-11 18:27:23.084  75 79 I channel139887853844224 self_thread_id = 139887853844224, last time delay.time = 8, now count = 534
2023-01-11 18:27:23.086  75 78 I channel139887862236928 self_thread_id = 139887862236928, last time delay.time = 8, now count = 527, i = 4
2023-01-11 18:27:23.086  75 78 I channel139887862236928 self_thread_id = 139887862236928, last time delay.time = 8, now count = 527, i = 4
2023-01-11 18:27:23.086  75 78 W channel139887862236928 self_thread_id = 139887862236928, last time delay.time = 8, now count = 527, i = 4
2023-01-11 18:27:23.086  75 78 E channel139887862236928 self_thread_id = 139887862236928, last time delay.time = 8, now count = 527, i = 4
2023-01-11 18:27:23.086  75 78 I channel139887862236928 self_thread_id = 139887862236928, last time delay.time = 8, now count = 535
2023-01-11 18:27:23.086  75 84 I channel139887604913920 self_thread_id = 139887604913920, last time delay.time = 13, now count = 528, i = 4
2023-01-11 18:27:23.086  75 84 I channel139887604913920 self_thread_id = 139887604913920, last time delay.time = 13, now count = 528, i = 4
2023-01-11 18:27:23.086  75 84 W channel139887604913920 self_thread_id = 139887604913920, last time delay.time = 13, now count = 528, i = 4
2023-01-11 18:27:23.086  75 84 E channel139887604913920 self_thread_id = 139887604913920, last time delay.time = 13, now count = 528, i = 4
2023-01-11 18:27:23.086  75 84 I channel139887604913920 self_thread_id = 139887604913920, last time delay.time = 13, now count = 536
2023-01-11 18:27:24.083  75 80 I channel139887845451520 self_thread_id = 139887845451520, last time delay.time = 8, now count = 529, i = 0
2023-01-11 18:27:24.083  75 80 I channel139887845451520 self_thread_id = 139887845451520, last time delay.time = 8, now count = 529, i = 0
2023-01-11 18:27:24.083  75 80 W channel139887845451520 self_thread_id = 139887845451520, last time delay.time = 8, now count = 529, i = 0
2023-01-11 18:27:24.083  75 80 E channel139887845451520 self_thread_id = 139887845451520, last time delay.time = 8, now count = 529, i = 0
2023-01-11 18:27:24.083  75 81 I channel139887837058816 self_thread_id = 139887837058816, last time delay.time = 8, now count = 530, i = 0
2023-01-11 18:27:24.083  75 81 I channel139887837058816 self_thread_id = 139887837058816, last time delay.time = 8, now count = 530, i = 0
2023-01-11 18:27:24.083  75 81 W channel139887837058816 self_thread_id = 139887837058816, last time delay.time = 8, now count = 530, i = 0
2023-01-11 18:27:24.083  75 81 E channel139887837058816 self_thread_id = 139887837058816, last time delay.time = 8, now count = 530, i = 0
2023-01-11 18:27:24.084  75 82 I channel139887621699328 self_thread_id = 139887621699328, last time delay.time = 8, now count = 531, i = 0
2023-01-11 18:27:24.084  75 82 I channel139887621699328 self_thread_id = 139887621699328, last time delay.time = 8, now count = 531, i = 0
2023-01-11 18:27:24.084  75 82 W channel139887621699328 self_thread_id = 139887621699328, last time delay.time = 8, now count = 531, i = 0
2023-01-11 18:27:24.084  75 82 E channel139887621699328 self_thread_id = 139887621699328, last time delay.time = 8, now count = 531, i = 0
2023-01-11 18:27:24.084  75 83 I channel139887613306624 self_thread_id = 139887613306624, last time delay.time = 12, now count = 532, i = 0
2023-01-11 18:27:24.084  75 83 I channel139887613306624 self_thread_id = 139887613306624, last time delay.time = 12, now count = 532, i = 0
2023-01-11 18:27:24.084  75 83 W channel139887613306624 self_thread_id = 139887613306624, last time delay.time = 12, now count = 532, i = 0
2023-01-11 18:27:24.084  75 83 E channel139887613306624 self_thread_id = 139887613306624, last time delay.time = 12, now count = 532, i = 0
2023-01-11 18:27:24.084  75 77 I channel139887870629632 self_thread_id = 139887870629632, last time delay.time = 8, now count = 533, i = 0
2023-01-11 18:27:24.084  75 77 I channel139887870629632 self_thread_id = 139887870629632, last time delay.time = 8, now count = 533, i = 0
2023-01-11 18:27:24.084  75 77 W channel139887870629632 self_thread_id = 139887870629632, last time delay.time = 8, now count = 533, i = 0
2023-01-11 18:27:24.084  75 77 E channel139887870629632 self_thread_id = 139887870629632, last time delay.time = 8, now count = 533, i = 0
2023-01-11 18:27:24.084  75 79 I channel139887853844224 self_thread_id = 139887853844224, last time delay.time = 8, now count = 534, i = 0
2023-01-11 18:27:24.084  75 79 I channel139887853844224 self_thread_id = 139887853844224, last time delay.time = 8, now count = 534, i = 0
2023-01-11 18:27:24.084  75 79 W channel139887853844224 self_thread_id = 139887853844224, last time delay.time = 8, now count = 534, i = 0
2023-01-11 18:27:24.084  75 79 E channel139887853844224 self_thread_id = 139887853844224, last time delay.time = 8, now count = 534, i = 0
2023-01-11 18:27:24.086  75 78 I channel139887862236928 self_thread_id = 139887862236928, last time delay.time = 8, now count = 535, i = 0
