2023-01-11 18:26:22.073  75 82 W channel139887621699328 self_thread_id = 139887621699328, last time delay.time = 15, now count = 428, i = 3
2023-01-11 18:26:22.073  75 81 W channel139887837058816 self_thread_id = 139887837058816, last time delay.time = 14, now count = 427, i = 3
2023-01-11 18:26:22.073  75 82 E channel139887621699328 self_thread_id = 139887621699328, last time delay.time = 15, now count = 428, i = 3
2023-01-11 18:26:22.073  75 81 E channel139887837058816 self_thread_id = 139887837058816, last time delay.time = 14, now count = 427, i = 3
2023-01-11 18:26:22.073  75 83 I channel139887613306624 self_thread_id = 139887613306624, last time delay.time = 8, now count = 429, i = 3
2023-01-11 18:26:22.073  75 83 I channel139887613306624 self_thread_id = 139887613306624, last time delay.time = 8, now count = 429, i = 3
2023-01-11 18:26:22.073  75 83 W channel139887613306624 self_thread_id = 139887613306624, last time delay.time = 8, now count = 429, i = 3
2023-01-11 18:26:22.073  75 83 E channel139887613306624 self_thread_id = 139887613306624, last time delay.time = 8, now count = 429, i = 3
2023-01-11 18:26:22.074  75 79 I channel139887853844224 self_thread_id = 139887853844224, last time delay.time = 9, now count = 430, i = 3
2023-01-11 18:26:22.074  75 79 I channel139887853844224 self_thread_id = 139887853844224, last time delay.time = 9, now count = 430, i = 3
2023-01-11 18:26:22.074  75 79 W channel139887853844224 self_thread_id = 139887853844224, last time delay.time = 9, now count = 430, i = 3
2023-01-11 18:26:22.074  75 79 E channel139887853844224 self_thread_id = 139887853844224, last time delay.time = 9, now count = 430, i = 3
2023-01-11 18:26:22.075  75 84 I channel139887604913920 self_thread_id = 139887604913920, last time delay.time = 15, now count = 431, i = 3
2023-01-11 18:26:22.075  75 78 I channel139887862236928 self_thread_id = 139887862236928, last time delay.time = 14, now count = 432, i = 3
2023-01-11 18:26:22.075  75 84 I channel139887604913920 self_thread_id = 139887604913920, last time delay.time = 15, now count = 431, i = 3
2023-01-11 18:26:22.075  75 78 I channel139887862236928 self_thread_id = 139887862236928, last time delay.time = 14, now count = 432, i = 3
2023-01-11 18:26:22.075  75 84 W channel139887604913920 self_thread_id = 139887604913920, last time delay.time = 15, now count = 431, i = 3
2023-01-11 18:26:22.075  75 78 W channel139887862236928 self_thread_id = 139887862236928, last time delay.time = 14, now count = 432, i = 3
2023-01-11 18:26:22.075  75 84 E channel139887604913920 self_thread_id = 139887604913920, last time delay.time = 15, now count = 431, i = 3
2023-01-11 18:26:22.075  75 78 E channel139887862236928 self_thread_id = 139887862236928, last time delay.time = 14, now count = 432, i = 3
2023-01-11 18:26:23.072  75 80 I channel139887845451520 self_thread_id = 139887845451520, last time delay.time = 8, now count = 425, i = 4
2023-01-11 18:26:23.072  75 80 I channel139887845451520 self_thread_id = 139887845451520, last time delay.time = 8, now count = 425, i = 4
2023-01-11 18:26:23.072  75 80 W channel139887845451520 self_thread_id = 139887845451520, last time delay.time = 8, now count = 425, i = 4
2023-01-11 18:26:23.072  75 80 E channel139887845451520 self_thread_id = 139887845451520, last time delay.time = 8, now count = 425, i = 4
2023-01-11 18:26:23.072  75 80 I channel139887845451520 self_thread_id = 139887845451520, last time delay.time = 8, now count = 433
2023-01-11 18:26:23.073  75 77 I channel139887870629632 self_thread_id = 139887870629632, last time delay.time = 9, now count = 426, i = 4
2023-01-11 18:26:23.073  75 77 I channel139887870629632 self_thread_id = 139887870629632, last time delay.time = 9, now count = 426, i = 4
2023-01-11 18:26:23.073  75 77 W channel139887870629632 self_thread_id = 139887870629632, last time delay.time = 9, now count = 426, i = 4
2023-01-11 18:26:23.073  75 77 E channel139887870629632 self_thread_id = 139887870629632, last time delay.time = 9, now count = 426, i = 4
2023-01-11 18:26:23.073  75 77 I channel139887870629632 self_thread_id = 139887870629632, last time delay.time = 9, now count = 434
2023-01-11 18:26:23.073  75 81 I channel139887837058816 self_thread_id = 139887837058816, last time delay.time = 14, now count = 427, i = 4
2023-01-11 18:26:23.073  75 82 I channel139887621699328 self_thread_id = 139887621699328, last time delay.time = 15, now count = 428, i = 4
2023-01-11 18:26:23.073  75 81 I channel139887837058816 self_thread_id = 139887837058816, last time delay.time = 14, now count = 427, i = 4
2023-01-11 18:26:23.073  75 82 I channel139887621699328 self_thread_id = 139887621699328, last time delay.time = 15, now count = 428, i = 4
2023-01-11 18:26:23.073  75 82 W channel139887621699328 self_thread_id = 139887621699328, last time delay.time = 15, now count = 428, i = 4
2023-01-11 18:26:23.073  75 81 W channel139887837058816 self_thread_id = 139887837058816, last time delay.time = 14, now count = 427, i = 4
2023-01-11 18:26:23.073  75 82 E channel139887621699328 self_thread_id = 139887621699328, last time delay.time = 15, now count = 428, i = 4
2023-01-11 18:26:23.073  75 81 E channel139887837058816 self_thread_id = 139887837058816, last time delay.time = 14, now count = 427, i = 4
2023-01-11 18:26:23.073  75 82 I channel139887621699328 self_thread_id = 139887621699328, last time delay.time = 15, now count = 436
2023-01-11 18:26:23.073  75 81 I channel139887837058816 self_thread_id = 139887837058816, last time delay.time = 14, now count = 435
2023-01-11 18:26:23.073  75 83 I channel139887613306624 self_thread_id = 139887613306624, last time delay.time = 8, now count = 429, i = 4
2023-01-11 18:26:23.073  75 83 I channel139887613306624 self_thread_id = 139887613306624, last time delay.time = 8, now count = 429, i = 4
2023-01-11 18:26:23.073  75 83 W channel139887613306624 self_thread_id = 139887613306624, last time delay.time = 8, now count = 429, i = 4
2023-01-11 18:26:23.073  75 83 E channel139887613306624 self_thread_id = 139887613306624, last time delay.time = 8, now count = 429, i = 4
2023-01-11 18:26:23.073  75 83 I channel139887613306624 self_thread_id = 139887613306624, last time delay.time = 8, now count = 437
2023-01-11 18:26:23.074  75 79 I channel139887853844224 self_thread_id = 139887853844224, last time delay.time = 9, now count = 430, i = 4
2023-01-11 18:26:23.074  75 79 I channel139887853844224 self_thread_id = 139887853844224, last time delay.time = 9, now count = 430, i = 4
2023-01-11 18:26:23.074  75 79 W channel139887853844224 self_thread_id = 139887853844224, last time delay.time = 9, now count = 430, i = 4
2023-01-11 18:26:23.074  75 79 E channel139887853844224 self_thread_id = 139887853844224, last time delay.time = 9, now count = 430, i = 4
2023-01-11 18:26:23.074  75 79 I channel139887853844224 self_thread_id = 139887853844224, last time delay.time = 9, now count = 438
2023-01-11 18:26:23.075  75 78 I channel139887862236928 self_thread_id = 139887862236928, last time delay.time = 14, now count = 432, i = 4
2023-01-11 18:26:23.075  75 84 I channel139887604913920 self_thread_id = 139887604913920, last time delay.time = 15, now count = 431, i = 4
2023-01-11 18:26:23.075  75 78 I channel139887862236928 self_thread_id = 139887862236928, last time delay.time = 14, now count = 432, i = 4
2023-01-11 18:26:23.075  75 84 I channel139887604913920 self_thread_id = 139887604913920, last time delay.time = 15, now count = 431, i = 4
2023-01-11 18:26:23.075  75 78 W channel139887862236928 self_thread_id = 139887862236928, last time delay.time = 14, now count = 432, i = 4
2023-01-11 18:26:23.075  75 84 W channel139887604913920 self_thread_id = 139887604913920, last time delay.time = 15, now count = 431, i = 4
2023-01-11 18:26:23.075  75 78 E channel139887862236928 self_thread_id = 139887862236928, last time delay.time = 14, now count = 432, i = 4
2023-01-11 18:26:23.075  75 84 E channel139887604913920 self_thread_id = 139887604913920, last time delay.time = 15, now count = 431, i = 4
2023-01-11 18:26:23.075  75 78 I channel139887862236928 self_thread_id = 139887862236928, last time delay.time = 14, now count = 439
2023-01-11 18:26:23.075  75 84 I channel139887604913920 self_thread_id = 139887604913920, last time delay.time = 15, now count = 440
2023-01-11 18:26:24.073  75 80 I channel139887845451520 self_thread_id = 139887845451520, last time delay.time = 9, now count = 433, i = 0
2023-01-11 18:26:24.073  75 80 I channel139887845451520 self_thread_id = 139887845451520, last time delay.time = 9, now count = 433, i = 0
2023-01-11 18:26:24.073  75 80 W channel139887845451520 self_thread_id = 139887845451520, last time delay.time = 9, now count = 433, i = 0
2023-01-11 18:26:24.073  75 80 E channel139887845451520 self_thread_id = 139887845451520, last time delay.time = 9, now count = 433, i = 0
2023-01-11 18:26:24.073  75 77 I channel139887870629632 self_thread_id = 139887870629632, last time delay.time = 9, now count = 434, i = 0
2023-01-11 18:26:24.073  75 77 I channel139887870629632 self_thread_id = 139887870629632, last time delay.time = 9, now count = 434, i = 0
2023-01-11 18:26:24.073  75 77 W channel139887870629632 self_thread_id = 139887870629632, last time delay.time = 9, now count = 434, i = 0
2023-01-11 18:26:24.073  75 77 E channel139887870629632 self_thread_id = 139887870629632, last time delay.time = 9, now count = 434, i = 0
2023-01-11 18:26:24.073  75 81 I channel139887837058816 self_thread_id = 139887837058816, last time delay.time = 10, now count = 435, i = 0
2023-01-11 18:26:24.073  75 82 I channel139887621699328 self_thread_id = 139887621699328, last time delay.time = 8, now count = 436, i = 0
2023-01-11 18:26:24.073  75 81 I channel139887837058816 self_thread_id = 139887837058816, last time delay.time = 10, now count = 435, i = 0
2023-01-11 18:26:24.073  75 81 W channel139887837058816 self_thread_id = 139887837058816, last time delay.time = 10, now count = 435, i = 0
2023-01-11 18:26:24.073  75 82 I channel139887621699328 self_thread_id = 139887621699328, last time delay.time = 8, now count = 436, i = 0
2023-01-11 18:26:24.073  75 81 E channel139887837058816 self_thread_id = 139887837058816, last time delay.time = 10, now count = 435, i = 0
2023-01-11 18:26:24.073  75 82 W channel139887621699328 self_thread_id = 139887621699328, last time delay.time = 8, now count = 436, i = 0
2023-01-11 18:26:24.073  75 82 E channel139887621699328 self_thread_id = 139887621699328, last time delay.time = 8, now count = 436, i = 0
2023-01-11 18:26:24.074  75 83 I channel139887613306624 self_thread_id = 139887613306624, last time delay.time = 8, now count = 437, i = 0
2023-01-11 18:26:24.074  75 83 I channel139887613306624 self_thread_id = 139887613306624, last time delay.time = 8, now count = 437, i = 0
2023-01-11 18:26:24.074  75 83 W channel139887613306624 self_thread_id = 139887613306624, last time delay.time = 8, now count = 437, i = 0
2023-01-11 18:26:24.074  75 83 E channel139887613306624 self_thread_id = 139887613306624, last time delay.time = 8, now count = 437, i = 0
2023-01-11 18:26:24.074  75 79 I channel139887853844224 self_thread_id = 139887853844224, last time delay.time = 8, now count = 438, i = 0
2023-01-11 18:26:24.074  75 79 I channel139887853844224 self_thread_id = 139887853844224, last time delay.time = 8, now count = 438, i = 0
2023-01-11 18:26:24.074  75 79 W channel139887853844224 self_thread_id = 139887853844224, last time delay.time = 8, now count = 438, i = 0
2023-01-11 18:26:24.074  75 79 E channel139887853844224 self_thread_id = 139887853844224, last time delay.time = 8, now count = 438, i = 0
2023-01-11 18:26:24.075  75 84 I channel139887604913920 self_thread_id = 139887604913920, last time delay.time = 14, now count = 440, i = 0
2023-01-11 18:26:24.075  75 78 I channel139887862236928 self_thread_id = 139887862236928, last time delay.time = 14, now count = 439, i = 0
2023-01-11 18:26:24.075  75 84 I channel139887604913920 self_thread_id = 139887604913920, last time delay.time = 14, now count = 440, i = 0
2023-01-11 18:26:24.075  75 78 I channel139887862236928 self_thread_id = 139887862236928, last time delay.time = 14, now count = 439, i = 0
2023-01-11 18:26:24.075  75 84 W channel139887604913920 self_thread_id = 139887604913920, last time delay.time = 14, now count = 440, i = 0
2023-01-11 18:26:24.075  75 78 W channel139887862236928 self_thread_id = 139887862236928, last time delay.time = 14, now count = 439, i = 0
2023-01-11 18:26:24.075  75 78 E channel139887862236928 self_thread_id = 139887862236928, last time delay.time = 14, now count = 439, i = 0
2023-01-11 18:26:24.075  75 84 E channel139887604913920 self_thread_id = 139887604913920, last time delay.time = 14, now count = 440, i = 0
2023-01-11 18:26:25.073  75 80 I channel139887845451520 self_thread_id = 139887845451520, last time delay.time = 9, now count = 433, i = 1
2023-01-11 18:26:25.073  75 80 I channel139887845451520 self_thread_id = 139887845451520, last time delay.time = 9, now count = 433, i = 1
2023-01-11 18:26:25.073  75 80 W channel139887845451520 self_thread_id = 139887845451520, last time delay.time = 9, now count = 433, i = 1
2023-01-11 18:26:25.073  75 80 E channel139887845451520 self_thread_id = 139887845451520, last time delay.time = 9, now count = 433, i = 1
2023-01-11 18:26:25.073  75 77 I channel139887870629632 self_thread_id = 139887870629632, last time delay.time = 9, now count = 434, i = 1
2023-01-11 18:26:25.073  75 77 I channel139887870629632 self_thread_id = 139887870629632, last time delay.time = 9, now count = 434, i = 1
2023-01-11 18:26:25.073  75 77 W channel139887870629632 self_thread_id = 139887870629632, last time delay.time = 9, now count = 434, i = 1
2023-01-11 18:26:25.073  75 77 E channel139887870629632 self_thread_id = 139887870629632, last time delay.time = 9, now count = 434, i = 1
2023-01-11 18:26:25.073  75 81 I channel139887837058816 self_thread_id = 139887837058816, last time delay.time = 10, now count = 435, i = 1
2023-01-11 18:26:25.073  75 81 I channel139887837058816 self_thread_id = 139887837058816, last time delay.time = 10, now count = 435, i = 1
2023-01-11 18:26:25.073  75 82 I channel139887621699328 self_thread_id = 139887621699328, last time delay.time = 8, now count = 436, i = 1
2023-01-11 18:26:25.074  75 81 W channel139887837058816 self_thread_id = 139887837058816, last time delay.time = 10, now count = 435, i = 1
2023-01-11 18:26:25.074  75 82 I channel139887621699328 self_thread_id = 139887621699328, last time delay.time = 8, now count = 436, i = 1
2023-01-11 18:26:25.074  75 81 E channel139887837058816 self_thread_id = 139887837058816, last time delay.time = 10, now count = 435, i = 1
2023-01-11 18:26:25.074  75 82 W channel139887621699328 self_thread_id = 139887621699328, last time delay.time = 8, now count = 436, i = 1
2023-01-11 18:26:25.074  75 82 E channel139887621699328 self_thread_id = 139887621699328, last time delay.time = 8, now count = 436, i = 1
2023-01-11 18:26:25.074  75 83 I channel139887613306624 self_thread_id = 139887613306624, last time delay.time = 8, now count = 437, i = 1
2023-01-11 18:26:25.074  75 83 I channel139887613306624 self_thread_id = 139887613306624, last time delay.time = 8, now count = 437, i = 1
2023-01-11 18:26:25.074  75 83 W channel139887613306624 self_thread_id = 139887613306624, last time delay.time = 8, now count = 437, i = 1
2023-01-11 18:26:25.074  75 83 E channel139887613306624 self_thread_id = 139887613306624, last time delay.time = 8, now count = 437, i = 1
2023-01-11 18:26:25.074  75 79 I channel139887853844224 self_thread_id = 139887853844224, last time delay.time = 8, now count = 438, i = 1
2023-01-11 18:26:25.074  75 79 I channel139887853844224 self_thread_id = 139887853844224, last time delay.time = 8, now count = 438, i = 1
2023-01-11 18:26:25.074  75 79 W channel139887853844224 self_thread_id = 139887853844224, last time delay.time = 8, now count = 438, i = 1
2023-01-11 18:26:25.074  75 79 E channel139887853844224 self_thread_id = 139887853844224, last time delay.time = 8, now count = 438, i = 1
2023-01-11 18:26:25.075  75 84 I channel139887604913920 self_thread_id = 139887604913920, last time delay.time = 14, now count = 440, i = 1
2023-01-11 18:26:25.075  75 78 I channel139887862236928 self_thread_id = 139887862236928, last time delay.time = 14, now count = 439, i = 1
2023-01-11 18:26:25.076  75 84 I channel139887604913920 self_thread_id = 139887604913920, last time delay.time = 14, now count = 440, i = 1
2023-01-11 18:26:25.076  75 78 I channel139887862236928 self_thread_id = 139887862236928, last time delay.time = 14, now count = 439, i = 1
2023-01-11 18:26:25.076  75 84 W channel139887604913920 self_thread_id = 139887604913920, last time delay.time = 14, now count = 440, i = 1
2023-01-11 18:26:25.076  75 78 W channel139887862236928 self_thread_id = 139887862236928, last time delay.time = 14, now count = 439, i = 1
2023-01-11 18:26:25.076  75 84 E channel139887604913920 self_thread_id = 139887604913920, last time delay.time = 14, now count = 440, i = 1
2023-01-11 18:26:25.076  75 78 E channel139887862236928 self_thread_id = 139887862236928, last time delay.time = 14, now count = 439, i = 1
2023-01-11 18:26:26.073  75 80 I channel139887845451520 self_thread_id = 139887845451520, last time delay.time = 9, now count = 433, i = 2
2023-01-11 18:26:26.073  75 80 I channel139887845451520 self_thread_id = 139887845451520, last time delay.time = 9, now count = 433, i = 2
2023-01-11 18:26:26.073  75 80 W channel139887845451520 self_thread_id = 139887845451520, last time delay.time = 9, now count = 433, i = 2
2023-01-11 18:26:26.073  75 80 E channel139887845451520 self_thread_id = 139887845451520, last time delay.time = 9, now count = 433, i = 2
2023-01-11 18:26:26.073  75 77 I channel139887870629632 self_thread_id = 139887870629632, last time delay.time = 9, now count = 434, i = 2
2023-01-11 18:26:26.073  75 77 I channel139887870629632 self_thread_id = 139887870629632, last time delay.time = 9, now count = 434, i = 2
2023-01-11 18:26:26.073  75 77 W channel139887870629632 self_thread_id = 139887870629632, last time delay.time = 9, now count = 434, i = 2
2023-01-11 18:26:26.073  75 77 E channel139887870629632 self_thread_id = 139887870629632, last time delay.time = 9, now count = 434, i = 2
2023-01-11 18:26:26.074  75 81 I channel139887837058816 self_thread_id = 139887837058816, last time delay.time = 10, now count = 435, i = 2
2023-01-11 18:26:26.074  75 81 I channel139887837058816 self_thread_id = 139887837058816, last time delay.time = 10, now count = 435, i = 2
2023-01-11 18:26:26.074  75 81 W channel139887837058816 self_thread_id = 139887837058816, last time delay.time = 10, now count = 435, i = 2
2023-01-11 18:26:26.074  75 81 E channel139887837058816 self_thread_id = 139887837058816, last time delay.time = 10, now count = 435, i = 2
2023-01-11 18:26:26.074  75 82 I channel139887621699328 self_thread_id = 139887621699328, last time delay.time = 8, now count = 436, i = 2
2023-01-11 18:26:26.074  75 82 I channel139887621699328 self_thread_id = 139887621699328, last time delay.time = 8, now count = 436, i = 2
2023-01-11 18:26:26.074  75 82 W channel139887621699328 self_thread_id = 139887621699328, last time delay.time = 8, now count = 436, i = 2
2023-01-11 18:26:26.074  75 82 E channel139887621699328 self_thread_id = 139887621699328, last time delay.time = 8, now count = 436, i = 2
2023-01-11 18:26:26.074  75 83 I channel139887613306624 self_thread_id = 139887613306624, last time delay.time = 8, now count = 437, i = 2
2023-01-11 18:26:26.074  75 83 I channel139887613306624 self_thread_id = 139887613306624, last time delay.time = 8, now count = 437, i = 2
2023-01-11 18:26:26.074  75 83 W channel139887613306624 self_thread_id = 139887613306624, last time delay.time = 8, now count = 437, i = 2
2023-01-11 18:26:26.074  75 83 E channel139887613306624 self_thread_id = 139887613306624, last time delay.time = 8, now count = 437, i = 2
2023-01-11 18:26:26.074  75 79 I channel139887853844224 self_thread_id = 139887853844224, last time delay.time = 8, now count = 438, i = 2
2023-01-11 18:26:26.074  75 79 I channel139887853844224 self_thread_id = 139887853844224, last time delay.time = 8, now count = 438, i = 2
2023-01-11 18:26:26.074  75 79 W channel139887853844224 self_thread_id = 139887853844224, last time delay.time = 8, now count = 438, i = 2
2023-01-11 18:26:26.074  75 79 E channel139887853844224 self_thread_id = 139887853844224, last time delay.time = 8, now count = 438, i = 2
2023-01-11 18:26:26.076  75 78 I channel139887862236928 self_thread_id = 139887862236928, last time delay.time = 14, now count = 439, i = 2
2023-01-11 18:26:26.076  75 84 I channel139887604913920 self_thread_id = 139887604913920, last time delay.time = 14, now count = 440, i = 2
2023-01-11 18:26:26.076  75 78 I channel139887862236928 self_thread_id = 139887862236928, last time delay.time = 14, now count = 439, i = 2
2023-01-11 18:26:26.076  75 84 I channel139887604913920 self_thread_id = 139887604913920, last time delay.time = 14, now count = 440, i = 2
2023-01-11 18:26:26.076  75 78 W channel139887862236928 self_thread_id = 139887862236928, last time delay.time = 14, now count = 439, i = 2
2023-01-11 18:26:26.076  75 84 W channel139887604913920 self_thread_id = 139887604913920, last time delay.time = 14, now count = 440, i = 2
2023-01-11 18:26:26.076  75 78 E channel139887862236928 self_thread_id = 139887862236928, last time delay.time = 14, now count = 439, i = 2
2023-01-11 18:26:26.076  75 84 E channel139887604913920 self_thread_id = 139887604913920, last time delay.time = 14, now count = 440, i = 2
2023-01-11 18:26:26.571  75 75 I APP.tag TestComponent::Proc
2023-01-11 18:26:26.571  75 75 I APP.tag ****************test INFO begin****************
2023-01-11 18:26:26.571  75 75 I APP.tag 测试 index = 966组
2023-01-11 18:26:26.571  75 75 E APP.tag 循环计数 i = 1次
2023-01-11 18:26:26.571  75 75 I APP.tag test LOG_Trace()
2023-01-11 18:26:26.571  75 75 I vscode 循环计数 i = 1次,test LOG_Channel_Trace()
2023-01-11 18:26:26.571  75 75 E APP.tag 循环计数 i = 2次
2023-01-11 18:26:26.571  75 75 E APP.tag 循环计数 i = 3次
2023-01-11 18:26:26.571  75 75 I APP.tag test LOG_Info()
2023-01-11 18:26:26.571  75 75 I baidu 循环计数 i = 3次,test LOG_Channel_Info()
2023-01-11 18:26:26.571  75 75 E APP.tag 循环计数 i = 4次
2023-01-11 18:26:26.571  75 75 W APP.tag test LOG_Warn()
2023-01-11 18:26:26.571  75 75 W google 循环计数 i = 4次,test LOG_Channel_Warn()
2023-01-11 18:26:26.571  75 75 E APP.tag 循环计数 i = 5次
2023-01-11 18:26:26.571  75 75 E APP.tag test LOG_Error()
2023-01-11 18:26:26.571  75 75 E visio 循环计数 i = 5次,test LOG_Channel_Error()
2023-01-11 18:26:26.571  75 75 I APP.tag print coredump DataLen:2 Data[01 00]
2023-01-11 18:26:26.571  75 75 W coredump 0x0000000a 0a 00 00 00 0b 00 00 00 0c 00 00 00 0d 00 00 00 0e 00 00 00
2023-01-11 18:26:26.571  75 75 I APP.tag ****************test INFO end****************
2023-01-11 18:26:27.073  75 80 I channel139887845451520 self_thread_id = 139887845451520, last time delay.time = 9, now count = 433, i = 3
2023-01-11 18:26:27.073  75 80 I channel139887845451520 self_thread_id = 139887845451520, last time delay.time = 9, now count = 433, i = 3
2023-01-11 18:26:27.073  75 80 W channel139887845451520 self_thread_id = 139887845451520, last time delay.time = 9, now count = 433, i = 3
2023-01-11 18:26:27.073  75 80 E channel139887845451520 self_thread_id = 139887845451520, last time delay.time = 9, now count = 433, i = 3
2023-01-11 18:26:27.074  75 77 I channel139887870629632 self_thread_id = 139887870629632, last time delay.time = 9, now count = 434, i = 3
2023-01-11 18:26:27.074  75 77 I channel139887870629632 self_thread_id = 139887870629632, last time delay.time = 9, now count = 434, i = 3
2023-01-11 18:26:27.074  75 77 W channel139887870629632 self_thread_id = 139887870629632, last time delay.time = 9, now count = 434, i = 3
2023-01-11 18:26:27.074  75 77 E channel139887870629632 self_thread_id = 139887870629632, last time delay.time = 9, now count = 434, i = 3
2023-01-11 18:26:27.074  75 81 I channel139887837058816 self_thread_id = 139887837058816, last time delay.time = 10, now count = 435, i = 3
2023-01-11 18:26:27.074  75 81 I channel139887837058816 self_thread_id = 139887837058816, last time delay.time = 10, now count = 435, i = 3
2023-01-11 18:26:27.074  75 81 W channel139887837058816 self_thread_id = 139887837058816, last time delay.time = 10, now count = 435, i = 3
2023-01-11 18:26:27.074  75 81 E channel139887837058816 self_thread_id = 139887837058816, last time delay.time = 10, now count = 435, i = 3
2023-01-11 18:26:27.074  75 82 I channel139887621699328 self_thread_id = 139887621699328, last time delay.time = 8, now count = 436, i = 3
2023-01-11 18:26:27.074  75 82 I channel139887621699328 self_thread_id = 139887621699328, last time delay.time = 8, now count = 436, i = 3
2023-01-11 18:26:27.074  75 82 W channel139887621699328 self_thread_id = 139887621699328, last time delay.time = 8, now count = 436, i = 3
2023-01-11 18:26:27.074  75 82 E channel139887621699328 self_thread_id = 139887621699328, last time delay.time = 8, now count = 436, i = 3
2023-01-11 18:26:27.074  75 83 I channel139887613306624 self_thread_id = 139887613306624, last time delay.time = 8, now count = 437, i = 3
2023-01-11 18:26:27.074  75 83 I channel139887613306624 self_thread_id = 139887613306624, last time delay.time = 8, now count = 437, i = 3
2023-01-11 18:26:27.074  75 83 W channel139887613306624 self_thread_id = 139887613306624, last time delay.time = 8, now count = 437, i = 3
2023-01-11 18:26:27.074  75 83 E channel139887613306624 self_thread_id = 139887613306624, last time delay.time = 8, now count = 437, i = 3
2023-01-11 18:26:27.074  75 79 I channel139887853844224 self_thread_id = 139887853844224, last time delay.time = 8, now count = 438, i = 3
2023-01-11 18:26:27.075  75 79 I channel139887853844224 self_thread_id = 139887853844224, last time delay.time = 8, now count = 438, i = 3
2023-01-11 18:26:27.075  75 79 W channel139887853844224 self_thread_id = 139887853844224, last time delay.time = 8, now count = 438, i = 3
2023-01-11 18:26:27.075  75 79 E channel139887853844224 self_thread_id = 139887853844224, last time delay.time = 8, now count = 438, i = 3
2023-01-11 18:26:27.076  75 84 I channel139887604913920 self_thread_id = 139887604913920, last time delay.time = 14, now count = 440, i = 3
2023-01-11 18:26:27.076  75 78 I channel139887862236928 self_thread_id = 139887862236928, last time delay.time = 14, now count = 439, i = 3
2023-01-11 18:26:27.076  75 84 I channel139887604913920 self_thread_id = 139887604913920, last time delay.time = 14, now count = 440, i = 3
2023-01-11 18:26:27.076  75 78 I channel139887862236928 self_thread_id = 139887862236928, last time delay.time = 14, now count = 439, i = 3
2023-01-11 18:26:27.076  75 84 W channel139887604913920 self_thread_id = 139887604913920, last time delay.time = 14, now count = 440, i = 3
2023-01-11 18:26:27.076  75 78 W channel139887862236928 self_thread_id = 139887862236928, last time delay.time = 14, now count = 439, i = 3
2023-01-11 18:26:27.076  75 84 E channel139887604913920 self_thread_id = 139887604913920, last time delay.time = 14, now count = 440, i = 3
2023-01-11 18:26:27.076  75 78 E channel139887862236928 self_thread_id = 139887862236928, last time delay.time = 14, now count = 439, i = 3
2023-01-11 18:26:28.073  75 80 I channel139887845451520 self_thread_id = 139887845451520, last time delay.time = 9, now count = 433, i = 4
2023-01-11 18:26:28.073  75 80 I channel139887845451520 self_thread_id = 139887845451520, last time delay.time = 9, now count = 433, i = 4
2023-01-11 18:26:28.073  75 80 W channel139887845451520 self_thread_id = 139887845451520, last time delay.time = 9, now count = 433, i = 4
2023-01-11 18:26:28.073  75 80 E channel139887845451520 self_thread_id = 139887845451520, last time delay.time = 9, now count = 433, i = 4
2023-01-11 18:26:28.073  75 80 I channel139887845451520 self_thread_id = 139887845451520, last time delay.time = 9, now count = 441
2023-01-11 18:26:28.074  75 77 I channel139887870629632 self_thread_id = 139887870629632, last time delay.time = 9, now count = 434, i = 4
2023-01-11 18:26:28.074  75 77 I channel139887870629632 self_thread_id = 139887870629632, last time delay.time = 9, now count = 434, i = 4
2023-01-11 18:26:28.074  75 77 W channel139887870629632 self_thread_id = 139887870629632, last time delay.time = 9, now count = 434, i = 4
2023-01-11 18:26:28.074  75 77 E channel139887870629632 self_thread_id = 139887870629632, last time delay.time = 9, now count = 434, i = 4
2023-01-11 18:26:28.074  75 81 I channel139887837058816 self_thread_id = 139887837058816, last time delay.time = 10, now count = 435, i = 4
2023-01-11 18:26:28.074  75 77 I channel139887870629632 self_thread_id = 139887870629632, last time delay.time = 9, now count = 442
2023-01-11 18:26:28.074  75 81 I channel139887837058816 self_thread_id = 139887837058816, last time delay.time = 10, now count = 435, i = 4
2023-01-11 18:26:28.074  75 81 W channel139887837058816 self_thread_id = 139887837058816, last time delay.time = 10, now count = 435, i = 4
2023-01-11 18:26:28.074  75 81 E channel139887837058816 self_thread_id = 139887837058816, last time delay.time = 10, now count = 435, i = 4
2023-01-11 18:26:28.074  75 81 I channel139887837058816 self_thread_id = 139887837058816, last time delay.time = 10, now count = 443
2023-01-11 18:26:28.074  75 82 I channel139887621699328 self_thread_id = 139887621699328, last time delay.time = 8, now count = 436, i = 4
2023-01-11 18:26:28.074  75 82 I channel139887621699328 self_thread_id = 139887621699328, last time delay.time = 8, now count = 436, i = 4
2023-01-11 18:26:28.074  75 82 W channel139887621699328 self_thread_id = 139887621699328, last time delay.time = 8, now count = 436, i = 4
2023-01-11 18:26:28.074  75 82 E channel139887621699328 self_thread_id = 139887621699328, last time delay.time = 8, now count = 436, i = 4
2023-01-11 18:26:28.074  75 82 I channel139887621699328 self_thread_id = 139887621699328, last time delay.time = 8, now count = 444
2023-01-11 18:26:28.074  75 83 I channel139887613306624 self_thread_id = 139887613306624, last time delay.time = 8, now count = 437, i = 4
2023-01-11 18:26:28.074  75 83 I channel139887613306624 self_thread_id = 139887613306624, last time delay.time = 8, now count = 437, i = 4
2023-01-11 18:26:28.074  75 83 W channel139887613306624 self_thread_id = 139887613306624, last time delay.time = 8, now count = 437, i = 4
2023-01-11 18:26:28.074  75 83 E channel139887613306624 self_thread_id = 139887613306624, last time delay.time = 8, now count = 437, i = 4
2023-01-11 18:26:28.074  75 83 I channel139887613306624 self_thread_id = 139887613306624, last time delay.time = 8, now count = 445
2023-01-11 18:26:28.075  75 79 I channel139887853844224 self_thread_id = 139887853844224, last time delay.time = 8, now count = 438, i = 4
2023-01-11 18:26:28.075  75 79 I channel139887853844224 self_thread_id = 139887853844224, last time delay.time = 8, now count = 438, i = 4
2023-01-11 18:26:28.075  75 79 W channel139887853844224 self_thread_id = 139887853844224, last time delay.time = 8, now count = 438, i = 4
2023-01-11 18:26:28.075  75 79 E channel139887853844224 self_thread_id = 139887853844224, last time delay.time = 8, now count = 438, i = 4
2023-01-11 18:26:28.075  75 79 I channel139887853844224 self_thread_id = 139887853844224, last time delay.time = 8, now count = 446
2023-01-11 18:26:28.076  75 84 I channel139887604913920 self_thread_id = 139887604913920, last time delay.time = 14, now count = 440, i = 4
2023-01-11 18:26:28.076  75 78 I channel139887862236928 self_thread_id = 139887862236928, last time delay.time = 14, now count = 439, i = 4
2023-01-11 18:26:28.076  75 84 I channel139887604913920 self_thread_id = 139887604913920, last time delay.time = 14, now count = 440, i = 4
2023-01-11 18:26:28.076  75 78 I channel139887862236928 self_thread_id = 139887862236928, last time delay.time = 14, now count = 439, i = 4
2023-01-11 18:26:28.076  75 84 W channel139887604913920 self_thread_id = 139887604913920, last time delay.time = 14, now count = 440, i = 4
2023-01-11 18:26:28.076  75 78 W channel139887862236928 self_thread_id = 139887862236928, last time delay.time = 14, now count = 439, i = 4
2023-01-11 18:26:28.076  75 84 E channel139887604913920 self_thread_id = 139887604913920, last time delay.time = 14, now count = 440, i = 4
2023-01-11 18:26:28.076  75 78 E channel139887862236928 self_thread_id = 139887862236928, last time delay.time = 14, now count = 439, i = 4
2023-01-11 18:26:28.076  75 84 I channel139887604913920 self_thread_id = 139887604913920, last time delay.time = 14, now count = 447
2023-01-11 18:26:28.076  75 78 I channel139887862236928 self_thread_id = 139887862236928, last time delay.time = 14, now count = 448
2023-01-11 18:26:29.073  75 80 I channel139887845451520 self_thread_id = 139887845451520, last time delay.time = 8, now count = 441, i = 0
2023-01-11 18:26:29.073  75 80 I channel139887845451520 self_thread_id = 139887845451520, last time delay.time = 8, now count = 441, i = 0
2023-01-11 18:26:29.073  75 80 W channel139887845451520 self_thread_id = 139887845451520, last time delay.time = 8, now count = 441, i = 0
2023-01-11 18:26:29.073  75 80 E channel139887845451520 self_thread_id = 139887845451520, last time delay.time = 8, now count = 441, i = 0
2023-01-11 18:26:29.074  75 77 I channel139887870629632 self_thread_id = 139887870629632, last time delay.time = 27, now count = 442, i = 0
2023-01-11 18:26:29.074  75 77 I channel139887870629632 self_thread_id = 139887870629632, last time delay.time = 27, now count = 442, i = 0
2023-01-11 18:26:29.074  75 77 W channel139887870629632 self_thread_id = 139887870629632, last time delay.time = 27, now count = 442, i = 0
2023-01-11 18:26:29.074  75 77 E channel139887870629632 self_thread_id = 139887870629632, last time delay.time = 27, now count = 442, i = 0
2023-01-11 18:26:29.074  75 81 I channel139887837058816 self_thread_id = 139887837058816, last time delay.time = 9, now count = 443, i = 0
2023-01-11 18:26:29.074  75 81 I channel139887837058816 self_thread_id = 139887837058816, last time delay.time = 9, now count = 443, i = 0
2023-01-11 18:26:29.074  75 81 W channel139887837058816 self_thread_id = 139887837058816, last time delay.time = 9, now count = 443, i = 0
2023-01-11 18:26:29.074  75 81 E channel139887837058816 self_thread_id = 139887837058816, last time delay.time = 9, now count = 443, i = 0
2023-01-11 18:26:29.074  75 82 I channel139887621699328 self_thread_id = 139887621699328, last time delay.time = 9, now count = 444, i = 0
2023-01-11 18:26:29.074  75 82 I channel139887621699328 self_thread_id = 139887621699328, last time delay.time = 9, now count = 444, i = 0
2023-01-11 18:26:29.074  75 82 W channel139887621699328 self_thread_id = 139887621699328, last time delay.time = 9, now count = 444, i = 0
2023-01-11 18:26:29.074  75 82 E channel139887621699328 self_thread_id = 139887621699328, last time delay.time = 9, now count = 444, i = 0
2023-01-11 18:26:29.074  75 83 I channel139887613306624 self_thread_id = 139887613306624, last time delay.time = 9, now count = 445, i = 0
2023-01-11 18:26:29.074  75 83 I channel139887613306624 self_thread_id = 139887613306624, last time delay.time = 9, now count = 445, i = 0
2023-01-11 18:26:29.074  75 83 W channel139887613306624 self_thread_id = 139887613306624, last time delay.time = 9, now count = 445, i = 0
2023-01-11 18:26:29.074  75 83 E channel139887613306624 self_thread_id = 139887613306624, last time delay.time = 9, now count = 445, i = 0
2023-01-11 18:26:29.075  75 79 I channel139887853844224 self_thread_id = 139887853844224, last time delay.time = 9, now count = 446, i = 0
2023-01-11 18:26:29.075  75 79 I channel139887853844224 self_thread_id = 139887853844224, last time delay.time = 9, now count = 446, i = 0
2023-01-11 18:26:29.075  75 79 W channel139887853844224 self_thread_id = 139887853844224, last time delay.time = 9, now count = 446, i = 0
2023-01-11 18:26:29.075  75 79 E channel139887853844224 self_thread_id = 139887853844224, last time delay.time = 9, now count = 446, i = 0
2023-01-11 18:26:29.076  75 78 I channel139887862236928 self_thread_id = 139887862236928, last time delay.time = 14, now count = 448, i = 0
2023-01-11 18:26:29.076  75 84 I channel139887604913920 self_thread_id = 139887604913920, last time delay.time = 15, now count = 447, i = 0
2023-01-11 18:26:29.076  75 78 I channel139887862236928 self_thread_id = 139887862236928, last time delay.time = 14, now count = 448, i = 0
2023-01-11 18:26:29.076  75 84 I channel139887604913920 self_thread_id = 139887604913920, last time delay.time = 15, now count = 447, i = 0
2023-01-11 18:26:29.076  75 78 W channel139887862236928 self_thread_id = 139887862236928, last time delay.time = 14, now count = 448, i = 0
2023-01-11 18:26:29.076  75 84 W channel139887604913920 self_thread_id = 139887604913920, last time delay.time = 15, now count = 447, i = 0
2023-01-11 18:26:29.076  75 78 E channel139887862236928 self_thread_id = 139887862236928, last time delay.time = 14, now count = 448, i = 0
2023-01-11 18:26:29.076  75 84 E channel139887604913920 self_thread_id = 139887604913920, last time delay.time = 15, now count = 447, i = 0
2023-01-11 18:26:30.074  75 80 I channel139887845451520 self_thread_id = 139887845451520, last time delay.time = 8, now count = 441, i = 1
2023-01-11 18:26:30.074  75 80 I channel139887845451520 self_thread_id = 139887845451520, last time delay.time = 8, now count = 441, i = 1
2023-01-11 18:26:30.074  75 80 W channel139887845451520 self_thread_id = 139887845451520, last time delay.time = 8, now count = 441, i = 1
2023-01-11 18:26:30.074  75 80 E channel139887845451520 self_thread_id = 139887845451520, last time delay.time = 8, now count = 441, i = 1
2023-01-11 18:26:30.074  75 77 I channel139887870629632 self_thread_id = 139887870629632, last time delay.time = 27, now count = 442, i = 1
2023-01-11 18:26:30.074  75 77 I channel139887870629632 self_thread_id = 139887870629632, last time delay.time = 27, now count = 442, i = 1
2023-01-11 18:26:30.074  75 77 W channel139887870629632 self_thread_id = 139887870629632, last time delay.time = 27, now count = 442, i = 1
2023-01-11 18:26:30.074  75 77 E channel139887870629632 self_thread_id = 139887870629632, last time delay.time = 27, now count = 442, i = 1
2023-01-11 18:26:30.074  75 81 I channel139887837058816 self_thread_id = 139887837058816, last time delay.time = 9, now count = 443, i = 1
2023-01-11 18:26:30.074  75 81 I channel139887837058816 self_thread_id = 139887837058816, last time delay.time = 9, now count = 443, i = 1
2023-01-11 18:26:30.074  75 81 W channel139887837058816 self_thread_id = 139887837058816, last time delay.time = 9, now count = 443, i = 1
2023-01-11 18:26:30.074  75 81 E channel139887837058816 self_thread_id = 139887837058816, last time delay.time = 9, now count = 443, i = 1
2023-01-11 18:26:30.074  75 82 I channel139887621699328 self_thread_id = 139887621699328, last time delay.time = 9, now count = 444, i = 1
2023-01-11 18:26:30.074  75 82 I channel139887621699328 self_thread_id = 139887621699328, last time delay.time = 9, now count = 444, i = 1
2023-01-11 18:26:30.074  75 82 W channel139887621699328 self_thread_id = 139887621699328, last time delay.time = 9, now count = 444, i = 1
2023-01-11 18:26:30.075  75 82 E channel139887621699328 self_thread_id = 139887621699328, last time delay.time = 9, now count = 444, i = 1
2023-01-11 18:26:30.075  75 83 I channel139887613306624 self_thread_id = 139887613306624, last time delay.time = 9, now count = 445, i = 1
2023-01-11 18:26:30.075  75 83 I channel139887613306624 self_thread_id = 139887613306624, last time delay.time = 9, now count = 445, i = 1
2023-01-11 18:26:30.075  75 83 W channel139887613306624 self_thread_id = 139887613306624, last time delay.time = 9, now count = 445, i = 1
2023-01-11 18:26:30.075  75 83 E channel139887613306624 self_thread_id = 139887613306624, last time delay.time = 9, now count = 445, i = 1
2023-01-11 18:26:30.075  75 79 I channel139887853844224 self_thread_id = 139887853844224, last time delay.time = 9, now count = 446, i = 1
2023-01-11 18:26:30.075  75 79 I channel139887853844224 self_thread_id = 139887853844224, last time delay.time = 9, now count = 446, i = 1
2023-01-11 18:26:30.075  75 79 W channel139887853844224 self_thread_id = 139887853844224, last time delay.time = 9, now count = 446, i = 1
2023-01-11 18:26:30.075  75 79 E channel139887853844224 self_thread_id = 139887853844224, last time delay.time = 9, now count = 446, i = 1
2023-01-11 18:26:30.076  75 78 I channel139887862236928 self_thread_id = 139887862236928, last time delay.time = 14, now count = 448, i = 1
2023-01-11 18:26:30.076  75 84 I channel139887604913920 self_thread_id = 139887604913920, last time delay.time = 15, now count = 447, i = 1
2023-01-11 18:26:30.076  75 78 I channel139887862236928 self_thread_id = 139887862236928, last time delay.time = 14, now count = 448, i = 1
2023-01-11 18:26:30.076  75 84 I channel139887604913920 self_thread_id = 139887604913920, last time delay.time = 15, now count = 447, i = 1
2023-01-11 18:26:30.076  75 78 W channel139887862236928 self_thread_id = 139887862236928, last time delay.time = 14, now count = 448, i = 1
2023-01-11 18:26:30.076  75 84 W channel139887604913920 self_thread_id = 139887604913920, last time delay.time = 15, now count = 447, i = 1
2023-01-11 18:26:30.076  75 78 E channel139887862236928 self_thread_id = 139887862236928, last time delay.time = 14, now count = 448, i = 1
2023-01-11 18:26:30.076  75 84 E channel139887604913920 self_thread_id = 139887604913920, last time delay.time = 15, now count = 447, i = 1
2023-01-11 18:26:31.074  75 80 I channel139887845451520 self_thread_id = 139887845451520, last time delay.time = 8, now count = 441, i = 2
2023-01-11 18:26:31.074  75 80 I channel139887845451520 self_thread_id = 139887845451520, last time delay.time = 8, now count = 441, i = 2
2023-01-11 18:26:31.074  75 80 W channel139887845451520 self_thread_id = 139887845451520, last time delay.time = 8, now count = 441, i = 2
2023-01-11 18:26:31.074  75 80 E channel139887845451520 self_thread_id = 139887845451520, last time delay.time = 8, now count = 441, i = 2
2023-01-11 18:26:31.074  75 77 I channel139887870629632 self_thread_id = 139887870629632, last time delay.time = 27, now count = 442, i = 2
2023-01-11 18:26:31.074  75 77 I channel139887870629632 self_thread_id = 139887870629632, last time delay.time = 27, now count = 442, i = 2
2023-01-11 18:26:31.074  75 77 W channel139887870629632 self_thread_id = 139887870629632, last time delay.time = 27, now count = 442, i = 2
2023-01-11 18:26:31.074  75 77 E channel139887870629632 self_thread_id = 139887870629632, last time delay.time = 27, now count = 442, i = 2
2023-01-11 18:26:31.074  75 81 I channel139887837058816 self_thread_id = 139887837058816, last time delay.time = 9, now count = 443, i = 2
2023-01-11 18:26:31.074  75 81 I channel139887837058816 self_thread_id = 139887837058816, last time delay.time = 9, now count = 443, i = 2
2023-01-11 18:26:31.074  75 81 W channel139887837058816 self_thread_id = 139887837058816, last time delay.time = 9, now count = 443, i = 2
2023-01-11 18:26:31.074  75 81 E channel139887837058816 self_thread_id = 139887837058816, last time delay.time = 9, now count = 443, i = 2
2023-01-11 18:26:31.075  75 82 I channel139887621699328 self_thread_id = 139887621699328, last time delay.time = 9, now count = 444, i = 2
2023-01-11 18:26:31.075  75 82 I channel139887621699328 self_thread_id = 139887621699328, last time delay.time = 9, now count = 444, i = 2
2023-01-11 18:26:31.075  75 82 W channel139887621699328 self_thread_id = 139887621699328, last time delay.time = 9, now count = 444, i = 2
2023-01-11 18:26:31.075  75 82 E channel139887621699328 self_thread_id = 139887621699328, last time delay.time = 9, now count = 444, i = 2
2023-01-11 18:26:31.075  75 83 I channel139887613306624 self_thread_id = 139887613306624, last time delay.time = 9, now count = 445, i = 2
2023-01-11 18:26:31.075  75 83 I channel139887613306624 self_thread_id = 139887613306624, last time delay.time = 9, now count = 445, i = 2
2023-01-11 18:26:31.075  75 83 W channel139887613306624 self_thread_id = 139887613306624, last time delay.time = 9, now count = 445, i = 2
2023-01-11 18:26:31.075  75 83 E channel139887613306624 self_thread_id = 139887613306624, last time delay.time = 9, now count = 445, i = 2
2023-01-11 18:26:31.075  75 79 I channel139887853844224 self_thread_id = 139887853844224, last time delay.time = 9, now count = 446, i = 2
2023-01-11 18:26:31.075  75 79 I channel139887853844224 self_thread_id = 139887853844224, last time delay.time = 9, now count = 446, i = 2
2023-01-11 18:26:31.075  75 79 W channel139887853844224 self_thread_id = 139887853844224, last time delay.time = 9, now count = 446, i = 2
2023-01-11 18:26:31.075  75 79 E channel139887853844224 self_thread_id = 139887853844224, last time delay.time = 9, now count = 446, i = 2
2023-01-11 18:26:31.077  75 78 I channel139887862236928 self_thread_id = 139887862236928, last time delay.time = 14, now count = 448, i = 2
2023-01-11 18:26:31.077  75 84 I channel139887604913920 self_thread_id = 139887604913920, last time delay.time = 15, now count = 447, i = 2
2023-01-11 18:26:31.077  75 78 I channel139887862236928 self_thread_id = 139887862236928, last time delay.time = 14, now count = 448, i = 2
2023-01-11 18:26:31.077  75 84 I channel139887604913920 self_thread_id = 139887604913920, last time delay.time = 15, now count = 447, i = 2
2023-01-11 18:26:31.077  75 78 W channel139887862236928 self_thread_id = 139887862236928, last time delay.time = 14, now count = 448, i = 2
2023-01-11 18:26:31.077  75 84 W channel139887604913920 self_thread_id = 139887604913920, last time delay.time = 15, now count = 447, i = 2
2023-01-11 18:26:31.077  75 78 E channel139887862236928 self_thread_id = 139887862236928, last time delay.time = 14, now count = 448, i = 2
2023-01-11 18:26:31.077  75 84 E channel139887604913920 self_thread_id = 139887604913920, last time delay.time = 15, now count = 447, i = 2
2023-01-11 18:26:32.074  75 80 I channel139887845451520 self_thread_id = 139887845451520, last time delay.time = 8, now count = 441, i = 3
2023-01-11 18:26:32.074  75 80 I channel139887845451520 self_thread_id = 139887845451520, last time delay.time = 8, now count = 441, i = 3
2023-01-11 18:26:32.074  75 80 W channel139887845451520 self_thread_id = 139887845451520, last time delay.time = 8, now count = 441, i = 3
2023-01-11 18:26:32.074  75 80 E channel139887845451520 self_thread_id = 139887845451520, last time delay.time = 8, now count = 441, i = 3
2023-01-11 18:26:32.074  75 77 I channel139887870629632 self_thread_id = 139887870629632, last time delay.time = 27, now count = 442, i = 3
2023-01-11 18:26:32.074  75 77 I channel139887870629632 self_thread_id = 139887870629632, last time delay.time = 27, now count = 442, i = 3
2023-01-11 18:26:32.074  75 77 W channel139887870629632 self_thread_id = 139887870629632, last time delay.time = 27, now count = 442, i = 3
2023-01-11 18:26:32.074  75 77 E channel139887870629632 self_thread_id = 139887870629632, last time delay.time = 27, now count = 442, i = 3
2023-01-11 18:26:32.074  75 81 I channel139887837058816 self_thread_id = 139887837058816, last time delay.time = 9, now count = 443, i = 3
2023-01-11 18:26:32.074  75 81 I channel139887837058816 self_thread_id = 139887837058816, last time delay.time = 9, now count = 443, i = 3
2023-01-11 18:26:32.074  75 81 W channel139887837058816 self_thread_id = 139887837058816, last time delay.time = 9, now count = 443, i = 3
2023-01-11 18:26:32.074  75 81 E channel139887837058816 self_thread_id = 139887837058816, last time delay.time = 9, now count = 443, i = 3
2023-01-11 18:26:32.075  75 82 I channel139887621699328 self_thread_id = 139887621699328, last time delay.time = 9, now count = 444, i = 3
2023-01-11 18:26:32.075  75 82 I channel139887621699328 self_thread_id = 139887621699328, last time delay.time = 9, now count = 444, i = 3
2023-01-11 18:26:32.075  75 82 W channel139887621699328 self_thread_id = 139887621699328, last time delay.time = 9, now count = 444, i = 3
2023-01-11 18:26:32.075  75 82 E channel139887621699328 self_thread_id = 139887621699328, last time delay.time = 9, now count = 444, i = 3
2023-01-11 18:26:32.075  75 83 I channel139887613306624 self_thread_id = 139887613306624, last time delay.time = 9, now count = 445, i = 3
2023-01-11 18:26:32.075  75 83 I channel139887613306624 self_thread_id = 139887613306624, last time delay.time = 9, now count = 445, i = 3
2023-01-11 18:26:32.075  75 83 W channel139887613306624 self_thread_id = 139887613306624, last time delay.time = 9, now count = 445, i = 3
2023-01-11 18:26:32.075  75 83 E channel139887613306624 self_thread_id = 139887613306624, last time delay.time = 9, now count = 445, i = 3
2023-01-11 18:26:32.075  75 79 I channel139887853844224 self_thread_id = 139887853844224, last time delay.time = 9, now count = 446, i = 3
2023-01-11 18:26:32.075  75 79 I channel139887853844224 self_thread_id = 139887853844224, last time delay.time = 9, now count = 446, i = 3
2023-01-11 18:26:32.075  75 79 W channel139887853844224 self_thread_id = 139887853844224, last time delay.time = 9, now count = 446, i = 3
2023-01-11 18:26:32.075  75 79 E channel139887853844224 self_thread_id = 139887853844224, last time delay.time = 9, now count = 446, i = 3
2023-01-11 18:26:32.077  75 84 I channel139887604913920 self_thread_id = 139887604913920, last time delay.time = 15, now count = 447, i = 3
2023-01-11 18:26:32.077  75 78 I channel139887862236928 self_thread_id = 139887862236928, last time delay.time = 14, now count = 448, i = 3
